 newton

 Timestamp is 4a90263b (Sat Aug 22 10:09:15 2009)

 Preferred load address is 0000000180000000

 Start         Length     Name                   Class
 0001:00000000 0009eb4eH .text                   CODE
 0001:0009eb50 0000001fH .text$0                 CODE
 0001:0009eb70 00000080H .text$00                CODE
 0001:0009ebf0 00000248H .text$x                 CODE
 0001:0009ee40 0000000cH .text$yc                CODE
 0001:0009ee50 00000003H .text$yd                CODE
 0002:00000000 00000290H .idata$5                DATA
 0002:00000290 00000008H .CRT$XCA                DATA
 0002:00000298 00000008H .CRT$XCU                DATA
 0002:000002a0 00000008H .CRT$XCZ                DATA
 0002:000002a8 00000008H .CRT$XIA                DATA
 0002:000002b0 00000018H .CRT$XIC                DATA
 0002:000002c8 00000008H .CRT$XIZ                DATA
 0002:000002d0 00000008H .CRT$XPA                DATA
 0002:000002d8 00000008H .CRT$XPX                DATA
 0002:000002e0 00000008H .CRT$XPXA               DATA
 0002:000002e8 00000008H .CRT$XPZ                DATA
 0002:000002f0 00000008H .CRT$XTA                DATA
 0002:000002f8 00000008H .CRT$XTZ                DATA
 0002:00000300 00004518H .rdata                  DATA
 0002:00004818 00000059H .rdata$debug            DATA
 0002:00004878 00000008H .rtc$IAA                DATA
 0002:00004880 00000008H .rtc$IZZ                DATA
 0002:00004888 00000008H .rtc$TAA                DATA
 0002:00004890 00000008H .rtc$TZZ                DATA
 0002:00004898 00007840H .xdata                  DATA
 0002:0000c0d8 00000014H .idata$2                DATA
 0002:0000c0ec 00000014H .idata$3                DATA
 0002:0000c100 00000290H .idata$4                DATA
 0002:0000c390 000005e2H .idata$6                DATA
 0002:0000c980 000027aaH .edata                  DATA
 0003:00000000 0000250cH .data                   DATA
 0003:00002520 00006450H .bss                    DATA
 0004:00000000 000051fcH .pdata                  DATA

  Address         Publics by Value              Rva+Base               Lib:Object

 0000:00000000       ___safe_se_handler_count   0000000000000000     <absolute>
 0000:00000000       ___safe_se_handler_table   0000000000000000     <absolute>
 0000:00000000       __ImageBase                0000000180000000     <linker-defined>
 0001:00000000       DllMain                    0000000180001000 f   Newton.obj
 0001:00000010       NewtonGetMemoryUsed        0000000180001010 f   Newton.obj
 0001:00000020       NewtonInvalidateCache      0000000180001020 f   Newton.obj
 0001:00000030       NewtonSetPlatformArchitecture 0000000180001030 f   Newton.obj
 0001:00000040       NewtonGetPlatformArchitecture 0000000180001040 f   Newton.obj
 0001:00000050       NewtonSetThreadsCount      0000000180001050 f   Newton.obj
 0001:00000060       NewtonGetThreadsCount      0000000180001060 f   Newton.obj
 0001:00000070       NewtonSetMultiThreadSolverOnSingleIsland 0000000180001070 f   Newton.obj
 0001:00000080       NewtonGetMultiThreadSolverOnSingleIsland 0000000180001080 f   Newton.obj
 0001:00000090       NewtonSetSolverModel       0000000180001090 f   Newton.obj
 0001:000000a0       NewtonSetFrictionModel     00000001800010a0 f   Newton.obj
 0001:000000b0       NewtonSetPerformanceClock  00000001800010b0 f   Newton.obj
 0001:000000c0       NewtonReadPerformanceTicks 00000001800010c0 f   Newton.obj
 0001:000000d0       NewtonCollisionUpdate      00000001800010d0 f   Newton.obj
 0001:00000110       NewtonSetIslandUpdateEvent 0000000180001110 f   Newton.obj
 0001:00000120       NewtonSetCollisionDestructor 0000000180001120 f   Newton.obj
 0001:00000130       NewtonSetBodyLeaveWorldEvent 0000000180001130 f   Newton.obj
 0001:00000140       NewtonWorldGetVersion      0000000180001140 f   Newton.obj
 0001:00000150       NewtonWorldSetUserData     0000000180001150 f   Newton.obj
 0001:00000160       NewtonWorldGetUserData     0000000180001160 f   Newton.obj
 0001:00000170       NewtonWorldSetDestructorCallBack 0000000180001170 f   Newton.obj
 0001:00000180       NewtonWorldGetDestructorCallBack 0000000180001180 f   Newton.obj
 0001:00000190       NewtonWorldGetBodyCount    0000000180001190 f   Newton.obj
 0001:000001a0       NewtonWorldGetConstraintCount 00000001800011a0 f   Newton.obj
 0001:000001b0       NewtonIslandGetBody        00000001800011b0 f   Newton.obj
 0001:000001c0       NewtonMaterialGetDefaultGroupID 00000001800011c0 f   Newton.obj
 0001:000001d0       NewtonMaterialCreateGroupID 00000001800011d0 f   Newton.obj
 0001:000001e0       NewtonMaterialDestroyAllGroupID 00000001800011e0 f   Newton.obj
 0001:000001f0       NewtonMaterialSetDefaultCollidable 00000001800011f0 f   Newton.obj
 0001:00000220       NewtonMaterialSetContinuousCollisionMode 0000000180001220 f   Newton.obj
 0001:00000250       NewtonWorldGetFirstMaterial 0000000180001250 f   Newton.obj
 0001:00000260       NewtonWorldGetNextMaterial 0000000180001260 f   Newton.obj
 0001:00000270       NewtonMaterialGetContactFaceAttribute 0000000180001270 f   Newton.obj
 0001:00000280       NewtonMaterialGetContactPositionAndNormal 0000000180001280 f   Newton.obj
 0001:000002b0       NewtonMaterialGetContactTangentDirections 00000001800012b0 f   Newton.obj
 0001:000002e0       NewtonMaterialSetContactFrictionState 00000001800012e0 f   Newton.obj
 0001:00000310       NewtonMaterialSetContactNormalAcceleration 0000000180001310 f   Newton.obj
 0001:00000320       NewtonMaterialSetContactTangentAcceleration 0000000180001320 f   Newton.obj
 0001:00000340       NewtonCreateNull           0000000180001340 f   Newton.obj
 0001:00000350       NewtonCreateBox            0000000180001350 f   Newton.obj
 0001:00000460       NewtonCreateSphere         0000000180001460 f   Newton.obj
 0001:000005f0       NewtonCreateCone           00000001800015f0 f   Newton.obj
 0001:000006f0       NewtonCreateCapsule        00000001800016f0 f   Newton.obj
 0001:000007f0       NewtonCreateCylinder       00000001800017f0 f   Newton.obj
 0001:000008f0       NewtonCreateChamferCylinder 00000001800018f0 f   Newton.obj
 0001:000009f0       NewtonCreateConvexHullFromMesh 00000001800019f0 f   Newton.obj
 0001:00000a00       NewtonConvexHullModifierGetMatrix 0000000180001a00 f   Newton.obj
 0001:00000a60       NewtonConvexHullModifierSetMatrix 0000000180001a60 f   Newton.obj
 0001:00000a70       NewtonCollisionIsTriggerVolume 0000000180001a70 f   Newton.obj
 0001:00000a90       NewtonCollisionSetAsTriggerVolume 0000000180001a90 f   Newton.obj
 0001:00000aa0       NewtonConvexCollisionCalculateVolume 0000000180001aa0 f   Newton.obj
 0001:00000ab0       NewtonTreeCollisionSetUserRayCastCallback 0000000180001ab0 f   Newton.obj
 0001:00000ac0       NewtonTreeCollisionBeginBuild 0000000180001ac0 f   Newton.obj
 0001:00000ad0       NewtonTreeCollisionAddFace 0000000180001ad0 f   Newton.obj
 0001:00000af0       NewtonTreeCollisionEndBuild 0000000180001af0 f   Newton.obj
 0001:00000b00       NewtonSceneCollisionCreateProxy 0000000180001b00 f   Newton.obj
 0001:00000b10       NewtonSceneCollisionDestroyProxy 0000000180001b10 f   Newton.obj
 0001:00000b20       NewtonSceneCollisionOptimize 0000000180001b20 f   Newton.obj
 0001:00000b30       NewtonCollisionPointDistance 0000000180001b30 f   Newton.obj
 0001:00000b60       NewtonCollisionClosestPoint 0000000180001b60 f   Newton.obj
 0001:00000bb0       NewtonCollisionCollide     0000000180001bb0 f   Newton.obj
 0001:00000c20       NewtonCollisionCollideContinue 0000000180001c20 f   Newton.obj
 0001:00000cd0       NewtonCollisionForEachPolygonDo 0000000180001cd0 f   Newton.obj
 0001:00000d30       NewtonCollisionMakeUnique  0000000180001d30 f   Newton.obj
 0001:00000d40       NewtonReleaseCollision     0000000180001d40 f   Newton.obj
 0001:00000d50       NewtonCollisionSerialize   0000000180001d50 f   Newton.obj
 0001:00000d60       NewtonCreateCollisionFromSerialization 0000000180001d60 f   Newton.obj
 0001:00000d70       NewtonCollisionGetInfo     0000000180001d70 f   Newton.obj
 0001:00000d80       NewtonGetEulerAngle        0000000180001d80 f   Newton.obj
 0001:00000dc0       NewtonCalculateSpringDamperAcceleration 0000000180001dc0 f   Newton.obj
 0001:00000e20       NewtonCreateBody           0000000180001e20 f   Newton.obj
 0001:00000e30       NewtonDestroyBody          0000000180001e30 f   Newton.obj
 0001:00000e40       NewtonBodySetMatrix        0000000180001e40 f   Newton.obj
 0001:00000ec0       NewtonBodyGetFirstJoint    0000000180001ec0 f   Newton.obj
 0001:00000ed0       NewtonBodyGetNextJoint     0000000180001ed0 f   Newton.obj
 0001:00000ee0       NewtonBodyGetFirstContactJoint 0000000180001ee0 f   Newton.obj
 0001:00000ef0       NewtonBodyGetNextContactJoint 0000000180001ef0 f   Newton.obj
 0001:00000f00       NewtonBodySetCollision     0000000180001f00 f   Newton.obj
 0001:00000f10       NewtonBodySetFreezeState   0000000180001f10 f   Newton.obj
 0001:00000f20       NewtonBallSetUserCallback  0000000180001f20 f   Newton.obj
 0001:00000f30       NewtonBallGetJointAngle    0000000180001f30 f   Newton.obj
 0001:00000f70       NewtonBallGetJointOmega    0000000180001f70 f   Newton.obj
 0001:00000fb0       NewtonBallGetJointForce    0000000180001fb0 f   Newton.obj
 0001:00000ff0       NewtonHingeGetJointAngle   0000000180001ff0 f   Newton.obj
 0001:00000ff0       NewtonCorkscrewGetJointAngle 0000000180001ff0 f   Newton.obj
 0001:00000ff0       NewtonUniversalGetJointAngle0 0000000180001ff0 f   Newton.obj
 0001:00000ff0       NewtonSliderGetJointPosit  0000000180001ff0 f   Newton.obj
 0001:00001000       NewtonHingeCalculateStopAlpha 0000000180002000 f   Newton.obj
 0001:00001010       NewtonHingeGetJointForce   0000000180002010 f   Newton.obj
 0001:00001050       NewtonSliderCalculateStopAccel 0000000180002050 f   Newton.obj
 0001:00001060       NewtonSliderGetJointForce  0000000180002060 f   Newton.obj
 0001:000010a0       NewtonHingeSetUserCallback 00000001800020a0 f   Newton.obj
 0001:000010a0       NewtonUniversalSetUserCallback 00000001800020a0 f   Newton.obj
 0001:000010a0       NewtonCorkscrewSetUserCallback 00000001800020a0 f   Newton.obj
 0001:000010a0       NewtonSliderSetUserCallback 00000001800020a0 f   Newton.obj
 0001:000010b0       NewtonUniversalGetJointAngle1 00000001800020b0 f   Newton.obj
 0001:000010b0       NewtonCorkscrewGetJointPosit 00000001800020b0 f   Newton.obj
 0001:000010c0       NewtonCorkscrewGetJointVeloc 00000001800020c0 f   Newton.obj
 0001:000010c0       NewtonSliderGetJointVeloc  00000001800020c0 f   Newton.obj
 0001:000010d0       NewtonCorkscrewGetJointOmega 00000001800020d0 f   Newton.obj
 0001:000010d0       NewtonHingeGetJointOmega   00000001800020d0 f   Newton.obj
 0001:000010d0       NewtonUniversalGetJointOmega0 00000001800020d0 f   Newton.obj
 0001:000010e0       NewtonCorkscrewCalculateStopAlpha 00000001800020e0 f   Newton.obj
 0001:000010e0       NewtonUniversalCalculateStopAlpha0 00000001800020e0 f   Newton.obj
 0001:000010f0       NewtonCorkscrewCalculateStopAccel 00000001800020f0 f   Newton.obj
 0001:00001100       NewtonUniversalGetJointForce 0000000180002100 f   Newton.obj
 0001:00001100       NewtonCorkscrewGetJointForce 0000000180002100 f   Newton.obj
 0001:00001140       NewtonUniversalGetJointOmega1 0000000180002140 f   Newton.obj
 0001:00001150       NewtonUniversalCalculateStopAlpha1 0000000180002150 f   Newton.obj
 0001:00001160       NewtonUpVectorGetPin       0000000180002160 f   Newton.obj
 0001:000011a0       NewtonUserJointAddGeneralRow 00000001800021a0 f   Newton.obj
 0001:000011b0       NewtonUserJointSetRowMaximumFriction 00000001800021b0 f   Newton.obj
 0001:000011c0       NewtonUserJointSetRowMinimumFriction 00000001800021c0 f   Newton.obj
 0001:000011d0       NewtonUserJointSetRowAcceleration 00000001800021d0 f   Newton.obj
 0001:000011e0       NewtonUserJointSetRowSpringDamperAcceleration 00000001800021e0 f   Newton.obj
 0001:000011f0       NewtonUserJointSetRowStiffness 00000001800021f0 f   Newton.obj
 0001:00001200       NewtonUserJointGetRowForce 0000000180002200 f   Newton.obj
 0001:00001210       NewtonUserJointSetFeedbackCollectorCallback 0000000180002210 f   Newton.obj
 0001:00001220       NewtonJointSetUserData     0000000180002220 f   Newton.obj
 0001:00001230       NewtonJointGetUserData     0000000180002230 f   Newton.obj
 0001:00001240       NewtonJointGetInfo         0000000180002240 f   Newton.obj
 0001:00001250       NewtonJointSetStiffness    0000000180002250 f   Newton.obj
 0001:00001260       NewtonJointGetStiffness    0000000180002260 f   Newton.obj
 0001:00001270       NewtonJointSetDestructor   0000000180002270 f   Newton.obj
 0001:00001280       NewtonDestroyJoint         0000000180002280 f   Newton.obj
 0001:00001290       NewtonMeshDestroy          0000000180002290 f   Newton.obj
 0001:000012b0       NewtonMeshCalculateVertexNormals 00000001800022b0 f   Newton.obj
 0001:000012c0       NewtonMeshApplySphericalMapping 00000001800022c0 f   Newton.obj
 0001:000012d0       NewtonMeshApplyBoxMapping  00000001800022d0 f   Newton.obj
 0001:000012e0       NewtonMeshApplyCylindricalMapping 00000001800022e0 f   Newton.obj
 0001:000012f0       NewtonMeshBeginFace        00000001800022f0 f   Newton.obj
 0001:00001300       NewtonMeshAddFace          0000000180002300 f   Newton.obj
 0001:00001320       NewtonMeshEndFace          0000000180002320 f   Newton.obj
 0001:00001330       NewtonMeshGetVertexCount   0000000180002330 f   Newton.obj
 0001:00001340       NewtonMeshGetVertexStreams 0000000180002340 f   Newton.obj
 0001:00001370       NewtonMeshGetIndirectVertexStreams 0000000180002370 f   Newton.obj
 0001:000013f0       NewtonMeshFirstMaterial    00000001800023f0 f   Newton.obj
 0001:00001400       NewtonMeshNextMaterial     0000000180002400 f   Newton.obj
 0001:00001410       NewtonMeshMaterialGetMaterial 0000000180002410 f   Newton.obj
 0001:00001420       NewtonMeshMaterialGetIndexCount 0000000180002420 f   Newton.obj
 0001:00001430       NewtonMeshMaterialGetIndexStream 0000000180002430 f   Newton.obj
 0001:00001440       NewtonMeshMaterialGetIndexStreamShort 0000000180002440 f   Newton.obj
 0001:00001450       NewtonDestroy              0000000180002450 f   Newton.obj
 0001:000014a0       NewtonWorldCriticalSectionLock 00000001800024a0 f   Newton.obj
 0001:000014c0       NewtonWorldCriticalSectionUnlock 00000001800024c0 f   Newton.obj
 0001:000014e0       NewtonUpdate               00000001800024e0 f   Newton.obj
 0001:000015a0       NewtonSetMinimumFrameRate  00000001800025a0 f   Newton.obj
 0001:000015e0       NewtonWorldGetFirstBody    00000001800025e0 f   Newton.obj
 0001:00001600       NewtonWorldGetNextBody     0000000180002600 f   Newton.obj
 0001:00001620       NewtonIslandGetBodyAABB    0000000180002620 f   Newton.obj
 0001:00001690       NewtonMaterialSetSurfaceThickness 0000000180002690 f   Newton.obj
 0001:000016e0       NewtonMaterialSetDefaultFriction 00000001800026e0 f   Newton.obj
 0001:00001790       NewtonMaterialSetDefaultElasticity 0000000180002790 f   Newton.obj
 0001:000017e0       NewtonMaterialSetDefaultSoftness 00000001800027e0 f   Newton.obj
 0001:00001830       NewtonMaterialSetCollisionCallback 0000000180002830 f   Newton.obj
 0001:00001870       NewtonMaterialGetUserData  0000000180002870 f   Newton.obj
 0001:00001890       NewtonMaterialGetMaterialPairUserData 0000000180002890 f   Newton.obj
 0001:000018a0       NewtonMaterialGetContactNormalSpeed 00000001800028a0 f   Newton.obj
 0001:00001a10       NewtonMaterialGetContactForce 0000000180002a10 f   Newton.obj
 0001:00001ab0       NewtonMaterialGetBodyCollisionID 0000000180002ab0 f   Newton.obj
 0001:00001ad0       NewtonMaterialSetContactSoftness 0000000180002ad0 f   Newton.obj
 0001:00001b00       NewtonMaterialSetContactElasticity 0000000180002b00 f   Newton.obj
 0001:00001b30       NewtonMaterialSetContactFrictionCoef 0000000180002b30 f   Newton.obj
 0001:00001bd0       NewtonCreateConvexHull     0000000180002bd0 f   Newton.obj
 0001:00001d00       NewtonCreateConvexHullModifier 0000000180002d00 f   Newton.obj
 0001:00001d20       NewtonCreateCompoundCollision 0000000180002d20 f   Newton.obj
 0001:00001d40       NewtonCreateCompoundCollisionFromMesh 0000000180002d40 f   Newton.obj
 0001:00001d60       NewtonCollisionSetUserID   0000000180002d60 f   Newton.obj
 0001:00001d70       NewtonCollisionGetUserID   0000000180002d70 f   Newton.obj
 0001:00001d80       NewtonConvexHullGetFaceIndices 0000000180002d80 f   Newton.obj
 0001:00001d90       NewtonCreateTreeCollision  0000000180002d90 f   Newton.obj
 0001:00001db0       NewtonStaticCollisionSetDebugCallback 0000000180002db0 f   Newton.obj
 0001:00001de0       NewtonTreeCollisionGetFaceAtribute 0000000180002de0 f   Newton.obj
 0001:00001df0       NewtonTreeCollisionSetFaceAtribute 0000000180002df0 f   Newton.obj
 0001:00001e00       NewtonCreateHeightFieldCollision 0000000180002e00 f   Newton.obj
 0001:00001e50       NewtonCreateSceneCollision 0000000180002e50 f   Newton.obj
 0001:00001e70       NewtonSceneProxySetMatrix  0000000180002e70 f   Newton.obj
 0001:00001e80       NewtonSceneProxyGetMatrix  0000000180002e80 f   Newton.obj
 0001:00001ef0       NewtonCollisionCalculateAABB 0000000180002ef0 f   Newton.obj
 0001:00001f60       NewtonAddCollisionReference 0000000180002f60 f   Newton.obj
 0001:00001f70       NewtonBodySetUserData      0000000180002f70 f   Newton.obj
 0001:00001f80       NewtonBodyGetUserData      0000000180002f80 f   Newton.obj
 0001:00001f90       NewtonBodyGetWorld         0000000180002f90 f   Newton.obj
 0001:00001fa0       NewtonBodySetTransformCallback 0000000180002fa0 f   Newton.obj
 0001:00001fb0       NewtonBodyGetTransformCallback 0000000180002fb0 f   Newton.obj
 0001:00001fc0       NewtonBodySetForceAndTorqueCallback 0000000180002fc0 f   Newton.obj
 0001:00001fd0       NewtonBodyGetForceAndTorqueCallback 0000000180002fd0 f   Newton.obj
 0001:00001fe0       NewtonBodySetDestructorCallback 0000000180002fe0 f   Newton.obj
 0001:00001ff0       NewtonBodySetMassMatrix    0000000180002ff0 f   Newton.obj
 0001:00002120       NewtonBodyGetMassMatrix    0000000180003120 f   Newton.obj
 0001:00002180       NewtonBodyGetInvMass       0000000180003180 f   Newton.obj
 0001:00002200       NewtonBodySetMatrixRecursive 0000000180003200 f   Newton.obj
 0001:00002260       NewtonBodyGetMatrix        0000000180003260 f   Newton.obj
 0001:000022a0       NewtonBodyGetRotation      00000001800032a0 f   Newton.obj
 0001:000022b0       NewtonBodyGetForceAcc      00000001800032b0 f   Newton.obj
 0001:000022f0       NewtonBodyGetForce         00000001800032f0 f   Newton.obj
 0001:00002330       NewtonBodyCalculateInverseDynamicsForce 0000000180003330 f   Newton.obj
 0001:000023a0       NewtonBodyGetTorque        00000001800033a0 f   Newton.obj
 0001:000023e0       NewtonBodyGetTorqueAcc     00000001800033e0 f   Newton.obj
 0001:00002420       NewtonBodyGetCentreOfMass  0000000180003420 f   Newton.obj
 0001:00002480       NewtonContactJointGetContactCount 0000000180003480 f   Newton.obj
 0001:000024a0       NewtonContactJointGetFirstContact 00000001800034a0 f   Newton.obj
 0001:000024c0       NewtonContactJointGetNextContact 00000001800034c0 f   Newton.obj
 0001:000024e0       NewtonContactGetMaterial   00000001800034e0 f   Newton.obj
 0001:000024f0       NewtonBodyAddBuoyancyForce 00000001800034f0 f   Newton.obj
 0001:00002560       NewtonBodyGetCollision     0000000180003560 f   Newton.obj
 0001:00002570       NewtonBodySetMaterialGroupID 0000000180003570 f   Newton.obj
 0001:00002580       NewtonBodyGetMaterialGroupID 0000000180003580 f   Newton.obj
 0001:00002590       NewtonBodySetContinuousCollisionMode 0000000180003590 f   Newton.obj
 0001:000025b0       NewtonBodyGetContinuousCollisionMode 00000001800035b0 f   Newton.obj
 0001:000025c0       NewtonBodySetJointRecursiveCollision 00000001800035c0 f   Newton.obj
 0001:000025e0       NewtonBodyGetJointRecursiveCollision 00000001800035e0 f   Newton.obj
 0001:000025f0       NewtonBodyGetFreezeState   00000001800035f0 f   Newton.obj
 0001:00002600       NewtonBodySetAutoSleep     0000000180003600 f   Newton.obj
 0001:00002620       NewtonBodyGetAutoSleep     0000000180003620 f   Newton.obj
 0001:00002630       NewtonBodyGetSleepState    0000000180003630 f   Newton.obj
 0001:00002640       NewtonBodyGetAABB          0000000180003640 f   Newton.obj
 0001:00002690       NewtonBodySetVelocity      0000000180003690 f   Newton.obj
 0001:000026f0       NewtonBodyGetVelocity      00000001800036f0 f   Newton.obj
 0001:00002730       NewtonBodySetOmega         0000000180003730 f   Newton.obj
 0001:00002790       NewtonBodyGetOmega         0000000180003790 f   Newton.obj
 0001:000027d0       NewtonBodyGetLinearDamping 00000001800037d0 f   Newton.obj
 0001:000027f0       NewtonBodyAddImpulse       00000001800037f0 f   Newton.obj
 0001:00002870       NewtonConstraintCreateBall 0000000180003870 f   Newton.obj
 0001:000028b0       NewtonBallSetConeLimits    00000001800038b0 f   Newton.obj
 0001:00002c20       NewtonConstraintCreateHinge 0000000180003c20 f   Newton.obj
 0001:00002ca0       NewtonConstraintCreateSlider 0000000180003ca0 f   Newton.obj
 0001:00002d20       NewtonConstraintCreateCorkscrew 0000000180003d20 f   Newton.obj
 0001:00002da0       NewtonConstraintCreateUniversal 0000000180003da0 f   Newton.obj
 0001:00002e50       NewtonConstraintCreateUpVector 0000000180003e50 f   Newton.obj
 0001:00002e90       NewtonUpVectorSetPin       0000000180003e90 f   Newton.obj
 0001:00002ed0       NewtonConstraintCreateUserJoint 0000000180003ed0 f   Newton.obj
 0001:00002f50       NewtonUserJointAddLinearRow 0000000180003f50 f   Newton.obj
 0001:00003080       NewtonUserJointAddAngularRow 0000000180004080 f   Newton.obj
 0001:00003150       NewtonJointGetBody0        0000000180004150 f   Newton.obj
 0001:00003160       NewtonJointGetBody1        0000000180004160 f   Newton.obj
 0001:00003190       NewtonJointSetCollisionState 0000000180004190 f   Newton.obj
 0001:000031b0       NewtonJointGetCollisionState 00000001800041b0 f   Newton.obj
 0001:000031c0       NewtonMeshCreate           00000001800041c0 f   Newton.obj
 0001:000031f0       NewtonMeshCreateFromCollision 00000001800041f0 f   Newton.obj
 0001:00003220       NewtonMeshPlaneClip        0000000180004220 f   Newton.obj
 0001:00003270       ?SetCentreOfMass@dgBody@@QEAAXAEBVdgVector@@@Z 0000000180004270 f i Newton.obj
 0001:00003370       ?Unlink@?$dgList@VdgContactMaterial@@@@QEAAXPEAVdgListNode@1@@Z 0000000180004370 f i Newton.obj
 0001:000033e0       NewtonSetWorldSize         00000001800043e0 f   Newton.obj
 0001:00003450       NewtonWorldForEachBodyInAABBDo 0000000180004450 f   Newton.obj
 0001:000034c0       NewtonWorldRayCast         00000001800044c0 f   Newton.obj
 0001:00003550       NewtonWorldConvexCast      0000000180004550 f   Newton.obj
 0001:000035f0       NewtonMaterialGetContactTangentSpeed 00000001800045f0 f   Newton.obj
 0001:000037b0       NewtonMaterialSetContactNormalDirection 00000001800047b0 f   Newton.obj
 0001:00003ae0       NewtonMaterialContactRotateTangentDirections 0000000180004ae0 f   Newton.obj
 0001:00003c70       NewtonConvexCollisionCalculateInertialMatrix 0000000180004c70 f   Newton.obj
 0001:00003ce0       NewtonCreateUserMeshCollision 0000000180004ce0 f   Newton.obj
 0001:00003da0       NewtonTreeCollisionGetVertexListIndexListInAABB 0000000180004da0 f   Newton.obj
 0001:00003e80       NewtonCollisionSupportVertex 0000000180004e80 f   Newton.obj
 0001:00004030       NewtonCollisionRayCast     0000000180005030 f   Newton.obj
 0001:00004280       NewtonSetEulerAngle        0000000180005280 f   Newton.obj
 0001:000045b0       NewtonBodySetForce         00000001800055b0 f   Newton.obj
 0001:00004670       NewtonBodySetTorque        0000000180005670 f   Newton.obj
 0001:00004730       NewtonBodySetCentreOfMass  0000000180005730 f   Newton.obj
 0001:00004780       NewtonBodySetLinearDamping 0000000180005780 f   Newton.obj
 0001:000047c0       NewtonBodySetAngularDamping 00000001800057c0 f   Newton.obj
 0001:00004860       NewtonBodyGetAngularDamping 0000000180005860 f   Newton.obj
 0001:000048b0       ?AddForce@dgBody@@QEAAXAEBVdgVector@@@Z 00000001800058b0 f i Newton.obj
 0001:00004990       ?AddTorque@dgBody@@QEAAXAEBVdgVector@@@Z 0000000180005990 f i Newton.obj
 0001:00004a70       NewtonCreate               0000000180005a70 f   Newton.obj
 0001:00004b70       NewtonDestroyAllBodies     0000000180005b70 f   Newton.obj
 0001:00004be0       NewtonBodyAddForce         0000000180005be0 f   Newton.obj
 0001:00004c20       NewtonBodyAddTorque        0000000180005c20 f   Newton.obj
 0001:00004c60       NewtonContactJointRemoveContact 0000000180005c60 f   Newton.obj
 0001:00004ca0       NewtonWorldForEachJointDo  0000000180005ca0 f   Newton.obj
 0001:00004e40       ?Append@?$dgList@UNewtonMeshPartition@@@@QEAAPEAVdgListNode@1@XZ 0000000180005e40 f i NewtonAproximateConvexPartition.obj
 0001:00004f30       ?CalculateHulls@NewtonAproximateConvexPartition@@QEAAXPEBVdgVector@@H@Z 0000000180005f30 f   NewtonAproximateConvexPartition.obj
 0001:00005070       ?RemoveAll@?$dgList@UNewtonMeshPartition@@@@QEAAXXZ 0000000180006070 f i NewtonAproximateConvexPartition.obj
 0001:00005120       ??0NewtonAproximateConvexPartition@@QEAA@AEBVNewtonMeshEffect@@MH@Z 0000000180006120 f   NewtonAproximateConvexPartition.obj
 0001:000051c0       ??1NewtonAproximateConvexPartition@@QEAA@XZ 00000001800061c0 f   NewtonAproximateConvexPartition.obj
 0001:000051d0       ?DefaultAllocMemory@Newton@@SAPEAXH@Z 00000001800061d0 f   NewtonClass.obj
 0001:000051e0       ?__free__@dgMemoryAllocator@@CAXPEAXI@Z 00000001800061e0 f   corelib_2009:dgMemory.obj
 0001:000051e0       ?DefaultFreeMemory@Newton@@SAXPEAXH@Z 00000001800061e0 f   NewtonClass.obj
 0001:000051f0       ?JacobianDerivative@NewtonUserJoint@@UEAAIAEAVdgContraintDescritor@@@Z 00000001800061f0 f   NewtonClass.obj
 0001:00005230       ?SetAcceleration@NewtonUserJoint@@QEAAXM@Z 0000000180006230 f   NewtonClass.obj
 0001:00005260       ?SetSpringDamperAcceleration@NewtonUserJoint@@QEAAXMM@Z 0000000180006260 f   NewtonClass.obj
 0001:000052e0       ?GetRowForce@NewtonUserJoint@@QEBAMH@Z 00000001800062e0 f   NewtonClass.obj
 0001:00005310       ?GetInfo@NewtonUserJoint@@UEBAXPEAVdgConstraintInfo@@@Z 0000000180006310 f   NewtonClass.obj
 0001:00005360       ??_ENewtonUserJoint@@UEAAPEAXI@Z 0000000180006360 f i NewtonClass.obj
 0001:00005360       ??_GNewtonUserJoint@@UEAAPEAXI@Z 0000000180006360 f i NewtonClass.obj
 0001:000053c0       ?SetHighFriction@NewtonUserJoint@@QEAAXM@Z 00000001800063c0 f   NewtonClass.obj
 0001:00005430       ?SetLowerFriction@NewtonUserJoint@@QEAAXM@Z 0000000180006430 f   NewtonClass.obj
 0001:000054a0       ?SetRowStiffness@NewtonUserJoint@@QEAAXM@Z 00000001800064a0 f   NewtonClass.obj
 0001:00005500       ?SetUpdateFeedbackFunction@NewtonUserJoint@@QEAAXP6AXPEBUNewtonJoint@@MH@Z@Z 0000000180006500 f   NewtonClass.obj
 0001:00005510       ?DestroyJoints@NewtonDeadJoints@@QEAAXAEAVNewton@@@Z 0000000180006510 f   NewtonClass.obj
 0001:000055a0       ??1Newton@@QEAA@XZ         00000001800065a0 f   NewtonClass.obj
 0001:00005610       ??0NewtonUserJoint@@QEAA@PEAVdgWorld@@HP6AXPEBUNewtonJoint@@MH@ZP6AX1PEAUNewtonJointRecord@@@ZPEAVdgBody@@5@Z 0000000180006610 f   NewtonClass.obj
 0001:000056e0       ?AddAngularRowJacobian@NewtonUserJoint@@QEAAXAEBVdgVector@@M@Z 00000001800066e0 f   NewtonClass.obj
 0001:000057c0       ?AddGeneralRowJacobian@NewtonUserJoint@@QEAAXPEBM0@Z 00000001800067c0 f   NewtonClass.obj
 0001:00005890       ?AddLinearRowJacobian@NewtonUserJoint@@QEAAXAEBVdgVector@@00@Z 0000000180006890 f   NewtonClass.obj
 0001:00005970       ?Insert@?$dgTree@PEAVdgBody@@PEAX@@QEAAPEAVdgTreeNode@1@AEBQEAVdgBody@@PEAXAEA_N@Z 0000000180006970 f i NewtonClass.obj
 0001:00005970       ?Insert@?$dgTree@PEAVdgConstraint@@PEAX@@QEAAPEAVdgTreeNode@1@AEBQEAVdgConstraint@@PEAXAEA_N@Z 0000000180006970 f i NewtonClass.obj
 0001:00005a50       ??0NewtonDeadBodies@@QEAA@XZ 0000000180006a50 f   NewtonClass.obj
 0001:00005a50       ??0NewtonDeadJoints@@QEAA@XZ 0000000180006a50 f   NewtonClass.obj
 0001:00005ac0       ??0Newton@@QEAA@M@Z        0000000180006ac0 f   NewtonClass.obj
 0001:00005b10       ?DestroyJoint@Newton@@QEAAXPEAVdgConstraint@@@Z 0000000180006b10 f   NewtonClass.obj
 0001:00005b50       ?DestroyBody@Newton@@QEAAXPEAVdgBody@@@Z 0000000180006b50 f   NewtonClass.obj
 0001:00005b90       ?DestroyBodies@NewtonDeadBodies@@QEAAXAEAVNewton@@@Z 0000000180006b90 f   NewtonClass.obj
 0001:00005d10       ?UpdatePhysics@Newton@@QEAAXM@Z 0000000180006d10 f   NewtonClass.obj
 0001:00005d60       ?GetShapeFromCollision@NewtonMeshEffectBuilder@@SAXPEAXHPEBMH@Z 0000000180006d60 f i NewtonMeshEffect.obj
 0001:00005e90       ?AddVertex@NewtonMeshEffect@@AEAAXPEBMH@Z 0000000180006e90 f   NewtonMeshEffect.obj
 0001:00006040       ?AddPolygon@NewtonMeshEffect@@QEAAXHPEBMHH@Z 0000000180007040 f   NewtonMeshEffect.obj
 0001:00006100       ?GetVertexStreams@NewtonMeshEffect@@QEAAXHPEAMH0H0@Z 0000000180007100 f   NewtonMeshEffect.obj
 0001:00006220       ?GetIndirectVertexStreams@NewtonMeshEffect@@QEAAXHPEAMPEAH1H011H011@Z 0000000180007220 f   NewtonMeshEffect.obj
 0001:00006470       ?GetNextMaterial@NewtonMeshEffect@@QEAAHH@Z 0000000180007470 f   NewtonMeshEffect.obj
 0001:000064b0       ?GetMaterialGetIndexStream@NewtonMeshEffect@@QEAAXHPEAH@Z 00000001800074b0 f   NewtonMeshEffect.obj
 0001:00006530       ?GetMaterialGetIndexStreamShort@NewtonMeshEffect@@QEAAXHPEAF@Z 0000000180007530 f   NewtonMeshEffect.obj
 0001:000065b0       ?CreateConvexAproximationCollision@NewtonMeshEffect@@QEBAPEAVdgCollision@@MH@Z 00000001800075b0 f   NewtonMeshEffect.obj
 0001:000065e0       ??0NewtonMeshEffect@@QEAA@_N@Z 00000001800075e0 f   NewtonMeshEffect.obj
 0001:00006660       ??_ENewtonMeshEffect@@UEAAPEAXI@Z 0000000180007660 f i NewtonMeshEffect.obj
 0001:00006660       ??_GNewtonMeshEffect@@UEAAPEAXI@Z 0000000180007660 f i NewtonMeshEffect.obj
 0001:000066c0       ?EndPolygon@NewtonMeshEffect@@QEAAXXZ 00000001800076c0 f   NewtonMeshEffect.obj
 0001:000068d0       ?CreateConvexCollision@NewtonMeshEffect@@QEBAPEAVdgCollision@@MH@Z 00000001800078d0 f   NewtonMeshEffect.obj
 0001:00006970       ??0NewtonMeshEffect@@QEAA@PEAVdgCollision@@@Z 0000000180007970 f   NewtonMeshEffect.obj
 0001:00006c80       ?GetAttriubeArray@NewtonMeshEffect@@AEAAXPEAUdgVertexAtribute@1@@Z 0000000180007c80 f   NewtonMeshEffect.obj
 0001:00006d40       ?ApplyAttriubeArray@NewtonMeshEffect@@AEAAXPEAUdgVertexAtribute@1@@Z 0000000180007d40 f   NewtonMeshEffect.obj
 0001:00006e40       ?GetOrigin@NewtonMeshEffect@@AEBA?AVdgVector@@XZ 0000000180007e40 f   NewtonMeshEffect.obj
 0001:00006f80       ?FixCylindricalMapping@NewtonMeshEffect@@AEBAXPEAUdgVertexAtribute@1@@Z 0000000180007f80 f   NewtonMeshEffect.obj
 0001:000070e0       ?SphericalMapping@NewtonMeshEffect@@QEAAXH@Z 00000001800080e0 f   NewtonMeshEffect.obj
 0001:000073c0       ?CylindricalMapping@NewtonMeshEffect@@QEAAXHH@Z 00000001800083c0 f   NewtonMeshEffect.obj
 0001:00007890       ?BoxMapping@NewtonMeshEffect@@QEAAXHHH@Z 0000000180008890 f   NewtonMeshEffect.obj
 0001:00007c50       ?CalcualetNormals@NewtonMeshEffect@@QEAAXM@Z 0000000180008c50 f   NewtonMeshEffect.obj
 0001:000080b0       ?GetFirstMaterial@NewtonMeshEffect@@QEAAHXZ 00000001800090b0 f   NewtonMeshEffect.obj
 0001:00008270       ?CapClipFace@NewtonMeshEffect@@AEAA_NAEBVdgPlane@@AEBVdgMatrix@@HH@Z 0000000180009270 f   NewtonMeshEffect.obj
 0001:00008560       ?PlaneClip@NewtonMeshEffect@@QEAAHAEBVdgPlane@@AEBVdgMatrix@@PEAPEAV1@HH@Z 0000000180009560 f   NewtonMeshEffect.obj
 0001:000093d0       ?ModifierGetMatrix@dgCollision@@UEBA?AVdgMatrix@@XZ 000000018000a3d0 f i physics_2009:dgWorld.obj
 0001:00009430       ?Release@dgCollision@@UEAAHXZ 000000018000a430 f i physics_2009:dgWorld.obj
 0001:00009460       ?GetSentinelBody@dgWorld@@QEBAPEAVdgBody@@XZ 000000018000a460 f   physics_2009:dgWorld.obj
 0001:00009470       ?SetFrictionMode@dgWorld@@QEAAXH@Z 000000018000a470 f   physics_2009:dgWorld.obj
 0001:00009480       ?SetHardwareMode@dgWorld@@QEAAXH@Z 000000018000a480 f   physics_2009:dgWorld.obj
 0001:000094b0       ?GetHardwareMode@dgWorld@@QEAAHPEAD@Z 000000018000a4b0 f   physics_2009:dgWorld.obj
 0001:00009500       ?SetThreadsCount@dgWorld@@QEAAXH@Z 000000018000a500 f   physics_2009:dgWorld.obj
 0001:00009590       ?GetThreadsCount@dgWorld@@QEBAHXZ 000000018000a590 f   physics_2009:dgWorld.obj
 0001:000095a0       ?EnableThreadOnSingleIsland@dgWorld@@QEAAXH@Z 000000018000a5a0 f   physics_2009:dgWorld.obj
 0001:000095b0       ?GetThreadOnSingleIsland@dgWorld@@QEBAHXZ 000000018000a5b0 f   physics_2009:dgWorld.obj
 0001:000095c0       ?DestroyConstraint@dgWorld@@QEAAXPEAVdgConstraint@@@Z 000000018000a5c0 f   physics_2009:dgWorld.obj
 0001:000095f0       ?UpdateCollision@dgWorld@@QEAAXXZ 000000018000a5f0 f   physics_2009:dgWorld.obj
 0001:000096c0       ?Update@dgWorld@@QEAAXM@Z  000000018000a6c0 f   physics_2009:dgWorld.obj
 0001:000097d0       ?SetPerfomanceCounter@dgWorld@@QEAAXP6AIXZ@Z 000000018000a7d0 f   physics_2009:dgWorld.obj
 0001:00009820       ?SetUserData@dgWorld@@QEAAXPEAX@Z 000000018000a820 f   physics_2009:dgWorld.obj
 0001:00009830       ?GetUserData@dgWorld@@QEBAPEAXXZ 000000018000a830 f   physics_2009:dgWorld.obj
 0001:00009840       ?SetIslandUpdateCallback@dgWorld@@QEAAXP6AIPEAXH@Z@Z 000000018000a840 f   physics_2009:dgWorld.obj
 0001:00009850       ?SetDestroyCollisionCallback@dgWorld@@QEAAXP6AXPEAVdgCollision@@@Z@Z 000000018000a850 f   physics_2009:dgWorld.obj
 0001:00009860       ?SetLeavingWorldCallback@dgWorld@@QEAAXP6AXPEAVdgBody@@H@Z@Z 000000018000a860 f   physics_2009:dgWorld.obj
 0001:00009870       ?CreateBallConstraint@dgWorld@@QEAAPEAVdgBallConstraint@@AEBVdgVector@@PEAVdgBody@@1@Z 000000018000a870 f   physics_2009:dgWorld.obj
 0001:000098f0       ?CreateHingeConstraint@dgWorld@@QEAAPEAVdgHingeConstraint@@AEBVdgVector@@0PEAVdgBody@@1@Z 000000018000a8f0 f   physics_2009:dgWorld.obj
 0001:00009980       ?CreateUpVectorConstraint@dgWorld@@QEAAPEAVdgUpVectorConstraint@@AEBVdgVector@@PEAVdgBody@@@Z 000000018000a980 f   physics_2009:dgWorld.obj
 0001:000099f0       ?CreateSlidingConstraint@dgWorld@@QEAAPEAVdgSlidingConstraint@@AEBVdgVector@@0PEAVdgBody@@1@Z 000000018000a9f0 f   physics_2009:dgWorld.obj
 0001:00009a80       ?CreateCorkscrewConstraint@dgWorld@@QEAAPEAVdgCorkscrewConstraint@@AEBVdgVector@@0PEAVdgBody@@1@Z 000000018000aa80 f   physics_2009:dgWorld.obj
 0001:00009b10       ?CreateUniversalConstraint@dgWorld@@QEAAPEAVdgUniversalConstraint@@AEBVdgVector@@00PEAVdgBody@@1@Z 000000018000ab10 f   physics_2009:dgWorld.obj
 0001:00009ba0       ?GetConstraintsCount@dgWorld@@QEBAHXZ 000000018000aba0 f   physics_2009:dgWorld.obj
 0001:00009bb0       ?AddBodyImpulse@dgWorld@@QEAAXPEAVdgBody@@AEBVdgVector@@1@Z 000000018000abb0 f   physics_2009:dgWorld.obj
 0001:00009be0       ??_EdgCollisionPoint@@UEAAPEAXI@Z 000000018000abe0 f i physics_2009:dgWorld.obj
 0001:00009be0       ??_GdgCollisionPoint@@UEAAPEAXI@Z 000000018000abe0 f i physics_2009:dgWorld.obj
 0001:00009c10       ?SetSolverMode@dgWorld@@QEAAXH@Z 000000018000ac10 f   physics_2009:dgWorld.obj
 0001:00009c20       ?RemoveAllGroupID@dgWorld@@QEAAXXZ 000000018000ac20 f   physics_2009:dgWorld.obj
 0001:00009c80       ?DestroyBody@dgWorld@@QEAAXPEAVdgBody@@@Z 000000018000ac80 f   physics_2009:dgWorld.obj
 0001:00009cf0       ?GetPerfomanceTicks@dgWorld@@QEBAII@Z 000000018000acf0 f   physics_2009:dgWorld.obj
 0001:00009d10       ?GetBodiesCount@dgWorld@@QEBAHXZ 000000018000ad10 f   physics_2009:dgWorld.obj
 0001:00009d20       ?AreBodyConnectedByJoints@dgWorld@@AEAA_NPEAVdgBody@@0@Z 000000018000ad20 f   physics_2009:dgWorld.obj
 0001:00009e10       ?FlushCache@dgWorld@@QEAAXXZ 000000018000ae10 f   physics_2009:dgWorld.obj
 0001:00009e90       ??0dgWorldDynamicUpdate@@QEAA@XZ 000000018000ae90 f i physics_2009:dgWorld.obj
 0001:0000a4c0       ??1dgWorldDynamicUpdate@@QEAA@XZ 000000018000b4c0 f i physics_2009:dgWorld.obj
 0001:0000a630       ?DestroyAllBodies@dgWorld@@QEAAXXZ 000000018000b630 f   physics_2009:dgWorld.obj
 0001:0000a6d0       ?CreateBody@dgWorld@@QEAAPEAVdgBody@@PEAVdgCollision@@@Z 000000018000b6d0 f   physics_2009:dgWorld.obj
 0001:0000a840       ?BodySetMatrix@dgWorld@@QEAAXPEAVdgBody@@AEBVdgMatrix@@@Z 000000018000b840 f   physics_2009:dgWorld.obj
 0001:0000ab70       ??1dgWorld@@QEAA@XZ        000000018000bb70 f   physics_2009:dgWorld.obj
 0001:0000adb0       ??0dgWorld@@QEAA@XZ        000000018000bdb0 f   physics_2009:dgWorld.obj
 0001:0000b3b0       ?GetIslandBody@dgWorld@@QEBAPEAVdgBody@@PEBXH@Z 000000018000c3b0 f   physics_2009:dgWorldDynamicUpdate.obj
 0001:0000b3e0       ?ReallocBodyMemory@dgWorldDynamicUpdate@@AEAAXH@Z 000000018000c3e0 f   physics_2009:dgWorldDynamicUpdate.obj
 0001:0000b4c0       ?ReallocIslandMemory@dgWorldDynamicUpdate@@AEAAXH@Z 000000018000c4c0 f   physics_2009:dgWorldDynamicUpdate.obj
 0001:0000b5b0       ?ReallocJointsMemory@dgWorldDynamicUpdate@@AEAAXH@Z 000000018000c5b0 f   physics_2009:dgWorldDynamicUpdate.obj
 0001:0000b690       ?ReallocJacobiansMemory@dgWorldDynamicUpdate@@AEAAXHH@Z 000000018000c690 f   physics_2009:dgWorldDynamicUpdate.obj
 0001:0000b9a0       ?ReallocIntenalForcesMemory@dgWorldDynamicUpdate@@AEAAXHH@Z 000000018000c9a0 f   physics_2009:dgWorldDynamicUpdate.obj
 0001:0000bae0       ?ApplyExternalForcesAndAccelerationSimD@dgJacobianMemory@@QEBAXM@Z 000000018000cae0 f   physics_2009:dgWorldDynamicUpdate.obj
 0001:0000be70       ?GetJacobialDerivativesParallel@dgWorldDynamicUpdate@@AEAAHAEBVdgIsland@@_NHM@Z 000000018000ce70 f   physics_2009:dgWorldDynamicUpdate.obj
 0001:0000bfd0       ?ThreadExecute@dgParallelSolverJointAcceleration@@UEAAXXZ 000000018000cfd0 f   physics_2009:dgWorldDynamicUpdate.obj
 0001:0000c1f0       ?ThreadExecute@dgParallelSolverInitFeedbackUpdate@@UEAAXXZ 000000018000d1f0 f   physics_2009:dgWorldDynamicUpdate.obj
 0001:0000c340       ??$dgSort@VdgIsland@@@@YAXQEAVdgIsland@@HP6AHQEBV0@1PEAX@Z2@Z 000000018000d340 f i physics_2009:dgWorldDynamicUpdate.obj
 0001:0000c640       ?BuildIsland@dgWorldDynamicUpdate@@AEAAXAEAV?$dgQueue@PEAVdgBody@@@@HHH@Z 000000018000d640 f   physics_2009:dgWorldDynamicUpdate.obj
 0001:0000c930       ?SpanningTree@dgWorldDynamicUpdate@@AEAAXPEAVdgBody@@@Z 000000018000d930 f   physics_2009:dgWorldDynamicUpdate.obj
 0001:0000ce50       ?IntegrateArray@dgWorldDynamicUpdate@@AEBAXPEBVdgBodyInfo@@HMMH_N@Z 000000018000de50 f   physics_2009:dgWorldDynamicUpdate.obj
 0001:0000d4c0       ?ApplyExternalForcesAndAcceleration@dgJacobianMemory@@QEBAXM@Z 000000018000e4c0 f   physics_2009:dgWorldDynamicUpdate.obj
 0001:0000e090       ?SwapRowsSimd@dgJacobianMemory@@QEBAXHH@Z 000000018000f090 f   physics_2009:dgWorldDynamicUpdate.obj
 0001:0000e280       ?SwapRows@dgJacobianMemory@@QEBAXHH@Z 000000018000f280 f   physics_2009:dgWorldDynamicUpdate.obj
 0001:0000e570       ?CalculateSimpleBodyReactionsForcesSimD@dgJacobianMemory@@QEBAXM@Z 000000018000f570 f   physics_2009:dgWorldDynamicUpdate.obj
 0001:0000f0d0       ?CalculateSimpleBodyReactionsForces@dgJacobianMemory@@QEBAXM@Z 00000001800100d0 f   physics_2009:dgWorldDynamicUpdate.obj
 0001:00010b50       ?CalculateJointForcesSimD@dgJacobianMemory@@QEBAMHPEAMM@Z 0000000180011b50 f   physics_2009:dgWorldDynamicUpdate.obj
 0001:00011720       ?CalculateJointForces@dgJacobianMemory@@QEBAMHPEAMM@Z 0000000180012720 f   physics_2009:dgWorldDynamicUpdate.obj
 0001:00012c80       ?CalculateForcesGameModeSimD@dgJacobianMemory@@QEBAXHM@Z 0000000180013c80 f   physics_2009:dgWorldDynamicUpdate.obj
 0001:000137b0       ?CalculateForcesGameMode@dgJacobianMemory@@QEBAXHM@Z 00000001800147b0 f   physics_2009:dgWorldDynamicUpdate.obj
 0001:00015020       ?ThreadExecute@dgParallelSolverBuildJacobianRows@@UEAAXXZ 0000000180016020 f   physics_2009:dgWorldDynamicUpdate.obj
 0001:00015a30       ?BuildJacobianMatrixParallel@dgWorldDynamicUpdate@@AEAAXAEBVdgIsland@@MH@Z 0000000180016a30 f   physics_2009:dgWorldDynamicUpdate.obj
 0001:00015e00       ?ThreadExecute@dgParallelSolverClear@@UEAAXXZ 0000000180016e00 f   physics_2009:dgWorldDynamicUpdate.obj
 0001:00015fe0       ?ThreadExecute@dgParallelSolverInitInternalForces@@UEAAXXZ 0000000180016fe0 f   physics_2009:dgWorldDynamicUpdate.obj
 0001:000168d0       ?ThreadExecute@dgParallelSolverUpdateVeloc@@UEAAXXZ 00000001800178d0 f   physics_2009:dgWorldDynamicUpdate.obj
 0001:00016c30       ?ThreadExecute@dgParallelSolverUpdateForce@@UEAAXXZ 0000000180017c30 f   physics_2009:dgWorldDynamicUpdate.obj
 0001:00017290       ?ThreadExecute@dgParallelSolverCalculateForces@@UEAAXXZ 0000000180018290 f   physics_2009:dgWorldDynamicUpdate.obj
 0001:00017af0       ?CalculateForcesGameModeParallel@dgJacobianMemory@@QEBAXHMH@Z 0000000180018af0 f   physics_2009:dgWorldDynamicUpdate.obj
 0001:00018500       ?AddDamingAcceleration@dgBody@@AEAAXXZ 0000000180019500 f i physics_2009:dgWorldDynamicUpdate.obj
 0001:00018700       ?CalculateForcesSimulationModeSimd@dgJacobianMemory@@QEBAXM@Z 0000000180019700 f   physics_2009:dgWorldDynamicUpdate.obj
 0001:00019ce0       ?CalculateForcesSimulationMode@dgJacobianMemory@@QEBAXM@Z 000000018001ace0 f   physics_2009:dgWorldDynamicUpdate.obj
 0001:0001d440       ?ThreadExecute@dgParallelSolverBodyInertia@@UEAAXXZ 000000018001e440 f   physics_2009:dgWorldDynamicUpdate.obj
 0001:0001d4e0       ?UpdateDynamics@dgWorldDynamicUpdate@@AEAAXPEAVdgWorld@@HM@Z 000000018001e4e0 f   physics_2009:dgWorldDynamicUpdate.obj
 0001:0001d9e0       ?ThreadExecute@dgParallelSolverBuildJacobianMatrix@@UEAAXXZ 000000018001e9e0 f   physics_2009:dgWorldDynamicUpdate.obj
 0001:0001e230       ?GetJacobialDerivatives@dgWorldDynamicUpdate@@AEAAHAEBVdgIsland@@H_NHM@Z 000000018001f230 f   physics_2009:dgWorldDynamicUpdate.obj
 0001:0001eac0       ?BuildJacobianMatrixSimD@dgWorldDynamicUpdate@@AEAAXAEBVdgIsland@@HM@Z 000000018001fac0 f   physics_2009:dgWorldDynamicUpdate.obj
 0001:0001f0c0       ?BuildJacobianMatrix@dgWorldDynamicUpdate@@AEAAXAEBVdgIsland@@HM@Z 00000001800200c0 f   physics_2009:dgWorldDynamicUpdate.obj
 0001:0001fa00       ?ThreadExecute@dgSolverWorlkerThreads@@UEAAXXZ 0000000180020a00 f   physics_2009:dgWorldDynamicUpdate.obj
 0001:000204a0       ?CreateConvexModifier@dgWorld@@QEAAPEAVdgCollision@@PEAV2@@Z 00000001800214a0 f   physics_2009:dgNarrowPhaseCollision.obj
 0001:00020500       ?CreateCompoundCollision@dgWorld@@QEAAPEAVdgCollision@@HQEBQEAV2@@Z 0000000180021500 f   physics_2009:dgNarrowPhaseCollision.obj
 0001:00020560       ?CreateBVH@dgWorld@@QEAAPEAVdgCollision@@XZ 0000000180021560 f   physics_2009:dgNarrowPhaseCollision.obj
 0001:00020590       ?CreateStaticUserMesh@dgWorld@@QEAAPEAVdgCollision@@AEBVdgVector@@0AEBVdgUserMeshCreation@@@Z 0000000180021590 f   physics_2009:dgNarrowPhaseCollision.obj
 0001:000205f0       ?CreateBVHFieldCollision@dgWorld@@QEAAPEAVdgCollision@@HHHPEAGPEADMM@Z 00000001800215f0 f   physics_2009:dgNarrowPhaseCollision.obj
 0001:00020690       ?CreateScene@dgWorld@@QEAAPEAVdgCollision@@XZ 0000000180021690 f   physics_2009:dgNarrowPhaseCollision.obj
 0001:000206c0       ?Serialize@dgWorld@@QEBAXPEAVdgCollision@@P6AXPEAXPEBX_K@Z1@Z 00000001800216c0 f   physics_2009:dgNarrowPhaseCollision.obj
 0001:00020740       ?GetDefualtBodyGroupID@dgWorld@@QEBAIXZ 0000000180021740 f   physics_2009:dgNarrowPhaseCollision.obj
 0001:00020750       ??$dgSort@VdgContactPoint@@@@YAXQEAVdgContactPoint@@HP6AHQEBV0@1PEAX@Z2@Z 0000000180021750 f i physics_2009:dgNarrowPhaseCollision.obj
 0001:00020a10       ?GetFirstMaterial@dgWorld@@QEBAPEAVdgContactMaterial@@XZ 0000000180021a10 f   physics_2009:dgNarrowPhaseCollision.obj
 0001:00020a40       ?GetNextMaterial@dgWorld@@QEBAPEAVdgContactMaterial@@PEAV2@@Z 0000000180021a40 f   physics_2009:dgNarrowPhaseCollision.obj
 0001:00020a90       ?ReduceContacts@dgWorld@@AEBAHHQEAVdgContactPoint@@HMH@Z 0000000180021a90 f   physics_2009:dgNarrowPhaseCollision.obj
 0001:00020c60       ?PruneContacts@dgWorld@@AEBAHHQEAVdgContactPoint@@H@Z 0000000180021c60 f   physics_2009:dgNarrowPhaseCollision.obj
 0001:00020e30       ?ProcessCachedContacts@dgWorld@@AEBAXPEAVdgContact@@PEBVdgContactMaterial@@MH@Z 0000000180021e30 f   physics_2009:dgNarrowPhaseCollision.obj
 0001:00020f20       ?ProcessTriggers@dgWorld@@AEAAXAEAUdgPair@dgCollidingPairCollector@@MH@Z 0000000180021f20 f   physics_2009:dgNarrowPhaseCollision.obj
 0001:00021040       ?ValidateContactCache@dgWorld@@AEBAHPEAVdgBody@@0PEAVdgContact@@@Z 0000000180022040 f   physics_2009:dgNarrowPhaseCollision.obj
 0001:00021730       ?CompoundContactsSimd@dgWorld@@AEBAXQEAUdgPair@dgCollidingPairCollector@@AEAVdgCollisionParamProxi@@@Z 0000000180022730 f   physics_2009:dgNarrowPhaseCollision.obj
 0001:00022840       ?CompoundContacts@dgWorld@@AEBAXQEAUdgPair@dgCollidingPairCollector@@AEAVdgCollisionParamProxi@@@Z 0000000180023840 f   physics_2009:dgNarrowPhaseCollision.obj
 0001:00023940       ?ConvexContactsSimd@dgWorld@@AEBAXQEAUdgPair@dgCollidingPairCollector@@AEAVdgCollisionParamProxi@@@Z 0000000180024940 f   physics_2009:dgNarrowPhaseCollision.obj
 0001:00023b70       ?ConvexContacts@dgWorld@@AEBAXQEAUdgPair@dgCollidingPairCollector@@AEAVdgCollisionParamProxi@@@Z 0000000180024b70 f   physics_2009:dgNarrowPhaseCollision.obj
 0001:00023da0       ?SceneContactsSimd@dgWorld@@AEBAXAEBUdgProxy@dgCollisionScene@@QEAUdgPair@dgCollidingPairCollector@@AEAVdgCollisionParamProxi@@@Z 0000000180024da0 f   physics_2009:dgNarrowPhaseCollision.obj
 0001:00023ee0       ?SceneContacts@dgWorld@@AEBAXAEBUdgProxy@dgCollisionScene@@QEAUdgPair@dgCollidingPairCollector@@AEAVdgCollisionParamProxi@@@Z 0000000180024ee0 f   physics_2009:dgNarrowPhaseCollision.obj
 0001:00024020       ?SceneContacts@dgWorld@@AEBAXQEAUdgPair@dgCollidingPairCollector@@AEAVdgCollisionParamProxi@@@Z 0000000180025020 f   physics_2009:dgNarrowPhaseCollision.obj
 0001:00024120       ?SceneContactsSimd@dgWorld@@AEBAXQEAUdgPair@dgCollidingPairCollector@@AEAVdgCollisionParamProxi@@@Z 0000000180025120 f   physics_2009:dgNarrowPhaseCollision.obj
 0001:00024220       ?Append@?$dgList@VdgContactMaterial@@@@QEAAPEAVdgListNode@1@XZ 0000000180025220 f i physics_2009:dgNarrowPhaseCollision.obj
 0001:00024320       ?GetMaterial@dgWorld@@QEBAPEAVdgContactMaterial@@II@Z 0000000180025320 f   physics_2009:dgNarrowPhaseCollision.obj
 0001:00024370       ?RemoveFromCache@dgWorld@@QEAAXPEAVdgCollision@@@Z 0000000180025370 f   physics_2009:dgNarrowPhaseCollision.obj
 0001:000243f0       ?ReleaseCollision@dgWorld@@QEAAXPEAVdgCollision@@@Z 00000001800253f0 f   physics_2009:dgNarrowPhaseCollision.obj
 0001:000244b0       ?ClosestCompoundPoint@dgWorld@@AEBAHPEAVdgBody@@0AEAVdgTriplex@@11H@Z 00000001800254b0 f   physics_2009:dgNarrowPhaseCollision.obj
 0001:00024bf0       ?CalculateContactsSimd@dgWorld@@AEAAXQEAUdgPair@dgCollidingPairCollector@@MH@Z 0000000180025bf0 f   physics_2009:dgNarrowPhaseCollision.obj
 0001:00024d70       ?CalculateContacts@dgWorld@@AEAAXQEAUdgPair@dgCollidingPairCollector@@MH@Z 0000000180025d70 f   physics_2009:dgNarrowPhaseCollision.obj
 0001:00024ef0       ?CollideContinueSimd@dgWorld@@QEAAHPEAVdgCollision@@AEBVdgMatrix@@AEBVdgVector@@20122AEAMPEAVdgTriplex@@4PEAMHH@Z 0000000180025ef0 f   physics_2009:dgNarrowPhaseCollision.obj
 0001:000256b0       ?CollideContinue@dgWorld@@QEAAHPEAVdgCollision@@AEBVdgMatrix@@AEBVdgVector@@20122AEAMPEAVdgTriplex@@4PEAMHH@Z 00000001800266b0 f   physics_2009:dgNarrowPhaseCollision.obj
 0001:00025e60       ?Collide@dgWorld@@QEAAHPEAVdgCollision@@AEBVdgMatrix@@01PEAVdgTriplex@@2PEAMHH@Z 0000000180026e60 f   physics_2009:dgNarrowPhaseCollision.obj
 0001:00026420       ?ClosestPoint@dgWorld@@QEBAHPEAVdgCollision@@AEBVdgMatrix@@01AEAVdgTriplex@@22H@Z 0000000180027420 f   physics_2009:dgNarrowPhaseCollision.obj
 0001:00026910       ?ProcessContacts@dgWorld@@AEAAXAEAUdgPair@dgCollidingPairCollector@@MH@Z 0000000180027910 f   physics_2009:dgNarrowPhaseCollision.obj
 0001:00027930       ?ClosestPoint@dgWorld@@QEBAHAEAVdgTriplex@@PEAVdgCollision@@AEBVdgMatrix@@00H@Z 0000000180028930 f   physics_2009:dgNarrowPhaseCollision.obj
 0001:00027a30       ?CreateNull@dgWorld@@QEAAPEAVdgCollision@@XZ 0000000180028a30 f   physics_2009:dgNarrowPhaseCollision.obj
 0001:00027b60       ?CreateBox@dgWorld@@QEAAPEAVdgCollision@@MMMHAEBVdgMatrix@@@Z 0000000180028b60 f   physics_2009:dgNarrowPhaseCollision.obj
 0001:00027d90       ?CreateSphere@dgWorld@@QEAAPEAVdgCollision@@MHAEBVdgMatrix@@@Z 0000000180028d90 f   physics_2009:dgNarrowPhaseCollision.obj
 0001:00027f50       ?CreateEllipse@dgWorld@@QEAAPEAVdgCollision@@MMMHAEBVdgMatrix@@@Z 0000000180028f50 f   physics_2009:dgNarrowPhaseCollision.obj
 0001:00028150       ?CreateCapsule@dgWorld@@QEAAPEAVdgCollision@@MMHAEBVdgMatrix@@@Z 0000000180029150 f   physics_2009:dgNarrowPhaseCollision.obj
 0001:00028360       ?CreateCone@dgWorld@@QEAAPEAVdgCollision@@MMHAEBVdgMatrix@@@Z 0000000180029360 f   physics_2009:dgNarrowPhaseCollision.obj
 0001:00028570       ?CreateCylinder@dgWorld@@QEAAPEAVdgCollision@@MMHAEBVdgMatrix@@@Z 0000000180029570 f   physics_2009:dgNarrowPhaseCollision.obj
 0001:00028780       ?CreateChamferCylinder@dgWorld@@QEAAPEAVdgCollision@@MMHAEBVdgMatrix@@@Z 0000000180029780 f   physics_2009:dgNarrowPhaseCollision.obj
 0001:00028990       ?CreateConvexHull@dgWorld@@QEAAPEAVdgCollision@@HPEBMHMHAEBVdgMatrix@@@Z 0000000180029990 f   physics_2009:dgNarrowPhaseCollision.obj
 0001:00028c30       ?CreateFromSerialization@dgWorld@@QEAAPEAVdgCollision@@P6AXPEAX0_K@Z0@Z 0000000180029c30 f   physics_2009:dgNarrowPhaseCollision.obj
 0001:00029530       ?CreateBodyGroupID@dgWorld@@QEAAIXZ 000000018002a530 f   physics_2009:dgNarrowPhaseCollision.obj
 0001:000296f0       ?CalculateSignature@dgCollisionConvexPolygon@dgCollisionMesh@@UEBAHXZ 000000018002a6f0 f   physics_2009:dgCollisionMesh.obj
 0001:00029700       ?SupportVertexSimd@dgCollisionConvexPolygon@dgCollisionMesh@@UEBA?AVdgVector@@AEBV3@@Z 000000018002a700 f   physics_2009:dgCollisionMesh.obj
 0001:000298b0       ??1dgCollisionMesh@@UEAA@XZ 000000018002a8b0 f   physics_2009:dgCollisionMesh.obj
 0001:00029910       ?IsBilateral@dgConstraint@@MEBA_NXZ 000000018002a910 f i physics_2009:dgConstraint.obj
 0001:00029910       ?IsBilateral@dgUpVectorConstraint@@UEBA_NXZ 000000018002a910 f i physics_2009:dgUpVectorConstraint.obj
 0001:00029910       ?IsTriggerVolume@dgCollision@@UEBA_NXZ 000000018002a910 f i physics_2009:dgCollisionMesh.obj
 0001:00029920       ?SetCollisionCallback@dgCollisionMesh@@QEAAXP6AXPEBVdgBody@@0HHPEBMH@Z@Z 000000018002a920 f   physics_2009:dgCollisionMesh.obj
 0001:00029930       ?SetCollisionRayCastCallback@dgCollisionMesh@@QEAAXP6AMMPEAMHPEAX@Z@Z 000000018002a930 f   physics_2009:dgCollisionMesh.obj
 0001:00029940       ?CalculateInertia@dgCollisionMesh@@UEBAXAEAVdgVector@@0@Z 000000018002a940 f   physics_2009:dgCollisionMesh.obj
 0001:00029940       ?CalculateInertia@dgCollisionPoint@@UEBAXAEAVdgVector@@0@Z 000000018002a940 f   physics_2009:dgCollisionSphere.obj
 0001:00029940       ?CalculateInertia@dgCollisionConvexPolygon@dgCollisionMesh@@UEBAXAEAVdgVector@@0@Z 000000018002a940 f   physics_2009:dgCollisionMesh.obj
 0001:00029940       ?CalculateInertia@dgCollisionNull@@MEBAXAEAVdgVector@@0@Z 000000018002a940 f   physics_2009:dgCollisionNull.obj
 0001:00029940       ?CalculateInertia@dgCollisionScene@@EEBAXAEAVdgVector@@0@Z 000000018002a940 f   physics_2009:dgCollisionScene.obj
 0001:00029960       ?SupportVertex@dgCollisionConvexPolygon@dgCollisionMesh@@UEBA?AVdgVector@@AEBV3@@Z 000000018002a960 f   physics_2009:dgCollisionMesh.obj
 0001:00029b50       ?CalculateNormalSimd@dgCollisionConvexPolygon@dgCollisionMesh@@QEAAXXZ 000000018002ab50 f   physics_2009:dgCollisionMesh.obj
 0001:00029c60       ?CalculateNormal@dgCollisionConvexPolygon@dgCollisionMesh@@QEAAXXZ 000000018002ac60 f   physics_2009:dgCollisionMesh.obj
 0001:00029df0       ?CalculatePlaneIntersection@dgCollisionConvexPolygon@dgCollisionMesh@@UEBAHAEBVdgVector@@0QEAV3@@Z 000000018002adf0 f   physics_2009:dgCollisionMesh.obj
 0001:0002a820       ?CalculatePlaneIntersectionSimd@dgCollisionConvexPolygon@dgCollisionMesh@@UEBAHAEBVdgVector@@0QEAV3@@Z 000000018002b820 f   physics_2009:dgCollisionMesh.obj
 0001:0002af10       ??_GdgCollisionMesh@@UEAAPEAXI@Z 000000018002bf10 f i physics_2009:dgCollisionMesh.obj
 0001:0002af10       ??_EdgCollisionMesh@@UEAAPEAXI@Z 000000018002bf10 f i physics_2009:dgCollisionMesh.obj
 0001:0002af90       ??0dgCollisionConvexPolygon@dgCollisionMesh@@QEAA@XZ 000000018002bf90 f   physics_2009:dgCollisionMesh.obj
 0001:0002b050       ??_EdgCollisionConvexPolygon@dgCollisionMesh@@UEAAPEAXI@Z 000000018002c050 f i physics_2009:dgCollisionMesh.obj
 0001:0002b050       ??_GdgCollisionConvexPolygon@dgCollisionMesh@@UEAAPEAXI@Z 000000018002c050 f i physics_2009:dgCollisionMesh.obj
 0001:0002b080       ?QuickTestContinueSimd@dgCollisionConvexPolygon@dgCollisionMesh@@QEAAHPEBVdgConvexCollision@@AEBVdgMatrix@@@Z 000000018002c080 f   physics_2009:dgCollisionMesh.obj
 0001:0002b520       ?QuickTestContinue@dgCollisionConvexPolygon@dgCollisionMesh@@QEAAHPEBVdgConvexCollision@@AEBVdgMatrix@@@Z 000000018002c520 f   physics_2009:dgCollisionMesh.obj
 0001:0002b8b0       ?QuickTest@dgCollisionConvexPolygon@dgCollisionMesh@@QEAAHPEBVdgConvexCollision@@AEBVdgMatrix@@@Z 000000018002c8b0 f   physics_2009:dgCollisionMesh.obj
 0001:0002bdb0       ?QuickTestSimd@dgCollisionConvexPolygon@dgCollisionMesh@@QEAAHPEBVdgConvexCollision@@AEBVdgMatrix@@@Z 000000018002cdb0 f   physics_2009:dgCollisionMesh.obj
 0001:0002c3b0       ?ClipContacts@dgCollisionConvexPolygon@dgCollisionMesh@@QEBAHHQEAVdgContactPoint@@AEBVdgMatrix@@@Z 000000018002d3b0 f   physics_2009:dgCollisionMesh.obj
 0001:0002cdb0       ?ClosestDistanceToTriangle@dgCollisionConvexPolygon@dgCollisionMesh@@QEBA?AVdgVector@@AEBV3@000@Z 000000018002ddb0 f   physics_2009:dgCollisionMesh.obj
 0001:0002d240       ?PointToPolygonDistance@dgCollisionConvexPolygon@dgCollisionMesh@@QEAA_NAEBVdgVector@@MAEAV3@@Z 000000018002e240 f   physics_2009:dgCollisionMesh.obj
 0001:0002d500       ?DistanceToOrigen@dgCollisionConvexPolygon@dgCollisionMesh@@QEAA_NAEBVdgMatrix@@AEBVdgVector@@MAEAV4@@Z 000000018002e500 f   physics_2009:dgCollisionMesh.obj
 0001:0002dbb0       ?MovingPointToPolygonContact@dgCollisionConvexPolygon@dgCollisionMesh@@QEAAMAEBVdgVector@@0MAEAVdgContactPoint@@@Z 000000018002ebb0 f   physics_2009:dgCollisionMesh.obj
 0001:0002e560       ?CalcAABB@dgCollisionMesh@@EEBAXAEBVdgMatrix@@AEAVdgVector@@1@Z 000000018002f560 f   physics_2009:dgCollisionMesh.obj
 0001:0002e560       ?CalcAABB@dgCollisionScene@@EEBAXAEBVdgMatrix@@AEAVdgVector@@1@Z 000000018002f560 f   physics_2009:dgCollisionScene.obj
 0001:0002e800       ??0dgCollisionMesh@@QEAA@W4dgCollisionID@@@Z 000000018002f800 f   physics_2009:dgCollisionMesh.obj
 0001:0002e910       ??0dgCollisionMesh@@QEAA@PEAVdgWorld@@P6AXPEAX1_K@Z1@Z 000000018002f910 f   physics_2009:dgCollisionMesh.obj
 0001:0002ea10       ??0dgCollisionBVH@@QEAA@XZ 000000018002fa10 f   physics_2009:dgCollisionBVH.obj
 0001:0002ea70       ?Serialize@dgCollisionBVH@@EEBAXP6AXPEAXPEBX_K@Z0@Z 000000018002fa70 f   physics_2009:dgCollisionBVH.obj
 0001:0002eac0       ?AddFace@dgCollisionBVH@@QEAAXHQEBMHH@Z 000000018002fac0 f   physics_2009:dgCollisionBVH.obj
 0001:0002eb70       ?CollectVertexListIndexList@dgCollisionBVH@@CA?AW4dgIntersectStatus@@PEAXQEBMHQEBHH@Z 000000018002fb70 f   physics_2009:dgCollisionBVH.obj
 0001:0002ec40       ?GetTriangleCount@dgCollisionBVH@@CA?AW4dgIntersectStatus@@PEAXQEBMHQEBHH@Z 000000018002fc40 f   physics_2009:dgCollisionBVH.obj
 0001:0002ec70       ?SupportVertex@dgCollisionBVH@@EEBA?AVdgVector@@AEBV2@@Z 000000018002fc70 f   physics_2009:dgCollisionBVH.obj
 0001:0002ec90       ??_EdgCollisionBVH@@WOA@EAAPEAXI@Z 000000018002fc90 f i physics_2009:dgCollisionBVH.obj
 0001:0002eca0       ?Serialize@dgCollisionBVH@@GOA@EBAXP6AXPEAXPEBX_K@Z0@Z 000000018002fca0 f i physics_2009:dgCollisionBVH.obj
 0001:0002ecb0       ??_EdgCollisionBVH@@UEAAPEAXI@Z 000000018002fcb0 f i physics_2009:dgCollisionBVH.obj
 0001:0002ecb0       ??_GdgCollisionBVH@@UEAAPEAXI@Z 000000018002fcb0 f i physics_2009:dgCollisionBVH.obj
 0001:0002ed10       ?BeginBuild@dgCollisionBVH@@QEAAXXZ 000000018002fd10 f   physics_2009:dgCollisionBVH.obj
 0001:0002ed50       ?GetVertexListIndexList@dgCollisionBVH@@UEBAXAEBVdgVector@@0AEAVdgGetVertexListIndexList@dgCollisionMesh@@@Z 000000018002fd50 f   physics_2009:dgCollisionBVH.obj
 0001:0002edb0       ??0dgCollisionBVH@@QEAA@PEAVdgWorld@@P6AXPEAX1_K@Z1@Z 000000018002fdb0 f   physics_2009:dgCollisionBVH.obj
 0001:0002ee60       ?EndBuild@dgCollisionBVH@@QEAAXH@Z 000000018002fe60 f   physics_2009:dgCollisionBVH.obj
 0001:0002ef00       ?GetCollisionInfo@dgCollisionBVH@@EEBAXPEAVdgCollisionInfo@@@Z 000000018002ff00 f   physics_2009:dgCollisionBVH.obj
 0001:0002f010       ?RayHitSimd@dgCollisionBVH@@CAMPEAXQEBMHQEBHH@Z 0000000180030010 f   physics_2009:dgCollisionBVH.obj
 0001:0002f180       ?RayHit@dgCollisionBVH@@CAMPEAXQEBMHQEBHH@Z 0000000180030180 f   physics_2009:dgCollisionBVH.obj
 0001:0002f2f0       ?RayHitUserSimd@dgCollisionBVH@@CAMPEAXQEBMHQEBHH@Z 00000001800302f0 f   physics_2009:dgCollisionBVH.obj
 0001:0002f430       ?RayHitUser@dgCollisionBVH@@CAMPEAXQEBMHQEBHH@Z 0000000180030430 f   physics_2009:dgCollisionBVH.obj
 0001:0002f5f0       ?RayCastSimd@dgCollisionBVH@@EEBAMAEBVdgVector@@0AEAVdgContactPoint@@P6AIPEBVdgBody@@PEBVdgCollision@@PEAX@Z24@Z 00000001800305f0 f   physics_2009:dgCollisionBVH.obj
 0001:0002f8a0       ?RayCast@dgCollisionBVH@@EEBAMAEBVdgVector@@0AEAVdgContactPoint@@P6AIPEBVdgBody@@PEBVdgCollision@@PEAX@Z24@Z 00000001800308a0 f   physics_2009:dgCollisionBVH.obj
 0001:0002fb50       ?GetPolygon@dgCollisionBVH@@CA?AW4dgIntersectStatus@@PEAXQEBMHQEBHH@Z 0000000180030b50 f   physics_2009:dgCollisionBVH.obj
 0001:00030080       ?GetCollidingFacesSimd@dgCollisionBVH@@EEBAXQEAVdgPolygonMeshDesc@@@Z 0000000180031080 f   physics_2009:dgCollisionBVH.obj
 0001:00030100       ?GetCollidingFaces@dgCollisionBVH@@EEBAXQEAVdgPolygonMeshDesc@@@Z 0000000180031100 f   physics_2009:dgCollisionBVH.obj
 0001:00030180       ?ShowDebugPolygon@dgCollisionBVH@@CA?AW4dgIntersectStatus@@PEAXQEBMHQEBHH@Z 0000000180031180 f   physics_2009:dgCollisionBVH.obj
 0001:00030640       ?DebugCollision@dgCollisionBVH@@EEBAXAEBVdgMatrix@@P6AXPEAXHPEBMH@Z1@Z 0000000180031640 f   physics_2009:dgCollisionBVH.obj
 0001:00030710       ??_GdgSceneNode@dgCollisionScene@@QEAAPEAXI@Z 0000000180031710 f i physics_2009:dgCollisionScene.obj
 0001:00030770       ?CalcAABBSimD@dgCollisionMesh@@EEBAXAEBVdgMatrix@@AEAVdgVector@@1@Z 0000000180031770 f   physics_2009:dgCollisionMesh.obj
 0001:00030770       ?CalcAABBSimD@dgCollisionNull@@MEBAXAEBVdgMatrix@@AEAVdgVector@@1@Z 0000000180031770 f   physics_2009:dgCollisionNull.obj
 0001:00030770       ?CalcAABBSimD@dgCollisionScene@@EEBAXAEBVdgMatrix@@AEAVdgVector@@1@Z 0000000180031770 f   physics_2009:dgCollisionScene.obj
 0001:00030780       ?UpdateAABB@dgSceneNode@dgCollisionScene@@QEAAXAEBVdgVector@@0@Z 0000000180031780 f i physics_2009:dgCollisionScene.obj
 0001:00030810       ?Serialize@dgCollisionScene@@EEBAXP6AXPEAXPEBX_K@Z0@Z 0000000180031810 f   physics_2009:dgCollisionScene.obj
 0001:00030a00       ?SetProxyMatrix@dgCollisionScene@@QEAAXPEAXAEBVdgMatrix@@@Z 0000000180031a00 f   physics_2009:dgCollisionScene.obj
 0001:00030a80       ?SetCollisionCallback@dgCollisionScene@@QEAAXP6AXPEBVdgBody@@0HHPEBMH@Z@Z 0000000180031a80 f   physics_2009:dgCollisionScene.obj
 0001:00030ad0       ?DebugCollision@dgCollisionScene@@EEBAXAEBVdgMatrix@@P6AXPEAXHPEBMH@Z1@Z 0000000180031ad0 f   physics_2009:dgCollisionScene.obj
 0001:00030b80       ?GetCollisionInfo@dgCollisionScene@@EEBAXPEAVdgCollisionInfo@@@Z 0000000180031b80 f   physics_2009:dgCollisionScene.obj
 0001:00030bf0       ?RemoveAll@?$dgList@UdgProxy@dgCollisionScene@@@@QEAAXXZ 0000000180031bf0 f i physics_2009:dgCollisionScene.obj
 0001:00030c80       ?Unlink@?$dgList@UdgProxy@dgCollisionScene@@@@QEAAXPEAVdgListNode@1@@Z 0000000180031c80 f i physics_2009:dgCollisionScene.obj
 0001:00030cf0       ?GetProxyMatrix@dgCollisionScene@@QEAA?AVdgMatrix@@PEAX@Z 0000000180031cf0 f   physics_2009:dgCollisionScene.obj
 0001:00030e80       ?SetCollisionBBox@dgCollisionMesh@@MEAAXAEBVdgVector@@0@Z 0000000180031e80 f   physics_2009:dgCollisionMesh.obj
 0001:00030e80       ?SetCollisionBBox@dgCollisionScene@@EEAAXAEBVdgVector@@0@Z 0000000180031e80 f   physics_2009:dgCollisionScene.obj
 0001:00030f70       ?GetAxis@dgCollisionScene@@AEBAHQEAPEAVdgListNode@?$dgList@UdgProxy@dgCollisionScene@@@@H@Z 0000000180031f70 f   physics_2009:dgCollisionScene.obj
 0001:000312a0       ?RayCastSimd@dgCollisionScene@@EEBAMAEBVdgVector@@0AEAVdgContactPoint@@P6AIPEBVdgBody@@PEBVdgCollision@@PEAX@Z24@Z 00000001800322a0 f   physics_2009:dgCollisionScene.obj
 0001:00031a20       ?RayCast@dgCollisionScene@@EEBAMAEBVdgVector@@0AEAVdgContactPoint@@P6AIPEBVdgBody@@PEBVdgCollision@@PEAX@Z24@Z 0000000180032a20 f   physics_2009:dgCollisionScene.obj
 0001:000321a0       ?CollidePairSimd@dgCollisionScene@@QEBAXQEAUdgPair@dgCollidingPairCollector@@AEAVdgCollisionParamProxi@@@Z 00000001800331a0 f   physics_2009:dgCollisionScene.obj
 0001:00032590       ?CollidePair@dgCollisionScene@@QEBAXQEAUdgPair@dgCollidingPairCollector@@AEAVdgCollisionParamProxi@@@Z 0000000180033590 f   physics_2009:dgCollisionScene.obj
 0001:000329c0       ?SortAABBBoxes@dgCollisionScene@@AEBAHQEAPEAVdgListNode@?$dgList@UdgProxy@dgCollisionScene@@@@H@Z 00000001800339c0 f   physics_2009:dgCollisionScene.obj
 0001:00032b50       ?SortAndSpliteSplite@dgCollisionScene@@AEBAHQEAPEAVdgListNode@?$dgList@UdgProxy@dgCollisionScene@@@@H@Z 0000000180033b50 f   physics_2009:dgCollisionScene.obj
 0001:00032db0       ?BuildTree@dgCollisionScene@@AEAAPEAUdgSceneNode@1@PEAU21@QEAPEAVdgListNode@?$dgList@UdgProxy@dgCollisionScene@@@@HH@Z 0000000180033db0 f   physics_2009:dgCollisionScene.obj
 0001:00032f30       ??0dgListNode@?$dgList@UdgProxy@dgCollisionScene@@@@AEAA@PEAV01@0@Z 0000000180033f30 f i physics_2009:dgCollisionScene.obj
 0001:00032fa0       ??0dgCollisionScene@@QEAA@PEAVdgWorld@@@Z 0000000180033fa0 f   physics_2009:dgCollisionScene.obj
 0001:00033080       ??1dgCollisionScene@@UEAA@XZ 0000000180034080 f   physics_2009:dgCollisionScene.obj
 0001:00033130       ?RemoveProxy@dgCollisionScene@@QEAAXPEAX@Z 0000000180034130 f   physics_2009:dgCollisionScene.obj
 0001:00033180       ?Append@?$dgList@UdgProxy@dgCollisionScene@@@@QEAAPEAVdgListNode@1@XZ 0000000180034180 f i physics_2009:dgCollisionScene.obj
 0001:00033220       ??_GdgCollisionScene@@UEAAPEAXI@Z 0000000180034220 f i physics_2009:dgCollisionScene.obj
 0001:00033220       ??_EdgCollisionScene@@UEAAPEAXI@Z 0000000180034220 f i physics_2009:dgCollisionScene.obj
 0001:00033250       ?AddProxy@dgCollisionScene@@QEAAPEAXPEAVdgCollision@@@Z 0000000180034250 f   physics_2009:dgCollisionScene.obj
 0001:000332e0       ?BuildTree@dgCollisionScene@@QEAAXXZ 00000001800342e0 f   physics_2009:dgCollisionScene.obj
 0001:000334d0       ??0dgCollisionScene@@QEAA@PEAVdgWorld@@P6AXPEAX1_K@Z1@Z 00000001800344d0 f   physics_2009:dgCollisionScene.obj
 0001:00033850       ?SetAparentMassMatrix@dgBody@@QEAAXAEBVdgVector@@@Z 0000000180034850 f   physics_2009:dgBody.obj
 0001:000338d0       ??DdgQuaternion@@QEBA?AV0@AEBV0@@Z 00000001800348d0 f i physics_2009:dgBody.obj
 0001:00033a10       ?AddBuoyancyForce@dgBody@@QEAAXMMMAEBVdgVector@@P6AIPEAX1AEBVdgMatrix@@AEAVdgPlane@@@Z1@Z 0000000180034a10 f   physics_2009:dgBody.obj
 0001:00033d80       ?CalcInvInertiaMatrix@dgBody@@QEAAXXZ 0000000180034d80 f   physics_2009:dgBody.obj
 0001:00033ec0       ?CalcInvInertiaMatrixSimD@dgBody@@QEAAXXZ 0000000180034ec0 f   physics_2009:dgBody.obj
 0001:00033fe0       ?CalculateInverseDynamicForce@dgBody@@QEBA?AVdgVector@@AEBV2@M@Z 0000000180034fe0 f   physics_2009:dgBody.obj
 0001:00034090       ?GetFirstJoint@dgBody@@QEBAPEAVdgConstraint@@XZ 0000000180035090 f   physics_2009:dgBody.obj
 0001:000340d0       ?GetNextJoint@dgBody@@QEBAPEAVdgConstraint@@PEAV2@@Z 00000001800350d0 f   physics_2009:dgBody.obj
 0001:00034120       ?GetFirstContact@dgBody@@QEBAPEAVdgConstraint@@XZ 0000000180035120 f   physics_2009:dgBody.obj
 0001:00034160       ?GetNextContact@dgBody@@QEBAPEAVdgConstraint@@PEAV2@@Z 0000000180035160 f   physics_2009:dgBody.obj
 0001:000341b0       ?Freeze@dgBody@@QEAAXXZ    00000001800351b0 f   physics_2009:dgBody.obj
 0001:00034210       ?Unfreeze@dgBody@@QEAAXXZ  0000000180035210 f   physics_2009:dgBody.obj
 0001:00034270       ?AddImpulse@dgBody@@AEAAXAEBVdgVector@@0@Z 0000000180035270 f   physics_2009:dgBody.obj
 0001:00034810       ?InsertAfter@?$dgList@VdgBodyMasterListRow@@@@QEAAXPEAVdgListNode@1@0@Z 0000000180035810 f i physics_2009:dgBody.obj
 0001:00034890       ??0dgBody@@QEAA@XZ         0000000180035890 f   physics_2009:dgBody.obj
 0001:000348c0       ?SetMassMatrix@dgBody@@QEAAXMMMM@Z 00000001800358c0 f   physics_2009:dgBody.obj
 0001:00034a60       ?UpdateCollisionMatrixSimD@dgBody@@AEAAXMH@Z 0000000180035a60 f   physics_2009:dgBody.obj
 0001:000350b0       ?UpdateCollisionMatrix@dgBody@@AEAAXMH@Z 00000001800360b0 f   physics_2009:dgBody.obj
 0001:00035620       ?RayCast@dgBody@@QEBAMAEBUdgLineBox@@P6AMPEBV1@AEBVdgVector@@HPEAXM@ZP6AI1PEBVdgCollision@@3@Z3M@Z 0000000180036620 f   physics_2009:dgBody.obj
 0001:00035b00       ?UpdateMatrix@dgBody@@AEAAXMH@Z 0000000180036b00 f   physics_2009:dgBody.obj
 0001:00035b50       ?IntegrateVelocity@dgBody@@AEAAXM@Z 0000000180036b50 f   physics_2009:dgBody.obj
 0001:00035f90       ?CalculateContinueVelocity@dgBody@@AEBAXMAEAVdgVector@@0@Z 0000000180036f90 f   physics_2009:dgBody.obj
 0001:000361b0       ?CalculateContinueVelocitySimD@dgBody@@AEBAXMAEAVdgVector@@0@Z 00000001800371b0 f   physics_2009:dgBody.obj
 0001:00036370       ?SetFreeze@dgBody@@QEAAX_N@Z 0000000180037370 f   physics_2009:dgBody.obj
 0001:00036380       ?SetMatrix@dgBody@@QEAAXAEBVdgMatrix@@@Z 0000000180037380 f   physics_2009:dgBody.obj
 0001:00036510       ?SetMatrixIgnoreSleep@dgBody@@QEAAXAEBVdgMatrix@@@Z 0000000180037510 f   physics_2009:dgBody.obj
 0001:000365d0       ?AttachCollision@dgBody@@QEAAXPEAVdgCollision@@@Z 00000001800375d0 f   physics_2009:dgBody.obj
 0001:000366f0       ?SetJointParameterCallBack@dgBallConstraint@@QEAAXP6AIAEBV1@M@Z@Z 00000001800376f0 f   physics_2009:dgBallConstraint.obj
 0001:00036700       ?GetJointAngle@dgBallConstraint@@QEBA?AVdgVector@@XZ 0000000180037700 f   physics_2009:dgBallConstraint.obj
 0001:00036730       ?SetTwistLimitState@dgBallConstraint@@QEAAX_N@Z 0000000180037730 f   physics_2009:dgBallConstraint.obj
 0001:00036750       ?SetConeLimitState@dgBallConstraint@@QEAAX_N@Z 0000000180037750 f   physics_2009:dgBallConstraint.obj
 0001:00036770       ?SetLatealLimitState@dgBallConstraint@@QEAAX_N@Z 0000000180037770 f   physics_2009:dgBallConstraint.obj
 0001:00036790       ??_EdgBallConstraint@@EEAAPEAXI@Z 0000000180037790 f i physics_2009:dgBallConstraint.obj
 0001:00036790       ??_GdgBallConstraint@@EEAAPEAXI@Z 0000000180037790 f i physics_2009:dgBallConstraint.obj
 0001:000367d0       ??0dgBallConstraint@@AEAA@XZ 00000001800377d0 f   physics_2009:dgBallConstraint.obj
 0001:00036860       ?GetJointOmega@dgBallConstraint@@QEBA?AVdgVector@@XZ 0000000180037860 f   physics_2009:dgBallConstraint.obj
 0001:00036af0       ?GetJointForce@dgBallConstraint@@QEBA?AVdgVector@@XZ 0000000180037af0 f   physics_2009:dgBallConstraint.obj
 0001:00036c20       ?SetLimits@dgBallConstraint@@QEAAXAEBVdgVector@@MMM0MM@Z 0000000180037c20 f   physics_2009:dgBallConstraint.obj
 0001:00037640       ?JacobianDerivative@dgBallConstraint@@EEAAIAEAVdgContraintDescritor@@@Z 0000000180038640 f   physics_2009:dgBallConstraint.obj
 0001:00037f20       ?SetPivotPoint@dgBallConstraint@@AEAAXAEBVdgVector@@@Z 0000000180038f20 f   physics_2009:dgBallConstraint.obj
 0001:00038030       ??0dgHingeConstraint@@AEAA@XZ 0000000180039030 f   physics_2009:dgHingeConstraint.obj
 0001:00038070       ??_EdgHingeConstraint@@EEAAPEAXI@Z 0000000180039070 f i physics_2009:dgHingeConstraint.obj
 0001:00038070       ??_GdgHingeConstraint@@EEAAPEAXI@Z 0000000180039070 f i physics_2009:dgHingeConstraint.obj
 0001:000380b0       ?GetJointOmega@dgHingeConstraint@@QEBAMXZ 00000001800390b0 f   physics_2009:dgHingeConstraint.obj
 0001:000380b0       ?GetJointOmega0@dgUniversalConstraint@@QEBAMXZ 00000001800390b0 f   physics_2009:dgUniversalConstraint.obj
 0001:000380b0       ?GetJointOmega@dgCorkscrewConstraint@@QEBAMXZ 00000001800390b0 f   physics_2009:dgCorkscrewConstraint.obj
 0001:00038180       ?CalculateStopAlpha@dgHingeConstraint@@QEBAMMPEBVdgJointCallBackParam@@@Z 0000000180039180 f   physics_2009:dgHingeConstraint.obj
 0001:00038220       ?GetJointForce@dgHingeConstraint@@QEBA?AVdgVector@@XZ 0000000180039220 f   physics_2009:dgHingeConstraint.obj
 0001:00038400       ?JacobianDerivative@dgHingeConstraint@@EEAAIAEAVdgContraintDescritor@@@Z 0000000180039400 f   physics_2009:dgHingeConstraint.obj
 0001:000387c0       ??0dgSlidingConstraint@@AEAA@XZ 00000001800397c0 f   physics_2009:dgSlidingConstraint.obj
 0001:00038800       ?SetJointParameterCallBack@dgHingeConstraint@@QEAAXP6AIAEBV1@PEAVdgJointCallBackParam@@@Z@Z 0000000180039800 f   physics_2009:dgHingeConstraint.obj
 0001:00038800       ?SetJointParameterCallBack@dgUniversalConstraint@@QEAAXP6AIAEBV1@PEAVdgJointCallBackParam@@@Z@Z 0000000180039800 f   physics_2009:dgUniversalConstraint.obj
 0001:00038800       ?SetJointParameterCallBack@dgCorkscrewConstraint@@QEAAXP6AIAEBV1@PEAVdgJointCallBackParam@@@Z@Z 0000000180039800 f   physics_2009:dgCorkscrewConstraint.obj
 0001:00038800       ?SetJointParameterCallBack@dgSlidingConstraint@@QEAAXP6AIAEBV1@PEAVdgJointCallBackParam@@@Z@Z 0000000180039800 f   physics_2009:dgSlidingConstraint.obj
 0001:00038810       ??_GdgSlidingConstraint@@EEAAPEAXI@Z 0000000180039810 f i physics_2009:dgSlidingConstraint.obj
 0001:00038810       ??_EdgSlidingConstraint@@EEAAPEAXI@Z 0000000180039810 f i physics_2009:dgSlidingConstraint.obj
 0001:00038850       ?GetJointVeloc@dgCorkscrewConstraint@@QEBAMXZ 0000000180039850 f   physics_2009:dgCorkscrewConstraint.obj
 0001:00038850       ?GetJointVeloc@dgSlidingConstraint@@QEBAMXZ 0000000180039850 f   physics_2009:dgSlidingConstraint.obj
 0001:00038920       ?CalculateStopAccel@dgSlidingConstraint@@QEBAMMPEBVdgJointCallBackParam@@@Z 0000000180039920 f   physics_2009:dgSlidingConstraint.obj
 0001:000389b0       ?GetJointForce@dgSlidingConstraint@@QEBA?AVdgVector@@XZ 00000001800399b0 f   physics_2009:dgSlidingConstraint.obj
 0001:00038bb0       ?JacobianDerivative@dgSlidingConstraint@@EEAAIAEAVdgContraintDescritor@@@Z 0000000180039bb0 f   physics_2009:dgSlidingConstraint.obj
 0001:00039170       ??0dgCorkscrewConstraint@@AEAA@XZ 000000018003a170 f   physics_2009:dgCorkscrewConstraint.obj
 0001:000391c0       ??_EdgCorkscrewConstraint@@EEAAPEAXI@Z 000000018003a1c0 f i physics_2009:dgCorkscrewConstraint.obj
 0001:000391c0       ??_GdgCorkscrewConstraint@@EEAAPEAXI@Z 000000018003a1c0 f i physics_2009:dgCorkscrewConstraint.obj
 0001:00039200       ?CalculateStopAlpha0@dgUniversalConstraint@@QEBAMMPEBVdgJointCallBackParam@@@Z 000000018003a200 f   physics_2009:dgUniversalConstraint.obj
 0001:00039200       ?CalculateStopAlpha@dgCorkscrewConstraint@@QEBAMMPEBVdgJointCallBackParam@@@Z 000000018003a200 f   physics_2009:dgCorkscrewConstraint.obj
 0001:00039290       ?CalculateStopAccel@dgCorkscrewConstraint@@QEBAMMPEBVdgJointCallBackParam@@@Z 000000018003a290 f   physics_2009:dgCorkscrewConstraint.obj
 0001:00039320       ?GetJointForce@dgCorkscrewConstraint@@QEBA?AVdgVector@@XZ 000000018003a320 f   physics_2009:dgCorkscrewConstraint.obj
 0001:00039320       ?GetJointForce@dgUniversalConstraint@@QEBA?AVdgVector@@XZ 000000018003a320 f   physics_2009:dgUniversalConstraint.obj
 0001:000394b0       ?JacobianDerivative@dgCorkscrewConstraint@@EEAAIAEAVdgContraintDescritor@@@Z 000000018003a4b0 f   physics_2009:dgCorkscrewConstraint.obj
 0001:00039a70       ??0dgUniversalConstraint@@AEAA@XZ 000000018003aa70 f   physics_2009:dgUniversalConstraint.obj
 0001:00039ac0       ?GetJointAngle@dgHingeConstraint@@QEBAMXZ 000000018003aac0 f   physics_2009:dgHingeConstraint.obj
 0001:00039ac0       ?GetJointAngle0@dgUniversalConstraint@@QEBAMXZ 000000018003aac0 f   physics_2009:dgUniversalConstraint.obj
 0001:00039ac0       ?GetJointAngle@dgCorkscrewConstraint@@QEBAMXZ 000000018003aac0 f   physics_2009:dgCorkscrewConstraint.obj
 0001:00039ac0       ?GetJointPosit@dgSlidingConstraint@@QEBAMXZ 000000018003aac0 f   physics_2009:dgSlidingConstraint.obj
 0001:00039ad0       ?GetJointAngle1@dgUniversalConstraint@@QEBAMXZ 000000018003aad0 f   physics_2009:dgUniversalConstraint.obj
 0001:00039ad0       ?GetJointPosit@dgCorkscrewConstraint@@QEBAMXZ 000000018003aad0 f   physics_2009:dgCorkscrewConstraint.obj
 0001:00039ae0       ??_EdgUniversalConstraint@@EEAAPEAXI@Z 000000018003aae0 f i physics_2009:dgUniversalConstraint.obj
 0001:00039ae0       ??_GdgUniversalConstraint@@EEAAPEAXI@Z 000000018003aae0 f i physics_2009:dgUniversalConstraint.obj
 0001:00039b20       ?GetJointOmega1@dgUniversalConstraint@@QEBAMXZ 000000018003ab20 f   physics_2009:dgUniversalConstraint.obj
 0001:00039bf0       ?CalculateStopAlpha1@dgUniversalConstraint@@QEBAMMPEBVdgJointCallBackParam@@@Z 000000018003abf0 f   physics_2009:dgUniversalConstraint.obj
 0001:00039c80       ?JacobianDerivative@dgUniversalConstraint@@EEAAIAEAVdgContraintDescritor@@@Z 000000018003ac80 f   physics_2009:dgUniversalConstraint.obj
 0001:0003a320       ??0dgUpVectorConstraint@@AEAA@XZ 000000018003b320 f   physics_2009:dgUpVectorConstraint.obj
 0001:0003a370       ?InitPinDir@dgUpVectorConstraint@@QEAAXAEBVdgVector@@@Z 000000018003b370 f   physics_2009:dgUpVectorConstraint.obj
 0001:0003a3b0       ?GetPinDir@dgUpVectorConstraint@@QEBA?AVdgVector@@XZ 000000018003b3b0 f   physics_2009:dgUpVectorConstraint.obj
 0001:0003a3e0       ??_GdgUpVectorConstraint@@EEAAPEAXI@Z 000000018003b3e0 f i physics_2009:dgUpVectorConstraint.obj
 0001:0003a3e0       ??_EdgUpVectorConstraint@@EEAAPEAXI@Z 000000018003b3e0 f i physics_2009:dgUpVectorConstraint.obj
 0001:0003a420       ?SetPinDir@dgUpVectorConstraint@@QEAAXAEBVdgVector@@@Z 000000018003b420 f   physics_2009:dgUpVectorConstraint.obj
 0001:0003a6f0       ?JacobianDerivative@dgUpVectorConstraint@@EEAAIAEAVdgContraintDescritor@@@Z 000000018003b6f0 f   physics_2009:dgUpVectorConstraint.obj
 0001:0003a990       ?GetUserData@dgConstraint@@QEBAPEAXXZ 000000018003b990 f   physics_2009:dgConstraint.obj
 0001:0003a9a0       ?SetUserData@dgConstraint@@QEAAXPEAX@Z 000000018003b9a0 f   physics_2009:dgConstraint.obj
 0001:0003a9b0       ?InitInfo@dgConstraint@@IEBAXPEAVdgConstraintInfo@@@Z 000000018003b9b0 f   physics_2009:dgConstraint.obj
 0001:0003aac0       ?InitPointParam@dgConstraint@@IEBAXAEAVdgPointParam@1@MAEBVdgVector@@1@Z 000000018003bac0 f   physics_2009:dgConstraint.obj
 0001:0003aeb0       ??0dgCollisionConvexHull@@QEAA@PEAVdgWorld@@P6AXPEAX1_K@Z1@Z 000000018003beb0 f   physics_2009:dgCollisionConvexHull.obj
 0001:0003b0c0       ?GetFaceIndices@dgCollisionConvexHull@@QEBAHHPEAH@Z 000000018003c0c0 f   physics_2009:dgCollisionConvexHull.obj
 0001:0003b110       ?GetCollisionInfo@dgCollisionConvexHull@@EEBAXPEAVdgCollisionInfo@@@Z 000000018003c110 f   physics_2009:dgCollisionConvexHull.obj
 0001:0003b1a0       ?Serialize@dgCollisionConvexHull@@EEBAXP6AXPEAXPEBX_K@Z0@Z 000000018003c1a0 f   physics_2009:dgCollisionConvexHull.obj
 0001:0003b330       ??_EdgCollisionConvexHull@@UEAAPEAXI@Z 000000018003c330 f i physics_2009:dgCollisionConvexHull.obj
 0001:0003b330       ??_GdgCollisionConvexHull@@UEAAPEAXI@Z 000000018003c330 f i physics_2009:dgCollisionConvexHull.obj
 0001:0003b380       ?BruteForceSupportVertex@dgCollisionConvexHull@@AEBAHHPEAVdgVector@@AEBV2@@Z 000000018003c380 f   physics_2009:dgCollisionConvexHull.obj
 0001:0003b540       ?DebugCollision@dgCollisionConvexHull@@EEBAXAEBVdgMatrix@@P6AXPEAXHPEBMH@Z1@Z 000000018003c540 f   physics_2009:dgCollisionConvexHull.obj
 0001:0003b670       ?OOBBTest@dgCollisionConvexHull@@EEBA_NAEBVdgMatrix@@QEBVdgConvexCollision@@PEAX@Z 000000018003c670 f   physics_2009:dgCollisionConvexHull.obj
 0001:0003bbc0       ?FaceNormal@dgCollisionConvexHull@@AEBA?AVdgVector@@PEBVdgEdge@@PEBV2@@Z 000000018003cbc0 f   physics_2009:dgCollisionConvexHull.obj
 0001:0003be10       ?RemoveCoplanarEdge@dgCollisionConvexHull@@AEBA_NAEAVdgPolyhedra@@QEAVdgVector@@@Z 000000018003ce10 f   physics_2009:dgCollisionConvexHull.obj
 0001:0003c360       ?Create@dgCollisionConvexHull@@AEAA_NHHPEBMM@Z 000000018003d360 f   physics_2009:dgCollisionConvexHull.obj
 0001:0003e110       ??0dgCollisionConvexHull@@QEAA@IHHMPEBMAEBVdgMatrix@@@Z 000000018003f110 f   physics_2009:dgCollisionConvexHull.obj
 0001:0003e580       ?Realloc@dgBroadPhaseCalculateContactsWorkerThread@@QEAAXHHH@Z 000000018003f580 f   physics_2009:dgBroadPhaseCollision.obj
 0001:0003e6b0       ?ThreadExecute@dgBroadPhaseCalculateContactsWorkerThread@@UEAAXXZ 000000018003f6b0 f   physics_2009:dgBroadPhaseCollision.obj
 0001:0003e890       ?ThreadExecute@dgBroadPhaseMaterialCallbackWorkerThread@@UEAAXXZ 000000018003f890 f   physics_2009:dgBroadPhaseCollision.obj
 0001:0003e970       ?RayCast@dgSortArray@@QEBAMMAEBUdgLineBox@@P6AMPEBVdgBody@@AEBVdgVector@@HPEAXM@ZP6AI1PEBVdgCollision@@3@Z3@Z 000000018003f970 f   physics_2009:dgBroadPhaseCollision.obj
 0001:0003ea60       ?UpdateAutoPair@dgBroadPhaseCell@@AEAAXPEAVdgWorld@@H@Z 000000018003fa60 f   physics_2009:dgBroadPhaseCollision.obj
 0001:0003eb90       ??_GdgBroadPhaseMaterialCallbackWorkerThread@@UEAAPEAXI@Z 000000018003fb90 f i physics_2009:dgBroadPhaseCollision.obj
 0001:0003eb90       ??_EdgParallelSolverBodyInertia@@UEAAPEAXI@Z 000000018003fb90 f i physics_2009:dgWorld.obj
 0001:0003eb90       ??_EdgWorkerThread@@UEAAPEAXI@Z 000000018003fb90 f i physics_2009:dgWorld.obj
 0001:0003eb90       ??_GdgParallelSolverInitFeedbackUpdate@@UEAAPEAXI@Z 000000018003fb90 f i physics_2009:dgWorld.obj
 0001:0003eb90       ??_EdgSolverWorlkerThreads@@UEAAPEAXI@Z 000000018003fb90 f i physics_2009:dgWorld.obj
 0001:0003eb90       ??_EdgBroadPhaseCalculateContactsWorkerThread@@UEAAPEAXI@Z 000000018003fb90 f i physics_2009:dgBroadPhaseCollision.obj
 0001:0003eb90       ??_EdgParallelSolverInitFeedbackUpdate@@UEAAPEAXI@Z 000000018003fb90 f i physics_2009:dgWorld.obj
 0001:0003eb90       ??_GdgParallelSolverBuildJacobianRows@@UEAAPEAXI@Z 000000018003fb90 f i physics_2009:dgWorld.obj
 0001:0003eb90       ??_EdgParallelSolverCalculateForces@@UEAAPEAXI@Z 000000018003fb90 f i physics_2009:dgWorld.obj
 0001:0003eb90       ??_GdgParallelSolverUpdateForce@@UEAAPEAXI@Z 000000018003fb90 f i physics_2009:dgWorld.obj
 0001:0003eb90       ??_GdgParallelSolverUpdateVeloc@@UEAAPEAXI@Z 000000018003fb90 f i physics_2009:dgWorld.obj
 0001:0003eb90       ??_GdgBroadPhaseCalculateContactsWorkerThread@@UEAAPEAXI@Z 000000018003fb90 f i physics_2009:dgBroadPhaseCollision.obj
[...]
 0003:00000fbc       _Num_FPE                   00000001800b0fbc     LIBCMT:winxfltr.obj
 0003:00000fc0       _XcptActTabSize            00000001800b0fc0     LIBCMT:winxfltr.obj
 0003:00000fc4       _XcptActTabCount           00000001800b0fc4     LIBCMT:winxfltr.obj
 0003:00000fc8       __nullstring               00000001800b0fc8     LIBCMT:output.obj
 0003:00000fd0       __wnullstring              00000001800b0fd0     LIBCMT:output.obj
 0003:00000fd8       __abort_behavior           00000001800b0fd8     LIBCMT:abort.obj
 0003:00000fe0       __initialmbcinfo           00000001800b0fe0     LIBCMT:mbctype.obj
 0003:00001200       _mbctype                   00000001800b1200     LIBCMT:mbctype.obj
 0003:00001310       _mbcasemap                 00000001800b1310     LIBCMT:mbctype.obj
 0003:00001410       __ptmbcinfo                00000001800b1410     LIBCMT:mbctype.obj
 0003:00001518       __globallocalestatus       00000001800b1518     LIBCMT:glstatus.obj
 0003:00001520       __clocalestr               00000001800b1520     LIBCMT:nlsdata2.obj
 0003:00001530       __initiallocinfo           00000001800b1530     LIBCMT:nlsdata2.obj
 0003:00001690       __ptlocinfo                00000001800b1690     LIBCMT:nlsdata2.obj
 0003:00001698       __lc_clike                 00000001800b1698     LIBCMT:nlsdata2.obj
 0003:000016a0       __initiallocalestructinfo  00000001800b16a0     LIBCMT:nlsdata2.obj
 0003:000016b0       __security_cookie          00000001800b16b0     LIBCMT:gs_cookie.obj
 0003:000016b8       __security_cookie_complement 00000001800b16b8     LIBCMT:gs_cookie.obj
 0003:00001890       _matherr_flag              00000001800b1890     LIBCMT:_matherr_.obj
 0003:00001895       ?dazSupported@?1??_control87@@9@9 00000001800b1895     LIBCMT:_ieee_.obj
 0003:00001ae0       _iob                       00000001800b1ae0     LIBCMT:_file.obj
 0003:00001ea0       _pctype                    00000001800b1ea0     LIBCMT:ctype.obj
 0003:00001ea8       _pwctype                   00000001800b1ea8     LIBCMT:ctype.obj
 0003:00001eb0       __lc_time_c                00000001800b1eb0     LIBCMT:strftime.obj
 0003:00002018       __lc_time_curr             00000001800b2018     LIBCMT:strftime.obj
 0003:00002020       __lconv_static_decimal     00000001800b2020     LIBCMT:lconv.obj
 0003:00002030       __lconv_c                  00000001800b2030     LIBCMT:lconv.obj
 0003:00002088       __lconv                    00000001800b2088     LIBCMT:lconv.obj
 0003:00002090       __mb_cur_max               00000001800b2090     LIBCMT:nlsdata1.obj
 0003:00002094       __decimal_point            00000001800b2094     LIBCMT:nlsdata1.obj
 0003:00002098       __decimal_point_length     00000001800b2098     LIBCMT:nlsdata1.obj
 0003:000020d0       _d_inf                     00000001800b20d0     LIBCMT:_util_.obj
 0003:000020d8       _d_ind                     00000001800b20d8     LIBCMT:_util_.obj
 0003:000020e0       _d_max                     00000001800b20e0     LIBCMT:_util_.obj
 0003:000020e8       _d_min                     00000001800b20e8     LIBCMT:_util_.obj
 0003:000020f0       _d_mzero                   00000001800b20f0     LIBCMT:_util_.obj
 0003:00002110       _timezone                  00000001800b2110     LIBCMT:timeset.obj
 0003:00002114       _daylight                  00000001800b2114     LIBCMT:timeset.obj
 0003:00002118       _dstbias                   00000001800b2118     LIBCMT:timeset.obj
 0003:000021a0       _tzname                    00000001800b21a0     LIBCMT:timeset.obj
 0003:000021d0       _pow10pos                  00000001800b21d0     LIBCMT:_constpow_.obj
 0003:00002330       _pow10neg                  00000001800b2330     LIBCMT:_constpow_.obj
 0003:00002490       _coninpfh                  00000001800b2490     LIBCMT:initcon.obj
 0003:00002498       _confh                     00000001800b2498     LIBCMT:initcon.obj
 0003:000024a0       _lpdays                    00000001800b24a0     LIBCMT:days.obj
 0003:000024d8       _days                      00000001800b24d8     LIBCMT:days.obj
 0003:00002530       ?m_edgeArray@dgCollisionSphere@@1PAVdgConvexSimplexEdge@@A 00000001800b2530     physics_2009:dgCollisionSphere.obj
 0003:00003130       ?m_shapeRefCount@dgCollisionSphere@@1HA 00000001800b3130     physics_2009:dgCollisionSphere.obj
 0003:00003140       ?m_unitSphere@dgCollisionSphere@@1PAVdgVector@@A 00000001800b3140     physics_2009:dgCollisionSphere.obj
 0003:00003260       ?m_iniliazised@dgConvexCollision@@1HA 00000001800b3260     physics_2009:dgConvexCollision.obj
 0003:00003270       ?m_zero@dgConvexCollision@@1VdgVector@@A 00000001800b3270     physics_2009:dgConvexCollision.obj
 0003:00003280       ?m_signMask@dgConvexCollision@@1VdgVector@@A 00000001800b3280     physics_2009:dgConvexCollision.obj
 0003:00003290       ?m_triplexMask@dgConvexCollision@@1VdgVector@@A 00000001800b3290     physics_2009:dgConvexCollision.obj
 0003:000032a0       ?m_multiResDir@dgConvexCollision@@1PAVdgVector@@A 00000001800b32a0     physics_2009:dgConvexCollision.obj
 0003:00003320       ?m_multiResDir_sse@dgConvexCollision@@1PAVdgVector@@A 00000001800b3320     physics_2009:dgConvexCollision.obj
 0003:00003380       ?m_vertex@dgCollisionHeightField@@0PAPEAVdgVector@@A 00000001800b3380     physics_2009:dgCollisionHeightField.obj
 0003:000033c0       ?m_vertexCount@dgCollisionHeightField@@0PAHA 00000001800b33c0     physics_2009:dgCollisionHeightField.obj
 0003:000033e0       ?m_refCount@dgCollisionHeightField@@0HA 00000001800b33e0     physics_2009:dgCollisionHeightField.obj
 0003:000033f0       ?m_negIndex@dgContactSolver@@2T__m128@@A 00000001800b33f0     physics_2009:dgMinkowskiConv.obj
 0003:00003400       ?m_zero@dgContactSolver@@2T__m128@@A 00000001800b3400     physics_2009:dgMinkowskiConv.obj
 0003:00003410       ?m_index_yx@dgContactSolver@@2T__m128@@A 00000001800b3410     physics_2009:dgMinkowskiConv.obj
 0003:00003420       ?m_index_wz@dgContactSolver@@2T__m128@@A 00000001800b3420     physics_2009:dgMinkowskiConv.obj
 0003:00003430       ?m_zeroTolerenace@dgContactSolver@@2T__m128@@A 00000001800b3430     physics_2009:dgMinkowskiConv.obj
 0003:00003440       ?m_nrh0p5@dgContactSolver@@2T__m128@@A 00000001800b3440     physics_2009:dgMinkowskiConv.obj
 0003:00003450       ?m_nrh3p0@dgContactSolver@@2T__m128@@A 00000001800b3450     physics_2009:dgMinkowskiConv.obj
 0003:00003460       ?m_negativeOne@dgContactSolver@@2T__m128@@A 00000001800b3460     physics_2009:dgMinkowskiConv.obj
 0003:00003470       ?m_dir@dgContactSolver@@2PAVdgVector@@A 00000001800b3470     physics_2009:dgMinkowskiConv.obj
 0003:00003550       ?m_edgeArray@dgCollisionCapsule@@0PAVdgConvexSimplexEdge@@A 00000001800b3550     physics_2009:dgCollisionCapsule.obj
 0003:00004bd0       ?m_shapeRefCount@dgCollisionCapsule@@0HA 00000001800b4bd0     physics_2009:dgCollisionCapsule.obj
 0003:00004be0       ?m_edgeArray@dgCollisionCone@@0PAVdgConvexSimplexEdge@@A 00000001800b4be0     physics_2009:dgCollisionCone.obj
 0003:00004fe0       ?m_shapeRefCount@dgCollisionCone@@0HA 00000001800b4fe0     physics_2009:dgCollisionCone.obj
 0003:00004ff0       ?m_edgeArray@dgCollisionCylinder@@0PAVdgConvexSimplexEdge@@A 00000001800b4ff0     physics_2009:dgCollisionCylinder.obj
 0003:000055f0       ?m_shapeRefCount@dgCollisionCylinder@@0HA 00000001800b55f0     physics_2009:dgCollisionCylinder.obj
 0003:00005600       ?m_edgeArray@dgCollisionChamferCylinder@@0PAVdgConvexSimplexEdge@@A 00000001800b5600     physics_2009:dgCollisionChamferCylinder.obj
 0003:00006800       ?m_shapeRefCount@dgCollisionChamferCylinder@@0HA 00000001800b6800     physics_2009:dgCollisionChamferCylinder.obj
 0003:00006810       ?m_shapesDirs@dgCollisionChamferCylinder@@0PAVdgVector@@A 00000001800b6810     physics_2009:dgCollisionChamferCylinder.obj
 0003:000068d4       __fastflag                 00000001800b68d4     LIBCMT:_fpinit_.obj
 0003:000068dc       __error_mode               00000001800b68dc     LIBCMT:dllcrt0.obj
 0003:000068e0       _aenvptr                   00000001800b68e0     LIBCMT:dllcrt0.obj
 0003:000068e8       _wenvptr                   00000001800b68e8     LIBCMT:dllcrt0.obj
 0003:000068f0       __app_type                 00000001800b68f0     LIBCMT:dllcrt0.obj
 0003:000068f8       _umaskval                  00000001800b68f8     LIBCMT:crt0dat.obj
 0003:000068fc       __argc                     00000001800b68fc     LIBCMT:crt0dat.obj
 0003:00006900       __argv                     00000001800b6900     LIBCMT:crt0dat.obj
 0003:00006908       __wargv                    00000001800b6908     LIBCMT:crt0dat.obj
 0003:00006910       _environ                   00000001800b6910     LIBCMT:crt0dat.obj
 0003:00006918       __initenv                  00000001800b6918     LIBCMT:crt0dat.obj
 0003:00006920       _wenviron                  00000001800b6920     LIBCMT:crt0dat.obj
 0003:00006928       __winitenv                 00000001800b6928     LIBCMT:crt0dat.obj
 0003:00006930       _pgmptr                    00000001800b6930     LIBCMT:crt0dat.obj
 0003:00006938       _wpgmptr                   00000001800b6938     LIBCMT:crt0dat.obj
 0003:00006940       _exitflag                  00000001800b6940     LIBCMT:crt0dat.obj
 0003:00006944       _C_Termination_Done        00000001800b6944     LIBCMT:crt0dat.obj
 0003:00006948       _C_Exit_Done               00000001800b6948     LIBCMT:crt0dat.obj
 0003:00006c68       _crtheap                   00000001800b6c68     LIBCMT:heapinit.obj
 0003:00006c70       ?_pnhHeap@@3P6AH_K@ZEA     00000001800b6c70     LIBCMT:handler.obj
 0003:00006c78       _newmode                   00000001800b6c78     LIBCMT:_newmode.obj
 0003:00006c7c       _maxwait                   00000001800b6c7c     LIBCMT:crtheap.obj
 0003:00006d90       __pInvalidArgHandler       00000001800b6d90     LIBCMT:invarg.obj
 0003:00006da0       __pPurecall                00000001800b6da0     LIBCMT:inithelp.obj
 0003:00006db0       __mbulinfo                 00000001800b6db0     LIBCMT:mbctype.obj
 0003:00006dbc       __mbcodepage               00000001800b6dbc     LIBCMT:mbctype.obj
 0003:00006dc0       __ismbcodepage             00000001800b6dc0     LIBCMT:mbctype.obj
 0003:00006dc4       __mblcid                   00000001800b6dc4     LIBCMT:mbctype.obj
 0003:00006dc8       __locale_changed           00000001800b6dc8     LIBCMT:setlocal.obj
 0003:00006dd0       __lc_handle                00000001800b6dd0     LIBCMT:nlsdata2.obj
 0003:00006de8       __lc_codepage              00000001800b6de8     LIBCMT:nlsdata2.obj
 0003:00006dec       __lc_collate_cp            00000001800b6dec     LIBCMT:nlsdata2.obj
 0003:00006df0       _outputformat              00000001800b6df0     LIBCMT:outputformat.obj
 0003:00007030       ?__pInconsistency@@3P6AXXZEA 00000001800b7030     LIBCMT:hooks.obj
 0003:00007098       _cflush                    00000001800b7098     LIBCMT:_file.obj
 0003:000070b0       __lconv_static_null        00000001800b70b0     LIBCMT:lconv.obj
 0003:00007630       _stdbuf                    00000001800b7630     LIBCMT:_sftbuf.obj
 0003:000076fc       _debugger_hook_dummy       00000001800b76fc     <common>
 0003:00007700       __piob                     00000001800b7700     <common>
 0003:00007720       _bufin                     00000001800b7720     <common>
 0003:00008720       _nstream                   00000001800b8720     <common>
 0003:00008728       _pDestructExceptionObject  00000001800b8728     <common>
 0003:00008730       _nhandle                   00000001800b8730     <common>
 0003:00008740       __pioinfo                  00000001800b8740     <common>
 0003:00008940       __env_initialized          00000001800b8940     <common>
 0003:00008948       __onexitend                00000001800b8948     <common>
 0003:00008950       __onexitbegin              00000001800b8950     <common>
 0003:00008958       __mbctype_initialized      00000001800b8958     <common>
 0003:00008960       __dyn_tls_init_callback    00000001800b8960     <common>
 0003:00008968       _acmdln                    00000001800b8968     <common>

 entry point at        0001:00091674

 Static symbols

 0001:0000b380       ?CompareIslands@@YAHQEBVdgIsland@@0PEAX@Z 000000018000c380 f   physics_2009:dgWorldDynamicUpdate.obj
 0001:00020a70       ?CompareContact@@YAHQEBVdgContactPoint@@0PEAX@Z 0000000180021a70 f   physics_2009:dgNarrowPhaseCollision.obj
 0001:0007e0c0       ?NormalizeVertex@InternalPolyhedra@@YAXHQEAVdgTriplex@@QEBMH@Z 000000018007f0c0 f   corelib_2009:dgPolyhedra.obj
 0001:0007e290       ?EdgePlane@InternalPolyhedra@@YA?AVdgBigPlane@@HHHQEBVdgTriplex@@@Z 000000018007f290 f   corelib_2009:dgPolyhedra.obj
 0001:0007e4b0       ?UnboundedLoopPlane@InternalPolyhedra@@YA?AVdgBigPlane@@HHHQEBVdgTriplex@@@Z 000000018007f4b0 f   corelib_2009:dgPolyhedra.obj
 0001:0007e700       ?BigFaceNormal@InternalPolyhedra@@YA?AVdgBigVector@@PEAVdgEdge@@QEBMH@Z 000000018007f700 f   corelib_2009:dgPolyhedra.obj
 0001:0007e950       ?CalculateVertexMetrics@InternalPolyhedra@@YAXQEAUVERTEX_METRIC_STRUCT@1@QEBVdgTriplex@@PEAVdgEdge@@@Z 000000018007f950 f   corelib_2009:dgPolyhedra.obj
 0001:0007ec50       ?IsEssensialPointDiagonal@InternalPolyhedra@@YA_NPEAVdgEdge@@AEBVdgBigVector@@QEBMH@Z 000000018007fc50 f   corelib_2009:dgPolyhedra.obj
 0001:0007f120       ?CalculateAllMetrics@InternalPolyhedra@@YAXPEBVdgPolyhedra@@QEAUVERTEX_METRIC_STRUCT@1@QEBVdgTriplex@@@Z 0000000180080120 f   corelib_2009:dgPolyhedra.obj
 0001:0007f5a0       ?EdgePenalty@InternalPolyhedra@@YAMAEBVdgPolyhedra@@QEBVdgTriplex@@PEAVdgEdge@@@Z 00000001800805a0 f   corelib_2009:dgPolyhedra.obj
 0001:0007ffa0       ?MatchTwins@InternalPolyhedra@@YA_NPEAVdgPolyhedra@@@Z 0000000180080fa0 f   corelib_2009:dgPolyhedra.obj
 0001:00080060       ?FindEarTip@InternalPolyhedra@@YAPEAVdgEdge@@AEBVdgPolyhedra@@PEAV2@QEBMHAEAV?$dgDownHeap@PEAVdgEdge@@M@@AEBVdgVector@@@Z 0000000180081060 f   corelib_2009:dgPolyhedra.obj
 0001:00080ea0       ?CloseOpenBounds@InternalPolyhedra@@YAXPEAVdgPolyhedra@@@Z 0000000180081ea0 f   corelib_2009:dgPolyhedra.obj
 0001:00082e20       ?MarkAdjacentCoplanarFaces@InternalPolyhedra@@YAXAEAVdgPolyhedra@@0PEAVdgEdge@@QEBMH@Z 0000000180083e20 f   corelib_2009:dgPolyhedra.obj
 0001:00083360       ?ConvexPartition@InternalPolyhedra@@YA_NAEAVdgPolyhedra@@QEBMH@Z 0000000180084360 f   corelib_2009:dgPolyhedra.obj
 0001:000842a0       ?TriangulateFace@InternalPolyhedra@@YAPEAVdgEdge@@AEAVdgPolyhedra@@PEAV2@QEBMHAEAV?$dgDownHeap@PEAVdgEdge@@M@@PEAVdgVector@@@Z 00000001800852a0 f   corelib_2009:dgPolyhedra.obj
 0001:00084b50       ?DetectSSE@@YA_NXZ         0000000180085b50 f   corelib_2009:dgTypes.obj
 0001:00084b50       ?DetectSSE_3@@YA_NXZ       0000000180085b50 f   corelib_2009:dgTypes.obj
 0001:00084f30       ?SortVertices@InternalGeoUtil@@YAHQEAMHHHHM@Z 0000000180085f30 f   corelib_2009:dgTypes.obj
 0001:00085990       ?QuickSortVertices@InternalGeoUtil@@YAHQEAMHHHHM@Z 0000000180086990 f   corelib_2009:dgTypes.obj
 0001:0008fe5c       __remainder_piby2f_inline  0000000180090e5c f   LIBCMT:_sincosf_.obj
 0001:0009155c       __DllMainCRTStartup        000000018009255c f   LIBCMT:dllcrt0.obj
 0001:0009254c       _callthreadstartex         000000018009354c f   LIBCMT:threadex.obj
 0001:00092578       _threadstartex             0000000180093578 f   LIBCMT:threadex.obj
 0001:00092a68       _cftoe2_l                  0000000180093a68 f   LIBCMT:cvt.obj
 0001:000931f8       _cftof2_l                  00000001800941f8 f   LIBCMT:cvt.obj
 0001:000936dc       _call_matherr              00000001800946dc f   LIBCMT:_libm_error_.obj
 0001:00093744       _exception_enabled         0000000180094744 f   LIBCMT:_libm_error_.obj
 0001:00093bc0       _initterm                  0000000180094bc0 f   LIBCMT:crt0dat.obj
 0001:00093ce0       doexit                     0000000180094ce0 f   LIBCMT:crt0dat.obj
 0001:00094c8c       parse_cmdline              0000000180095c8c f   LIBCMT:stdargv.obj
 0001:00095754       write_char                 0000000180096754 f   LIBCMT:output.obj
 0001:0009579c       write_multi_char           000000018009679c f   LIBCMT:output.obj
 0001:000957f0       write_string               00000001800967f0 f   LIBCMT:output.obj
 0001:000965d8       splitexp                   00000001800975d8 f   LIBCMT:_exp2_.obj
 0001:00096f3c       ?setSBCS@@YAXPEAUthreadmbcinfostruct@@@Z 0000000180097f3c f   LIBCMT:mbctype.obj
 0001:00096fd0       ?setSBUpLow@@YAXPEAUthreadmbcinfostruct@@@Z 0000000180097fd0 f   LIBCMT:mbctype.obj
 0001:00097270       ?getSystemCP@@YAHH@Z       0000000180098270 f   LIBCMT:mbctype.obj
 0001:00097a54       _updatetlocinfoEx_nolock   0000000180098a54 f   LIBCMT:setlocal.obj
 0001:0009958c       ?x_ismbbtype_l@@YAHPEAUlocaleinfo_struct@@IHH@Z 000000018009a58c f   LIBCMT:ismbbyte.obj
 0001:0009a6ec       ?__crtLCMapStringA_stat@@YAHPEAUlocaleinfo_struct@@KKPEBDHPEADHHH@Z 000000018009b6ec f   LIBCMT:a_map.obj
 0001:0009acc4       ?__crtGetStringTypeA_stat@@YAHPEAUlocaleinfo_struct@@KPEBDHPEAGHHH@Z 000000018009bcc4 f   LIBCMT:a_str.obj
 0001:0009dde4       flsall                     000000018009ede4 f   LIBCMT:fflush.obj
 0001:0009dee4       ?strtoxl@@YAKPEAUlocaleinfo_struct@@PEBDPEAPEBDHH@Z 000000018009eee4 f   LIBCMT:strtol.obj
 0001:0009ebf0       __DllMainCRTStartup$filt$0 000000018009fbf0 f   LIBCMT:dllcrt0.obj
 0001:0009ec0c       _onexit$fin$0              000000018009fc0c f   LIBCMT:onexit.obj
 0001:0009ec20       _callthreadstartex$filt$0  000000018009fc20 f   LIBCMT:threadex.obj
 0001:0009ec3c       doexit$fin$0               000000018009fc3c f   LIBCMT:crt0dat.obj
 0001:0009ec5e       _freefls$fin$1             000000018009fc5e f   LIBCMT:tidtable.obj
 0001:0009ec5e       _initptd$fin$1             000000018009fc5e f   LIBCMT:tidtable.obj
 0001:0009ec7e       _freefls$fin$0             000000018009fc7e f   LIBCMT:tidtable.obj
 0001:0009ec7e       _initptd$fin$0             000000018009fc7e f   LIBCMT:tidtable.obj
 0001:0009eca0       _IsNonwritableInCurrentImage$filt$0 000000018009fca0 f   LIBCMT:pesect.obj
 0001:0009ecc1       __updatetmbcinfo$fin$0     000000018009fcc1 f   LIBCMT:mbctype.obj
 0001:0009ecc1       _setmbcp$fin$0             000000018009fcc1 f   LIBCMT:mbctype.obj
 0001:0009ecda       __updatetlocinfo$fin$0     000000018009fcda f   LIBCMT:setlocal.obj
 0001:0009ecf3       _ctrlfp$filt$0             000000018009fcf3 f   LIBCMT:_ieee_.obj
 0001:0009ecf3       _control87$filt$0          000000018009fcf3 f   LIBCMT:_ieee_.obj
 0001:0009ed1e       _mtinitlocknum$fin$0       000000018009fd1e f   LIBCMT:mlock.obj
 0001:0009ed3a       raise$fin$0                000000018009fd3a f   LIBCMT:winsig.obj
 0001:0009ed56       __crtInitCritSecAndSpinCount$filt$0 000000018009fd56 f   LIBCMT:initcrit.obj
 0001:0009ed77       _lseeki64$fin$0            000000018009fd77 f   LIBCMT:lseeki64.obj
 0001:0009ed77       _write$fin$0               000000018009fd77 f   LIBCMT:lseeki64.obj
 0001:0009ed8e       __lock_fhandle$fin$0       000000018009fd8e f   LIBCMT:osfinfo.obj
 0001:0009eda7       _fcloseall$fin$0           000000018009fda7 f   LIBCMT:closeall.obj
 0001:0009edc0       flsall$fin$0               000000018009fdc0 f   LIBCMT:fflush.obj
 0001:0009edf0       flsall$fin$1               000000018009fdf0 f   LIBCMT:fflush.obj
 0001:0009ee09       fclose$fin$0               000000018009fe09 f   LIBCMT:fclose.obj
 0001:0009ee21       _close$fin$0               000000018009fe21 f   LIBCMT:commit.obj
 0001:0009ee21       _commit$fin$0              000000018009fe21 f   LIBCMT:commit.obj
 0001:0009ee40       ??__Eg_allocaror@dgInternalMemory@@YAXXZ 000000018009fe40 f   corelib_2009:dgMemory.obj
 0001:0009ee50       ??__Fg_allocaror@dgInternalMemory@@YAXXZ 000000018009fe50 f   corelib_2009:dgMemory.obj
