 newton

 Timestamp is 4b391323 (Mon Dec 28 12:20:51 2009)

 Preferred load address is 10000000

 Start         Length     Name                   Class
 0001:00000000 0007bc34H .text                   CODE
 0001:0007bc40 0000000cH .text$yc                CODE
 0001:0007bc50 00000033H .text$yd                CODE
 0002:00000000 0000014cH .idata$5                DATA
 0002:0000014c 00000004H .CRT$XCA                DATA
 0002:00000150 00000004H .CRT$XCU                DATA
 0002:00000154 00000004H .CRT$XCZ                DATA
 0002:00000158 00000004H .CRT$XIA                DATA
 0002:0000015c 00000014H .CRT$XIC                DATA
 0002:00000170 00000004H .CRT$XIZ                DATA
 0002:00000174 00000004H .CRT$XPA                DATA
 0002:00000178 00000004H .CRT$XPX                DATA
 0002:0000017c 00000004H .CRT$XPXA               DATA
 0002:00000180 00000004H .CRT$XPZ                DATA
 0002:00000184 00000004H .CRT$XTA                DATA
 0002:00000188 00000004H .CRT$XTZ                DATA
 0002:00000190 000062a0H .rdata                  DATA
 0002:00006430 00000060H .rdata$debug            DATA
 0002:00006490 0000000cH .rdata$sxdata           DATA
 0002:0000649c 00000004H .rtc$IAA                DATA
 0002:000064a0 00000004H .rtc$IZZ                DATA
 0002:000064a4 00000004H .rtc$TAA                DATA
 0002:000064a8 00000004H .rtc$TZZ                DATA
 0002:000064b0 000003d4H .xdata$x                DATA
 0002:00006884 00000014H .idata$2                DATA
 0002:00006898 00000014H .idata$3                DATA
 0002:000068ac 0000014cH .idata$4                DATA
 0002:000069f8 000005faH .idata$6                DATA
 0002:00007000 00002d95H .edata                  DATA
 0003:00000000 00002090H .data                   DATA
 0003:000020a0 00004384H .bss                    DATA

  Address         Publics by Value              Rva+Base       Lib:Object

 0000:00000000       __except_list              00000000     <absolute>
 0000:00000003       ___safe_se_handler_count   00000003     <absolute>
 0000:00000000       ___ImageBase               10000000     <linker-defined>
 0001:00000000       _DllMain@12                10001000 f   Newton.obj
 0001:00000010       _NewtonGetMemoryUsed       10001010 f   Newton.obj
 0001:00000020       _NewtonSetMemorySystem     10001020 f   Newton.obj
 0001:00000050       _NewtonInvalidateCache     10001050 f   Newton.obj
 0001:00000060       _NewtonSetPlatformArchitecture 10001060 f   Newton.obj
 0001:00000070       _NewtonGetPlatformArchitecture 10001070 f   Newton.obj
 0001:00000080       _NewtonSetThreadsCount     10001080 f   Newton.obj
 0001:00000090       _NewtonGetThreadsCount     10001090 f   Newton.obj
 0001:000000a0       _NewtonSetMultiThreadSolverOnSingleIsland 100010a0 f   Newton.obj
 0001:000000b0       _NewtonGetMultiThreadSolverOnSingleIsland 100010b0 f   Newton.obj
 0001:000000c0       _NewtonSetSolverModel      100010c0 f   Newton.obj
 0001:000000d0       _NewtonSetFrictionModel    100010d0 f   Newton.obj
 0001:000000e0       _NewtonSetPerformanceClock 100010e0 f   Newton.obj
 0001:000000f0       _NewtonReadPerformanceTicks 100010f0 f   Newton.obj
 0001:00000100       _NewtonCollisionUpdate     10001100 f   Newton.obj
 0001:00000130       _NewtonSetIslandUpdateEvent 10001130 f   Newton.obj
 0001:00000140       _NewtonSetCollisionDestructor 10001140 f   Newton.obj
 0001:00000150       _NewtonSetDestroyBodyByExeciveForce 10001150 f   Newton.obj
 0001:00000160       _NewtonSetBodyLeaveWorldEvent 10001160 f   Newton.obj
 0001:00000170       _NewtonWorldGetVersion     10001170 f   Newton.obj
 0001:00000180       _NewtonWorldSetUserData    10001180 f   Newton.obj
 0001:00000190       _NewtonWorldGetUserData    10001190 f   Newton.obj
 0001:000001a0       _NewtonWorldSetDestructorCallBack 100011a0 f   Newton.obj
 0001:000001b0       _NewtonWorldGetDestructorCallBack 100011b0 f   Newton.obj
 0001:000001c0       _NewtonWorldGetBodyCount   100011c0 f   Newton.obj
 0001:000001d0       _NewtonWorldGetConstraintCount 100011d0 f   Newton.obj
 0001:000001e0       _NewtonIslandGetBody       100011e0 f   Newton.obj
 0001:00000200       _NewtonMaterialGetDefaultGroupID 10001200 f   Newton.obj
 0001:00000210       _NewtonMaterialCreateGroupID 10001210 f   Newton.obj
 0001:00000220       _NewtonMaterialDestroyAllGroupID 10001220 f   Newton.obj
 0001:00000230       _NewtonMaterialSetDefaultCollidable 10001230 f   Newton.obj
 0001:00000260       _NewtonMaterialSetContinuousCollisionMode 10001260 f   Newton.obj
 0001:00000290       _NewtonWorldGetFirstMaterial 10001290 f   Newton.obj
 0001:000002a0       _NewtonWorldGetNextMaterial 100012a0 f   Newton.obj
 0001:000002b0       _NewtonMaterialGetContactFaceAttribute 100012b0 f   Newton.obj
 0001:000002c0       _NewtonMaterialGetContactPositionAndNormal 100012c0 f   Newton.obj
 0001:000002f0       _NewtonMaterialGetContactTangentDirections 100012f0 f   Newton.obj
 0001:00000330       _NewtonMaterialSetContactFrictionState 10001330 f   Newton.obj
 0001:00000370       _NewtonMaterialSetContactNormalAcceleration 10001370 f   Newton.obj
 0001:00000390       _NewtonMaterialSetContactTangentAcceleration 10001390 f   Newton.obj
 0001:000003c0       _NewtonCreateNull          100013c0 f   Newton.obj
 0001:000003d0       _NewtonCreateBox           100013d0 f   Newton.obj
 0001:00000430       _NewtonCreateSphere        10001430 f   Newton.obj
 0001:00000520       _NewtonCreateCone          10001520 f   Newton.obj
 0001:00000580       _NewtonCreateCapsule       10001580 f   Newton.obj
 0001:000005e0       _NewtonCreateCylinder      100015e0 f   Newton.obj
 0001:00000640       _NewtonCreateChamferCylinder 10001640 f   Newton.obj
 0001:000006a0       _NewtonCreateConvexHullFromMesh 100016a0 f   Newton.obj
 0001:000006d0       _NewtonConvexHullModifierGetMatrix 100016d0 f   Newton.obj
 0001:00000700       _NewtonConvexHullModifierSetMatrix 10001700 f   Newton.obj
 0001:00000720       _NewtonCreateCompoundCollisionFromMesh 10001720 f   Newton.obj
 0001:00000720       ?CalculateSignature@dgCollisionConvexIntance@dgCollisionCompoundBreakable@@EBEHXZ 10001720 f   physics_2009:dgCollisionCompoundBreakable.obj
 0001:00000720       ?CalculateSignature@dgCollisionMesh@@EBEHXZ 10001720 f   physics_2009:dgCollisionMesh.obj
 0001:00000720       ?CalculateSignature@dgCollisionCompound@@MBEHXZ 10001720 f   physics_2009:dgCollisionCompound.obj
 0001:00000720       ?GetUserData@dgCollisionMesh@@UBEPAXXZ 10001720 f   physics_2009:dgCollisionMesh.obj
 0001:00000720       ?GetUserData@dgCollision@@UBEPAXXZ 10001720 f   physics_2009:dgCollision.obj
 0001:00000720       ?dgGetCpuType@@YA?AW4dgCpuClass@@XZ 10001720 f   corelib_2009:dgTypes.obj
 0001:00000720       ?GetPerformanceCount@dgWorld@@CAIXZ 10001720 f   physics_2009:dgWorld.obj
 0001:00000720       ?CalculateSignature@dgCollisionScene@@EBEHXZ 10001720 f   physics_2009:dgCollisionScene.obj
 0001:00000720       ?CalculateSignature@dgCollisionConvexModifier@@EBEHXZ 10001720 f   physics_2009:dgCollisionConvexModifier.obj
 0001:00000730       _NewtonCollisionIsTriggerVolume 10001730 f   Newton.obj
 0001:00000750       _NewtonCollisionSetAsTriggerVolume 10001750 f   Newton.obj
 0001:00000770       _NewtonCollisionSetMaxBreakImpactImpulse 10001770 f   Newton.obj
 0001:00000790       _NewtonCollisionGetMaxBreakImpactImpulse 10001790 f   Newton.obj
 0001:000007a0       _NewtonConvexCollisionCalculateVolume 100017a0 f   Newton.obj
 0001:000007b0       _NewtonTreeCollisionSetUserRayCastCallback 100017b0 f   Newton.obj
 0001:000007c0       _NewtonTreeCollisionBeginBuild 100017c0 f   Newton.obj
 0001:000007d0       _NewtonTreeCollisionAddFace 100017d0 f   Newton.obj
 0001:000007f0       _NewtonTreeCollisionEndBuild 100017f0 f   Newton.obj
 0001:00000800       _NewtonSceneCollisionCreateProxy 10001800 f   Newton.obj
 0001:00000810       _NewtonSceneCollisionDestroyProxy 10001810 f   Newton.obj
 0001:00000820       _NewtonSceneCollisionOptimize 10001820 f   Newton.obj
 0001:00000830       _NewtonCollisionPointDistance 10001830 f   Newton.obj
 0001:00000860       _NewtonCollisionClosestPoint 10001860 f   Newton.obj
 0001:000008a0       _NewtonCollisionCollide    100018a0 f   Newton.obj
 0001:000008e0       _NewtonCollisionCollideContinue 100018e0 f   Newton.obj
 0001:00000940       _NewtonCollisionForEachPolygonDo 10001940 f   Newton.obj
 0001:00000980       _NewtonCollisionMakeUnique 10001980 f   Newton.obj
 0001:00000990       _NewtonReleaseCollision    10001990 f   Newton.obj
 0001:000009a0       _NewtonCollisionSerialize  100019a0 f   Newton.obj
 0001:000009c0       _NewtonCreateCollisionFromSerialization 100019c0 f   Newton.obj
 0001:000009e0       _NewtonCollisionGetInfo    100019e0 f   Newton.obj
 0001:00000a00       _NewtonGetEulerAngle       10001a00 f   Newton.obj
 0001:00000a30       _NewtonCalculateSpringDamperAcceleration 10001a30 f   Newton.obj
 0001:00000a70       _NewtonCreateBody          10001a70 f   Newton.obj
 0001:00000a80       _NewtonDestroyBody         10001a80 f   Newton.obj
 0001:00000a90       _NewtonBodySetMatrix       10001a90 f   Newton.obj
 0001:00000ae0       _NewtonBodyGetFirstJoint   10001ae0 f   Newton.obj
 0001:00000af0       _NewtonBodyGetNextJoint    10001af0 f   Newton.obj
 0001:00000b00       _NewtonBodyGetFirstContactJoint 10001b00 f   Newton.obj
 0001:00000b10       _NewtonBodyGetNextContactJoint 10001b10 f   Newton.obj
 0001:00000b20       _NewtonBodySetCollision    10001b20 f   Newton.obj
 0001:00000b30       _NewtonBodySetFreezeState  10001b30 f   Newton.obj
 0001:00000b50       _NewtonBallSetUserCallback 10001b50 f   Newton.obj
 0001:00000b60       _NewtonBallGetJointAngle   10001b60 f   Newton.obj
 0001:00000b90       _NewtonBallGetJointOmega   10001b90 f   Newton.obj
 0001:00000bc0       _NewtonBallGetJointForce   10001bc0 f   Newton.obj
 0001:00000bf0       _NewtonSliderSetUserCallback 10001bf0 f   Newton.obj
 0001:00000bf0       _NewtonHingeSetUserCallback 10001bf0 f   Newton.obj
 0001:00000c00       _NewtonHingeGetJointAngle  10001c00 f   Newton.obj
 0001:00000c00       _NewtonSliderGetJointPosit 10001c00 f   Newton.obj
 0001:00000c00       _NewtonUniversalGetJointAngle0 10001c00 f   Newton.obj
 0001:00000c00       _NewtonCorkscrewGetJointAngle 10001c00 f   Newton.obj
 0001:00000c10       _NewtonCorkscrewGetJointOmega 10001c10 f   Newton.obj
 0001:00000c10       _NewtonUniversalGetJointOmega0 10001c10 f   Newton.obj
 0001:00000c10       _NewtonHingeGetJointOmega  10001c10 f   Newton.obj
 0001:00000c20       _NewtonHingeCalculateStopAlpha 10001c20 f   Newton.obj
 0001:00000c40       _NewtonHingeGetJointForce  10001c40 f   Newton.obj
 0001:00000c70       _NewtonSliderCalculateStopAccel 10001c70 f   Newton.obj
 0001:00000c90       _NewtonSliderGetJointForce 10001c90 f   Newton.obj
 0001:00000cc0       _NewtonUniversalGetJointAngle1 10001cc0 f   Newton.obj
 0001:00000cc0       _NewtonCorkscrewGetJointPosit 10001cc0 f   Newton.obj
 0001:00000cd0       _NewtonCorkscrewGetJointVeloc 10001cd0 f   Newton.obj
 0001:00000cd0       _NewtonSliderGetJointVeloc 10001cd0 f   Newton.obj
 0001:00000ce0       _NewtonCorkscrewCalculateStopAccel 10001ce0 f   Newton.obj
 0001:00000d00       _NewtonCorkscrewSetUserCallback 10001d00 f   Newton.obj
 0001:00000d00       _NewtonUniversalSetUserCallback 10001d00 f   Newton.obj
 0001:00000d10       _NewtonUniversalGetJointOmega1 10001d10 f   Newton.obj
 0001:00000d20       _NewtonCorkscrewCalculateStopAlpha 10001d20 f   Newton.obj
 0001:00000d20       _NewtonUniversalCalculateStopAlpha0 10001d20 f   Newton.obj
 0001:00000d40       _NewtonUniversalCalculateStopAlpha1 10001d40 f   Newton.obj
 0001:00000d60       _NewtonUniversalGetJointForce 10001d60 f   Newton.obj
 0001:00000d60       _NewtonCorkscrewGetJointForce 10001d60 f   Newton.obj
 0001:00000d90       _NewtonUpVectorGetPin      10001d90 f   Newton.obj
 0001:00000dc0       _NewtonUserJointAddGeneralRow 10001dc0 f   Newton.obj
 0001:00000de0       _NewtonUserJointSetRowMaximumFriction 10001de0 f   Newton.obj
 0001:00000e00       _NewtonUserJointSetRowMinimumFriction 10001e00 f   Newton.obj
 0001:00000e20       _NewtonUserJointSetRowAcceleration 10001e20 f   Newton.obj
 0001:00000e40       _NewtonUserJointSetRowSpringDamperAcceleration 10001e40 f   Newton.obj
 0001:00000e60       _NewtonUserJointSetRowStiffness 10001e60 f   Newton.obj
 0001:00000e80       _NewtonUserJointGetRowForce 10001e80 f   Newton.obj
 0001:00000e90       _NewtonUserJointSetFeedbackCollectorCallback 10001e90 f   Newton.obj
 0001:00000ea0       _NewtonJointSetUserData    10001ea0 f   Newton.obj
 0001:00000eb0       _NewtonJointGetUserData    10001eb0 f   Newton.obj
 0001:00000ec0       _NewtonJointGetInfo        10001ec0 f   Newton.obj
 0001:00000ee0       _NewtonJointSetStiffness   10001ee0 f   Newton.obj
 0001:00000f00       _NewtonJointGetStiffness   10001f00 f   Newton.obj
 0001:00000f10       _NewtonJointSetDestructor  10001f10 f   Newton.obj
 0001:00000f20       _NewtonDestroyJoint        10001f20 f   Newton.obj
 0001:00000f30       _NewtonMeshDestroy         10001f30 f   Newton.obj
 0001:00000f50       _NewtonMeshCalculateVertexNormals 10001f50 f   Newton.obj
 0001:00000f70       _NewtonMeshApplySphericalMapping 10001f70 f   Newton.obj
 0001:00000f80       _NewtonMeshApplyBoxMapping 10001f80 f   Newton.obj
 0001:00000fa0       _NewtonMeshApplyCylindricalMapping 10001fa0 f   Newton.obj
 0001:00000fc0       _NewtonMeshIsOpenMesh      10001fc0 f   Newton.obj
 0001:00000fe0       _NewtonMeshPolygonize      10001fe0 f   Newton.obj
 0001:00000ff0       _NewtonMeshClip            10001ff0 f   Newton.obj
 0001:00001020       _NewtonMeshIntersection    10002020 f   Newton.obj
 0001:00001020       _NewtonMeshDifference      10002020 f   Newton.obj
 0001:00001020       _NewtonMeshUnion           10002020 f   Newton.obj
 0001:00001040       _NewtonMeshBeginFace       10002040 f   Newton.obj
 0001:00001050       _NewtonMeshAddFace         10002050 f   Newton.obj
 0001:00001070       _NewtonMeshEndFace         10002070 f   Newton.obj
 0001:00001080       _NewtonMeshGetVertexStreams 10002080 f   Newton.obj
 0001:000010c0       _NewtonMeshGetIndirectVertexStreams 100020c0 f   Newton.obj
 0001:00001120       _NewtonMeshBeginHandle     10002120 f   Newton.obj
 0001:00001130       _NewtonMeshEndHandle       10002130 f   Newton.obj
 0001:00001140       _NewtonMeshFirstMaterial   10002140 f   Newton.obj
 0001:00001150       _NewtonMeshNextMaterial    10002150 f   Newton.obj
 0001:00001170       _NewtonMeshMaterialGetIndexStream 10002170 f   Newton.obj
 0001:00001190       _NewtonMeshMaterialGetIndexStreamShort 10002190 f   Newton.obj
 0001:000011b0       _NewtonMeshGetTotalFaceCount 100021b0 f   Newton.obj
 0001:000011c0       _NewtonMeshGetTotalIndexCount 100021c0 f   Newton.obj
 0001:000011d0       _NewtonMeshGetFaces        100021d0 f   Newton.obj
 0001:000011f0       ?dgGetUserLock@dgWorld@@QAEXXZ 100021f0 f i Newton.obj
 0001:00001210       ?dgReleasedUserLock@dgWorld@@QAEXXZ 10002210 f i Newton.obj
 0001:00001230       ?Scale@?$dgTemplateVector@N@@QBE?AV1@N@Z 10002230 f i Newton.obj
 0001:00001260       ??H?$dgTemplateVector@N@@QBE?AV0@ABV0@@Z 10002260 f i Newton.obj
 0001:00001290       ??G?$dgTemplateVector@N@@QBE?AV0@ABV0@@Z 10002290 f i Newton.obj
 0001:000012c0       ??D?$dgTemplateVector@N@@QBE?AV0@ABV0@@Z 100022c0 f i Newton.obj
 0001:00001300       _NewtonWorldCriticalSectionLock 10002300 f   Newton.obj
 0001:00001320       _NewtonWorldCriticalSectionUnlock 10002320 f   Newton.obj
 0001:00001340       _NewtonUpdate              10002340 f   Newton.obj
 0001:00001400       _NewtonSetMinimumFrameRate 10002400 f   Newton.obj
 0001:00001450       _NewtonWorldGetFirstBody   10002450 f   Newton.obj
 0001:00001470       _NewtonWorldGetNextBody    10002470 f   Newton.obj
 0001:00001490       _NewtonIslandGetBodyAABB   10002490 f   Newton.obj
 0001:000014f0       _NewtonMaterialSetSurfaceThickness 100024f0 f   Newton.obj
 0001:00001550       _NewtonMaterialSetDefaultFriction 10002550 f   Newton.obj
 0001:00001620       _NewtonMaterialSetDefaultElasticity 10002620 f   Newton.obj
 0001:00001670       _NewtonMaterialSetDefaultSoftness 10002670 f   Newton.obj
 0001:000016c0       _NewtonMaterialSetCollisionCallback 100026c0 f   Newton.obj
 0001:00001700       _NewtonMaterialGetUserData 10002700 f   Newton.obj
 0001:00001720       _NewtonMaterialGetMaterialPairUserData 10002720 f   Newton.obj
 0001:00001730       _NewtonMaterialGetContactNormalSpeed 10002730 f   Newton.obj
 0001:00001830       _NewtonMaterialGetContactForce 10002830 f   Newton.obj
 0001:000018b0       _NewtonMaterialGetBodyCollisionID 100028b0 f   Newton.obj
 0001:000018e0       _NewtonMaterialSetContactSoftness 100028e0 f   Newton.obj
 0001:00001930       _NewtonMaterialSetContactElasticity 10002930 f   Newton.obj
 0001:00001980       _NewtonMaterialSetContactFrictionCoef 10002980 f   Newton.obj
 0001:00001a50       _NewtonCreateConvexHull    10002a50 f   Newton.obj
 0001:00001ad0       _NewtonCreateConvexHullModifier 10002ad0 f   Newton.obj
 0001:00001af0       _NewtonCreateCompoundCollision 10002af0 f   Newton.obj
 0001:00001b10       _NewtonCreateCompoundBreakable 10002b10 f   Newton.obj
 0001:00001b50       _NewtonCompoundBreakableResetAnchoredPieces 10002b50 f   Newton.obj
 0001:00001b70       _NewtonCompoundBreakableSetAnchoredPieces 10002b70 f   Newton.obj
 0001:00001ba0       _NewtonBreakableBeginDelete 10002ba0 f   Newton.obj
 0001:00001bc0       _NewtonBreakableCreateDebrieBody 10002bc0 f   Newton.obj
 0001:00001be0       _NewtonBreakableDeleteComponent 10002be0 f   Newton.obj
 0001:00001c00       _NewtonBreakableEndDelete  10002c00 f   Newton.obj
 0001:00001c20       _NewtonBreakableGetNextComponent 10002c20 f   Newton.obj
 0001:00001c40       _NewtonCompoundBreakableGetVertexCount 10002c40 f   Newton.obj
 0001:00001c60       _NewtonCompoundBreakableGetVertexStreams 10002c60 f   Newton.obj
 0001:00001ca0       _NewtonBreakableGetFirstSegment 10002ca0 f   Newton.obj
 0001:00001cb0       _NewtonBreakableGetNextSegment 10002cb0 f   Newton.obj
 0001:00001cc0       _NewtonJointGetBody0       10002cc0 f   Newton.obj
 0001:00001cc0       _NewtonBreakableSegmentGetMaterial 10002cc0 f   Newton.obj
 0001:00001cd0       _NewtonBreakableSegmentGetIndexCount 10002cd0 f   Newton.obj
 0001:00001ce0       _NewtonBreakableSegmentGetIndexStream 10002ce0 f   Newton.obj
 0001:00001d10       _NewtonBreakableSegmentGetIndexStreamShort 10002d10 f   Newton.obj
 0001:00001d40       _NewtonCollisionSetUserID  10002d40 f   Newton.obj
 0001:00001d50       _NewtonCollisionGetUserID  10002d50 f   Newton.obj
 0001:00001d60       _NewtonConvexHullGetFaceIndices 10002d60 f   Newton.obj
 0001:00001d80       _NewtonConvexCollisionCalculateInertialMatrix 10002d80 f   Newton.obj
 0001:00001dd0       _NewtonCreateUserMeshCollision 10002dd0 f   Newton.obj
 0001:00001e60       _NewtonCreateTreeCollision 10002e60 f   Newton.obj
 0001:00001e80       _NewtonStaticCollisionSetDebugCallback 10002e80 f   Newton.obj
 0001:00001eb0       _NewtonTreeCollisionGetFaceAtribute 10002eb0 f   Newton.obj
 0001:00001ec0       _NewtonTreeCollisionSetFaceAtribute 10002ec0 f   Newton.obj
 0001:00001ed0       _NewtonTreeCollisionGetVertexListIndexListInAABB 10002ed0 f   Newton.obj
 0001:00001f80       _NewtonCreateHeightFieldCollision 10002f80 f   Newton.obj
 0001:00001fc0       _NewtonCreateSceneCollision 10002fc0 f   Newton.obj
 0001:00001fe0       _NewtonSceneProxySetMatrix 10002fe0 f   Newton.obj
 0001:00002000       _NewtonSceneProxyGetMatrix 10003000 f   Newton.obj
 0001:00002040       _NewtonCollisionCalculateAABB 10003040 f   Newton.obj
 0001:000020a0       _NewtonAddCollisionReference 100030a0 f   Newton.obj
 0001:000020c0       _NewtonBodySetUserData     100030c0 f   Newton.obj
 0001:000020d0       _NewtonBodyGetUserData     100030d0 f   Newton.obj
 0001:000020e0       _NewtonBodyGetWorld        100030e0 f   Newton.obj
 0001:000020f0       _NewtonBodySetTransformCallback 100030f0 f   Newton.obj
 0001:00002100       _NewtonBodyGetTransformCallback 10003100 f   Newton.obj
 0001:00002110       _NewtonBodySetForceAndTorqueCallback 10003110 f   Newton.obj
 0001:00002120       _NewtonBodyGetForceAndTorqueCallback 10003120 f   Newton.obj
 0001:00002130       _NewtonBodySetDestructorCallback 10003130 f   Newton.obj
 0001:00002140       _NewtonBodySetMassMatrix   10003140 f   Newton.obj
 0001:000022a0       _NewtonBodyGetMassMatrix   100032a0 f   Newton.obj
 0001:00002300       _NewtonBodyGetInvMass      10003300 f   Newton.obj
 0001:00002360       _NewtonBodySetMatrixRecursive 10003360 f   Newton.obj
 0001:000023a0       _NewtonBodyGetMatrix       100033a0 f   Newton.obj
 0001:000023c0       _NewtonBodyGetRotation     100033c0 f   Newton.obj
 0001:000023e0       _NewtonBodyGetForceAcc     100033e0 f   Newton.obj
 0001:00002420       _NewtonBodyGetForce        10003420 f   Newton.obj
 0001:00002460       _NewtonBodyCalculateInverseDynamicsForce 10003460 f   Newton.obj
 0001:000024c0       _NewtonBodyGetTorque       100034c0 f   Newton.obj
 0001:00002500       _NewtonBodyGetTorqueAcc    10003500 f   Newton.obj
 0001:00002540       _NewtonBodyGetCentreOfMass 10003540 f   Newton.obj
 0001:00002580       _NewtonContactJointGetContactCount 10003580 f   Newton.obj
 0001:000025a0       _NewtonContactJointGetFirstContact 100035a0 f   Newton.obj
 0001:000025d0       _NewtonContactJointGetNextContact 100035d0 f   Newton.obj
 0001:00002600       _NewtonContactGetMaterial  10003600 f   Newton.obj
 0001:00002610       _NewtonBodyAddBuoyancyForce 10003610 f   Newton.obj
 0001:00002670       _NewtonBodyGetCollision    10003670 f   Newton.obj
 0001:00002680       _NewtonBodySetMaterialGroupID 10003680 f   Newton.obj
 0001:00002690       _NewtonBodyGetMaterialGroupID 10003690 f   Newton.obj
 0001:000026a0       _NewtonBodySetContinuousCollisionMode 100036a0 f   Newton.obj
 0001:000026c0       _NewtonBodyGetContinuousCollisionMode 100036c0 f   Newton.obj
 0001:000026e0       _NewtonBodySetJointRecursiveCollision 100036e0 f   Newton.obj
 0001:00002710       _NewtonBodyGetJointRecursiveCollision 10003710 f   Newton.obj
 0001:00002730       _NewtonBodyGetFreezeState  10003730 f   Newton.obj
 0001:00002740       _NewtonBodySetAutoSleep    10003740 f   Newton.obj
 0001:00002770       _NewtonBodyGetAutoSleep    10003770 f   Newton.obj
 0001:00002790       _NewtonBodyGetSleepState   10003790 f   Newton.obj
 0001:000027a0       _NewtonBodyGetAABB         100037a0 f   Newton.obj
 0001:000027f0       _NewtonBodySetVelocity     100037f0 f   Newton.obj
 0001:00002830       _NewtonBodyGetVelocity     10003830 f   Newton.obj
 0001:00002870       _NewtonBodySetOmega        10003870 f   Newton.obj
 0001:000028b0       _NewtonBodyGetOmega        100038b0 f   Newton.obj
 0001:000028f0       _NewtonBodyGetLinearDamping 100038f0 f   Newton.obj
 0001:00002910       _NewtonBodyAddImpulse      10003910 f   Newton.obj
 0001:00002970       _NewtonConstraintCreateBall 10003970 f   Newton.obj
 0001:000029b0       _NewtonBallSetConeLimits   100039b0 f   Newton.obj
 0001:00002c20       _NewtonConstraintCreateHinge 10003c20 f   Newton.obj
 0001:00002c80       _NewtonConstraintCreateSlider 10003c80 f   Newton.obj
 0001:00002ce0       _NewtonConstraintCreateCorkscrew 10003ce0 f   Newton.obj
 0001:00002d40       ?SetCentreOfMass@dgBody@@QAEXABVdgVector@@@Z 10003d40 f i Newton.obj
 0001:00002e00       _NewtonConstraintCreateUniversal 10003e00 f   Newton.obj
 0001:00002e80       _NewtonConstraintCreateUpVector 10003e80 f   Newton.obj
 0001:00002ec0       _NewtonUpVectorSetPin      10003ec0 f   Newton.obj
 0001:00002f00       _NewtonConstraintCreateUserJoint 10003f00 f   Newton.obj
 0001:00002f50       ?SetLinearDamping@dgBody@@QAEXN@Z 10003f50 f i Newton.obj
 0001:00002fb0       _NewtonUserJointAddLinearRow 10003fb0 f   Newton.obj
 0001:00003080       ?SetAngularDamping@dgBody@@QAEXABVdgVector@@@Z 10004080 f i Newton.obj
 0001:00003130       _NewtonUserJointAddAngularRow 10004130 f   Newton.obj
 0001:000031c0       ?SetForce@dgBody@@QAEXABVdgVector@@@Z 100041c0 f i Newton.obj
 0001:00003240       ?SetTorque@dgBody@@QAEXABVdgVector@@@Z 10004240 f i Newton.obj
 0001:000032c0       _NewtonJointGetBody1       100042c0 f   Newton.obj
 0001:000032e0       _NewtonJointSetCollisionState 100042e0 f   Newton.obj
 0001:00003300       _NewtonJointGetCollisionState 10004300 f   Newton.obj
 0001:00003310       _NewtonMeshCreate          10004310 f   Newton.obj
 0001:00003340       _NewtonMeshCreateFromCollision 10004340 f   Newton.obj
 0001:00003370       _NewtonMeshCreatePlane     10004370 f   Newton.obj
 0001:000033d0       _NewtonMeshCalculateOOBB   100043d0 f   Newton.obj
 0001:00003420       _NewtonMeshGetVertexCount  10004420 f   Newton.obj
 0001:00003430       _NewtonMeshMaterialGetMaterial 10004430 f   Newton.obj
 0001:00003440       _NewtonMeshMaterialGetIndexCount 10004440 f   Newton.obj
 0001:00003450       _NewtonMeshCreateFirstSingleSegment 10004450 f   Newton.obj
 0001:000034c0       _NewtonMeshCreateNextSingleSegment 100044c0 f   Newton.obj
 0001:00003530       ?Unlink@?$dgList@VdgContactMaterial@@@@QAEXPAVdgListNode@1@@Z 10004530 f i Newton.obj
 0001:000035a0       _NewtonDestroy             100045a0 f   Newton.obj
 0001:00003600       _NewtonSetWorldSize        10004600 f   Newton.obj
 0001:00003660       _NewtonWorldForEachBodyInAABBDo 10004660 f   Newton.obj
 0001:000036c0       _NewtonWorldRayCast        100046c0 f   Newton.obj
 0001:00003730       _NewtonWorldConvexCast     10004730 f   Newton.obj
 0001:00003790       _NewtonMaterialGetContactTangentSpeed 10004790 f   Newton.obj
 0001:000038b0       _NewtonMaterialSetContactNormalDirection 100048b0 f   Newton.obj
 0001:00003ac0       _NewtonMaterialContactRotateTangentDirections 10004ac0 f   Newton.obj
 0001:00003be0       _NewtonBreakableGetMainMesh 10004be0 f   Newton.obj
 0001:00003c00       _NewtonBreakableGetFirstComponent 10004c00 f   Newton.obj
 0001:00003c30       _NewtonBreakableGetComponentsInRadius 10004c30 f   Newton.obj
 0001:00003c90       _NewtonCollisionSupportVertex 10004c90 f   Newton.obj
 0001:00003dc0       _NewtonCollisionRayCast    10004dc0 f   Newton.obj
 0001:00003f50       _NewtonSetEulerAngle       10004f50 f   Newton.obj
 0001:00004330       _NewtonBodySetForce        10005330 f   Newton.obj
 0001:00004370       _NewtonBodySetTorque       10005370 f   Newton.obj
 0001:000043b0       _NewtonBodySetCentreOfMass 100053b0 f   Newton.obj
 0001:000043f0       _NewtonBodySetLinearDamping 100053f0 f   Newton.obj
 0001:00004410       _NewtonBodySetAngularDamping 10005410 f   Newton.obj
 0001:00004450       _NewtonBodyGetAngularDamping 10005450 f   Newton.obj
 0001:000044a0       _NewtonCreate              100054a0 f   Newton.obj
 0001:00004570       _NewtonDestroyAllBodies    10005570 f   Newton.obj
 0001:000045c0       _NewtonBodyAddForce        100055c0 f   Newton.obj
 0001:00004620       _NewtonBodyAddTorque       10005620 f   Newton.obj
 0001:00004670       _NewtonContactJointRemoveContact 10005670 f   Newton.obj
 0001:000046b0       _NewtonWorldForEachJointDo 100056b0 f   Newton.obj
 0001:00004780       ?JacobianDerivative@NewtonUserJoint@@UAEIAAVdgContraintDescritor@@@Z 10005780 f   NewtonClass.obj
 0001:000047c0       ?SetAcceleration@NewtonUserJoint@@QAEXN@Z 100057c0 f   NewtonClass.obj
 0001:000047f0       ?SetSpringDamperAcceleration@NewtonUserJoint@@QAEXNN@Z 100057f0 f   NewtonClass.obj
 0001:00004860       ?GetRowForce@NewtonUserJoint@@QBENH@Z 10005860 f   NewtonClass.obj
 0001:00004890       ?GetInfo@NewtonUserJoint@@UBEXPAVdgConstraintInfo@@@Z 10005890 f   NewtonClass.obj
 0001:000048d0       ?SetHighFriction@NewtonUserJoint@@QAEXN@Z 100058d0 f   NewtonClass.obj
 0001:00004940       ?SetLowerFriction@NewtonUserJoint@@QAEXN@Z 10005940 f   NewtonClass.obj
 0001:000049b0       ?SetRowStiffness@NewtonUserJoint@@QAEXN@Z 100059b0 f   NewtonClass.obj
 0001:00004a10       ?SetUpdateFeedbackFunction@NewtonUserJoint@@QAEXP6AXPBUNewtonJoint@@NH@Z@Z 10005a10 f   NewtonClass.obj
 0001:00004a20       ?DestroyJoints@NewtonDeadJoints@@QAEXAAVNewton@@@Z 10005a20 f   NewtonClass.obj
 0001:00004a80       ??1Newton@@QAE@XZ          10005a80 f   NewtonClass.obj
 0001:00004ae0       ??0NewtonUserJoint@@QAE@PAVdgWorld@@HP6AXPBUNewtonJoint@@NH@ZP6AX1PAUNewtonJointRecord@@@ZPAVdgBody@@5@Z 10005ae0 f   NewtonClass.obj
 0001:00004b90       ??_ENewtonUserJoint@@UAEPAXI@Z 10005b90 f i NewtonClass.obj
 0001:00004b90       ??_GNewtonUserJoint@@UAEPAXI@Z 10005b90 f i NewtonClass.obj
 0001:00004be0       ?AddAngularRowJacobian@NewtonUserJoint@@QAEXABVdgVector@@N@Z 10005be0 f   NewtonClass.obj
 0001:00004c80       ?AddGeneralRowJacobian@NewtonUserJoint@@QAEXPBN0@Z 10005c80 f   NewtonClass.obj
 0001:00004d10       ?AddLinearRowJacobian@NewtonUserJoint@@QAEXABVdgVector@@00@Z 10005d10 f   NewtonClass.obj
 0001:00004da0       ??0Newton@@QAE@NQAVdgMemoryAllocator@@@Z 10005da0 f   NewtonClass.obj
 0001:00004e20       ?DestroyJoint@Newton@@QAEXPAVdgConstraint@@@Z 10005e20 f   NewtonClass.obj
 0001:00004e50       ?DestroyBody@Newton@@QAEXPAVdgBody@@@Z 10005e50 f   NewtonClass.obj
 0001:00004e80       ?DestroyBodies@NewtonDeadBodies@@QAEXAAVNewton@@@Z 10005e80 f   NewtonClass.obj
 0001:00004f00       ?UpdatePhysics@Newton@@QAEXN@Z 10005f00 f   NewtonClass.obj
 0001:00004f40       ?ModifierGetMatrix@dgCollision@@UBE?AVdgMatrix@@XZ 10005f40 f i physics_2009:dgWorld.obj
 0001:00004f60       ?Release@dgCollision@@UAEHXZ 10005f60 f i physics_2009:dgWorld.obj
 0001:00004f80       ?GetBreakImpulse@dgCollision@@UBENXZ 10005f80 f i physics_2009:dgWorld.obj
 0001:00004f90       ?GetSentinelBody@dgWorld@@QBEPAVdgBody@@XZ 10005f90 f   physics_2009:dgWorld.obj
 0001:00004fa0       ?SetFrictionMode@dgWorld@@QAEXH@Z 10005fa0 f   physics_2009:dgWorld.obj
 0001:00004fb0       ?SetHardwareMode@dgWorld@@QAEXH@Z 10005fb0 f   physics_2009:dgWorld.obj
 0001:00004fe0       ?GetHardwareMode@dgWorld@@QAEHPAD@Z 10005fe0 f   physics_2009:dgWorld.obj
 0001:00005030       ?ThreadExecute@dgSetTrreadRoundMode@dgWorld@@UAEXXZ 10006030 f   physics_2009:dgWorld.obj
 0001:00005050       ?SetThreadsCount@dgWorld@@QAEXH@Z 10006050 f   physics_2009:dgWorld.obj
 0001:00005090       ?GetThreadsCount@dgWorld@@QBEHXZ 10006090 f   physics_2009:dgWorld.obj
 0001:000050a0       ?EnableThreadOnSingleIsland@dgWorld@@QAEXH@Z 100060a0 f   physics_2009:dgWorld.obj
 0001:000050c0       ?GetThreadOnSingleIsland@dgWorld@@QBEHXZ 100060c0 f   physics_2009:dgWorld.obj
 0001:000050d0       ?DestroyConstraint@dgWorld@@QAEXPAVdgConstraint@@@Z 100060d0 f   physics_2009:dgWorld.obj
 0001:000050f0       ?UpdateCollision@dgWorld@@QAEXXZ 100060f0 f   physics_2009:dgWorld.obj
 0001:00005170       ?Update@dgWorld@@QAEXN@Z   10006170 f   physics_2009:dgWorld.obj
 0001:00005250       ?SetPerfomanceCounter@dgWorld@@QAEXP6AIXZ@Z 10006250 f   physics_2009:dgWorld.obj
 0001:000052a0       ?SetUserData@dgWorld@@QAEXPAX@Z 100062a0 f   physics_2009:dgWorld.obj
 0001:000052b0       ?GetUserData@dgWorld@@QBEPAXXZ 100062b0 f   physics_2009:dgWorld.obj
 0001:000052c0       ?SetIslandUpdateCallback@dgWorld@@QAEXP6AIPBV1@PAXH@Z@Z 100062c0 f   physics_2009:dgWorld.obj
 0001:000052d0       ?SetDestroyCollisionCallback@dgWorld@@QAEXP6AXPBV1@PAVdgCollision@@@Z@Z 100062d0 f   physics_2009:dgWorld.obj
 0001:000052e0       ?SetLeavingWorldCallback@dgWorld@@QAEXP6AXPAVdgBody@@H@Z@Z 100062e0 f   physics_2009:dgWorld.obj
 0001:000052f0       ?SetBodyDestructionByExeciveForce@dgWorld@@QAEXP6AXPBVdgBody@@PBVdgContact@@@Z@Z 100062f0 f   physics_2009:dgWorld.obj
 0001:00005300       ?CreateBallConstraint@dgWorld@@QAEPAVdgBallConstraint@@ABVdgVector@@PAVdgBody@@1@Z 10006300 f   physics_2009:dgWorld.obj
 0001:00005350       ?CreateHingeConstraint@dgWorld@@QAEPAVdgHingeConstraint@@ABVdgVector@@0PAVdgBody@@1@Z 10006350 f   physics_2009:dgWorld.obj
 0001:000053b0       ?CreateUpVectorConstraint@dgWorld@@QAEPAVdgUpVectorConstraint@@ABVdgVector@@PAVdgBody@@@Z 100063b0 f   physics_2009:dgWorld.obj
 0001:00005400       ?CreateSlidingConstraint@dgWorld@@QAEPAVdgSlidingConstraint@@ABVdgVector@@0PAVdgBody@@1@Z 10006400 f   physics_2009:dgWorld.obj
 0001:00005460       ?CreateCorkscrewConstraint@dgWorld@@QAEPAVdgCorkscrewConstraint@@ABVdgVector@@0PAVdgBody@@1@Z 10006460 f   physics_2009:dgWorld.obj
 0001:000054c0       ?CreateUniversalConstraint@dgWorld@@QAEPAVdgUniversalConstraint@@ABVdgVector@@00PAVdgBody@@1@Z 100064c0 f   physics_2009:dgWorld.obj
 0001:00005520       ?GetConstraintsCount@dgWorld@@QBEHXZ 10006520 f   physics_2009:dgWorld.obj
 0001:00005530       ?AddBodyImpulse@dgWorld@@QAEXPAVdgBody@@ABVdgVector@@1@Z 10006530 f   physics_2009:dgWorld.obj
 0001:00005560       ??_GdgCollisionPoint@@UAEPAXI@Z 10006560 f i physics_2009:dgWorld.obj
 0001:00005560       ??_EdgCollisionPoint@@UAEPAXI@Z 10006560 f i physics_2009:dgWorld.obj
 0001:00005580       ??_GdgParallelSolverBuildJacobianMatrix@@UAEPAXI@Z 10006580 f i physics_2009:dgWorld.obj
 0001:00005580       ??_EdgParallelSolverBuildJacobianRows@@UAEPAXI@Z 10006580 f i physics_2009:dgWorld.obj
 0001:00005580       ??_GdgParallelSolverInitFeedbackUpdate@@UAEPAXI@Z 10006580 f i physics_2009:dgWorld.obj
 0001:00005580       ??_EdgParallelSolverClear@@UAEPAXI@Z 10006580 f i physics_2009:dgWorld.obj
 0001:00005580       ??_EdgParallelSolverJointAcceleration@@UAEPAXI@Z 10006580 f i physics_2009:dgWorld.obj
 0001:00005580       ??_EdgBroadPhaseMaterialCallbackWorkerThread@@UAEPAXI@Z 10006580 f i physics_2009:dgBroadPhaseCollision.obj
 0001:00005580       ??_GdgSolverWorlkerThreads@@UAEPAXI@Z 10006580 f i physics_2009:dgWorld.obj
 0001:00005580       ??_GdgBroadPhaseApplyExternalForce@@UAEPAXI@Z 10006580 f i physics_2009:dgBroadPhaseCollision.obj
 0001:00005580       ??_GdgBroadPhaseMaterialCallbackWorkerThread@@UAEPAXI@Z 10006580 f i physics_2009:dgBroadPhaseCollision.obj
 0001:00005580       ??_EdgBroadPhaseCalculateContactsWorkerThread@@UAEPAXI@Z 10006580 f i physics_2009:dgBroadPhaseCollision.obj
 0001:00005580       ??_GdgParallelSolverBuildJacobianRows@@UAEPAXI@Z 10006580 f i physics_2009:dgWorld.obj
 0001:00005580       ??_EdgParallelSolverInitFeedbackUpdate@@UAEPAXI@Z 10006580 f i physics_2009:dgWorld.obj
 0001:00005580       ??_GdgParallelSolverInitInternalForces@@UAEPAXI@Z 10006580 f i physics_2009:dgWorld.obj
 0001:00005580       ??_EdgParallelSolverBodyInertia@@UAEPAXI@Z 10006580 f i physics_2009:dgWorld.obj
 0001:00005580       ??_GdgParallelSolverClear@@UAEPAXI@Z 10006580 f i physics_2009:dgWorld.obj
 0001:00005580       ??_EdgBroadPhaseCellPairsWorkerThread@@UAEPAXI@Z 10006580 f i physics_2009:dgBroadPhaseCollision.obj
 0001:00005580       ??_GdgWorkerThread@@UAEPAXI@Z 10006580 f i physics_2009:dgWorld.obj
 0001:00005580       ??_GdgParallelSolverUpdateVeloc@@UAEPAXI@Z 10006580 f i physics_2009:dgWorld.obj
 0001:00005580       ??_EdgParallelSolverInitInternalForces@@UAEPAXI@Z 10006580 f i physics_2009:dgWorld.obj
 0001:00005580       ??_GdgParallelSolverBodyInertia@@UAEPAXI@Z 10006580 f i physics_2009:dgWorld.obj
 0001:00005580       ??_EdgParallelSolverUpdateForce@@UAEPAXI@Z 10006580 f i physics_2009:dgWorld.obj
 0001:00005580       ??_EdgWorkerThread@@UAEPAXI@Z 10006580 f i physics_2009:dgWorld.obj
 0001:00005580       ??_GdgParallelSolverCalculateForces@@UAEPAXI@Z 10006580 f i physics_2009:dgWorld.obj
 0001:00005580       ??_GdgSetTrreadRoundMode@dgWorld@@UAEPAXI@Z 10006580 f i physics_2009:dgWorld.obj
 0001:00005580       ??_EdgSolverWorlkerThreads@@UAEPAXI@Z 10006580 f i physics_2009:dgWorld.obj
 0001:00005580       ??_EdgSetTrreadRoundMode@dgWorld@@UAEPAXI@Z 10006580 f i physics_2009:dgWorld.obj
 0001:00005580       ??_GdgBroadPhaseCalculateContactsWorkerThread@@UAEPAXI@Z 10006580 f i physics_2009:dgBroadPhaseCollision.obj
 0001:00005580       ??_EdgParallelSolverBuildJacobianMatrix@@UAEPAXI@Z 10006580 f i physics_2009:dgWorld.obj
 0001:00005580       ??_GdgParallelSolverJointAcceleration@@UAEPAXI@Z 10006580 f i physics_2009:dgWorld.obj
 0001:00005580       ??_EdgParallelSolverCalculateForces@@UAEPAXI@Z 10006580 f i physics_2009:dgWorld.obj
 0001:00005580       ??_GdgBroadPhaseCellPairsWorkerThread@@UAEPAXI@Z 10006580 f i physics_2009:dgBroadPhaseCollision.obj
 0001:00005580       ??_EdgBroadPhaseApplyExternalForce@@UAEPAXI@Z 10006580 f i physics_2009:dgBroadPhaseCollision.obj
 0001:00005580       ??_GdgParallelSolverUpdateForce@@UAEPAXI@Z 10006580 f i physics_2009:dgWorld.obj
 0001:00005580       ??_EdgParallelSolverUpdateVeloc@@UAEPAXI@Z 10006580 f i physics_2009:dgWorld.obj
 0001:000055a0       ?SetSolverMode@dgWorld@@QAEXH@Z 100065a0 f   physics_2009:dgWorld.obj
 0001:000055c0       ?RemoveAllGroupID@dgWorld@@QAEXXZ 100065c0 f   physics_2009:dgWorld.obj
 0001:00005610       ?DestroyBody@dgWorld@@QAEXPAVdgBody@@@Z 10006610 f   physics_2009:dgWorld.obj
 0001:00005660       ?GetPerfomanceTicks@dgWorld@@QBEII@Z 10006660 f   physics_2009:dgWorld.obj
 0001:00005680       ?GetBodiesCount@dgWorld@@QBEHXZ 10006680 f   physics_2009:dgWorld.obj
 0001:00005690       ?BodySetMatrix@dgWorld@@QAEXPAVdgBody@@ABVdgMatrix@@@Z 10006690 f   physics_2009:dgWorld.obj
 0001:000058f0       ?AreBodyConnectedByJoints@dgWorld@@AAE_NPAVdgBody@@0@Z 100068f0 f   physics_2009:dgWorld.obj
 0001:000059d0       ?FlushCache@dgWorld@@QAEXXZ 100069d0 f   physics_2009:dgWorld.obj
 0001:00005a30       ??0dgWorldDynamicUpdate@@QAE@XZ 10006a30 f i physics_2009:dgWorld.obj
 0001:00005e90       ??1dgWorldDynamicUpdate@@QAE@XZ 10006e90 f i physics_2009:dgWorld.obj
 0001:00005ff0       ?DestroyAllBodies@dgWorld@@QAEXXZ 10006ff0 f   physics_2009:dgWorld.obj
 0001:00006050       ?CreateBody@dgWorld@@QAEPAVdgBody@@PAVdgCollision@@@Z 10007050 f   physics_2009:dgWorld.obj
 0001:000061a0       ??1dgWorld@@QAE@XZ         100071a0 f   physics_2009:dgWorld.obj
 0001:00006320       ??0dgWorld@@QAE@QAVdgMemoryAllocator@@@Z 10007320 f   physics_2009:dgWorld.obj
 0001:000068a0       ?GetIslandBody@dgWorld@@QBEPAVdgBody@@PBXH@Z 100078a0 f   physics_2009:dgWorldDynamicUpdate.obj
 0001:000068d0       ?ReallocBodyMemory@dgWorldDynamicUpdate@@AAEXH@Z 100078d0 f   physics_2009:dgWorldDynamicUpdate.obj
 0001:00006990       ?ReallocIslandMemory@dgWorldDynamicUpdate@@AAEXH@Z 10007990 f   physics_2009:dgWorldDynamicUpdate.obj
 0001:00006a60       ?ReallocJointsMemory@dgWorldDynamicUpdate@@AAEXH@Z 10007a60 f   physics_2009:dgWorldDynamicUpdate.obj
 0001:00006b30       ?ReallocJacobiansMemory@dgWorldDynamicUpdate@@AAEXHH@Z 10007b30 f   physics_2009:dgWorldDynamicUpdate.obj
 0001:00006da0       ?ReallocIntenalForcesMemory@dgWorldDynamicUpdate@@AAEXHH@Z 10007da0 f   physics_2009:dgWorldDynamicUpdate.obj
 0001:00006ec0       ?GetJacobialDerivativesParallel@dgWorldDynamicUpdate@@AAEHABVdgIsland@@_NHN@Z 10007ec0 f   physics_2009:dgWorldDynamicUpdate.obj
 0001:00006fb0       ?ThreadExecute@dgParallelSolverJointAcceleration@@UAEXXZ 10007fb0 f   physics_2009:dgWorldDynamicUpdate.obj
 0001:00007150       ?ThreadExecute@dgParallelSolverInitFeedbackUpdate@@UAEXXZ 10008150 f   physics_2009:dgWorldDynamicUpdate.obj
 0001:00007270       ??Y?$dgTemplateVector@N@@QAEAAV0@ABV0@@Z 10008270 f i physics_2009:dgWorldDynamicUpdate.obj
 0001:000072a0       ??$dgSort@VdgIsland@@@@YAXQAVdgIsland@@HP6AHQBV0@1PAX@Z2@Z 100082a0 f i physics_2009:dgWorldDynamicUpdate.obj
 0001:00007530       ?BuildIsland@dgWorldDynamicUpdate@@AAEXAAV?$dgQueue@PAVdgBody@@@@HHH@Z 10008530 f   physics_2009:dgWorldDynamicUpdate.obj
 0001:00007780       ?SpanningTree@dgWorldDynamicUpdate@@AAEXPAVdgBody@@@Z 10008780 f   physics_2009:dgWorldDynamicUpdate.obj
 0001:00007bd0       ?IntegrateArray@dgWorldDynamicUpdate@@ABEXPBVdgBodyInfo@@HNNH_N@Z 10008bd0 f   physics_2009:dgWorldDynamicUpdate.obj
 0001:00008200       ?ApplyExternalForcesAndAcceleration@dgJacobianMemory@@QBEXN@Z 10009200 f   physics_2009:dgWorldDynamicUpdate.obj
 0001:00008d90       ?SwapRows@dgJacobianMemory@@QBEXHH@Z 10009d90 f   physics_2009:dgWorldDynamicUpdate.obj
 0001:00008f10       ?CalculateSimpleBodyReactionsForces@dgJacobianMemory@@QBEXN@Z 10009f10 f   physics_2009:dgWorldDynamicUpdate.obj
 0001:0000aaf0       ?CalculateJointForces@dgJacobianMemory@@QBENHPANN@Z 1000baf0 f   physics_2009:dgWorldDynamicUpdate.obj
 0001:0000bf30       ?CalculateForcesGameMode@dgJacobianMemory@@QBEXHN@Z 1000cf30 f   physics_2009:dgWorldDynamicUpdate.obj
 0001:0000d640       ?ThreadExecute@dgParallelSolverBuildJacobianRows@@UAEXXZ 1000e640 f   physics_2009:dgWorldDynamicUpdate.obj
 0001:0000db00       ?BuildJacobianMatrixParallel@dgWorldDynamicUpdate@@AAEXABVdgIsland@@NH@Z 1000eb00 f   physics_2009:dgWorldDynamicUpdate.obj
 0001:0000de10       ?ThreadExecute@dgParallelSolverClear@@UAEXXZ 1000ee10 f   physics_2009:dgWorldDynamicUpdate.obj
 0001:0000df10       ?ThreadExecute@dgParallelSolverInitInternalForces@@UAEXXZ 1000ef10 f   physics_2009:dgWorldDynamicUpdate.obj
 0001:0000e810       ?ThreadExecute@dgParallelSolverUpdateVeloc@@UAEXXZ 1000f810 f   physics_2009:dgWorldDynamicUpdate.obj
 0001:0000e9b0       ?ThreadExecute@dgParallelSolverUpdateForce@@UAEXXZ 1000f9b0 f   physics_2009:dgWorldDynamicUpdate.obj
 0001:0000ecd0       ?ThreadExecute@dgParallelSolverCalculateForces@@UAEXXZ 1000fcd0 f   physics_2009:dgWorldDynamicUpdate.obj
 0001:0000f1d0       ?CalculateForcesGameModeParallel@dgJacobianMemory@@QBEXHNH@Z 100101d0 f   physics_2009:dgWorldDynamicUpdate.obj
 0001:0000f9b0       ?AddDamingAcceleration@dgBody@@AAEXXZ 100109b0 f i physics_2009:dgWorldDynamicUpdate.obj
 0001:0000fae0       ?CalculateForcesSimulationMode@dgJacobianMemory@@QBEXN@Z 10010ae0 f   physics_2009:dgWorldDynamicUpdate.obj
 0001:00013b60       ?ThreadExecute@dgParallelSolverBodyInertia@@UAEXXZ 10014b60 f   physics_2009:dgWorldDynamicUpdate.obj
 0001:00013bc0       ?UpdateDynamics@dgWorldDynamicUpdate@@AAEXPAVdgWorld@@HN@Z 10014bc0 f   physics_2009:dgWorldDynamicUpdate.obj
 0001:00014030       ?ThreadExecute@dgParallelSolverBuildJacobianMatrix@@UAEXXZ 10015030 f   physics_2009:dgWorldDynamicUpdate.obj
 0001:00014620       ?GetJacobialDerivatives@dgWorldDynamicUpdate@@AAEHABVdgIsland@@H_NHN@Z 10015620 f   physics_2009:dgWorldDynamicUpdate.obj
 0001:00014bb0       ?BuildJacobianMatrix@dgWorldDynamicUpdate@@AAEXABVdgIsland@@HN@Z 10015bb0 f   physics_2009:dgWorldDynamicUpdate.obj
 0001:000151f0       ?ThreadExecute@dgSolverWorlkerThreads@@UAEXXZ 100161f0 f   physics_2009:dgWorldDynamicUpdate.obj
 0001:000159d0       ?AddToBreakQueue@dgWorld@@QAEXQBVdgContact@@QAVdgBody@@N@Z 100169d0 f i physics_2009:dgNarrowPhaseCollision.obj
 0001:00015a80       ?CreateConvexModifier@dgWorld@@QAEPAVdgCollision@@PAV2@@Z 10016a80 f   physics_2009:dgNarrowPhaseCollision.obj
 0001:00015ad0       ?CreateCollisionCompound@dgWorld@@QAEPAVdgCollision@@HQBQAV2@@Z 10016ad0 f   physics_2009:dgNarrowPhaseCollision.obj
 0001:00015b10       ?CreateCollisionCompoundBreakable@dgWorld@@QAEPAVdgCollision@@HQBQBVdgMeshEffect@@QBHQBN1HN@Z 10016b10 f   physics_2009:dgNarrowPhaseCollision.obj
 0001:00015b70       ?CreateBVH@dgWorld@@QAEPAVdgCollision@@XZ 10016b70 f   physics_2009:dgNarrowPhaseCollision.obj
 0001:00015ba0       ?CreateStaticUserMesh@dgWorld@@QAEPAVdgCollision@@ABVdgVector@@0ABVdgUserMeshCreation@@@Z 10016ba0 f   physics_2009:dgNarrowPhaseCollision.obj
 0001:00015bf0       ?CreateBVHFieldCollision@dgWorld@@QAEPAVdgCollision@@HHHPAGPADNN@Z 10016bf0 f   physics_2009:dgNarrowPhaseCollision.obj
 0001:00015c50       ?CreateScene@dgWorld@@QAEPAVdgCollision@@XZ 10016c50 f   physics_2009:dgNarrowPhaseCollision.obj
 0001:00015c80       ?Serialize@dgWorld@@QBEXPAVdgCollision@@P6AXPAXPBXI@Z1@Z 10016c80 f   physics_2009:dgNarrowPhaseCollision.obj
 0001:00015cf0       ?GetDefualtBodyGroupID@dgWorld@@QBEIXZ 10016cf0 f   physics_2009:dgNarrowPhaseCollision.obj
 0001:00015d00       ??$dgSort@VdgContactPoint@@@@YAXQAVdgContactPoint@@HP6AHQBV0@1PAX@Z2@Z 10016d00 f i physics_2009:dgNarrowPhaseCollision.obj
 0001:00015f30       ?GetFirstMaterial@dgWorld@@QBEPAVdgContactMaterial@@XZ 10016f30 f   physics_2009:dgNarrowPhaseCollision.obj
 0001:00015f50       ?GetNextMaterial@dgWorld@@QBEPAVdgContactMaterial@@PAV2@@Z 10016f50 f   physics_2009:dgNarrowPhaseCollision.obj
 0001:00015fb0       ?ReduceContacts@dgWorld@@ABEHHQAVdgContactPoint@@HNH@Z 10016fb0 f   physics_2009:dgNarrowPhaseCollision.obj
 0001:00016140       ?PruneContacts@dgWorld@@ABEHHQAVdgContactPoint@@H@Z 10017140 f   physics_2009:dgNarrowPhaseCollision.obj
 0001:000162c0       ?ProcessCachedContacts@dgWorld@@ABEXPAVdgContact@@PBVdgContactMaterial@@NH@Z 100172c0 f   physics_2009:dgNarrowPhaseCollision.obj
 0001:000163a0       ?ProcessTriggers@dgWorld@@AAEXAAUdgPair@dgCollidingPairCollector@@NH@Z 100173a0 f   physics_2009:dgNarrowPhaseCollision.obj
 0001:00016490       ?ValidateContactCache@dgWorld@@ABEHPAVdgBody@@0PAVdgContact@@@Z 10017490 f   physics_2009:dgNarrowPhaseCollision.obj
 0001:000169b0       ?CompoundContactsSimd@dgWorld@@ABEXQAUdgPair@dgCollidingPairCollector@@AAVdgCollisionParamProxi@@@Z 100179b0 f   physics_2009:dgNarrowPhaseCollision.obj
 0001:00016a40       ?CompoundContacts@dgWorld@@ABEXQAUdgPair@dgCollidingPairCollector@@AAVdgCollisionParamProxi@@@Z 10017a40 f   physics_2009:dgNarrowPhaseCollision.obj
 0001:00016ad0       ?ConvexContactsSimd@dgWorld@@ABEXQAUdgPair@dgCollidingPairCollector@@AAVdgCollisionParamProxi@@@Z 10017ad0 f   physics_2009:dgNarrowPhaseCollision.obj
 0001:00016bf0       ?ConvexContacts@dgWorld@@ABEXQAUdgPair@dgCollidingPairCollector@@AAVdgCollisionParamProxi@@@Z 10017bf0 f   physics_2009:dgNarrowPhaseCollision.obj
 0001:00016d10       ?SceneContacts@dgWorld@@ABEXABUdgProxy@dgCollisionScene@@QAUdgPair@dgCollidingPairCollector@@AAVdgCollisionParamProxi@@@Z 10017d10 f   physics_2009:dgNarrowPhaseCollision.obj
 0001:00016de0       ?SceneContacts@dgWorld@@ABEXQAUdgPair@dgCollidingPairCollector@@AAVdgCollisionParamProxi@@@Z 10017de0 f   physics_2009:dgNarrowPhaseCollision.obj
 0001:00016eb0       ?SceneContactsSimd@dgWorld@@ABEXQAUdgPair@dgCollidingPairCollector@@AAVdgCollisionParamProxi@@@Z 10017eb0 f   physics_2009:dgNarrowPhaseCollision.obj
 0001:00016f80       ?Append@?$dgList@VdgContactMaterial@@@@QAEPAVdgListNode@1@XZ 10017f80 f i physics_2009:dgNarrowPhaseCollision.obj
 0001:00017030       ?Find@?$dgTree@VdgContactMaterial@@I@@QBEPAVdgTreeNode@1@I@Z 10018030 f i physics_2009:dgNarrowPhaseCollision.obj
 0001:00017060       ?GetMaterial@dgWorld@@QBEPAVdgContactMaterial@@II@Z 10018060 f   physics_2009:dgNarrowPhaseCollision.obj
 0001:000170b0       ?RemoveFromCache@dgWorld@@QAEXPAVdgCollision@@@Z 100180b0 f   physics_2009:dgNarrowPhaseCollision.obj
 0001:00017110       ?ReleaseCollision@dgWorld@@QAEXPAVdgCollision@@@Z 10018110 f   physics_2009:dgNarrowPhaseCollision.obj
 0001:000171b0       ?ClosestPoint@dgWorld@@QBEHPAVdgCollision@@ABVdgMatrix@@01AAVdgTriplex@@22H@Z 100181b0 f   physics_2009:dgNarrowPhaseCollision.obj
 0001:00017410       ?CalculateContactsSimd@dgWorld@@AAEXQAUdgPair@dgCollidingPairCollector@@NH@Z 10018410 f   physics_2009:dgNarrowPhaseCollision.obj
 0001:000175b0       ?CalculateContacts@dgWorld@@AAEXQAUdgPair@dgCollidingPairCollector@@NH@Z 100185b0 f   physics_2009:dgNarrowPhaseCollision.obj
 0001:00017770       ?CollideContinueSimd@dgWorld@@QAEHPAVdgCollision@@ABVdgMatrix@@ABVdgVector@@20122AANPAVdgTriplex@@4PANHH@Z 10018770 f   physics_2009:dgNarrowPhaseCollision.obj
 0001:00017dc0       ?CollideContinue@dgWorld@@QAEHPAVdgCollision@@ABVdgMatrix@@ABVdgVector@@20122AANPAVdgTriplex@@4PANHH@Z 10018dc0 f   physics_2009:dgNarrowPhaseCollision.obj
 0001:00018410       ?Collide@dgWorld@@QAEHPAVdgCollision@@ABVdgMatrix@@01PAVdgTriplex@@2PANHH@Z 10019410 f   physics_2009:dgNarrowPhaseCollision.obj
 0001:000188a0       ?ClosestPoint@dgWorld@@QBEHAAVdgTriplex@@PAVdgCollision@@ABVdgMatrix@@00H@Z 100198a0 f   physics_2009:dgNarrowPhaseCollision.obj
 0001:00018940       ?ProcessContacts@dgWorld@@AAEXAAUdgPair@dgCollidingPairCollector@@NH@Z 10019940 f   physics_2009:dgNarrowPhaseCollision.obj
 0001:00019600       ?Insert@?$dgTree@VdgContactMaterial@@I@@QAEPAVdgTreeNode@1@ABVdgContactMaterial@@IAA_N@Z 1001a600 f i physics_2009:dgNarrowPhaseCollision.obj
 0001:000196e0       ?Insert@?$dgTree@PAVdgCollision@@I@@QAEPAVdgTreeNode@1@ABQAVdgCollision@@I@Z 1001a6e0 f i physics_2009:dgNarrowPhaseCollision.obj
 0001:00019700       ?CreateNull@dgWorld@@QAEPAVdgCollision@@XZ 1001a700 f   physics_2009:dgNarrowPhaseCollision.obj
 0001:000197a0       ?CreateBox@dgWorld@@QAEPAVdgCollision@@NNNHABVdgMatrix@@@Z 1001a7a0 f   physics_2009:dgNarrowPhaseCollision.obj
 0001:00019910       ?CreateSphere@dgWorld@@QAEPAVdgCollision@@NHABVdgMatrix@@@Z 1001a910 f   physics_2009:dgNarrowPhaseCollision.obj
 0001:00019a20       ?CreateEllipse@dgWorld@@QAEPAVdgCollision@@NNNHABVdgMatrix@@@Z 1001aa20 f   physics_2009:dgNarrowPhaseCollision.obj
 0001:00019b80       ?CreateCapsule@dgWorld@@QAEPAVdgCollision@@NNHABVdgMatrix@@@Z 1001ab80 f   physics_2009:dgNarrowPhaseCollision.obj
 0001:00019cc0       ?CreateCone@dgWorld@@QAEPAVdgCollision@@NNHABVdgMatrix@@@Z 1001acc0 f   physics_2009:dgNarrowPhaseCollision.obj
 0001:00019e00       ?CreateCylinder@dgWorld@@QAEPAVdgCollision@@NNHABVdgMatrix@@@Z 1001ae00 f   physics_2009:dgNarrowPhaseCollision.obj
 0001:00019f40       ?CreateChamferCylinder@dgWorld@@QAEPAVdgCollision@@NNHABVdgMatrix@@@Z 1001af40 f   physics_2009:dgNarrowPhaseCollision.obj
 0001:0001a080       ?CreateConvexHull@dgWorld@@QAEPAVdgCollision@@HPBNHNHABVdgMatrix@@@Z 1001b080 f   physics_2009:dgNarrowPhaseCollision.obj
 0001:0001a270       ?CreateFromSerialization@dgWorld@@QAEPAVdgCollision@@P6AXPAX0I@Z0@Z 1001b270 f   physics_2009:dgNarrowPhaseCollision.obj
 0001:0001a680       ?CreateBodyGroupID@dgWorld@@QAEIXZ 1001b680 f   physics_2009:dgNarrowPhaseCollision.obj
 0001:0001a700       ?GetShapeFromCollision@dgMeshEffectBuilder@@SAXPAXHPBNH@Z 1001b700 f i physics_2009:dgMeshEffect.obj
 0001:0001a7e0       ?GetTotalFaceCount@dgMeshEffect@@QBEHXZ 1001b7e0 f   physics_2009:dgMeshEffect.obj
 0001:0001a7f0       ?GetVertexStreams@dgMeshEffect@@QAEXHPANH0H0H0@Z 1001b7f0 f   physics_2009:dgMeshEffect.obj
 0001:0001a8f0       ?GetNextMaterial@dgMeshEffect@@QAEHPAUdgIndexArray@1@H@Z 1001b8f0 f   physics_2009:dgMeshEffect.obj
 0001:0001a910       ?GetMaterialGetIndexStream@dgMeshEffect@@QAEXPAUdgIndexArray@1@HPAH@Z 1001b910 f   physics_2009:dgMeshEffect.obj
 0001:0001a970       ?GetMaterialGetIndexStreamShort@dgMeshEffect@@QAEXPAUdgIndexArray@1@HPAF@Z 1001b970 f   physics_2009:dgMeshEffect.obj
 0001:0001a9e0       ?InterpolateEdge@dgMeshEffect@@ABE?AUdgVertexAtribute@1@QAVdgEdge@@N@Z 1001b9e0 f   physics_2009:dgMeshEffect.obj
 0001:0001aab0       ??0dgMeshEffect@@QAE@AAVdgPolyhedra@@ABV0@@Z 1001bab0 f   physics_2009:dgMeshEffect.obj
 0001:0001ab50       ??_EdgMeshEffect@@WBM@AEPAXI@Z 1001bb50 f i physics_2009:dgMeshEffect.obj
 0001:0001ab60       ??0dgMeshEffect@@QAE@ABV0@@Z 1001bb60 f   physics_2009:dgMeshEffect.obj
 0001:0001ac00       ?Init@dgMeshEffect@@AAEX_N@Z 1001bc00 f   physics_2009:dgMeshEffect.obj
 0001:0001ac50       ??_EdgRefCounter@@MAEPAXI@Z 1001bc50 f i physics_2009:dgMeshEffect.obj
 0001:0001ac50       ??_GdgRefCounter@@MAEPAXI@Z 1001bc50 f i physics_2009:dgMeshEffect.obj
 0001:0001ac70       ?CalculateOOBB@dgMeshEffect@@QBE?AVdgMatrix@@AAVdgVector@@@Z 1001bc70 f   physics_2009:dgMeshEffect.obj
 0001:0001add0       ?GetOrigin@dgMeshEffect@@ABE?AVdgVector@@XZ 1001bdd0 f   physics_2009:dgMeshEffect.obj
 0001:0001aea0       ?BeginPolygon@dgMeshEffect@@QAEXXZ 1001bea0 f   physics_2009:dgMeshEffect.obj
 0001:0001aed0       ?AddAtribute@dgMeshEffect@@AAEXABUdgVertexAtribute@1@@Z 1001bed0 f   physics_2009:dgMeshEffect.obj
 0001:0001af40       ?AddVertex@dgMeshEffect@@AAEXPBNH@Z 1001bf40 f   physics_2009:dgMeshEffect.obj
 0001:0001b030       ?AddPolygon@dgMeshEffect@@QAEXHPBNHH@Z 1001c030 f   physics_2009:dgMeshEffect.obj
 0001:0001b1a0       ?EndPolygon@dgMeshEffect@@QAEXXZ 1001c1a0 f   physics_2009:dgMeshEffect.obj
 0001:0001b3f0       ?GetIndirectVertexStreams@dgMeshEffect@@QAEXHPANPAH1H011H011H011@Z 1001c3f0 f   physics_2009:dgMeshEffect.obj
 0001:0001b730       ?MaterialGeomteryEnd@dgMeshEffect@@QAEXPAUdgIndexArray@1@@Z 1001c730 f   physics_2009:dgMeshEffect.obj
 0001:0001b740       ?GetFirstMaterial@dgMeshEffect@@QAEHPAUdgIndexArray@1@@Z 1001c740 f   physics_2009:dgMeshEffect.obj
 0001:0001b750       ?TransformMesh@dgMeshEffect@@QAEXABVdgMatrix@@@Z 1001c750 f   physics_2009:dgMeshEffect.obj
 0001:0001b7e0       ?InsertEdgeVertex@dgMeshEffect@@QAEPAVdgEdge@@QAV2@N@Z 1001c7e0 f   physics_2009:dgMeshEffect.obj
 0001:0001b900       ?InterpolateVertex@dgMeshEffect@@ABE?AUdgVertexAtribute@1@ABVdgVector@@QAVdgEdge@@@Z 1001c900 f   physics_2009:dgMeshEffect.obj
 0001:0001bd50       ?Find@?$dgTree@VdgEdge@@_J@@QBEPAVdgTreeNode@1@_J@Z 1001cd50 f i physics_2009:dgMeshEffect.obj
 0001:0001bd90       ?Insert@?$dgTree@VdgEdge@@_J@@QAEPAVdgTreeNode@1@PAV21@_J@Z 1001cd90 f i physics_2009:dgMeshEffect.obj
 0001:0001be50       ??0dgMeshEffect@@QAE@PAVdgMemoryAllocator@@_N@Z 1001ce50 f   physics_2009:dgMeshEffect.obj
 0001:0001be90       ??_EdgMeshEffect@@UAEPAXI@Z 1001ce90 f i physics_2009:dgMeshEffect.obj
 0001:0001be90       ??_GdgMeshEffect@@UAEPAXI@Z 1001ce90 f i physics_2009:dgMeshEffect.obj
 0001:0001bee0       ??0dgMeshEffect@@QAE@PAVdgMemoryAllocator@@ABVdgMatrix@@NNH11@Z 1001cee0 f   physics_2009:dgMeshEffect.obj
 0001:0001c1c0       ??0dgMeshEffect@@QAE@PAVdgCollision@@@Z 1001d1c0 f   physics_2009:dgMeshEffect.obj
 0001:0001c490       ?Triangulate@dgMeshEffect@@QAEXXZ 1001d490 f   physics_2009:dgMeshEffect.obj
 0001:0001c520       ?ConvertToPolygons@dgMeshEffect@@QAEXXZ 1001d520 f   physics_2009:dgMeshEffect.obj
 0001:0001c780       ?CalculateAABB@dgMeshEffect@@QBEXAAVdgVector@@0@Z 1001d780 f   physics_2009:dgMeshEffect.obj
 0001:0001c8e0       ?EnumerateAttributeArray@dgMeshEffect@@AAEXPAUdgVertexAtribute@1@@Z 1001d8e0 f   physics_2009:dgMeshEffect.obj
 0001:0001c970       ?ApplyAttributeArray@dgMeshEffect@@AAEXPAUdgVertexAtribute@1@@Z 1001d970 f   physics_2009:dgMeshEffect.obj
 0001:0001ca30       ?FixCylindricalMapping@dgMeshEffect@@ABEXPAUdgVertexAtribute@1@@Z 1001da30 f   physics_2009:dgMeshEffect.obj
 0001:0001cb70       ?SphericalMapping@dgMeshEffect@@QAEXH@Z 1001db70 f   physics_2009:dgMeshEffect.obj
 0001:0001cd60       ?CylindricalMapping@dgMeshEffect@@QAEXHH@Z 1001dd60 f   physics_2009:dgMeshEffect.obj
 0001:0001d0d0       ?BoxMapping@dgMeshEffect@@QAEXHHH@Z 1001e0d0 f   physics_2009:dgMeshEffect.obj
 0001:0001d3a0       ?CalculateNormals@dgMeshEffect@@QAEXN@Z 1001e3a0 f   physics_2009:dgMeshEffect.obj
 0001:0001d750       ?GetTotalIndexCount@dgMeshEffect@@QBEHXZ 1001e750 f   physics_2009:dgMeshEffect.obj
 0001:0001d7b0       ?GetFaces@dgMeshEffect@@QBEXQAH00@Z 1001e7b0 f   physics_2009:dgMeshEffect.obj
 0001:0001d870       ?MaterialGeomteryBegin@dgMeshEffect@@QAEPAUdgIndexArray@1@XZ 1001e870 f   physics_2009:dgMeshEffect.obj
 0001:0001da60       ?CreateConvexCollision@dgMeshEffect@@QBEPAVdgCollision@@NHNABVdgMatrix@@@Z 1001ea60 f   physics_2009:dgMeshEffect.obj
 0001:0001ddf0       ?Union@dgMeshEffect@@QBEPAV1@ABVdgMatrix@@PBV1@@Z 1001edf0 f   physics_2009:dgMeshEffect.obj
 0001:0001ddf0       ?Intersection@dgMeshEffect@@QBEPAV1@ABVdgMatrix@@PBV1@@Z 1001edf0 f   physics_2009:dgMeshEffect.obj
 0001:0001ddf0       ?Difference@dgMeshEffect@@QBEPAV1@ABVdgMatrix@@PBV1@@Z 1001edf0 f   physics_2009:dgMeshEffect.obj
 0001:0001de60       ?PlaneClipMesh@dgMeshEffect@@QAEXABVdgPlane@@PAPAV1@1@Z 1001ee60 f   physics_2009:dgMeshEffect.obj
 0001:0001e480       ?HasOpenEdges@dgMeshEffect@@QBE_NXZ 1001f480 f   physics_2009:dgMeshEffect.obj
 0001:0001e4b0       ?PlaneApplyCap@dgMeshEffect@@AAEHPBV1@ABVdgPlane@@@Z 1001f4b0 f   physics_2009:dgMeshEffect.obj
 0001:0001ea90       ?PlaneClipMesh@dgMeshEffect@@ABEXPBV1@PAPAV1@1@Z 1001fa90 f   physics_2009:dgMeshEffect.obj
 0001:0001ec70       ?ClipMesh@dgMeshEffect@@QBEXABVdgMatrix@@PBV1@PAPAV1@2@Z 1001fc70 f   physics_2009:dgMeshEffect.obj
 0001:0001ed00       ?CalculateSignature@dgCollisionConvexPolygon@dgCollisionMesh@@UBEHXZ 1001fd00 f   physics_2009:dgCollisionMesh.obj
 0001:0001ed10       ?SetCollisionBBox@dgCollisionConvexHull@@EAEXABVdgVector@@0@Z 1001fd10 f   physics_2009:dgCollisionConvexHull.obj
 0001:0001ed10       ?SetCollisionBBox@dgCollisionConvexModifier@@EAEXABVdgVector@@0@Z 1001fd10 f   physics_2009:dgCollisionConvexModifier.obj
 0001:0001ed10       ?SetCollisionBBox@dgCollisionSphere@@MAEXABVdgVector@@0@Z 1001fd10 f   physics_2009:dgCollisionSphere.obj
 0001:0001ed10       ?SetCollisionBBox@dgCollisionCone@@EAEXABVdgVector@@0@Z 1001fd10 f   physics_2009:dgCollisionCone.obj
 0001:0001ed10       ?SetCollisionBBox@dgCollisionConvexPolygon@dgCollisionMesh@@UAEXABVdgVector@@0@Z 1001fd10 f   physics_2009:dgCollisionMesh.obj
 0001:0001ed10       ?SetStiffness@dgConstraint@@UAEXN@Z 1001fd10 f   physics_2009:dgBilateralConstraint.obj
 0001:0001ed10       ?SetCollisionBBox@dgCollisionNull@@EAEXABVdgVector@@0@Z 1001fd10 f   physics_2009:dgCollisionNull.obj
 0001:0001ed10       ?SetCollisionBBox@dgCollisionCompound@@MAEXABVdgVector@@0@Z 1001fd10 f   physics_2009:dgCollisionCompound.obj
 0001:0001ed10       ?SetCollisionBBox@dgCollisionBox@@MAEXABVdgVector@@0@Z 1001fd10 f   physics_2009:dgCollisionBox.obj
 0001:0001ed10       ?Serialize@dgCollisionUserMesh@@EBEXP6AXPAXPBXI@Z0@Z 1001fd10 f   physics_2009:dgCollisionUserMesh.obj
 0001:0001ed10       ?SetCollisionBBox@dgCollisionChamferCylinder@@MAEXABVdgVector@@0@Z 1001fd10 f   physics_2009:dgCollisionChamferCylinder.obj
 0001:0001ed10       ?SetCollisionBBox@dgCollisionCapsule@@EAEXABVdgVector@@0@Z 1001fd10 f   physics_2009:dgCollisionCapsule.obj
 0001:0001ed10       ?SetCollisionBBox@dgCollisionCylinder@@EAEXABVdgVector@@0@Z 1001fd10 f   physics_2009:dgCollisionCylinder.obj
 0001:0001ed10       ?Serialize@dgCollisionMesh@@EBEXP6AXPAXPBXI@Z0@Z 1001fd10 f   physics_2009:dgCollisionMesh.obj
 0001:0001ed10       ?SetCollisionBBox@dgCollisionEllipse@@EAEXABVdgVector@@0@Z 1001fd10 f   physics_2009:dgCollisionEllipse.obj
 0001:0001ed10       ?SetBreakImpulse@dgCollision@@UAEXN@Z 1001fd10 f   physics_2009:dgWorld.obj
 0001:0001ed10       ?Serialize@dgCollisionConvexPolygon@dgCollisionMesh@@UBEXP6AXPAXPBXI@Z0@Z 1001fd10 f   physics_2009:dgCollisionMesh.obj
 0001:0001ed10       ?GetAABB@dgPolygonSoupDatabase@@UBEXAAVdgVector@@0@Z 1001fd10 f   corelib_2009:dgAABBPolygonSoup.obj
 0001:0001ed20       ?RayCast@dgCollisionConvexPolygon@dgCollisionMesh@@UBENABVdgVector@@0AAVdgContactPoint@@P6AIPBVdgBody@@PBVdgCollision@@PAX@Z24@Z 1001fd20 f   physics_2009:dgCollisionMesh.obj
 0001:0001ed20       ?RayCastSimd@dgCollision@@UBENABVdgVector@@0AAVdgContactPoint@@P6AIPBVdgBody@@PBV1@PAX@Z24@Z 1001fd20 f   physics_2009:dgCollision.obj
 0001:0001ed30       ??1dgCollisionMesh@@UAE@XZ 1001fd30 f   physics_2009:dgCollisionMesh.obj
 0001:0001ed70       ?SetCollisionCallback@dgCollisionMesh@@QAEXP6AXPBVdgBody@@0HHPBNH@Z@Z 1001fd70 f   physics_2009:dgCollisionMesh.obj
 0001:0001ed80       ?SetCollisionRayCastCallback@dgCollisionMesh@@QAEXP6ANNPANHPAX@Z@Z 1001fd80 f   physics_2009:dgCollisionMesh.obj
 0001:0001ed90       ?CalcAABBSimD@dgCollisionMesh@@EBEXABVdgMatrix@@AAVdgVector@@1@Z 1001fd90 f   physics_2009:dgCollisionMesh.obj
 0001:0001ed90       ?CalcAABBSimD@dgCollisionNull@@MBEXABVdgMatrix@@AAVdgVector@@1@Z 1001fd90 f   physics_2009:dgCollisionNull.obj
 0001:0001ed90       ?CalcAABBSimD@dgCollisionScene@@EBEXABVdgMatrix@@AAVdgVector@@1@Z 1001fd90 f   physics_2009:dgCollisionScene.obj
 0001:0001eda0       ?DebugCollision@dgCollisionNull@@MBEXABVdgMatrix@@P6AXPAXHPBNH@Z1@Z 1001fda0 f   physics_2009:dgCollisionNull.obj
 0001:0001eda0       ?UpdateCollisionMatrixSimD@dgBody@@AAEXNH@Z 1001fda0 f   physics_2009:dgBody.obj
 0001:0001eda0       ?CalcAABBSimD@dgCollisionBox@@MBEXABVdgMatrix@@AAVdgVector@@1@Z 1001fda0 f   physics_2009:dgCollisionBox.obj
 0001:0001eda0       ?DebugCollision@dgCollisionMesh@@EBEXABVdgMatrix@@P6AXPAXHPBNH@Z1@Z 1001fda0 f   physics_2009:dgCollisionMesh.obj
 0001:0001eda0       ?CalcAABBSimD@dgCollisionConvexModifier@@MBEXABVdgMatrix@@AAVdgVector@@1@Z 1001fda0 f   physics_2009:dgCollisionConvexModifier.obj
 0001:0001eda0       ?ForAllSectorsRayHitSimd@dgPolygonSoupDatabase@@MBEXABVFastRayTest@@P6ANPAXQBNHQBHH@ZQAX@Z 1001fda0 f   corelib_2009:dgAABBPolygonSoup.obj
 0001:0001eda0       ?DebugCollision@dgCollisionUserMesh@@EBEXABVdgMatrix@@P6AXPAXHPBNH@Z1@Z 1001fda0 f   physics_2009:dgCollisionUserMesh.obj
 0001:0001eda0       ?CalcAABBSimD@dgConvexCollision@@UBEXABVdgMatrix@@AAVdgVector@@1@Z 1001fda0 f   physics_2009:dgConvexCollision.obj
 0001:0001eda0       ?ForAllSectorsRayHitSimd@dgAABBPolygonSoup@@MBEXABVFastRayTest@@P6ANPAXQBNHQBHH@ZQAX@Z 1001fda0 f   corelib_2009:dgAABBPolygonSoup.obj
 0001:0001eda0       ?ForAllSectorsRayHit@dgPolygonSoupDatabase@@MBEXABVFastRayTest@@P6ANPAXQBNHQBHH@ZQAX@Z 1001fda0 f   corelib_2009:dgAABBPolygonSoup.obj
 0001:0001edb0       ?SupportVertex@dgCollisionConvexPolygon@dgCollisionMesh@@UBE?AVdgVector@@ABV3@@Z 1001fdb0 f   physics_2009:dgCollisionMesh.obj
 0001:0001ef10       ?CalculateNormal@dgCollisionConvexPolygon@dgCollisionMesh@@QAEXXZ 1001ff10 f   physics_2009:dgCollisionMesh.obj
 0001:0001f050       ?CalculatePlaneIntersection@dgCollisionConvexPolygon@dgCollisionMesh@@UBEHABVdgVector@@0QAV3@@Z 10020050 f   physics_2009:dgCollisionMesh.obj
 0001:0001f8a0       ??_GdgCollisionMesh@@UAEPAXI@Z 100208a0 f i physics_2009:dgCollisionMesh.obj
 0001:0001f8a0       ??_EdgCollisionMesh@@UAEPAXI@Z 100208a0 f i physics_2009:dgCollisionMesh.obj
 0001:0001f8c0       ??0dgCollisionConvexPolygon@dgCollisionMesh@@QAE@PAVdgMemoryAllocator@@@Z 100208c0 f   physics_2009:dgCollisionMesh.obj
 0001:0001f960       ??_EdgCollisionConvexPolygon@dgCollisionMesh@@UAEPAXI@Z 10020960 f i physics_2009:dgCollisionMesh.obj
 0001:0001f960       ??_GdgCollisionConvexPolygon@dgCollisionMesh@@UAEPAXI@Z 10020960 f i physics_2009:dgCollisionMesh.obj
 0001:0001f980       ?QuickTestContinue@dgCollisionConvexPolygon@dgCollisionMesh@@QAEHPBVdgConvexCollision@@ABVdgMatrix@@@Z 10020980 f   physics_2009:dgCollisionMesh.obj
 0001:0001fbc0       ?QuickTest@dgCollisionConvexPolygon@dgCollisionMesh@@QAEHPBVdgConvexCollision@@ABVdgMatrix@@@Z 10020bc0 f   physics_2009:dgCollisionMesh.obj
 0001:0001ff00       ?ClipContacts@dgCollisionConvexPolygon@dgCollisionMesh@@QBEHHQAVdgContactPoint@@ABVdgMatrix@@@Z 10020f00 f   physics_2009:dgCollisionMesh.obj
 0001:00020690       ?ClosestDistanceToTriangle@dgCollisionConvexPolygon@dgCollisionMesh@@QBE?AVdgVector@@ABV3@000@Z 10021690 f   physics_2009:dgCollisionMesh.obj
 0001:00020a40       ?PointToPolygonDistance@dgCollisionConvexPolygon@dgCollisionMesh@@QAE_NABVdgVector@@NAAV3@@Z 10021a40 f   physics_2009:dgCollisionMesh.obj
 0001:00020c10       ?DistanceToOrigen@dgCollisionConvexPolygon@dgCollisionMesh@@QAE_NABVdgMatrix@@ABVdgVector@@NAAV4@@Z 10021c10 f   physics_2009:dgCollisionMesh.obj
 0001:00021060       ?MovingPointToPolygonContact@dgCollisionConvexPolygon@dgCollisionMesh@@QAENABVdgVector@@0NAAVdgContactPoint@@@Z 10022060 f   physics_2009:dgCollisionMesh.obj
 0001:00021790       ?SetCollisionBBox@dgCollisionMesh@@MAEXABVdgVector@@0@Z 10022790 f   physics_2009:dgCollisionMesh.obj
 0001:00021790       ?SetCollisionBBox@dgCollisionScene@@EAEXABVdgVector@@0@Z 10022790 f   physics_2009:dgCollisionScene.obj
 0001:00021820       ?CalcAABB@dgCollisionScene@@EBEXABVdgMatrix@@AAVdgVector@@1@Z 10022820 f   physics_2009:dgCollisionScene.obj
 0001:00021820       ?CalcAABB@dgCollisionMesh@@EBEXABVdgMatrix@@AAVdgVector@@1@Z 10022820 f   physics_2009:dgCollisionMesh.obj
 0001:00021a10       ??0dgCollisionMesh@@QAE@PAVdgMemoryAllocator@@W4dgCollisionID@@@Z 10022a10 f   physics_2009:dgCollisionMesh.obj
 0001:00021ae0       ??0dgCollisionMesh@@QAE@PAVdgWorld@@P6AXPAX1I@Z1@Z 10022ae0 f   physics_2009:dgCollisionMesh.obj
 0001:00021bb0       ??0dgCollisionBVH@@QAE@PAVdgMemoryAllocator@@@Z 10022bb0 f   physics_2009:dgCollisionBVH.obj
 0001:00021c00       ?Serialize@dgCollisionBVH@@EBEXP6AXPAXPBXI@Z0@Z 10022c00 f   physics_2009:dgCollisionBVH.obj
 0001:00021c30       ?AddFace@dgCollisionBVH@@QAEXHQBNHH@Z 10022c30 f   physics_2009:dgCollisionBVH.obj
 0001:00021ca0       ?CollectVertexListIndexList@dgCollisionBVH@@CA?AW4dgIntersectStatus@@PAXQBNHQBHH@Z 10022ca0 f   physics_2009:dgCollisionBVH.obj
 0001:00021d40       ?GetTriangleCount@dgCollisionBVH@@CA?AW4dgIntersectStatus@@PAXQBNHQBHH@Z 10022d40 f   physics_2009:dgCollisionBVH.obj
 0001:00021d70       ?SupportVertex@dgCollisionBVH@@EBE?AVdgVector@@ABV2@@Z 10022d70 f   physics_2009:dgCollisionBVH.obj
 0001:00021da0       ??_EdgCollisionBVH@@WBCA@AEPAXI@Z 10022da0 f i physics_2009:dgCollisionBVH.obj
 0001:00021db0       ?Serialize@dgCollisionBVH@@GBCA@BEXP6AXPAXPBXI@Z0@Z 10022db0 f i physics_2009:dgCollisionBVH.obj
 0001:00021dc0       ??_EdgCollisionBVH@@UAEPAXI@Z 10022dc0 f i physics_2009:dgCollisionBVH.obj
 0001:00021dc0       ??_GdgCollisionBVH@@UAEPAXI@Z 10022dc0 f i physics_2009:dgCollisionBVH.obj
 0001:00021e00       ?BeginBuild@dgCollisionBVH@@QAEXXZ 10022e00 f   physics_2009:dgCollisionBVH.obj
 0001:00021e50       ?GetVertexListIndexList@dgCollisionBVH@@UBEXABVdgVector@@0AAVdgGetVertexListIndexList@dgCollisionMesh@@@Z 10022e50 f   physics_2009:dgCollisionBVH.obj
 0001:00021ea0       ?RayHit@dgCollisionBVH@@CANPAXQBNHQBHH@Z 10022ea0 f   physics_2009:dgCollisionBVH.obj
 0001:00022010       ??0dgCollisionBVH@@QAE@PAVdgWorld@@P6AXPAX1I@Z1@Z 10023010 f   physics_2009:dgCollisionBVH.obj
 0001:000220a0       ?EndBuild@dgCollisionBVH@@QAEXH@Z 100230a0 f   physics_2009:dgCollisionBVH.obj
 0001:00022130       ?GetCollisionInfo@dgCollisionBVH@@EBEXPAVdgCollisionInfo@@@Z 10023130 f   physics_2009:dgCollisionBVH.obj
 0001:000221f0       ?RayHitSimd@dgCollisionBVH@@CANPAXQBNHQBHH@Z 100231f0 f   physics_2009:dgCollisionBVH.obj
 0001:00022360       ?RayHitUserSimd@dgCollisionBVH@@CANPAXQBNHQBHH@Z 10023360 f   physics_2009:dgCollisionBVH.obj
 0001:00022460       ?RayHitUser@dgCollisionBVH@@CANPAXQBNHQBHH@Z 10023460 f   physics_2009:dgCollisionBVH.obj
 0001:000225c0       ?RayCastSimd@dgCollisionBVH@@EBENABVdgVector@@0AAVdgContactPoint@@P6AIPBVdgBody@@PBVdgCollision@@PAX@Z24@Z 100235c0 f   physics_2009:dgCollisionBVH.obj
 0001:000227f0       ?RayCast@dgCollisionBVH@@EBENABVdgVector@@0AAVdgContactPoint@@P6AIPBVdgBody@@PBVdgCollision@@PAX@Z24@Z 100237f0 f   physics_2009:dgCollisionBVH.obj
 0001:00022a20       ?GetPolygon@dgCollisionBVH@@CA?AW4dgIntersectStatus@@PAXQBNHQBHH@Z 10023a20 f   physics_2009:dgCollisionBVH.obj
 0001:00022e40       ?GetCollidingFacesSimd@dgCollisionBVH@@EBEXQAVdgPolygonMeshDesc@@@Z 10023e40 f   physics_2009:dgCollisionBVH.obj
 0001:00022eb0       ?GetCollidingFaces@dgCollisionBVH@@EBEXQAVdgPolygonMeshDesc@@@Z 10023eb0 f   physics_2009:dgCollisionBVH.obj
 0001:00022f20       ?ShowDebugPolygon@dgCollisionBVH@@CA?AW4dgIntersectStatus@@PAXQBNHQBHH@Z 10023f20 f   physics_2009:dgCollisionBVH.obj
 0001:000231c0       ?DebugCollision@dgCollisionBVH@@EBEXABVdgMatrix@@P6AXPAXHPBNH@Z1@Z 100241c0 f   physics_2009:dgCollisionBVH.obj
 0001:00023250       ??_GdgNode@dgCollisionScene@@QAEPAXI@Z 10024250 f i physics_2009:dgCollisionScene.obj
 0001:000232a0       ?GetVolume@dgCollisionMesh@@UBENXZ 100242a0 f   physics_2009:dgCollisionMesh.obj
 0001:000232a0       ?GetBoxMinRadius@dgCollisionMesh@@UBENXZ 100242a0 f   physics_2009:dgCollisionMesh.obj
 0001:000232a0       ?GetBoxMinRadius@dgCollisionScene@@EBENXZ 100242a0 f   physics_2009:dgCollisionScene.obj
 0001:000232a0       ?GetBoxMinRadius@dgCollisionConvexPolygon@dgCollisionMesh@@UBENXZ 100242a0 f   physics_2009:dgCollisionMesh.obj
 0001:000232a0       ?GetVolume@dgCollisionPoint@@UBENXZ 100242a0 f   physics_2009:dgCollisionSphere.obj
 0001:000232a0       ?GetVolume@dgCollisionConvexPolygon@dgCollisionMesh@@UBENXZ 100242a0 f   physics_2009:dgCollisionMesh.obj
 0001:000232a0       ?GetBoxMaxRadius@dgCollisionConvexPolygon@dgCollisionMesh@@UBENXZ 100242a0 f   physics_2009:dgCollisionMesh.obj
 0001:000232a0       ?GetBoxMaxRadius@dgCollisionScene@@EBENXZ 100242a0 f   physics_2009:dgCollisionScene.obj
 0001:000232a0       ?GetVolume@dgCollisionScene@@EBENXZ 100242a0 f   physics_2009:dgCollisionScene.obj
 0001:000232a0       ?GetBoxMaxRadius@dgCollisionMesh@@UBENXZ 100242a0 f   physics_2009:dgCollisionMesh.obj
 0001:000232a0       ?GetVolume@dgCollisionNull@@MBENXZ 100242a0 f   physics_2009:dgCollisionNull.obj
 0001:000232b0       ?UpdateAABB@dgNode@dgCollisionScene@@QAEXABVdgVector@@0@Z 100242b0 f i physics_2009:dgCollisionScene.obj
 0001:00023350       ?Serialize@dgCollisionScene@@EBEXP6AXPAXPBXI@Z0@Z 10024350 f   physics_2009:dgCollisionScene.obj
 0001:000234f0       ?SetProxyMatrix@dgCollisionScene@@QAEXPAXABVdgMatrix@@@Z 100244f0 f   physics_2009:dgCollisionScene.obj
 0001:00023550       ?SetCollisionCallback@dgCollisionScene@@QAEXP6AXPBVdgBody@@0HHPBNH@Z@Z 10024550 f   physics_2009:dgCollisionScene.obj
 0001:00023590       ?DebugCollision@dgCollisionScene@@EBEXABVdgMatrix@@P6AXPAXHPBNH@Z1@Z 10024590 f   physics_2009:dgCollisionScene.obj
 0001:00023610       ?CalculateVolumeIntegral@dgCollisionScene@@EBE?AVdgVector@@ABVdgMatrix@@P6AIPAX10AAVdgPlane@@@Z1@Z 10024610 f   physics_2009:dgCollisionScene.obj
 0001:00023610       ?CalculateVolumeIntegral@dgCollisionNull@@MBE?AVdgVector@@ABVdgMatrix@@P6AIPAX10AAVdgPlane@@@Z1@Z 10024610 f   physics_2009:dgCollisionNull.obj
 0001:00023610       ?CalculateVolumeIntegral@dgCollisionMesh@@EBE?AVdgVector@@ABVdgMatrix@@P6AIPAX10AAVdgPlane@@@Z1@Z 10024610 f   physics_2009:dgCollisionMesh.obj
 0001:00023630       ?GetCollisionInfo@dgCollisionScene@@EBEXPAVdgCollisionInfo@@@Z 10024630 f   physics_2009:dgCollisionScene.obj
 0001:00023670       ?CompareProxy@dgCollisionScene@@CAHQBVdgListNode@?$dgList@UdgProxy@dgCollisionScene@@@@0PAX@Z 10024670 f   physics_2009:dgCollisionScene.obj
 0001:000236c0       ?RemoveAll@?$dgList@UdgProxy@dgCollisionScene@@@@QAEXXZ 100246c0 f i physics_2009:dgCollisionScene.obj
 0001:00023730       ?Unlink@?$dgList@UdgProxy@dgCollisionScene@@@@QAEXPAVdgListNode@1@@Z 10024730 f i physics_2009:dgCollisionScene.obj
 0001:000237a0       ?GetProxyMatrix@dgCollisionScene@@QAE?AVdgMatrix@@PAX@Z 100247a0 f   physics_2009:dgCollisionScene.obj
 0001:000238f0       ?GetAxis@dgCollisionScene@@ABEHQAPAVdgListNode@?$dgList@UdgProxy@dgCollisionScene@@@@H@Z 100248f0 f   physics_2009:dgCollisionScene.obj
 0001:00023cb0       ?RayCastSimd@dgCollisionScene@@EBENABVdgVector@@0AAVdgContactPoint@@P6AIPBVdgBody@@PBVdgCollision@@PAX@Z24@Z 10024cb0 f   physics_2009:dgCollisionScene.obj
 0001:00024140       ?RayCast@dgCollisionScene@@EBENABVdgVector@@0AAVdgContactPoint@@P6AIPBVdgBody@@PBVdgCollision@@PAX@Z24@Z 10025140 f   physics_2009:dgCollisionScene.obj
 0001:000245d0       ?CollidePairSimd@dgCollisionScene@@QBEXQAUdgPair@dgCollidingPairCollector@@AAVdgCollisionParamProxi@@@Z 100255d0 f   physics_2009:dgCollisionScene.obj
 0001:00024750       ?CollidePair@dgCollisionScene@@QBEXQAUdgPair@dgCollidingPairCollector@@AAVdgCollisionParamProxi@@@Z 10025750 f   physics_2009:dgCollisionScene.obj
 0001:00024be0       ?SortAndSpliteSplite@dgCollisionScene@@ABEHQAPAVdgListNode@?$dgList@UdgProxy@dgCollisionScene@@@@H@Z 10025be0 f   physics_2009:dgCollisionScene.obj
 0001:00024e20       ?BuildTree@dgCollisionScene@@AAEPAUdgNode@1@PAU21@QAPAVdgListNode@?$dgList@UdgProxy@dgCollisionScene@@@@HH@Z 10025e20 f   physics_2009:dgCollisionScene.obj
 0001:00024f40       ??0dgListNode@?$dgList@UdgProxy@dgCollisionScene@@@@AAE@PAV01@0@Z 10025f40 f i physics_2009:dgCollisionScene.obj
 0001:00024f90       ??0dgCollisionScene@@QAE@PAVdgWorld@@@Z 10025f90 f   physics_2009:dgCollisionScene.obj
 0001:00025040       ??1dgCollisionScene@@UAE@XZ 10026040 f   physics_2009:dgCollisionScene.obj
 0001:000250c0       ?RemoveProxy@dgCollisionScene@@QAEXPAX@Z 100260c0 f   physics_2009:dgCollisionScene.obj
 0001:00025100       ?Append@?$dgList@UdgProxy@dgCollisionScene@@@@QAEPAVdgListNode@1@XZ 10026100 f i physics_2009:dgCollisionScene.obj
 0001:00025190       ??_EdgCollisionScene@@UAEPAXI@Z 10026190 f i physics_2009:dgCollisionScene.obj
 0001:00025190       ??_GdgCollisionScene@@UAEPAXI@Z 10026190 f i physics_2009:dgCollisionScene.obj
 0001:000251b0       ?AddProxy@dgCollisionScene@@QAEPAXPAVdgCollision@@@Z 100261b0 f   physics_2009:dgCollisionScene.obj
 0001:00025200       ?BuildTree@dgCollisionScene@@QAEXXZ 10026200 f   physics_2009:dgCollisionScene.obj
 0001:00025370       ??0dgCollisionScene@@QAE@PAVdgWorld@@P6AXPAX1I@Z1@Z 10026370 f   physics_2009:dgCollisionScene.obj
 0001:00025640       ??1dgBody@@QAE@XZ          10026640 f   physics_2009:dgBody.obj
 0001:00025640       ?CalcInvInertiaMatrixSimD@dgBody@@QAEXXZ 10026640 f   physics_2009:dgBody.obj
 0001:00025640       ?BeginFace@dgPolyhedra@@QAEXXZ 10026640 f   corelib_2009:dgPolyhedra.obj
 0001:00025640       _NewtonMeshTriangulate     10026640 f   Newton.obj
 0001:00025640       ?Init@dgBilateralConstraint@@MAEXXZ 10026640 f   NewtonClass.obj
 0001:00025640       ??3@YAXPAX@Z               10026640 f   NewtonStdAfx.obj
 0001:00025640       ??1dgCollidingPairCollector@@QAE@XZ 10026640 f   physics_2009:dgContact.obj
 0001:00025650       ?SetAparentMassMatrix@dgBody@@QAEXABVdgVector@@@Z 10026650 f   physics_2009:dgBody.obj
 0001:000256c0       ??DdgQuaternion@@QBE?AV0@ABV0@@Z 100266c0 f i physics_2009:dgBody.obj
 0001:00025750       ?AddBuoyancyForce@dgBody@@QAEXNNNABVdgVector@@P6AIPAX1ABVdgMatrix@@AAVdgPlane@@@Z1@Z 10026750 f   physics_2009:dgBody.obj
 0001:000259f0       ?CalcInvInertiaMatrix@dgBody@@QAEXXZ 100269f0 f   physics_2009:dgBody.obj
 0001:00025ac0       ?IntegrateVelocity@dgBody@@AAEXN@Z 10026ac0 f   physics_2009:dgBody.obj
 0001:00025db0       ?CalculateInverseDynamicForce@dgBody@@QBE?AVdgVector@@ABV2@N@Z 10026db0 f   physics_2009:dgBody.obj
 0001:00025e20       ?GetFirstJoint@dgBody@@QBEPAVdgConstraint@@XZ 10026e20 f   physics_2009:dgBody.obj
 0001:00025e50       ?GetNextJoint@dgBody@@QBEPAVdgConstraint@@PAV2@@Z 10026e50 f   physics_2009:dgBody.obj
 0001:00025e90       ?GetFirstContact@dgBody@@QBEPAVdgConstraint@@XZ 10026e90 f   physics_2009:dgBody.obj
 0001:00025ec0       ?GetNextContact@dgBody@@QBEPAVdgConstraint@@PAV2@@Z 10026ec0 f   physics_2009:dgBody.obj
 0001:00025f00       ?Freeze@dgBody@@QAEXXZ     10026f00 f   physics_2009:dgBody.obj
 0001:00025f50       ?Unfreeze@dgBody@@QAEXXZ   10026f50 f   physics_2009:dgBody.obj
 0001:00025fa0       ?AddImpulse@dgBody@@AAEXABVdgVector@@0@Z 10026fa0 f   physics_2009:dgBody.obj
 0001:00026390       ?RotateToEnd@?$dgList@VdgBodyMasterListRow@@@@QAEXPAVdgListNode@1@@Z 10027390 f i physics_2009:dgBody.obj
 0001:000263f0       ?InsertAfter@?$dgList@VdgBodyMasterListRow@@@@QAEXPAVdgListNode@1@0@Z 100273f0 f i physics_2009:dgBody.obj
 0001:00026460       ??0dgBody@@QAE@XZ          10027460 f   physics_2009:dgBody.obj
 0001:00026480       ?SetMassMatrix@dgBody@@QAEXNNNN@Z 10027480 f   physics_2009:dgBody.obj
 0001:00026590       ?UpdateCollisionMatrix@dgBody@@AAEXNH@Z 10027590 f   physics_2009:dgBody.obj
 0001:000269c0       ?RayCast@dgBody@@QBENABUdgLineBox@@P6ANPBV1@ABVdgVector@@HPAXN@ZP6AI1PBVdgCollision@@3@Z3N@Z 100279c0 f   physics_2009:dgBody.obj
 0001:00026c00       ?UpdateMatrix@dgBody@@AAEXNH@Z 10027c00 f   physics_2009:dgBody.obj
 0001:00026c40       ?CalculateContinueVelocity@dgBody@@ABEXNAAVdgVector@@0@Z 10027c40 f   physics_2009:dgBody.obj
 0001:00026d90       ?SetFreeze@dgBody@@QAEX_N@Z 10027d90 f   physics_2009:dgBody.obj
 0001:00026db0       ?SetMatrix@dgBody@@QAEXABVdgMatrix@@@Z 10027db0 f   physics_2009:dgBody.obj
 0001:00026ea0       ?SetMatrixIgnoreSleep@dgBody@@QAEXABVdgMatrix@@@Z 10027ea0 f   physics_2009:dgBody.obj
 0001:00026f40       ?AttachCollision@dgBody@@QAEXPAVdgCollision@@@Z 10027f40 f   physics_2009:dgBody.obj
 0001:00027070       ?SetJointParameterCallBack@dgBallConstraint@@QAEXP6AIABV1@N@Z@Z 10028070 f   physics_2009:dgBallConstraint.obj
 0001:00027080       ?GetJointAngle@dgBallConstraint@@QBE?AVdgVector@@XZ 10028080 f   physics_2009:dgBallConstraint.obj
 0001:000270a0       ?SetTwistLimitState@dgBallConstraint@@QAEX_N@Z 100280a0 f   physics_2009:dgBallConstraint.obj
 0001:000270c0       ?SetConeLimitState@dgBallConstraint@@QAEX_N@Z 100280c0 f   physics_2009:dgBallConstraint.obj
 0001:000270e0       ?SetLatealLimitState@dgBallConstraint@@QAEX_N@Z 100280e0 f   physics_2009:dgBallConstraint.obj
 0001:00027100       ??_EdgBallConstraint@@EAEPAXI@Z 10028100 f i physics_2009:dgBallConstraint.obj
 0001:00027100       ??_GdgBallConstraint@@EAEPAXI@Z 10028100 f i physics_2009:dgBallConstraint.obj
 0001:00027130       ??0dgBallConstraint@@AAE@XZ 10028130 f   physics_2009:dgBallConstraint.obj
 0001:00027190       ?GetJointOmega@dgBallConstraint@@QBE?AVdgVector@@XZ 10028190 f   physics_2009:dgBallConstraint.obj
 0001:000272f0       ?GetJointForce@dgBallConstraint@@QBE?AVdgVector@@XZ 100282f0 f   physics_2009:dgBallConstraint.obj
 0001:000273a0       ?SetLimits@dgBallConstraint@@QAEXABVdgVector@@NNN0NN@Z 100283a0 f   physics_2009:dgBallConstraint.obj
 0001:00027a90       ?JacobianDerivative@dgBallConstraint@@EAEIAAVdgContraintDescritor@@@Z 10028a90 f   physics_2009:dgBallConstraint.obj
 0001:00028170       ?SetPivotPoint@dgBallConstraint@@AAEXABVdgVector@@@Z 10029170 f   physics_2009:dgBallConstraint.obj
 0001:00028250       ??0dgHingeConstraint@@AAE@XZ 10029250 f   physics_2009:dgHingeConstraint.obj
 0001:00028290       ?SetJointParameterCallBack@dgSlidingConstraint@@QAEXP6AIABV1@PAVdgJointCallBackParam@@@Z@Z 10029290 f   physics_2009:dgSlidingConstraint.obj
 0001:00028290       ?SetJointParameterCallBack@dgHingeConstraint@@QAEXP6AIABV1@PAVdgJointCallBackParam@@@Z@Z 10029290 f   physics_2009:dgHingeConstraint.obj
 0001:000282a0       ??_EdgHingeConstraint@@EAEPAXI@Z 100292a0 f i physics_2009:dgHingeConstraint.obj
 0001:000282a0       ??_GdgHingeConstraint@@EAEPAXI@Z 100292a0 f i physics_2009:dgHingeConstraint.obj
 0001:000282d0       ?GetJointOmega@dgHingeConstraint@@QBENXZ 100292d0 f   physics_2009:dgHingeConstraint.obj
 0001:000282d0       ?GetJointOmega0@dgUniversalConstraint@@QBENXZ 100292d0 f   physics_2009:dgUniversalConstraint.obj
 0001:000282d0       ?GetJointOmega@dgCorkscrewConstraint@@QBENXZ 100292d0 f   physics_2009:dgCorkscrewConstraint.obj
 0001:00028350       ?CalculateStopAlpha@dgHingeConstraint@@QBENNPBVdgJointCallBackParam@@@Z 10029350 f   physics_2009:dgHingeConstraint.obj
 0001:00028400       ?GetJointForce@dgHingeConstraint@@QBE?AVdgVector@@XZ 10029400 f   physics_2009:dgHingeConstraint.obj
 0001:00028560       ?JacobianDerivative@dgHingeConstraint@@EAEIAAVdgContraintDescritor@@@Z 10029560 f   physics_2009:dgHingeConstraint.obj
 0001:00028820       ??0dgSlidingConstraint@@AAE@XZ 10029820 f   physics_2009:dgSlidingConstraint.obj
 0001:00028860       ?GetJointAngle0@dgUniversalConstraint@@QBENXZ 10029860 f   physics_2009:dgUniversalConstraint.obj
 0001:00028860       ?GetJointPosit@dgSlidingConstraint@@QBENXZ 10029860 f   physics_2009:dgSlidingConstraint.obj
[...]
 0003:00000200       ?m_nrh0p5@dgConvexCollision@@1VdgVector@@A 10087200     physics_2009:dgConvexCollision.obj
 0003:00000220       ?m_nrh3p0@dgConvexCollision@@1VdgVector@@A 10087220     physics_2009:dgConvexCollision.obj
 0003:00000240       ?m_indexStep@dgConvexCollision@@1VdgVector@@A 10087240     physics_2009:dgConvexCollision.obj
 0003:00000260       ?m_index_0123@dgConvexCollision@@1VdgVector@@A 10087260     physics_2009:dgConvexCollision.obj
 0003:00000280       ?m_index_4567@dgConvexCollision@@1VdgVector@@A 10087280     physics_2009:dgConvexCollision.obj
 0003:000002a0       ?m_huge@dgConvexCollision@@1VdgVector@@A 100872a0     physics_2009:dgConvexCollision.obj
 0003:000002c0       ?m_negativeTiny@dgConvexCollision@@1VdgVector@@A 100872c0     physics_2009:dgConvexCollision.obj
 0003:000002e0       ?m_aabb_padd@dgConvexCollision@@1VdgVector@@A 100872e0     physics_2009:dgConvexCollision.obj
 0003:00000300       ?m_faceIndex@dgContactSolver@@2PAY03HA 10087300     physics_2009:dgMinkowskiConv.obj
 0003:00000340       ?m_edgeArray@dgCollisionBox@@1PAVdgConvexSimplexEdge@@A 10087340     physics_2009:dgCollisionBox.obj
 0003:000004e0       ?m_globalAllocator@dgGlobalAllocator@@2V1@A 100874e0     corelib_2009:dgMemory.obj
 0003:00000a08       ?mult@dgPolyhedraMassProperties@@0PANA 10087a08     corelib_2009:dgPolyhedraMassProperties.obj
 0003:00000a64       __fltused                  10087a64     LIBCMT:_fpinit_.obj
 0003:00000a68       __ldused                   10087a68     LIBCMT:_fpinit_.obj
 0003:00000a70       __half                     10087a70     LIBCMT:_pow_.obj
 0003:00000a88       __cfltcvt_tab              10087a88     LIBCMT:cmiscdat.obj
 0003:00000bd8       __amblksiz                 10087bd8     LIBCMT:heapinit.obj
 0003:00000bdc       __aexit_rtn                10087bdc     LIBCMT:crt0dat.obj
 0003:00000e08       ___flsindex                10087e08     LIBCMT:tidtable.obj
 0003:00000e0c       ___getvalueindex           10087e0c     LIBCMT:tidtable.obj
 0003:00000e10       ___badioinfo               10087e10     LIBCMT:ioinit.obj
 0003:00000e50       __First_FPE_Indx           10087e50     LIBCMT:winxfltr.obj
 0003:00000e54       __Num_FPE                  10087e54     LIBCMT:winxfltr.obj
 0003:00000e58       __XcptActTabSize           10087e58     LIBCMT:winxfltr.obj
 0003:00000e5c       __XcptActTabCount          10087e5c     LIBCMT:winxfltr.obj
 0003:00000e60       ___nullstring              10087e60     LIBCMT:output.obj
 0003:00000e64       ___wnullstring             10087e64     LIBCMT:output.obj
 0003:00000e84       ___abort_behavior          10087e84     LIBCMT:abort.obj
 0003:00000e88       __iob                      10087e88     LIBCMT:_file.obj
 0003:00001108       ___security_cookie         10088108     LIBCMT:gs_cookie.obj
 0003:0000110c       ___security_cookie_complement 1008810c     LIBCMT:gs_cookie.obj
 0003:00001110       __infinity                 10088110     LIBCMT:_87tran_.obj
 0003:0000111a       __minfinity                1008811a     LIBCMT:_87tran_.obj
 0003:00001124       __logemax                  10088124     LIBCMT:_87tran_.obj
 0003:0000114a       __OP_EXPjmptab             1008814a     LIBCMT:_87tran_.obj
 0003:00001170       __indefinite               10088170     LIBCMT:_87disp_.obj
 0003:0000117a       __piby2                    1008817a     LIBCMT:_87disp_.obj
 0003:000011a0       ___initialmbcinfo          100881a0     LIBCMT:mbctype.obj
 0003:000013c0       __mbctype                  100883c0     LIBCMT:mbctype.obj
 0003:000014c8       __mbcasemap                100884c8     LIBCMT:mbctype.obj
 0003:000015c8       ___ptmbcinfo               100885c8     LIBCMT:mbctype.obj
 0003:000016c4       ___globallocalestatus      100886c4     LIBCMT:glstatus.obj
 0003:000016c8       ___clocalestr              100886c8     LIBCMT:nlsdata2.obj
 0003:000016d0       ___initiallocinfo          100886d0     LIBCMT:nlsdata2.obj
 0003:000017a8       ___ptlocinfo               100887a8     LIBCMT:nlsdata2.obj
 0003:000017ac       ___lc_clike                100887ac     LIBCMT:nlsdata2.obj
 0003:000017b0       ___initiallocalestructinfo 100887b0     LIBCMT:nlsdata2.obj
 0003:000017c0       __matherr_flag             100887c0     LIBCMT:_matherr_.obj
 0003:000018b0       __d_inf                    100888b0     LIBCMT:_util_.obj
 0003:000018b8       __d_ind                    100888b8     LIBCMT:_util_.obj
 0003:000018c0       __d_max                    100888c0     LIBCMT:_util_.obj
 0003:000018c8       __d_min                    100888c8     LIBCMT:_util_.obj
 0003:000018d0       __d_mzero                  100888d0     LIBCMT:_util_.obj
 0003:000018e0       __NLG_Destination          100888e0     LIBCMT:exsup.obj
 0003:00001a50       __pctype                   10088a50     LIBCMT:ctype.obj
 0003:00001a54       __pwctype                  10088a54     LIBCMT:ctype.obj
 0003:00001a58       ___lc_time_c               10088a58     LIBCMT:strftime.obj
 0003:00001b10       ___lc_time_curr            10088b10     LIBCMT:strftime.obj
 0003:00001b14       ___lconv_static_decimal    10088b14     LIBCMT:lconv.obj
 0003:00001b18       ___lconv_c                 10088b18     LIBCMT:lconv.obj
 0003:00001b48       ___lconv                   10088b48     LIBCMT:lconv.obj
 0003:00001b4c       ___mb_cur_max              10088b4c     LIBCMT:nlsdata1.obj
 0003:00001b50       ___decimal_point           10088b50     LIBCMT:nlsdata1.obj
 0003:00001b54       ___decimal_point_length    10088b54     LIBCMT:nlsdata1.obj
 0003:00001ba0       __lookuptrailbytes         10088ba0     LIBCMT:read.obj
 0003:00001ca0       __timezone                 10088ca0     LIBCMT:timeset.obj
 0003:00001ca4       __daylight                 10088ca4     LIBCMT:timeset.obj
 0003:00001ca8       __dstbias                  10088ca8     LIBCMT:timeset.obj
 0003:00001d30       __tzname                   10088d30     LIBCMT:timeset.obj
 0003:00001d50       __pow10pos                 10088d50     LIBCMT:_constpow_.obj
 0003:00001eb0       __pow10neg                 10088eb0     LIBCMT:_constpow_.obj
 0003:0000200c       __coninpfh                 1008900c     LIBCMT:initcon.obj
 0003:00002010       __confh                    10089010     LIBCMT:initcon.obj
 0003:00002020       __lpdays                   10089020     LIBCMT:days.obj
 0003:00002054       __days                     10089054     LIBCMT:days.obj
 0003:000020b0       ?m_edgeArray@dgCollisionSphere@@1PAVdgConvexSimplexEdge@@A 100890b0     physics_2009:dgCollisionSphere.obj
 0003:000026b0       ?m_shapeRefCount@dgCollisionSphere@@1HA 100896b0     physics_2009:dgCollisionSphere.obj
 0003:000026c0       ?m_unitSphere@dgCollisionSphere@@1PAVdgVector@@A 100896c0     physics_2009:dgCollisionSphere.obj
 0003:00002900       ?m_iniliazised@dgConvexCollision@@1HA 10089900     physics_2009:dgConvexCollision.obj
 0003:00002910       ?m_zero@dgConvexCollision@@1VdgVector@@A 10089910     physics_2009:dgConvexCollision.obj
 0003:00002930       ?m_signMask@dgConvexCollision@@1VdgVector@@A 10089930     physics_2009:dgConvexCollision.obj
 0003:00002950       ?m_triplexMask@dgConvexCollision@@1VdgVector@@A 10089950     physics_2009:dgConvexCollision.obj
 0003:00002970       ?m_multiResDir@dgConvexCollision@@1PAVdgVector@@A 10089970     physics_2009:dgConvexCollision.obj
 0003:00002a70       ?m_multiResDir_sse@dgConvexCollision@@1PAVdgVector@@A 10089a70     physics_2009:dgConvexCollision.obj
 0003:00002b30       ?m_vertex@dgCollisionHeightField@@0PAPAVdgVector@@A 10089b30     physics_2009:dgCollisionHeightField.obj
 0003:00002b50       ?m_vertexCount@dgCollisionHeightField@@0PAHA 10089b50     physics_2009:dgCollisionHeightField.obj
 0003:00002b70       ?m_refCount@dgCollisionHeightField@@0HA 10089b70     physics_2009:dgCollisionHeightField.obj
 0003:00002b80       ?m_dir@dgContactSolver@@2PAVdgVector@@A 10089b80     physics_2009:dgMinkowskiConv.obj
 0003:00002d40       ?m_edgeArray@dgCollisionCapsule@@0PAVdgConvexSimplexEdge@@A 10089d40     physics_2009:dgCollisionCapsule.obj
 0003:00003880       ?m_shapeRefCount@dgCollisionCapsule@@0HA 1008a880     physics_2009:dgCollisionCapsule.obj
 0003:00003888       ?m_edgeArray@dgCollisionCone@@0PAVdgConvexSimplexEdge@@A 1008a888     physics_2009:dgCollisionCone.obj
 0003:00003a88       ?m_shapeRefCount@dgCollisionCone@@0HA 1008aa88     physics_2009:dgCollisionCone.obj
 0003:00003a90       ?m_edgeArray@dgCollisionCylinder@@0PAVdgConvexSimplexEdge@@A 1008aa90     physics_2009:dgCollisionCylinder.obj
 0003:00003d90       ?m_shapeRefCount@dgCollisionCylinder@@0HA 1008ad90     physics_2009:dgCollisionCylinder.obj
 0003:00003da0       ?m_edgeArray@dgCollisionChamferCylinder@@0PAVdgConvexSimplexEdge@@A 1008ada0     physics_2009:dgCollisionChamferCylinder.obj
 0003:000046a0       ?m_shapeRefCount@dgCollisionChamferCylinder@@0HA 1008b6a0     physics_2009:dgCollisionChamferCylinder.obj
 0003:000046b0       ?m_shapesDirs@dgCollisionChamferCylinder@@0PAVdgVector@@A 1008b6b0     physics_2009:dgCollisionChamferCylinder.obj
 0003:00004834       ___fastflag                1008b834     LIBCMT:_fpinit_.obj
 0003:00004838       __adjust_fdiv              1008b838     LIBCMT:_fpinit_.obj
 0003:00004840       __aenvptr                  1008b840     LIBCMT:dllcrt0.obj
 0003:00004844       __wenvptr                  1008b844     LIBCMT:dllcrt0.obj
 0003:00004848       ___error_mode              1008b848     LIBCMT:dllcrt0.obj
 0003:0000484c       ___app_type                1008b84c     LIBCMT:dllcrt0.obj
 0003:000049a8       ___sbh_pHeaderDefer        1008b9a8     LIBCMT:sbheap.obj
 0003:000049ac       __crtheap                  1008b9ac     LIBCMT:heapinit.obj
 0003:000049b0       __umaskval                 1008b9b0     LIBCMT:crt0dat.obj
 0003:000049b4       ___argc                    1008b9b4     LIBCMT:crt0dat.obj
 0003:000049b8       ___argv                    1008b9b8     LIBCMT:crt0dat.obj
 0003:000049bc       ___wargv                   1008b9bc     LIBCMT:crt0dat.obj
 0003:000049c0       __environ                  1008b9c0     LIBCMT:crt0dat.obj
 0003:000049c4       ___initenv                 1008b9c4     LIBCMT:crt0dat.obj
 0003:000049c8       __wenviron                 1008b9c8     LIBCMT:crt0dat.obj
 0003:000049cc       ___winitenv                1008b9cc     LIBCMT:crt0dat.obj
 0003:000049d0       __pgmptr                   1008b9d0     LIBCMT:crt0dat.obj
 0003:000049d4       __wpgmptr                  1008b9d4     LIBCMT:crt0dat.obj
 0003:000049d8       __exitflag                 1008b9d8     LIBCMT:crt0dat.obj
 0003:000049dc       __C_Termination_Done       1008b9dc     LIBCMT:crt0dat.obj
 0003:000049e0       __C_Exit_Done              1008b9e0     LIBCMT:crt0dat.obj
 0003:00004cfc       ?_pnhHeap@@3P6AHI@ZA       1008bcfc     LIBCMT:handler.obj
 0003:00004d00       __newmode                  1008bd00     LIBCMT:_newmode.obj
 0003:00004d04       _gpFlsAlloc                1008bd04     LIBCMT:tidtable.obj
 0003:00004d08       _gpFlsGetValue             1008bd08     LIBCMT:tidtable.obj
 0003:00004d0c       _gpFlsSetValue             1008bd0c     LIBCMT:tidtable.obj
 0003:00004d10       _gpFlsFree                 1008bd10     LIBCMT:tidtable.obj
 0003:00004d14       __maxwait                  1008bd14     LIBCMT:crtheap.obj
 0003:00004e24       ___pInvalidArgHandler      1008be24     LIBCMT:invarg.obj
 0003:00004e44       ___pPurecall               1008be44     LIBCMT:inithelp.obj
 0003:00004e48       __cflush                   1008be48     LIBCMT:_file.obj
 0003:00004e4c       __stdbuf                   1008be4c     LIBCMT:_sftbuf.obj
 0003:00004e58       ___mbulinfo                1008be58     LIBCMT:mbctype.obj
 0003:00004e64       ___mbcodepage              1008be64     LIBCMT:mbctype.obj
 0003:00004e68       ___ismbcodepage            1008be68     LIBCMT:mbctype.obj
 0003:00004e6c       ___mblcid                  1008be6c     LIBCMT:mbctype.obj
 0003:00004e70       ___locale_changed          1008be70     LIBCMT:setlocal.obj
 0003:00004e74       ___lc_handle               1008be74     LIBCMT:nlsdata2.obj
 0003:00004e8c       ___lc_codepage             1008be8c     LIBCMT:nlsdata2.obj
 0003:00004e90       ___lc_collate_cp           1008be90     LIBCMT:nlsdata2.obj
 0003:00004e94       __outputformat             1008be94     LIBCMT:outputformat.obj
 0003:00004e9c       ?__pInconsistency@@3P6AXXZA 1008be9c     LIBCMT:hooks.obj
 0003:00004ebc       __commode                  1008bebc     LIBCMT:ncommode.obj
 0003:000051ec       ___lconv_static_null       1008c1ec     LIBCMT:lconv.obj
 0003:000052a8       __fmode                    1008c2a8     LIBCMT:txtmode.obj
 0003:000052ac       __debugger_hook_dummy      1008c2ac     <common>
 0003:000052b0       ___piob                    1008c2b0     <common>
 0003:000052c0       __bufin                    1008c2c0     <common>
 0003:000062c0       __nstream                  1008d2c0     <common>
 0003:000062c4       __nhandle                  1008d2c4     <common>
 0003:000062e0       ___pioinfo                 1008d2e0     <common>
 0003:000063e0       ___env_initialized         1008d3e0     <common>
 0003:000063e4       ___onexitend               1008d3e4     <common>
 0003:000063e8       ___onexitbegin             1008d3e8     <common>
 0003:000063ec       ___mbctype_initialized     1008d3ec     <common>
 0003:000063f0       ___dyn_tls_init_callback   1008d3f0     <common>
 0003:000063f4       ___active_heap             1008d3f4     <common>
 0003:000063f8       __pDestructExceptionObject 1008d3f8     <common>
 0003:000063fc       ___sbh_cntHeaderList       1008d3fc     <common>
 0003:00006400       ___sbh_pHeaderList         1008d400     <common>
 0003:00006404       ___sbh_threshold           1008d404     <common>
 0003:00006408       ___sbh_pHeaderScan         1008d408     <common>
 0003:0000640c       ___sbh_sizeHeaderList      1008d40c     <common>
 0003:00006410       ___sbh_indGroupDefer       1008d410     <common>
 0003:00006414       ___use_sse2_mathfcns       1008d414     <common>
 0003:00006418       ___sse2_available          1008d418     <common>
 0003:0000641c       __pmatherr                 1008d41c     <common>
 0003:00006420       __acmdln                   1008d420     <common>

 entry point at        0001:0006ccb5

 Static symbols

 0001:00006860       ?CompareIslands@@YAHQBVdgIsland@@0PAX@Z 10007860 f   physics_2009:dgWorldDynamicUpdate.obj
 0001:00015f80       ?CompareContact@@YAHQBVdgContactPoint@@0PAX@Z 10016f80 f   physics_2009:dgNarrowPhaseCollision.obj
 0001:0005e030       ?SortVertices@InternalGeoUtil@@YAHQANHHHHN@Z 1005f030 f   corelib_2009:dgTypes.obj
 0001:0005eaa0       ?QuickSortVertices@InternalGeoUtil@@YAHQANHHHHN@Z 1005faa0 f   corelib_2009:dgTypes.obj
 0001:0005fe00       ?NormalizeVertex@InternalPolyhedra@@YAXHQAVdgTriplex@@QBNH@Z 10060e00 f   corelib_2009:dgPolyhedra.obj
 0001:0005ff50       ?EdgePlane@InternalPolyhedra@@YA?AVdgBigPlane@@HHHQBVdgTriplex@@@Z 10060f50 f   corelib_2009:dgPolyhedra.obj
 0001:00060060       ?UnboundedLoopPlane@InternalPolyhedra@@YA?AVdgBigPlane@@HHHQBVdgTriplex@@@Z 10061060 f   corelib_2009:dgPolyhedra.obj
 0001:000601a0       ?BigFaceNormal@InternalPolyhedra@@YA?AVdgBigVector@@PAVdgEdge@@QBNH@Z 100611a0 f   corelib_2009:dgPolyhedra.obj
 0001:000602b0       ?CalculateVertexMetrics@InternalPolyhedra@@YAXQAUVERTEX_METRIC_STRUCT@1@QBVdgTriplex@@PAVdgEdge@@@Z 100612b0 f   corelib_2009:dgPolyhedra.obj
 0001:00060390       ?IsEssensialPointDiagonal@InternalPolyhedra@@YA_NPAVdgEdge@@ABVdgBigVector@@QBNH@Z 10061390 f   corelib_2009:dgPolyhedra.obj
 0001:00060710       ?CalculateAllMetrics@InternalPolyhedra@@YAXPBVdgPolyhedra@@QAUVERTEX_METRIC_STRUCT@1@QBVdgTriplex@@@Z 10061710 f   corelib_2009:dgPolyhedra.obj
 0001:00060990       ?EdgePenalty@InternalPolyhedra@@YANABVdgPolyhedra@@QBVdgTriplex@@PAVdgEdge@@@Z 10061990 f   corelib_2009:dgPolyhedra.obj
 0001:00060fd0       ?GetInteriorDiagonals@InternalPolyhedra@@YAHAAVdgPolyhedra@@QAPAVdgEdge@@H@Z 10061fd0 f   corelib_2009:dgPolyhedra.obj
 0001:00061d00       ?MatchTwins@InternalPolyhedra@@YA_NPAVdgPolyhedra@@@Z 10062d00 f   corelib_2009:dgPolyhedra.obj
 0001:00061d90       ?FindEarTip@InternalPolyhedra@@YAPAVdgEdge@@ABVdgPolyhedra@@PAV2@QBNHAAV?$dgDownHeap@PAVdgEdge@@N@@ABVdgVector@@@Z 10062d90 f   corelib_2009:dgPolyhedra.obj
 0001:00062a50       ?CloseOpenBounds@InternalPolyhedra@@YAXPAVdgPolyhedra@@@Z 10063a50 f   corelib_2009:dgPolyhedra.obj
 0001:000636b0       ?MarkAdjacentCoplanarFaces@InternalPolyhedra@@YAXAAVdgPolyhedra@@0PAVdgEdge@@QBNH@Z 100646b0 f   corelib_2009:dgPolyhedra.obj
 0001:00063970       ?ConvexPartition@InternalPolyhedra@@YA_NAAVdgPolyhedra@@QBNH@Z 10064970 f   corelib_2009:dgPolyhedra.obj
 0001:00064540       ?TriangulateFace@InternalPolyhedra@@YAPAVdgEdge@@AAVdgPolyhedra@@PAV2@QBNHAAV?$dgDownHeap@PAVdgEdge@@N@@PAVdgVector@@@Z 10065540 f   corelib_2009:dgPolyhedra.obj
 0001:0006cbbf       ___DllMainCRTStartup       1006dbbf f   LIBCMT:dllcrt0.obj
 0001:0006cd55       __hw_cw                    1006dd55 f   LIBCMT:_ieee87_.obj
 0001:0006cde3       ___hw_cw_sse2              1006dde3 f   LIBCMT:_ieee87_.obj
 0001:0006dbea       __onexit_nolock            1006ebea f   LIBCMT:onexit.obj
 0001:0006dd65       __callthreadstartex        1006ed65 f   LIBCMT:threadex.obj
 0001:0006dda6       __threadstartex@4          1006eda6 f   LIBCMT:threadex.obj
 0001:0006e1ae       __shift                    1006f1ae f   LIBCMT:cvt.obj
 0001:0006e1f3       __cftoe2_l                 1006f1f3 f   LIBCMT:cvt.obj
 0001:0006e7c5       __cftof2_l                 1006f7c5 f   LIBCMT:cvt.obj
 0001:0006ff1e       __initterm                 10070f1e f   LIBCMT:crt0dat.obj
 0001:0006ffe4       _doexit                    10070fe4 f   LIBCMT:crt0dat.obj
 0001:00070429       _fastzero_I                10071429 f   LIBCMT:p4_memset.obj
 0001:00070fb6       _parse_cmdline             10071fb6 f   LIBCMT:stdargv.obj
 0001:00071709       _write_char                10072709 f   LIBCMT:output.obj
 0001:0007173c       _write_multi_char          1007273c f   LIBCMT:output.obj
 0001:00071762       _write_string              10072762 f   LIBCMT:output.obj
 0001:00072642       _siglookup                 10073642 f   LIBCMT:winsig.obj
 0001:0007297d       _fastcopy_I                1007397d f   LIBCMT:p4_memcpy.obj
 0001:00072d63       _flsall                    10073d63 f   LIBCMT:fflush.obj
 0001:0007308c       __unwind_handler4          1007408c f   LIBCMT:exsup4.obj
 0001:0007465d       ?CPtoLCID@@YAHH@Z          1007565d f   LIBCMT:mbctype.obj
 0001:0007468c       ?setSBCS@@YAXPAUthreadmbcinfostruct@@@Z 1007568c f   LIBCMT:mbctype.obj
 0001:000746f0       ?setSBUpLow@@YAXPAUthreadmbcinfostruct@@@Z 100756f0 f   LIBCMT:mbctype.obj
 0001:00074927       ?getSystemCP@@YAHH@Z       10075927 f   LIBCMT:mbctype.obj
 0001:00074fb1       __updatetlocinfoEx_nolock  10075fb1 f   LIBCMT:setlocal.obj
 0001:00075adb       _has_osfxsr_set            10076adb f   LIBCMT:cpu_disp.obj
 0001:00076ad1       ?x_ismbbtype_l@@YAHPAUlocaleinfo_struct@@IHH@Z 10077ad1 f   LIBCMT:ismbbyte.obj
 0001:00077ba4       __unwind_handler           10078ba4 f   LIBCMT:exsup.obj
 0001:00078d2e       ?__crtLCMapStringA_stat@@YAHPAUlocaleinfo_struct@@KKPBDHPADHHH@Z 10079d2e f   LIBCMT:a_map.obj
 0001:00079118       ?__crtGetStringTypeA_stat@@YAHPAUlocaleinfo_struct@@KPBDHPAGHHH@Z 1007a118 f   LIBCMT:a_str.obj
 0001:0007b3f2       ?strtoxl@@YAKPAUlocaleinfo_struct@@PBDPAPBDHH@Z 1007c3f2 f   LIBCMT:strtol.obj
 0001:0007bc40       ??__E?m_globalAllocator@dgGlobalAllocator@@2V1@A@@YAXXZ 1007cc40 f   corelib_2009:dgMemory.obj
 0001:0007bc50       ??__F?m_globalAllocator@dgGlobalAllocator@@2V1@A@@YAXXZ 1007cc50 f   corelib_2009:dgMemory.obj
