 newton

 Timestamp is 4a902631 (Sat Aug 22 10:09:05 2009)

 Preferred load address is 0000000180000000

 Start         Length     Name                   Class
 0001:00000000 0009769eH .text                   CODE
 0001:000976a0 0000001fH .text$0                 CODE
 0001:000976c0 00000080H .text$00                CODE
 0001:00097740 00000248H .text$x                 CODE
 0001:00097990 0000000cH .text$yc                CODE
 0001:000979a0 00000003H .text$yd                CODE
 0002:00000000 00000290H .idata$5                DATA
 0002:00000290 00000008H .CRT$XCA                DATA
 0002:00000298 00000008H .CRT$XCU                DATA
 0002:000002a0 00000008H .CRT$XCZ                DATA
 0002:000002a8 00000008H .CRT$XIA                DATA
 0002:000002b0 00000018H .CRT$XIC                DATA
 0002:000002c8 00000008H .CRT$XIZ                DATA
 0002:000002d0 00000008H .CRT$XPA                DATA
 0002:000002d8 00000008H .CRT$XPX                DATA
 0002:000002e0 00000008H .CRT$XPXA               DATA
 0002:000002e8 00000008H .CRT$XPZ                DATA
 0002:000002f0 00000008H .CRT$XTA                DATA
 0002:000002f8 00000008H .CRT$XTZ                DATA
 0002:00000300 00004f98H .rdata                  DATA
 0002:00005298 00000060H .rdata$debug            DATA
 0002:000052f8 00000008H .rtc$IAA                DATA
 0002:00005300 00000008H .rtc$IZZ                DATA
 0002:00005308 00000008H .rtc$TAA                DATA
 0002:00005310 00000008H .rtc$TZZ                DATA
 0002:00005318 00006e30H .xdata                  DATA
 0002:0000c148 00000014H .idata$2                DATA
 0002:0000c15c 00000014H .idata$3                DATA
 0002:0000c170 00000290H .idata$4                DATA
 0002:0000c400 000005e2H .idata$6                DATA
 0002:0000c9f0 000027aaH .edata                  DATA
 0003:00000000 00002a2cH .data                   DATA
 0003:00002a40 00006790H .bss                    DATA
 0004:00000000 00004c20H .pdata                  DATA

  Address         Publics by Value              Rva+Base               Lib:Object

 0000:00000000       ___safe_se_handler_count   0000000000000000     <absolute>
 0000:00000000       ___safe_se_handler_table   0000000000000000     <absolute>
 0000:00000000       __ImageBase                0000000180000000     <linker-defined>
 0001:00000000       DllMain                    0000000180001000 f   Newton.obj
 0001:00000010       NewtonGetMemoryUsed        0000000180001010 f   Newton.obj
 0001:00000020       NewtonInvalidateCache      0000000180001020 f   Newton.obj
 0001:00000030       NewtonSetPlatformArchitecture 0000000180001030 f   Newton.obj
 0001:00000040       NewtonGetPlatformArchitecture 0000000180001040 f   Newton.obj
 0001:00000050       NewtonSetThreadsCount      0000000180001050 f   Newton.obj
 0001:00000060       NewtonGetThreadsCount      0000000180001060 f   Newton.obj
 0001:00000070       NewtonSetMultiThreadSolverOnSingleIsland 0000000180001070 f   Newton.obj
 0001:00000080       NewtonGetMultiThreadSolverOnSingleIsland 0000000180001080 f   Newton.obj
 0001:00000090       NewtonSetSolverModel       0000000180001090 f   Newton.obj
 0001:000000a0       NewtonSetFrictionModel     00000001800010a0 f   Newton.obj
 0001:000000b0       NewtonSetPerformanceClock  00000001800010b0 f   Newton.obj
 0001:000000c0       NewtonReadPerformanceTicks 00000001800010c0 f   Newton.obj
 0001:000000d0       NewtonCollisionUpdate      00000001800010d0 f   Newton.obj
 0001:00000110       NewtonSetIslandUpdateEvent 0000000180001110 f   Newton.obj
 0001:00000120       NewtonSetCollisionDestructor 0000000180001120 f   Newton.obj
 0001:00000130       NewtonSetBodyLeaveWorldEvent 0000000180001130 f   Newton.obj
 0001:00000140       NewtonWorldGetVersion      0000000180001140 f   Newton.obj
 0001:00000150       NewtonWorldSetUserData     0000000180001150 f   Newton.obj
 0001:00000160       NewtonWorldGetUserData     0000000180001160 f   Newton.obj
 0001:00000170       NewtonWorldSetDestructorCallBack 0000000180001170 f   Newton.obj
 0001:00000180       NewtonWorldGetDestructorCallBack 0000000180001180 f   Newton.obj
 0001:00000190       NewtonWorldGetBodyCount    0000000180001190 f   Newton.obj
 0001:000001a0       NewtonWorldGetConstraintCount 00000001800011a0 f   Newton.obj
 0001:000001b0       NewtonIslandGetBody        00000001800011b0 f   Newton.obj
 0001:000001c0       NewtonMaterialGetDefaultGroupID 00000001800011c0 f   Newton.obj
 0001:000001d0       NewtonMaterialCreateGroupID 00000001800011d0 f   Newton.obj
 0001:000001e0       NewtonMaterialDestroyAllGroupID 00000001800011e0 f   Newton.obj
 0001:000001f0       NewtonMaterialSetDefaultCollidable 00000001800011f0 f   Newton.obj
 0001:00000220       NewtonMaterialSetContinuousCollisionMode 0000000180001220 f   Newton.obj
 0001:00000250       NewtonWorldGetFirstMaterial 0000000180001250 f   Newton.obj
 0001:00000260       NewtonWorldGetNextMaterial 0000000180001260 f   Newton.obj
 0001:00000270       NewtonMaterialGetContactFaceAttribute 0000000180001270 f   Newton.obj
 0001:00000280       NewtonMaterialGetContactPositionAndNormal 0000000180001280 f   Newton.obj
 0001:000002b0       NewtonMaterialGetContactTangentDirections 00000001800012b0 f   Newton.obj
 0001:000002f0       NewtonMaterialSetContactFrictionState 00000001800012f0 f   Newton.obj
 0001:00000320       NewtonMaterialSetContactNormalAcceleration 0000000180001320 f   Newton.obj
 0001:00000330       NewtonMaterialSetContactTangentAcceleration 0000000180001330 f   Newton.obj
 0001:00000360       NewtonCreateNull           0000000180001360 f   Newton.obj
 0001:00000370       NewtonCreateBox            0000000180001370 f   Newton.obj
 0001:00000420       NewtonCreateSphere         0000000180001420 f   Newton.obj
 0001:00000520       NewtonCreateCone           0000000180001520 f   Newton.obj
 0001:000005c0       NewtonCreateCapsule        00000001800015c0 f   Newton.obj
 0001:00000660       NewtonCreateCylinder       0000000180001660 f   Newton.obj
 0001:00000700       NewtonCreateChamferCylinder 0000000180001700 f   Newton.obj
 0001:000007a0       NewtonCreateConvexHullFromMesh 00000001800017a0 f   Newton.obj
 0001:000007b0       NewtonConvexHullModifierGetMatrix 00000001800017b0 f   Newton.obj
 0001:000007f0       NewtonConvexHullModifierSetMatrix 00000001800017f0 f   Newton.obj
 0001:00000800       NewtonCollisionIsTriggerVolume 0000000180001800 f   Newton.obj
 0001:00000820       NewtonCollisionSetAsTriggerVolume 0000000180001820 f   Newton.obj
 0001:00000830       NewtonConvexCollisionCalculateVolume 0000000180001830 f   Newton.obj
 0001:00000840       NewtonTreeCollisionSetUserRayCastCallback 0000000180001840 f   Newton.obj
 0001:00000850       NewtonTreeCollisionBeginBuild 0000000180001850 f   Newton.obj
 0001:00000860       NewtonTreeCollisionAddFace 0000000180001860 f   Newton.obj
 0001:00000880       NewtonTreeCollisionEndBuild 0000000180001880 f   Newton.obj
 0001:00000890       NewtonSceneCollisionCreateProxy 0000000180001890 f   Newton.obj
 0001:000008a0       NewtonSceneCollisionDestroyProxy 00000001800018a0 f   Newton.obj
 0001:000008b0       NewtonSceneCollisionOptimize 00000001800018b0 f   Newton.obj
 0001:000008c0       NewtonCollisionPointDistance 00000001800018c0 f   Newton.obj
 0001:000008f0       NewtonCollisionClosestPoint 00000001800018f0 f   Newton.obj
 0001:00000940       NewtonCollisionCollide     0000000180001940 f   Newton.obj
 0001:000009b0       NewtonCollisionCollideContinue 00000001800019b0 f   Newton.obj
 0001:00000a60       NewtonCollisionForEachPolygonDo 0000000180001a60 f   Newton.obj
 0001:00000ac0       NewtonCollisionMakeUnique  0000000180001ac0 f   Newton.obj
 0001:00000ad0       NewtonReleaseCollision     0000000180001ad0 f   Newton.obj
 0001:00000ae0       NewtonCollisionSerialize   0000000180001ae0 f   Newton.obj
 0001:00000af0       NewtonCreateCollisionFromSerialization 0000000180001af0 f   Newton.obj
 0001:00000b00       NewtonCollisionGetInfo     0000000180001b00 f   Newton.obj
 0001:00000b10       NewtonGetEulerAngle        0000000180001b10 f   Newton.obj
 0001:00000b50       NewtonCalculateSpringDamperAcceleration 0000000180001b50 f   Newton.obj
 0001:00000bc0       NewtonCreateBody           0000000180001bc0 f   Newton.obj
 0001:00000bd0       NewtonDestroyBody          0000000180001bd0 f   Newton.obj
 0001:00000be0       NewtonBodySetMatrix        0000000180001be0 f   Newton.obj
 0001:00000c40       NewtonBodyGetFirstJoint    0000000180001c40 f   Newton.obj
 0001:00000c50       NewtonBodyGetNextJoint     0000000180001c50 f   Newton.obj
 0001:00000c60       NewtonBodyGetFirstContactJoint 0000000180001c60 f   Newton.obj
 0001:00000c70       NewtonBodyGetNextContactJoint 0000000180001c70 f   Newton.obj
 0001:00000c80       NewtonBodySetCollision     0000000180001c80 f   Newton.obj
 0001:00000c90       NewtonBodySetFreezeState   0000000180001c90 f   Newton.obj
 0001:00000ca0       NewtonBallSetUserCallback  0000000180001ca0 f   Newton.obj
 0001:00000cb0       NewtonBallGetJointAngle    0000000180001cb0 f   Newton.obj
 0001:00000cf0       NewtonBallGetJointOmega    0000000180001cf0 f   Newton.obj
 0001:00000d30       NewtonBallGetJointForce    0000000180001d30 f   Newton.obj
 0001:00000d70       NewtonHingeCalculateStopAlpha 0000000180001d70 f   Newton.obj
 0001:00000d80       NewtonHingeGetJointForce   0000000180001d80 f   Newton.obj
 0001:00000dc0       NewtonHingeSetUserCallback 0000000180001dc0 f   Newton.obj
 0001:00000dc0       NewtonSliderSetUserCallback 0000000180001dc0 f   Newton.obj
 0001:00000dd0       NewtonSliderCalculateStopAccel 0000000180001dd0 f   Newton.obj
 0001:00000de0       NewtonSliderGetJointForce  0000000180001de0 f   Newton.obj
 0001:00000e20       NewtonCorkscrewGetJointVeloc 0000000180001e20 f   Newton.obj
 0001:00000e20       NewtonSliderGetJointVeloc  0000000180001e20 f   Newton.obj
 0001:00000e30       NewtonUniversalCalculateStopAlpha0 0000000180001e30 f   Newton.obj
 0001:00000e30       NewtonCorkscrewCalculateStopAlpha 0000000180001e30 f   Newton.obj
 0001:00000e40       NewtonCorkscrewCalculateStopAccel 0000000180001e40 f   Newton.obj
 0001:00000e50       NewtonUniversalSetUserCallback 0000000180001e50 f   Newton.obj
 0001:00000e50       NewtonCorkscrewSetUserCallback 0000000180001e50 f   Newton.obj
 0001:00000e60       NewtonSliderGetJointPosit  0000000180001e60 f   Newton.obj
 0001:00000e60       NewtonHingeGetJointAngle   0000000180001e60 f   Newton.obj
 0001:00000e60       NewtonUniversalGetJointAngle0 0000000180001e60 f   Newton.obj
 0001:00000e60       NewtonCorkscrewGetJointAngle 0000000180001e60 f   Newton.obj
 0001:00000e70       NewtonCorkscrewGetJointPosit 0000000180001e70 f   Newton.obj
 0001:00000e70       NewtonUniversalGetJointAngle1 0000000180001e70 f   Newton.obj
 0001:00000e80       NewtonHingeGetJointOmega   0000000180001e80 f   Newton.obj
 0001:00000e80       NewtonUniversalGetJointOmega0 0000000180001e80 f   Newton.obj
 0001:00000e80       NewtonCorkscrewGetJointOmega 0000000180001e80 f   Newton.obj
 0001:00000e90       NewtonUniversalGetJointOmega1 0000000180001e90 f   Newton.obj
 0001:00000ea0       NewtonUniversalCalculateStopAlpha1 0000000180001ea0 f   Newton.obj
 0001:00000eb0       NewtonCorkscrewGetJointForce 0000000180001eb0 f   Newton.obj
 0001:00000eb0       NewtonUniversalGetJointForce 0000000180001eb0 f   Newton.obj
 0001:00000ef0       NewtonUpVectorGetPin       0000000180001ef0 f   Newton.obj
 0001:00000f30       NewtonUserJointAddGeneralRow 0000000180001f30 f   Newton.obj
 0001:00000f40       NewtonUserJointSetRowMaximumFriction 0000000180001f40 f   Newton.obj
 0001:00000f50       NewtonUserJointSetRowMinimumFriction 0000000180001f50 f   Newton.obj
 0001:00000f60       NewtonUserJointSetRowAcceleration 0000000180001f60 f   Newton.obj
 0001:00000f70       NewtonUserJointSetRowSpringDamperAcceleration 0000000180001f70 f   Newton.obj
 0001:00000f80       NewtonUserJointSetRowStiffness 0000000180001f80 f   Newton.obj
 0001:00000f90       NewtonUserJointGetRowForce 0000000180001f90 f   Newton.obj
 0001:00000fa0       NewtonUserJointSetFeedbackCollectorCallback 0000000180001fa0 f   Newton.obj
 0001:00000fb0       NewtonJointSetUserData     0000000180001fb0 f   Newton.obj
 0001:00000fc0       NewtonJointGetUserData     0000000180001fc0 f   Newton.obj
 0001:00000fd0       NewtonJointGetInfo         0000000180001fd0 f   Newton.obj
 0001:00000fe0       NewtonJointSetStiffness    0000000180001fe0 f   Newton.obj
 0001:00000ff0       NewtonJointGetStiffness    0000000180001ff0 f   Newton.obj
 0001:00001000       NewtonJointSetDestructor   0000000180002000 f   Newton.obj
 0001:00001010       NewtonDestroyJoint         0000000180002010 f   Newton.obj
 0001:00001020       NewtonMeshDestroy          0000000180002020 f   Newton.obj
 0001:00001040       NewtonMeshCalculateVertexNormals 0000000180002040 f   Newton.obj
 0001:00001050       NewtonMeshApplySphericalMapping 0000000180002050 f   Newton.obj
 0001:00001060       NewtonMeshApplyBoxMapping  0000000180002060 f   Newton.obj
 0001:00001070       NewtonMeshApplyCylindricalMapping 0000000180002070 f   Newton.obj
 0001:00001080       NewtonMeshBeginFace        0000000180002080 f   Newton.obj
 0001:00001090       NewtonMeshAddFace          0000000180002090 f   Newton.obj
 0001:000010b0       NewtonMeshEndFace          00000001800020b0 f   Newton.obj
 0001:000010c0       NewtonMeshGetVertexCount   00000001800020c0 f   Newton.obj
 0001:000010d0       NewtonMeshGetVertexStreams 00000001800020d0 f   Newton.obj
 0001:00001100       NewtonMeshGetIndirectVertexStreams 0000000180002100 f   Newton.obj
 0001:00001180       NewtonMeshFirstMaterial    0000000180002180 f   Newton.obj
 0001:00001190       NewtonMeshNextMaterial     0000000180002190 f   Newton.obj
 0001:000011a0       NewtonMeshMaterialGetMaterial 00000001800021a0 f   Newton.obj
 0001:000011b0       NewtonMeshMaterialGetIndexCount 00000001800021b0 f   Newton.obj
 0001:000011c0       NewtonMeshMaterialGetIndexStream 00000001800021c0 f   Newton.obj
 0001:000011d0       NewtonMeshMaterialGetIndexStreamShort 00000001800021d0 f   Newton.obj
 0001:000011e0       NewtonDestroy              00000001800021e0 f   Newton.obj
 0001:00001230       NewtonWorldCriticalSectionLock 0000000180002230 f   Newton.obj
 0001:00001250       NewtonWorldCriticalSectionUnlock 0000000180002250 f   Newton.obj
 0001:00001270       NewtonUpdate               0000000180002270 f   Newton.obj
 0001:00001330       NewtonSetMinimumFrameRate  0000000180002330 f   Newton.obj
 0001:00001370       NewtonWorldGetFirstBody    0000000180002370 f   Newton.obj
 0001:00001390       NewtonWorldGetNextBody     0000000180002390 f   Newton.obj
 0001:000013b0       NewtonIslandGetBodyAABB    00000001800023b0 f   Newton.obj
 0001:00001420       NewtonMaterialSetSurfaceThickness 0000000180002420 f   Newton.obj
 0001:00001480       NewtonMaterialSetDefaultFriction 0000000180002480 f   Newton.obj
 0001:00001530       NewtonMaterialSetDefaultElasticity 0000000180002530 f   Newton.obj
 0001:00001590       NewtonMaterialSetDefaultSoftness 0000000180002590 f   Newton.obj
 0001:000015f0       NewtonMaterialSetCollisionCallback 00000001800025f0 f   Newton.obj
 0001:00001630       NewtonMaterialGetUserData  0000000180002630 f   Newton.obj
 0001:00001650       NewtonMaterialGetMaterialPairUserData 0000000180002650 f   Newton.obj
 0001:00001660       NewtonMaterialGetContactNormalSpeed 0000000180002660 f   Newton.obj
 0001:000017e0       NewtonMaterialGetContactForce 00000001800027e0 f   Newton.obj
 0001:000018a0       NewtonMaterialGetBodyCollisionID 00000001800028a0 f   Newton.obj
 0001:000018c0       NewtonMaterialSetContactSoftness 00000001800028c0 f   Newton.obj
 0001:000018f0       NewtonMaterialSetContactElasticity 00000001800028f0 f   Newton.obj
 0001:00001920       NewtonMaterialSetContactFrictionCoef 0000000180002920 f   Newton.obj
 0001:000019d0       NewtonCreateConvexHull     00000001800029d0 f   Newton.obj
 0001:00001a90       NewtonCreateConvexHullModifier 0000000180002a90 f   Newton.obj
 0001:00001ab0       NewtonCreateCompoundCollision 0000000180002ab0 f   Newton.obj
 0001:00001ad0       NewtonCreateCompoundCollisionFromMesh 0000000180002ad0 f   Newton.obj
 0001:00001b00       NewtonCollisionSetUserID   0000000180002b00 f   Newton.obj
 0001:00001b10       NewtonCollisionGetUserID   0000000180002b10 f   Newton.obj
 0001:00001b20       NewtonConvexHullGetFaceIndices 0000000180002b20 f   Newton.obj
 0001:00001b40       NewtonCreateTreeCollision  0000000180002b40 f   Newton.obj
 0001:00001b60       NewtonStaticCollisionSetDebugCallback 0000000180002b60 f   Newton.obj
 0001:00001b90       NewtonTreeCollisionGetFaceAtribute 0000000180002b90 f   Newton.obj
 0001:00001ba0       NewtonTreeCollisionSetFaceAtribute 0000000180002ba0 f   Newton.obj
 0001:00001bb0       NewtonCreateHeightFieldCollision 0000000180002bb0 f   Newton.obj
 0001:00001c00       NewtonCreateSceneCollision 0000000180002c00 f   Newton.obj
 0001:00001c20       NewtonSceneProxySetMatrix  0000000180002c20 f   Newton.obj
 0001:00001c40       NewtonSceneProxyGetMatrix  0000000180002c40 f   Newton.obj
 0001:00001c80       NewtonCollisionCalculateAABB 0000000180002c80 f   Newton.obj
 0001:00001cf0       NewtonAddCollisionReference 0000000180002cf0 f   Newton.obj
 0001:00001d00       NewtonBodySetUserData      0000000180002d00 f   Newton.obj
 0001:00001d10       NewtonBodyGetUserData      0000000180002d10 f   Newton.obj
 0001:00001d20       NewtonBodyGetWorld         0000000180002d20 f   Newton.obj
 0001:00001d30       NewtonBodySetTransformCallback 0000000180002d30 f   Newton.obj
 0001:00001d40       NewtonBodyGetTransformCallback 0000000180002d40 f   Newton.obj
 0001:00001d50       NewtonBodyGetForceAndTorqueCallback 0000000180002d50 f   Newton.obj
 0001:00001d60       NewtonBodySetDestructorCallback 0000000180002d60 f   Newton.obj
 0001:00001d70       NewtonBodySetMassMatrix    0000000180002d70 f   Newton.obj
 0001:00001ea0       NewtonBodyGetMassMatrix    0000000180002ea0 f   Newton.obj
 0001:00001f20       NewtonBodyGetInvMass       0000000180002f20 f   Newton.obj
 0001:00001fd0       NewtonBodySetMatrixRecursive 0000000180002fd0 f   Newton.obj
 0001:00002010       NewtonBodyGetMatrix        0000000180003010 f   Newton.obj
 0001:00002030       NewtonBodyGetRotation      0000000180003030 f   Newton.obj
 0001:00002060       NewtonBodyGetForceAcc      0000000180003060 f   Newton.obj
 0001:000020c0       NewtonBodyGetForce         00000001800030c0 f   Newton.obj
 0001:00002120       NewtonBodyCalculateInverseDynamicsForce 0000000180003120 f   Newton.obj
 0001:00002190       NewtonBodyGetTorque        0000000180003190 f   Newton.obj
 0001:000021f0       NewtonBodyGetTorqueAcc     00000001800031f0 f   Newton.obj
 0001:00002250       NewtonBodyGetCentreOfMass  0000000180003250 f   Newton.obj
 0001:000022b0       NewtonContactJointGetContactCount 00000001800032b0 f   Newton.obj
 0001:000022d0       NewtonContactJointGetFirstContact 00000001800032d0 f   Newton.obj
 0001:000022f0       NewtonContactJointGetNextContact 00000001800032f0 f   Newton.obj
 0001:00002310       NewtonContactGetMaterial   0000000180003310 f   Newton.obj
 0001:00002320       NewtonBodyAddBuoyancyForce 0000000180003320 f   Newton.obj
 0001:00002390       NewtonBodyGetCollision     0000000180003390 f   Newton.obj
 0001:000023a0       NewtonBodySetMaterialGroupID 00000001800033a0 f   Newton.obj
 0001:000023b0       NewtonBodyGetMaterialGroupID 00000001800033b0 f   Newton.obj
 0001:000023c0       NewtonBodySetContinuousCollisionMode 00000001800033c0 f   Newton.obj
 0001:000023e0       NewtonBodyGetContinuousCollisionMode 00000001800033e0 f   Newton.obj
 0001:000023f0       NewtonBodySetJointRecursiveCollision 00000001800033f0 f   Newton.obj
 0001:00002410       NewtonBodyGetJointRecursiveCollision 0000000180003410 f   Newton.obj
 0001:00002420       NewtonBodyGetFreezeState   0000000180003420 f   Newton.obj
 0001:00002430       NewtonBodySetAutoSleep     0000000180003430 f   Newton.obj
 0001:00002450       NewtonBodyGetAutoSleep     0000000180003450 f   Newton.obj
 0001:00002460       NewtonBodyGetSleepState    0000000180003460 f   Newton.obj
 0001:00002470       NewtonBodyGetAABB          0000000180003470 f   Newton.obj
 0001:000024c0       NewtonBodySetVelocity      00000001800034c0 f   Newton.obj
 0001:00002530       NewtonBodyGetVelocity      0000000180003530 f   Newton.obj
 0001:00002590       NewtonBodySetOmega         0000000180003590 f   Newton.obj
 0001:00002600       NewtonBodyGetOmega         0000000180003600 f   Newton.obj
 0001:00002660       NewtonBodyGetLinearDamping 0000000180003660 f   Newton.obj
 0001:00002680       NewtonBodyAddImpulse       0000000180003680 f   Newton.obj
 0001:00002700       NewtonConstraintCreateBall 0000000180003700 f   Newton.obj
 0001:00002740       NewtonBallSetConeLimits    0000000180003740 f   Newton.obj
 0001:00002b70       NewtonConstraintCreateHinge 0000000180003b70 f   Newton.obj
 0001:00002bf0       NewtonConstraintCreateSlider 0000000180003bf0 f   Newton.obj
 0001:00002c70       NewtonConstraintCreateCorkscrew 0000000180003c70 f   Newton.obj
 0001:00002cf0       NewtonConstraintCreateUniversal 0000000180003cf0 f   Newton.obj
 0001:00002da0       ?SetCentreOfMass@dgBody@@QEAAXAEBVdgVector@@@Z 0000000180003da0 f i Newton.obj
 0001:00002ec0       NewtonConstraintCreateUpVector 0000000180003ec0 f   Newton.obj
 0001:00002f00       NewtonUpVectorSetPin       0000000180003f00 f   Newton.obj
 0001:00002f40       NewtonConstraintCreateUserJoint 0000000180003f40 f   Newton.obj
 0001:00002fc0       NewtonUserJointAddLinearRow 0000000180003fc0 f   Newton.obj
 0001:00003120       NewtonUserJointAddAngularRow 0000000180004120 f   Newton.obj
 0001:00003230       NewtonJointGetBody0        0000000180004230 f   Newton.obj
 0001:00003240       NewtonJointGetBody1        0000000180004240 f   Newton.obj
 0001:00003270       NewtonJointSetCollisionState 0000000180004270 f   Newton.obj
 0001:00003290       NewtonJointGetCollisionState 0000000180004290 f   Newton.obj
 0001:000032a0       NewtonMeshCreate           00000001800042a0 f   Newton.obj
 0001:000032d0       NewtonMeshCreateFromCollision 00000001800042d0 f   Newton.obj
 0001:00003300       NewtonMeshPlaneClip        0000000180004300 f   Newton.obj
 0001:00003360       ?Unlink@?$dgList@VdgContactMaterial@@@@QEAAXPEAVdgListNode@1@@Z 0000000180004360 f i Newton.obj
 0001:000033d0       NewtonSetWorldSize         00000001800043d0 f   Newton.obj
 0001:00003440       NewtonWorldForEachBodyInAABBDo 0000000180004440 f   Newton.obj
 0001:000034b0       NewtonWorldRayCast         00000001800044b0 f   Newton.obj
 0001:00003540       NewtonWorldConvexCast      0000000180004540 f   Newton.obj
 0001:000035e0       NewtonMaterialGetContactTangentSpeed 00000001800045e0 f   Newton.obj
 0001:000037d0       NewtonMaterialSetContactNormalDirection 00000001800047d0 f   Newton.obj
 0001:00003b90       NewtonMaterialContactRotateTangentDirections 0000000180004b90 f   Newton.obj
 0001:00003d60       NewtonConvexCollisionCalculateInertialMatrix 0000000180004d60 f   Newton.obj
 0001:00003dd0       NewtonCreateUserMeshCollision 0000000180004dd0 f   Newton.obj
 0001:00003ea0       NewtonTreeCollisionGetVertexListIndexListInAABB 0000000180004ea0 f   Newton.obj
 0001:00003f90       NewtonCollisionSupportVertex 0000000180004f90 f   Newton.obj
 0001:00004180       NewtonCollisionRayCast     0000000180005180 f   Newton.obj
 0001:000043f0       NewtonSetEulerAngle        00000001800053f0 f   Newton.obj
 0001:000048d0       NewtonBodySetForce         00000001800058d0 f   Newton.obj
 0001:000049a0       NewtonBodySetTorque        00000001800059a0 f   Newton.obj
 0001:00004a70       NewtonBodySetCentreOfMass  0000000180005a70 f   Newton.obj
 0001:00004ac0       NewtonBodySetLinearDamping 0000000180005ac0 f   Newton.obj
 0001:00004b00       NewtonBodySetAngularDamping 0000000180005b00 f   Newton.obj
 0001:00004bb0       NewtonBodyGetAngularDamping 0000000180005bb0 f   Newton.obj
 0001:00004c00       ?AddForce@dgBody@@QEAAXAEBVdgVector@@@Z 0000000180005c00 f i Newton.obj
 0001:00004cf0       ?AddTorque@dgBody@@QEAAXAEBVdgVector@@@Z 0000000180005cf0 f i Newton.obj
 0001:00004de0       NewtonCreate               0000000180005de0 f   Newton.obj
 0001:00004ee0       NewtonDestroyAllBodies     0000000180005ee0 f   Newton.obj
 0001:00004f50       NewtonBodyAddForce         0000000180005f50 f   Newton.obj
 0001:00004f90       NewtonBodyAddTorque        0000000180005f90 f   Newton.obj
 0001:00004fd0       NewtonContactJointRemoveContact 0000000180005fd0 f   Newton.obj
 0001:00005010       NewtonWorldForEachJointDo  0000000180006010 f   Newton.obj
 0001:000051b0       ?Append@?$dgList@UNewtonMeshPartition@@@@QEAAPEAVdgListNode@1@XZ 00000001800061b0 f i NewtonAproximateConvexPartition.obj
 0001:000052a0       ?CalculateHulls@NewtonAproximateConvexPartition@@QEAAXPEBVdgVector@@H@Z 00000001800062a0 f   NewtonAproximateConvexPartition.obj
 0001:00005400       ?RemoveAll@?$dgList@UNewtonMeshPartition@@@@QEAAXXZ 0000000180006400 f i NewtonAproximateConvexPartition.obj
 0001:000054b0       ??0NewtonAproximateConvexPartition@@QEAA@AEBVNewtonMeshEffect@@NH@Z 00000001800064b0 f   NewtonAproximateConvexPartition.obj
 0001:00005550       ??1NewtonAproximateConvexPartition@@QEAA@XZ 0000000180006550 f   NewtonAproximateConvexPartition.obj
 0001:00005560       ?DefaultAllocMemory@Newton@@SAPEAXH@Z 0000000180006560 f   NewtonClass.obj
 0001:00005570       ?JacobianDerivative@NewtonUserJoint@@UEAAIAEAVdgContraintDescritor@@@Z 0000000180006570 f   NewtonClass.obj
 0001:000055b0       ?SetAcceleration@NewtonUserJoint@@QEAAXN@Z 00000001800065b0 f   NewtonClass.obj
 0001:000055e0       ?SetSpringDamperAcceleration@NewtonUserJoint@@QEAAXNN@Z 00000001800065e0 f   NewtonClass.obj
 0001:00005660       ?GetRowForce@NewtonUserJoint@@QEBANH@Z 0000000180006660 f   NewtonClass.obj
 0001:00005690       ?GetInfo@NewtonUserJoint@@UEBAXPEAVdgConstraintInfo@@@Z 0000000180006690 f   NewtonClass.obj
 0001:000056e0       ??_ENewtonUserJoint@@UEAAPEAXI@Z 00000001800066e0 f i NewtonClass.obj
 0001:000056e0       ??_GNewtonUserJoint@@UEAAPEAXI@Z 00000001800066e0 f i NewtonClass.obj
 0001:00005740       ?SetHighFriction@NewtonUserJoint@@QEAAXN@Z 0000000180006740 f   NewtonClass.obj
 0001:000057b0       ?SetLowerFriction@NewtonUserJoint@@QEAAXN@Z 00000001800067b0 f   NewtonClass.obj
 0001:00005820       ?SetRowStiffness@NewtonUserJoint@@QEAAXN@Z 0000000180006820 f   NewtonClass.obj
 0001:00005880       ?SetUpdateFeedbackFunction@NewtonUserJoint@@QEAAXP6AXPEBUNewtonJoint@@NH@Z@Z 0000000180006880 f   NewtonClass.obj
 0001:00005890       ?DestroyJoints@NewtonDeadJoints@@QEAAXAEAVNewton@@@Z 0000000180006890 f   NewtonClass.obj
 0001:00005920       ??1Newton@@QEAA@XZ         0000000180006920 f   NewtonClass.obj
 0001:00005990       ??0NewtonUserJoint@@QEAA@PEAVdgWorld@@HP6AXPEBUNewtonJoint@@NH@ZP6AX1PEAUNewtonJointRecord@@@ZPEAVdgBody@@5@Z 0000000180006990 f   NewtonClass.obj
 0001:00005a60       ?AddAngularRowJacobian@NewtonUserJoint@@QEAAXAEBVdgVector@@N@Z 0000000180006a60 f   NewtonClass.obj
 0001:00005b50       ?AddGeneralRowJacobian@NewtonUserJoint@@QEAAXPEBN0@Z 0000000180006b50 f   NewtonClass.obj
 0001:00005c40       ?AddLinearRowJacobian@NewtonUserJoint@@QEAAXAEBVdgVector@@00@Z 0000000180006c40 f   NewtonClass.obj
 0001:00005d30       ?Insert@?$dgTree@PEAVdgBody@@PEAX@@QEAAPEAVdgTreeNode@1@AEBQEAVdgBody@@PEAXAEA_N@Z 0000000180006d30 f i NewtonClass.obj
 0001:00005d30       ?Insert@?$dgTree@PEAVdgConstraint@@PEAX@@QEAAPEAVdgTreeNode@1@AEBQEAVdgConstraint@@PEAXAEA_N@Z 0000000180006d30 f i NewtonClass.obj
 0001:00005e10       ??0NewtonDeadJoints@@QEAA@XZ 0000000180006e10 f   NewtonClass.obj
 0001:00005e10       ??0NewtonDeadBodies@@QEAA@XZ 0000000180006e10 f   NewtonClass.obj
 0001:00005e80       ??0Newton@@QEAA@N@Z        0000000180006e80 f   NewtonClass.obj
 0001:00005ee0       ?DestroyJoint@Newton@@QEAAXPEAVdgConstraint@@@Z 0000000180006ee0 f   NewtonClass.obj
 0001:00005f20       ?DestroyBody@Newton@@QEAAXPEAVdgBody@@@Z 0000000180006f20 f   NewtonClass.obj
 0001:00005f60       ?DestroyBodies@NewtonDeadBodies@@QEAAXAEAVNewton@@@Z 0000000180006f60 f   NewtonClass.obj
 0001:000060e0       ?UpdatePhysics@Newton@@QEAAXN@Z 00000001800070e0 f   NewtonClass.obj
 0001:00006130       ?GetShapeFromCollision@NewtonMeshEffectBuilder@@SAXPEAXHPEBNH@Z 0000000180007130 f i NewtonMeshEffect.obj
 0001:00006260       ?AddVertex@NewtonMeshEffect@@AEAAXPEBNH@Z 0000000180007260 f   NewtonMeshEffect.obj
 0001:00006420       ?AddPolygon@NewtonMeshEffect@@QEAAXHPEBNHH@Z 0000000180007420 f   NewtonMeshEffect.obj
 0001:000064e0       ?GetVertexStreams@NewtonMeshEffect@@QEAAXHPEANH0H0@Z 00000001800074e0 f   NewtonMeshEffect.obj
 0001:00006600       ?GetIndirectVertexStreams@NewtonMeshEffect@@QEAAXHPEANPEAH1H011H011@Z 0000000180007600 f   NewtonMeshEffect.obj
 0001:00006870       ?GetNextMaterial@NewtonMeshEffect@@QEAAHH@Z 0000000180007870 f   NewtonMeshEffect.obj
 0001:000068b0       ?GetMaterialGetIndexStream@NewtonMeshEffect@@QEAAXHPEAH@Z 00000001800078b0 f   NewtonMeshEffect.obj
 0001:00006930       ?GetMaterialGetIndexStreamShort@NewtonMeshEffect@@QEAAXHPEAF@Z 0000000180007930 f   NewtonMeshEffect.obj
 0001:000069b0       ?CreateConvexAproximationCollision@NewtonMeshEffect@@QEBAPEAVdgCollision@@NH@Z 00000001800079b0 f   NewtonMeshEffect.obj
 0001:000069e0       ??0NewtonMeshEffect@@QEAA@_N@Z 00000001800079e0 f   NewtonMeshEffect.obj
 0001:00006a60       ??_ENewtonMeshEffect@@UEAAPEAXI@Z 0000000180007a60 f i NewtonMeshEffect.obj
 0001:00006a60       ??_GNewtonMeshEffect@@UEAAPEAXI@Z 0000000180007a60 f i NewtonMeshEffect.obj
 0001:00006ac0       ?EndPolygon@NewtonMeshEffect@@QEAAXXZ 0000000180007ac0 f   NewtonMeshEffect.obj
 0001:00006d20       ?CreateConvexCollision@NewtonMeshEffect@@QEBAPEAVdgCollision@@NH@Z 0000000180007d20 f   NewtonMeshEffect.obj
 0001:00006dc0       ??0NewtonMeshEffect@@QEAA@PEAVdgCollision@@@Z 0000000180007dc0 f   NewtonMeshEffect.obj
 0001:000070a0       ?GetAttriubeArray@NewtonMeshEffect@@AEAAXPEAUdgVertexAtribute@1@@Z 00000001800080a0 f   NewtonMeshEffect.obj
 0001:00007170       ?ApplyAttriubeArray@NewtonMeshEffect@@AEAAXPEAUdgVertexAtribute@1@@Z 0000000180008170 f   NewtonMeshEffect.obj
 0001:00007270       ?GetOrigin@NewtonMeshEffect@@AEBA?AVdgVector@@XZ 0000000180008270 f   NewtonMeshEffect.obj
 0001:000073c0       ?FixCylindricalMapping@NewtonMeshEffect@@AEBAXPEAUdgVertexAtribute@1@@Z 00000001800083c0 f   NewtonMeshEffect.obj
 0001:00007510       ?SphericalMapping@NewtonMeshEffect@@QEAAXH@Z 0000000180008510 f   NewtonMeshEffect.obj
 0001:00007810       ?CylindricalMapping@NewtonMeshEffect@@QEAAXHH@Z 0000000180008810 f   NewtonMeshEffect.obj
 0001:00007d00       ?BoxMapping@NewtonMeshEffect@@QEAAXHHH@Z 0000000180008d00 f   NewtonMeshEffect.obj
 0001:000080c0       ?CalcualetNormals@NewtonMeshEffect@@QEAAXN@Z 00000001800090c0 f   NewtonMeshEffect.obj
 0001:00008530       ?GetFirstMaterial@NewtonMeshEffect@@QEAAHXZ 0000000180009530 f   NewtonMeshEffect.obj
 0001:000086f0       ?CapClipFace@NewtonMeshEffect@@AEAA_NAEBVdgPlane@@AEBVdgMatrix@@HH@Z 00000001800096f0 f   NewtonMeshEffect.obj
 0001:00008a20       ?PlaneClip@NewtonMeshEffect@@QEAAHAEBVdgPlane@@AEBVdgMatrix@@PEAPEAV1@HH@Z 0000000180009a20 f   NewtonMeshEffect.obj
 0001:00009950       ?ModifierGetMatrix@dgCollision@@UEBA?AVdgMatrix@@XZ 000000018000a950 f i physics_2009:dgWorld.obj
 0001:00009980       ?Release@dgCollision@@UEAAHXZ 000000018000a980 f i physics_2009:dgWorld.obj
 0001:000099b0       ?GetSentinelBody@dgWorld@@QEBAPEAVdgBody@@XZ 000000018000a9b0 f   physics_2009:dgWorld.obj
 0001:000099c0       ?SetFrictionMode@dgWorld@@QEAAXH@Z 000000018000a9c0 f   physics_2009:dgWorld.obj
 0001:000099d0       ?SetHardwareMode@dgWorld@@QEAAXH@Z 000000018000a9d0 f   physics_2009:dgWorld.obj
 0001:00009a00       ?GetHardwareMode@dgWorld@@QEAAHPEAD@Z 000000018000aa00 f   physics_2009:dgWorld.obj
 0001:00009a50       ?SetThreadsCount@dgWorld@@QEAAXH@Z 000000018000aa50 f   physics_2009:dgWorld.obj
 0001:00009a90       ?GetThreadsCount@dgWorld@@QEBAHXZ 000000018000aa90 f   physics_2009:dgWorld.obj
 0001:00009aa0       ?EnableThreadOnSingleIsland@dgWorld@@QEAAXH@Z 000000018000aaa0 f   physics_2009:dgWorld.obj
 0001:00009ab0       ?GetThreadOnSingleIsland@dgWorld@@QEBAHXZ 000000018000aab0 f   physics_2009:dgWorld.obj
 0001:00009ac0       ?DestroyConstraint@dgWorld@@QEAAXPEAVdgConstraint@@@Z 000000018000aac0 f   physics_2009:dgWorld.obj
 0001:00009af0       ?UpdateCollision@dgWorld@@QEAAXXZ 000000018000aaf0 f   physics_2009:dgWorld.obj
 0001:00009b80       ?Update@dgWorld@@QEAAXN@Z  000000018000ab80 f   physics_2009:dgWorld.obj
 0001:00009c30       ?SetPerfomanceCounter@dgWorld@@QEAAXP6AIXZ@Z 000000018000ac30 f   physics_2009:dgWorld.obj
 0001:00009c80       ?SetUserData@dgWorld@@QEAAXPEAX@Z 000000018000ac80 f   physics_2009:dgWorld.obj
 0001:00009c90       ?GetUserData@dgWorld@@QEBAPEAXXZ 000000018000ac90 f   physics_2009:dgWorld.obj
 0001:00009ca0       ?SetIslandUpdateCallback@dgWorld@@QEAAXP6AIPEAXH@Z@Z 000000018000aca0 f   physics_2009:dgWorld.obj
 0001:00009cb0       ?SetDestroyCollisionCallback@dgWorld@@QEAAXP6AXPEAVdgCollision@@@Z@Z 000000018000acb0 f   physics_2009:dgWorld.obj
 0001:00009cc0       ?SetLeavingWorldCallback@dgWorld@@QEAAXP6AXPEAVdgBody@@H@Z@Z 000000018000acc0 f   physics_2009:dgWorld.obj
 0001:00009cd0       ?CreateBallConstraint@dgWorld@@QEAAPEAVdgBallConstraint@@AEBVdgVector@@PEAVdgBody@@1@Z 000000018000acd0 f   physics_2009:dgWorld.obj
 0001:00009d50       ?CreateHingeConstraint@dgWorld@@QEAAPEAVdgHingeConstraint@@AEBVdgVector@@0PEAVdgBody@@1@Z 000000018000ad50 f   physics_2009:dgWorld.obj
 0001:00009de0       ?CreateUpVectorConstraint@dgWorld@@QEAAPEAVdgUpVectorConstraint@@AEBVdgVector@@PEAVdgBody@@@Z 000000018000ade0 f   physics_2009:dgWorld.obj
 0001:00009e50       ?CreateSlidingConstraint@dgWorld@@QEAAPEAVdgSlidingConstraint@@AEBVdgVector@@0PEAVdgBody@@1@Z 000000018000ae50 f   physics_2009:dgWorld.obj
 0001:00009ee0       ?CreateCorkscrewConstraint@dgWorld@@QEAAPEAVdgCorkscrewConstraint@@AEBVdgVector@@0PEAVdgBody@@1@Z 000000018000aee0 f   physics_2009:dgWorld.obj
 0001:00009f70       ?CreateUniversalConstraint@dgWorld@@QEAAPEAVdgUniversalConstraint@@AEBVdgVector@@00PEAVdgBody@@1@Z 000000018000af70 f   physics_2009:dgWorld.obj
 0001:0000a000       ?GetConstraintsCount@dgWorld@@QEBAHXZ 000000018000b000 f   physics_2009:dgWorld.obj
 0001:0000a010       ?AddBodyImpulse@dgWorld@@QEAAXPEAVdgBody@@AEBVdgVector@@1@Z 000000018000b010 f   physics_2009:dgWorld.obj
 0001:0000a040       ??_EdgCollisionPoint@@UEAAPEAXI@Z 000000018000b040 f i physics_2009:dgWorld.obj
 0001:0000a040       ??_GdgCollisionPoint@@UEAAPEAXI@Z 000000018000b040 f i physics_2009:dgWorld.obj
 0001:0000a070       ??_GdgParallelSolverInitFeedbackUpdate@@UEAAPEAXI@Z 000000018000b070 f i physics_2009:dgWorld.obj
 0001:0000a070       ??_EdgWorkerThread@@UEAAPEAXI@Z 000000018000b070 f i physics_2009:dgWorld.obj
 0001:0000a070       ??_EdgSetTrreadRoundMode@dgWorld@@UEAAPEAXI@Z 000000018000b070 f i physics_2009:dgWorld.obj
 0001:0000a070       ??_GdgParallelSolverJointAcceleration@@UEAAPEAXI@Z 000000018000b070 f i physics_2009:dgWorld.obj
 0001:0000a070       ??_EdgParallelSolverBuildJacobianRows@@UEAAPEAXI@Z 000000018000b070 f i physics_2009:dgWorld.obj
 0001:0000a070       ??_GdgParallelSolverCalculateForces@@UEAAPEAXI@Z 000000018000b070 f i physics_2009:dgWorld.obj
 0001:0000a070       ??_GdgSolverWorlkerThreads@@UEAAPEAXI@Z 000000018000b070 f i physics_2009:dgWorld.obj
 0001:0000a070       ??_EdgParallelSolverJointAcceleration@@UEAAPEAXI@Z 000000018000b070 f i physics_2009:dgWorld.obj
 0001:0000a070       ??_EdgBroadPhaseCellPairsWorkerThread@@UEAAPEAXI@Z 000000018000b070 f i physics_2009:dgBroadPhaseCollision.obj
 0001:0000a070       ??_GdgSetTrreadRoundMode@dgWorld@@UEAAPEAXI@Z 000000018000b070 f i physics_2009:dgWorld.obj
 0001:0000a070       ??_GdgWorkerThread@@UEAAPEAXI@Z 000000018000b070 f i physics_2009:dgWorld.obj
 0001:0000a070       ??_GdgParallelSolverBuildJacobianMatrix@@UEAAPEAXI@Z 000000018000b070 f i physics_2009:dgWorld.obj
 0001:0000a070       ??_GdgBroadPhaseMaterialCallbackWorkerThread@@UEAAPEAXI@Z 000000018000b070 f i physics_2009:dgBroadPhaseCollision.obj
 0001:0000a070       ??_GdgParallelSolverUpdateForce@@UEAAPEAXI@Z 000000018000b070 f i physics_2009:dgWorld.obj
 0001:0000a070       ??_EdgParallelSolverBodyInertia@@UEAAPEAXI@Z 000000018000b070 f i physics_2009:dgWorld.obj
 0001:0000a070       ??_EdgBroadPhaseCalculateContactsWorkerThread@@UEAAPEAXI@Z 000000018000b070 f i physics_2009:dgBroadPhaseCollision.obj
 0001:0000a070       ??_GdgParallelSolverUpdateVeloc@@UEAAPEAXI@Z 000000018000b070 f i physics_2009:dgWorld.obj
 0001:0000a070       ??_GdgParallelSolverBuildJacobianRows@@UEAAPEAXI@Z 000000018000b070 f i physics_2009:dgWorld.obj
 0001:0000a070       ??_EdgParallelSolverBuildJacobianMatrix@@UEAAPEAXI@Z 000000018000b070 f i physics_2009:dgWorld.obj
 0001:0000a070       ??_GdgParallelSolverClear@@UEAAPEAXI@Z 000000018000b070 f i physics_2009:dgWorld.obj
 0001:0000a070       ??_EdgParallelSolverInitFeedbackUpdate@@UEAAPEAXI@Z 000000018000b070 f i physics_2009:dgWorld.obj
 0001:0000a070       ??_EdgSolverWorlkerThreads@@UEAAPEAXI@Z 000000018000b070 f i physics_2009:dgWorld.obj
 0001:0000a070       ??_GdgParallelSolverBodyInertia@@UEAAPEAXI@Z 000000018000b070 f i physics_2009:dgWorld.obj
 0001:0000a070       ??_EdgParallelSolverCalculateForces@@UEAAPEAXI@Z 000000018000b070 f i physics_2009:dgWorld.obj
 0001:0000a070       ??_GdgBroadPhaseApplyExternalForce@@UEAAPEAXI@Z 000000018000b070 f i physics_2009:dgBroadPhaseCollision.obj
 0001:0000a070       ??_EdgParallelSolverInitInternalForces@@UEAAPEAXI@Z 000000018000b070 f i physics_2009:dgWorld.obj
 0001:0000a070       ??_EdgParallelSolverUpdateForce@@UEAAPEAXI@Z 000000018000b070 f i physics_2009:dgWorld.obj
 0001:0000a070       ??_EdgBroadPhaseMaterialCallbackWorkerThread@@UEAAPEAXI@Z 000000018000b070 f i physics_2009:dgBroadPhaseCollision.obj
 0001:0000a070       ??_EdgBroadPhaseApplyExternalForce@@UEAAPEAXI@Z 000000018000b070 f i physics_2009:dgBroadPhaseCollision.obj
 0001:0000a070       ??_GdgBroadPhaseCellPairsWorkerThread@@UEAAPEAXI@Z 000000018000b070 f i physics_2009:dgBroadPhaseCollision.obj
 0001:0000a070       ??_EdgParallelSolverClear@@UEAAPEAXI@Z 000000018000b070 f i physics_2009:dgWorld.obj
 0001:0000a070       ??_GdgBroadPhaseCalculateContactsWorkerThread@@UEAAPEAXI@Z 000000018000b070 f i physics_2009:dgBroadPhaseCollision.obj
 0001:0000a070       ??_GdgParallelSolverInitInternalForces@@UEAAPEAXI@Z 000000018000b070 f i physics_2009:dgWorld.obj
 0001:0000a070       ??_EdgParallelSolverUpdateVeloc@@UEAAPEAXI@Z 000000018000b070 f i physics_2009:dgWorld.obj
 0001:0000a0a0       ?SetSolverMode@dgWorld@@QEAAXH@Z 000000018000b0a0 f   physics_2009:dgWorld.obj
 0001:0000a0b0       ?RemoveAllGroupID@dgWorld@@QEAAXXZ 000000018000b0b0 f   physics_2009:dgWorld.obj
 0001:0000a110       ?DestroyBody@dgWorld@@QEAAXPEAVdgBody@@@Z 000000018000b110 f   physics_2009:dgWorld.obj
 0001:0000a180       ?GetPerfomanceTicks@dgWorld@@QEBAII@Z 000000018000b180 f   physics_2009:dgWorld.obj
 0001:0000a1a0       ?GetBodiesCount@dgWorld@@QEBAHXZ 000000018000b1a0 f   physics_2009:dgWorld.obj
 0001:0000a1b0       ?AreBodyConnectedByJoints@dgWorld@@AEAA_NPEAVdgBody@@0@Z 000000018000b1b0 f   physics_2009:dgWorld.obj
 0001:0000a2a0       ?FlushCache@dgWorld@@QEAAXXZ 000000018000b2a0 f   physics_2009:dgWorld.obj
 0001:0000a320       ??0dgWorldDynamicUpdate@@QEAA@XZ 000000018000b320 f i physics_2009:dgWorld.obj
 0001:0000a950       ??1dgWorldDynamicUpdate@@QEAA@XZ 000000018000b950 f i physics_2009:dgWorld.obj
 0001:0000aac0       ?DestroyAllBodies@dgWorld@@QEAAXXZ 000000018000bac0 f   physics_2009:dgWorld.obj
 0001:0000ab60       ?CreateBody@dgWorld@@QEAAPEAVdgBody@@PEAVdgCollision@@@Z 000000018000bb60 f   physics_2009:dgWorld.obj
 0001:0000ace0       ?BodySetMatrix@dgWorld@@QEAAXPEAVdgBody@@AEBVdgMatrix@@@Z 000000018000bce0 f   physics_2009:dgWorld.obj
 0001:0000b0c0       ??1dgWorld@@QEAA@XZ        000000018000c0c0 f   physics_2009:dgWorld.obj
 0001:0000b300       ??0dgWorld@@QEAA@XZ        000000018000c300 f   physics_2009:dgWorld.obj
 0001:0000b910       ?GetIslandBody@dgWorld@@QEBAPEAVdgBody@@PEBXH@Z 000000018000c910 f   physics_2009:dgWorldDynamicUpdate.obj
 0001:0000b940       ?ReallocBodyMemory@dgWorldDynamicUpdate@@AEAAXH@Z 000000018000c940 f   physics_2009:dgWorldDynamicUpdate.obj
 0001:0000ba20       ?ReallocIslandMemory@dgWorldDynamicUpdate@@AEAAXH@Z 000000018000ca20 f   physics_2009:dgWorldDynamicUpdate.obj
 0001:0000bb10       ?ReallocJointsMemory@dgWorldDynamicUpdate@@AEAAXH@Z 000000018000cb10 f   physics_2009:dgWorldDynamicUpdate.obj
 0001:0000bbf0       ?ReallocJacobiansMemory@dgWorldDynamicUpdate@@AEAAXHH@Z 000000018000cbf0 f   physics_2009:dgWorldDynamicUpdate.obj
 0001:0000bf00       ?ReallocIntenalForcesMemory@dgWorldDynamicUpdate@@AEAAXHH@Z 000000018000cf00 f   physics_2009:dgWorldDynamicUpdate.obj
 0001:0000c040       ?GetJacobialDerivativesParallel@dgWorldDynamicUpdate@@AEAAHAEBVdgIsland@@_NHN@Z 000000018000d040 f   physics_2009:dgWorldDynamicUpdate.obj
 0001:0000c1a0       ?ThreadExecute@dgParallelSolverJointAcceleration@@UEAAXXZ 000000018000d1a0 f   physics_2009:dgWorldDynamicUpdate.obj
 0001:0000c3c0       ?ThreadExecute@dgParallelSolverInitFeedbackUpdate@@UEAAXXZ 000000018000d3c0 f   physics_2009:dgWorldDynamicUpdate.obj
 0001:0000c500       ??$dgSort@VdgIsland@@@@YAXQEAVdgIsland@@HP6AHQEBV0@1PEAX@Z2@Z 000000018000d500 f i physics_2009:dgWorldDynamicUpdate.obj
 0001:0000c800       ?BuildIsland@dgWorldDynamicUpdate@@AEAAXAEAV?$dgQueue@PEAVdgBody@@@@HHH@Z 000000018000d800 f   physics_2009:dgWorldDynamicUpdate.obj
 0001:0000cb00       ?SpanningTree@dgWorldDynamicUpdate@@AEAAXPEAVdgBody@@@Z 000000018000db00 f   physics_2009:dgWorldDynamicUpdate.obj
 0001:0000d020       ?IntegrateArray@dgWorldDynamicUpdate@@AEBAXPEBVdgBodyInfo@@HNNH_N@Z 000000018000e020 f   physics_2009:dgWorldDynamicUpdate.obj
 0001:0000d700       ?ApplyExternalForcesAndAcceleration@dgJacobianMemory@@QEBAXN@Z 000000018000e700 f   physics_2009:dgWorldDynamicUpdate.obj
 0001:0000e570       ?SwapRows@dgJacobianMemory@@QEBAXHH@Z 000000018000f570 f   physics_2009:dgWorldDynamicUpdate.obj
 0001:0000e770       ?CalculateSimpleBodyReactionsForces@dgJacobianMemory@@QEBAXN@Z 000000018000f770 f   physics_2009:dgWorldDynamicUpdate.obj
 0001:00010780       ?CalculateJointForces@dgJacobianMemory@@QEBANHPEANN@Z 0000000180011780 f   physics_2009:dgWorldDynamicUpdate.obj
 0001:00012040       ?CalculateForcesGameMode@dgJacobianMemory@@QEBAXHN@Z 0000000180013040 f   physics_2009:dgWorldDynamicUpdate.obj
 0001:00013c40       ?ThreadExecute@dgParallelSolverBuildJacobianRows@@UEAAXXZ 0000000180014c40 f   physics_2009:dgWorldDynamicUpdate.obj
 0001:00014400       ?BuildJacobianMatrixParallel@dgWorldDynamicUpdate@@AEAAXAEBVdgIsland@@NH@Z 0000000180015400 f   physics_2009:dgWorldDynamicUpdate.obj
 0001:000147d0       ?ThreadExecute@dgParallelSolverClear@@UEAAXXZ 00000001800157d0 f   physics_2009:dgWorldDynamicUpdate.obj
 0001:00014950       ?ThreadExecute@dgParallelSolverInitInternalForces@@UEAAXXZ 0000000180015950 f   physics_2009:dgWorldDynamicUpdate.obj
 0001:000152c0       ?ThreadExecute@dgParallelSolverUpdateVeloc@@UEAAXXZ 00000001800162c0 f   physics_2009:dgWorldDynamicUpdate.obj
 0001:00015540       ?ThreadExecute@dgParallelSolverUpdateForce@@UEAAXXZ 0000000180016540 f   physics_2009:dgWorldDynamicUpdate.obj
 0001:00015a80       ?ThreadExecute@dgParallelSolverCalculateForces@@UEAAXXZ 0000000180016a80 f   physics_2009:dgWorldDynamicUpdate.obj
 0001:00016140       ?CalculateForcesGameModeParallel@dgJacobianMemory@@QEBAXHNH@Z 0000000180017140 f   physics_2009:dgWorldDynamicUpdate.obj
 0001:00016bd0       ?AddDamingAcceleration@dgBody@@AEAAXXZ 0000000180017bd0 f i physics_2009:dgWorldDynamicUpdate.obj
 0001:00016de0       ?CalculateForcesSimulationMode@dgJacobianMemory@@QEBAXN@Z 0000000180017de0 f   physics_2009:dgWorldDynamicUpdate.obj
 0001:0001af90       ?ThreadExecute@dgParallelSolverBodyInertia@@UEAAXXZ 000000018001bf90 f   physics_2009:dgWorldDynamicUpdate.obj
 0001:0001b030       ?UpdateDynamics@dgWorldDynamicUpdate@@AEAAXPEAVdgWorld@@HN@Z 000000018001c030 f   physics_2009:dgWorldDynamicUpdate.obj
 0001:0001b530       ?ThreadExecute@dgParallelSolverBuildJacobianMatrix@@UEAAXXZ 000000018001c530 f   physics_2009:dgWorldDynamicUpdate.obj
 0001:0001bd50       ?GetJacobialDerivatives@dgWorldDynamicUpdate@@AEAAHAEBVdgIsland@@H_NHN@Z 000000018001cd50 f   physics_2009:dgWorldDynamicUpdate.obj
 0001:0001c5a0       ?BuildJacobianMatrix@dgWorldDynamicUpdate@@AEAAXAEBVdgIsland@@HN@Z 000000018001d5a0 f   physics_2009:dgWorldDynamicUpdate.obj
 0001:0001cf50       ?ThreadExecute@dgSolverWorlkerThreads@@UEAAXXZ 000000018001df50 f   physics_2009:dgWorldDynamicUpdate.obj
 0001:0001d900       ?CreateConvexModifier@dgWorld@@QEAAPEAVdgCollision@@PEAV2@@Z 000000018001e900 f   physics_2009:dgNarrowPhaseCollision.obj
 0001:0001d960       ?CreateCompoundCollision@dgWorld@@QEAAPEAVdgCollision@@HQEBQEAV2@@Z 000000018001e960 f   physics_2009:dgNarrowPhaseCollision.obj
 0001:0001d9c0       ?CreateBVH@dgWorld@@QEAAPEAVdgCollision@@XZ 000000018001e9c0 f   physics_2009:dgNarrowPhaseCollision.obj
 0001:0001d9f0       ?CreateStaticUserMesh@dgWorld@@QEAAPEAVdgCollision@@AEBVdgVector@@0AEBVdgUserMeshCreation@@@Z 000000018001e9f0 f   physics_2009:dgNarrowPhaseCollision.obj
 0001:0001da50       ?CreateBVHFieldCollision@dgWorld@@QEAAPEAVdgCollision@@HHHPEAGPEADNN@Z 000000018001ea50 f   physics_2009:dgNarrowPhaseCollision.obj
 0001:0001daf0       ?CreateScene@dgWorld@@QEAAPEAVdgCollision@@XZ 000000018001eaf0 f   physics_2009:dgNarrowPhaseCollision.obj
 0001:0001db20       ?Serialize@dgWorld@@QEBAXPEAVdgCollision@@P6AXPEAXPEBX_K@Z1@Z 000000018001eb20 f   physics_2009:dgNarrowPhaseCollision.obj
 0001:0001dba0       ?GetDefualtBodyGroupID@dgWorld@@QEBAIXZ 000000018001eba0 f   physics_2009:dgNarrowPhaseCollision.obj
 0001:0001dbb0       ??$dgSort@VdgContactPoint@@@@YAXQEAVdgContactPoint@@HP6AHQEBV0@1PEAX@Z2@Z 000000018001ebb0 f i physics_2009:dgNarrowPhaseCollision.obj
 0001:0001de60       ?GetFirstMaterial@dgWorld@@QEBAPEAVdgContactMaterial@@XZ 000000018001ee60 f   physics_2009:dgNarrowPhaseCollision.obj
 0001:0001de90       ?GetNextMaterial@dgWorld@@QEBAPEAVdgContactMaterial@@PEAV2@@Z 000000018001ee90 f   physics_2009:dgNarrowPhaseCollision.obj
 0001:0001def0       ?ReduceContacts@dgWorld@@AEBAHHQEAVdgContactPoint@@HNH@Z 000000018001eef0 f   physics_2009:dgNarrowPhaseCollision.obj
 0001:0001e0d0       ?PruneContacts@dgWorld@@AEBAHHQEAVdgContactPoint@@H@Z 000000018001f0d0 f   physics_2009:dgNarrowPhaseCollision.obj
 0001:0001e2a0       ?ProcessCachedContacts@dgWorld@@AEBAXPEAVdgContact@@PEBVdgContactMaterial@@NH@Z 000000018001f2a0 f   physics_2009:dgNarrowPhaseCollision.obj
 0001:0001e3b0       ?ProcessTriggers@dgWorld@@AEAAXAEAUdgPair@dgCollidingPairCollector@@NH@Z 000000018001f3b0 f   physics_2009:dgNarrowPhaseCollision.obj
 0001:0001e4e0       ?ValidateContactCache@dgWorld@@AEBAHPEAVdgBody@@0PEAVdgContact@@@Z 000000018001f4e0 f   physics_2009:dgNarrowPhaseCollision.obj
 0001:0001ed10       ?CompoundContactsSimd@dgWorld@@AEBAXQEAUdgPair@dgCollidingPairCollector@@AEAVdgCollisionParamProxi@@@Z 000000018001fd10 f   physics_2009:dgNarrowPhaseCollision.obj
 0001:0001f610       ?CompoundContacts@dgWorld@@AEBAXQEAUdgPair@dgCollidingPairCollector@@AEAVdgCollisionParamProxi@@@Z 0000000180020610 f   physics_2009:dgNarrowPhaseCollision.obj
 0001:00020500       ?ConvexContactsSimd@dgWorld@@AEBAXQEAUdgPair@dgCollidingPairCollector@@AEAVdgCollisionParamProxi@@@Z 0000000180021500 f   physics_2009:dgNarrowPhaseCollision.obj
 0001:00020670       ?ConvexContacts@dgWorld@@AEBAXQEAUdgPair@dgCollidingPairCollector@@AEAVdgCollisionParamProxi@@@Z 0000000180021670 f   physics_2009:dgNarrowPhaseCollision.obj
 0001:000207e0       ?SceneContacts@dgWorld@@AEBAXAEBUdgProxy@dgCollisionScene@@QEAUdgPair@dgCollidingPairCollector@@AEAVdgCollisionParamProxi@@@Z 00000001800217e0 f   physics_2009:dgNarrowPhaseCollision.obj
 0001:00020910       ?SceneContacts@dgWorld@@AEBAXQEAUdgPair@dgCollidingPairCollector@@AEAVdgCollisionParamProxi@@@Z 0000000180021910 f   physics_2009:dgNarrowPhaseCollision.obj
 0001:000209f0       ?SceneContactsSimd@dgWorld@@AEBAXQEAUdgPair@dgCollidingPairCollector@@AEAVdgCollisionParamProxi@@@Z 00000001800219f0 f   physics_2009:dgNarrowPhaseCollision.obj
 0001:00020ad0       ?Append@?$dgList@VdgContactMaterial@@@@QEAAPEAVdgListNode@1@XZ 0000000180021ad0 f i physics_2009:dgNarrowPhaseCollision.obj
 0001:00020bd0       ?GetMaterial@dgWorld@@QEBAPEAVdgContactMaterial@@II@Z 0000000180021bd0 f   physics_2009:dgNarrowPhaseCollision.obj
 0001:00020c20       ?RemoveFromCache@dgWorld@@QEAAXPEAVdgCollision@@@Z 0000000180021c20 f   physics_2009:dgNarrowPhaseCollision.obj
 0001:00020ca0       ?ReleaseCollision@dgWorld@@QEAAXPEAVdgCollision@@@Z 0000000180021ca0 f   physics_2009:dgNarrowPhaseCollision.obj
 0001:00020d70       ?ClosestCompoundPoint@dgWorld@@AEBAHPEAVdgBody@@0AEAVdgTriplex@@11H@Z 0000000180021d70 f   physics_2009:dgNarrowPhaseCollision.obj
 0001:000212c0       ?CalculateContactsSimd@dgWorld@@AEAAXQEAUdgPair@dgCollidingPairCollector@@NH@Z 00000001800222c0 f   physics_2009:dgNarrowPhaseCollision.obj
 0001:00021440       ?CalculateContacts@dgWorld@@AEAAXQEAUdgPair@dgCollidingPairCollector@@NH@Z 0000000180022440 f   physics_2009:dgNarrowPhaseCollision.obj
 0001:000215d0       ?CollideContinueSimd@dgWorld@@QEAAHPEAVdgCollision@@AEBVdgMatrix@@AEBVdgVector@@20122AEANPEAVdgTriplex@@4PEANHH@Z 00000001800225d0 f   physics_2009:dgNarrowPhaseCollision.obj
 0001:00021e40       ?CollideContinue@dgWorld@@QEAAHPEAVdgCollision@@AEBVdgMatrix@@AEBVdgVector@@20122AEANPEAVdgTriplex@@4PEANHH@Z 0000000180022e40 f   physics_2009:dgNarrowPhaseCollision.obj
 0001:000226a0       ?Collide@dgWorld@@QEAAHPEAVdgCollision@@AEBVdgMatrix@@01PEAVdgTriplex@@2PEANHH@Z 00000001800236a0 f   physics_2009:dgNarrowPhaseCollision.obj
 0001:00022bd0       ?ClosestPoint@dgWorld@@QEBAHPEAVdgCollision@@AEBVdgMatrix@@01AEAVdgTriplex@@22H@Z 0000000180023bd0 f   physics_2009:dgNarrowPhaseCollision.obj
 0001:00022fb0       ?ProcessContacts@dgWorld@@AEAAXAEAUdgPair@dgCollidingPairCollector@@NH@Z 0000000180023fb0 f   physics_2009:dgNarrowPhaseCollision.obj
 0001:00024050       ?ClosestPoint@dgWorld@@QEBAHAEAVdgTriplex@@PEAVdgCollision@@AEBVdgMatrix@@00H@Z 0000000180025050 f   physics_2009:dgNarrowPhaseCollision.obj
 0001:00024120       ?CreateNull@dgWorld@@QEAAPEAVdgCollision@@XZ 0000000180025120 f   physics_2009:dgNarrowPhaseCollision.obj
 0001:00024260       ?CreateBox@dgWorld@@QEAAPEAVdgCollision@@NNNHAEBVdgMatrix@@@Z 0000000180025260 f   physics_2009:dgNarrowPhaseCollision.obj
 0001:000244b0       ?CreateSphere@dgWorld@@QEAAPEAVdgCollision@@NHAEBVdgMatrix@@@Z 00000001800254b0 f   physics_2009:dgNarrowPhaseCollision.obj
 0001:00024670       ?CreateEllipse@dgWorld@@QEAAPEAVdgCollision@@NNNHAEBVdgMatrix@@@Z 0000000180025670 f   physics_2009:dgNarrowPhaseCollision.obj
 0001:00024890       ?CreateCapsule@dgWorld@@QEAAPEAVdgCollision@@NNHAEBVdgMatrix@@@Z 0000000180025890 f   physics_2009:dgNarrowPhaseCollision.obj
 0001:00024a80       ?CreateCone@dgWorld@@QEAAPEAVdgCollision@@NNHAEBVdgMatrix@@@Z 0000000180025a80 f   physics_2009:dgNarrowPhaseCollision.obj
 0001:00024c70       ?CreateCylinder@dgWorld@@QEAAPEAVdgCollision@@NNHAEBVdgMatrix@@@Z 0000000180025c70 f   physics_2009:dgNarrowPhaseCollision.obj
 0001:00024e60       ?CreateChamferCylinder@dgWorld@@QEAAPEAVdgCollision@@NNHAEBVdgMatrix@@@Z 0000000180025e60 f   physics_2009:dgNarrowPhaseCollision.obj
 0001:00025050       ?CreateConvexHull@dgWorld@@QEAAPEAVdgCollision@@HPEBNHNHAEBVdgMatrix@@@Z 0000000180026050 f   physics_2009:dgNarrowPhaseCollision.obj
 0001:000252f0       ?CreateFromSerialization@dgWorld@@QEAAPEAVdgCollision@@P6AXPEAX0_K@Z0@Z 00000001800262f0 f   physics_2009:dgNarrowPhaseCollision.obj
 0001:00025c30       ?CreateBodyGroupID@dgWorld@@QEAAIXZ 0000000180026c30 f   physics_2009:dgNarrowPhaseCollision.obj
 0001:00025df0       ?CalculateSignature@dgCollisionConvexPolygon@dgCollisionMesh@@UEBAHXZ 0000000180026df0 f   physics_2009:dgCollisionMesh.obj
 0001:00025e00       ??1dgCollisionMesh@@UEAA@XZ 0000000180026e00 f   physics_2009:dgCollisionMesh.obj
 0001:00025e60       ?IsBilateral@dgConstraint@@MEBA_NXZ 0000000180026e60 f i physics_2009:dgConstraint.obj
 0001:00025e60       ?IsBilateral@dgUpVectorConstraint@@UEBA_NXZ 0000000180026e60 f i physics_2009:dgUpVectorConstraint.obj
 0001:00025e60       ?IsTriggerVolume@dgCollision@@UEBA_NXZ 0000000180026e60 f i physics_2009:dgCollisionMesh.obj
 0001:00025e70       ?SetCollisionCallback@dgCollisionMesh@@QEAAXP6AXPEBVdgBody@@0HHPEBNH@Z@Z 0000000180026e70 f   physics_2009:dgCollisionMesh.obj
 0001:00025e80       ?SetCollisionRayCastCallback@dgCollisionMesh@@QEAAXP6ANNPEANHPEAX@Z@Z 0000000180026e80 f   physics_2009:dgCollisionMesh.obj
 0001:00025e90       ?CalcAABBSimD@dgCollisionMesh@@EEBAXAEBVdgMatrix@@AEAVdgVector@@1@Z 0000000180026e90 f   physics_2009:dgCollisionMesh.obj
 0001:00025e90       ?CalcAABBSimD@dgCollisionScene@@EEBAXAEBVdgMatrix@@AEAVdgVector@@1@Z 0000000180026e90 f   physics_2009:dgCollisionScene.obj
 0001:00025e90       ?CalcAABBSimD@dgCollisionNull@@MEBAXAEBVdgMatrix@@AEAVdgVector@@1@Z 0000000180026e90 f   physics_2009:dgCollisionNull.obj
 0001:00025ea0       ?GetVolume@dgCollisionMesh@@UEBANXZ 0000000180026ea0 f   physics_2009:dgCollisionMesh.obj
 0001:00025ea0       ?GetVolume@dgCollisionConvexPolygon@dgCollisionMesh@@UEBANXZ 0000000180026ea0 f   physics_2009:dgCollisionMesh.obj
 0001:00025ea0       ?GetVolume@dgCollisionScene@@EEBANXZ 0000000180026ea0 f   physics_2009:dgCollisionScene.obj
 0001:00025ea0       ?RayCastSimd@dgCollision@@UEBANAEBVdgVector@@0AEAVdgContactPoint@@P6AIPEBVdgBody@@PEBV1@PEAX@Z24@Z 0000000180026ea0 f   physics_2009:dgCollision.obj
 0001:00025ea0       ?PolygonIntersectSimd@FastRayTest@@QEBANAEBVdgVector@@QEBNHQEBHH@Z 0000000180026ea0 f   corelib_2009:dgIntersections.obj
 0001:00025ea0       ?GetBoxMinRadius@dgCollisionConvexPolygon@dgCollisionMesh@@UEBANXZ 0000000180026ea0 f   physics_2009:dgCollisionMesh.obj
 0001:00025ea0       ?GetVolume@dgCollisionPoint@@UEBANXZ 0000000180026ea0 f   physics_2009:dgCollisionSphere.obj
 0001:00025ea0       ?GetVolume@dgCollisionNull@@MEBANXZ 0000000180026ea0 f   physics_2009:dgCollisionNull.obj
 0001:00025ea0       ?GetBoxMinRadius@dgCollisionScene@@EEBANXZ 0000000180026ea0 f   physics_2009:dgCollisionScene.obj
 0001:00025ea0       ?RayCast@dgCollisionConvexPolygon@dgCollisionMesh@@UEBANAEBVdgVector@@0AEAVdgContactPoint@@P6AIPEBVdgBody@@PEBVdgCollision@@PEAX@Z24@Z 0000000180026ea0 f   physics_2009:dgCollisionMesh.obj
 0001:00025ea0       ?GetBoxMinRadius@dgCollisionMesh@@UEBANXZ 0000000180026ea0 f   physics_2009:dgCollisionMesh.obj
 0001:00025ea0       ?GetBoxMaxRadius@dgCollisionMesh@@UEBANXZ 0000000180026ea0 f   physics_2009:dgCollisionMesh.obj
 0001:00025ea0       ?GetBoxMaxRadius@dgCollisionConvexPolygon@dgCollisionMesh@@UEBANXZ 0000000180026ea0 f   physics_2009:dgCollisionMesh.obj
 0001:00025ea0       ?GetBoxMaxRadius@dgCollisionScene@@EEBANXZ 0000000180026ea0 f   physics_2009:dgCollisionScene.obj
 0001:00025eb0       ?SupportVertex@dgCollisionConvexPolygon@dgCollisionMesh@@UEBA?AVdgVector@@AEBV3@@Z 0000000180026eb0 f   physics_2009:dgCollisionMesh.obj
 0001:000260c0       ?CalculatePlaneIntersection@dgCollisionConvexPolygon@dgCollisionMesh@@UEBAHAEBVdgVector@@0QEAV3@@Z 00000001800270c0 f   physics_2009:dgCollisionMesh.obj
 0001:00026d80       ??_GdgCollisionMesh@@UEAAPEAXI@Z 0000000180027d80 f i physics_2009:dgCollisionMesh.obj
 0001:00026d80       ??_EdgCollisionMesh@@UEAAPEAXI@Z 0000000180027d80 f i physics_2009:dgCollisionMesh.obj
 0001:00026e00       ?CalculateVolumeIntegral@dgCollisionScene@@EEBA?AVdgVector@@AEBVdgMatrix@@P6AIPEAX10AEAVdgPlane@@@Z1@Z 0000000180027e00 f   physics_2009:dgCollisionScene.obj
 0001:00026e00       ?SupportVertexSimd@dgCollisionCapsule@@EEBA?AVdgVector@@AEBV2@@Z 0000000180027e00 f   physics_2009:dgCollisionCapsule.obj
 0001:00026e00       ?SupportVertexSimd@dgCollisionConvexModifier@@MEBA?AVdgVector@@AEBV2@@Z 0000000180027e00 f   physics_2009:dgCollisionConvexModifier.obj
 0001:00026e00       ?SupportVertex@dgCollisionNull@@MEBA?AVdgVector@@AEBV2@@Z 0000000180027e00 f   physics_2009:dgCollisionNull.obj
 0001:00026e00       ?CalculateVolumeIntegral@dgCollisionMesh@@EEBA?AVdgVector@@AEBVdgMatrix@@P6AIPEAX10AEAVdgPlane@@@Z1@Z 0000000180027e00 f   physics_2009:dgCollisionMesh.obj
 0001:00026e00       ?SupportVertexSimd@dgCollisionNull@@MEBA?AVdgVector@@AEBV2@@Z 0000000180027e00 f   physics_2009:dgCollisionNull.obj
 0001:00026e00       ?SupportVertex@dgCollisionScene@@EEBA?AVdgVector@@AEBV2@@Z 0000000180027e00 f   physics_2009:dgCollisionScene.obj
 0001:00026e00       ?SupportVertex@dgCollisionPoint@@UEBA?AVdgVector@@AEBV2@@Z 0000000180027e00 f   physics_2009:dgCollisionSphere.obj
 0001:00026e00       ?SupportVertexSimd@dgCollisionPoint@@UEBA?AVdgVector@@AEBV2@@Z 0000000180027e00 f   physics_2009:dgCollisionSphere.obj
 0001:00026e00       ?CalculateVolumeIntegral@dgCollisionNull@@MEBA?AVdgVector@@AEBVdgMatrix@@P6AIPEAX10AEAVdgPlane@@@Z1@Z 0000000180027e00 f   physics_2009:dgCollisionNull.obj
 0001:00026e00       ?SupportVertex@dgCollisionMesh@@EEBA?AVdgVector@@AEBV2@@Z 0000000180027e00 f   physics_2009:dgCollisionMesh.obj
 0001:00026e00       ?SupportVertexSimd@dgCollisionEllipse@@MEBA?AVdgVector@@AEBV2@@Z 0000000180027e00 f   physics_2009:dgCollisionEllipse.obj
 0001:00026e00       ?SupportVertexSimd@dgConvexCollision@@UEBA?AVdgVector@@AEBV2@@Z 0000000180027e00 f   physics_2009:dgConvexCollision.obj
 0001:00026e00       ?SupportVertexSimd@dgCollisionBox@@MEBA?AVdgVector@@AEBV2@@Z 0000000180027e00 f   physics_2009:dgCollisionBox.obj
 0001:00026e00       ?SupportVertexSimd@dgCollisionConvexPolygon@dgCollisionMesh@@UEBA?AVdgVector@@AEBV3@@Z 0000000180027e00 f   physics_2009:dgCollisionMesh.obj
 0001:00026e20       ??0dgCollisionConvexPolygon@dgCollisionMesh@@QEAA@XZ 0000000180027e20 f   physics_2009:dgCollisionMesh.obj
 0001:00026ef0       ??_EdgCollisionConvexPolygon@dgCollisionMesh@@UEAAPEAXI@Z 0000000180027ef0 f i physics_2009:dgCollisionMesh.obj
 0001:00026ef0       ??_GdgCollisionConvexPolygon@dgCollisionMesh@@UEAAPEAXI@Z 0000000180027ef0 f i physics_2009:dgCollisionMesh.obj
 0001:00026f20       ?CalculateNormal@dgCollisionConvexPolygon@dgCollisionMesh@@QEAAXXZ 0000000180027f20 f   physics_2009:dgCollisionMesh.obj
 0001:000270c0       ?ClipContacts@dgCollisionConvexPolygon@dgCollisionMesh@@QEBAHHQEAVdgContactPoint@@AEBVdgMatrix@@@Z 00000001800280c0 f   physics_2009:dgCollisionMesh.obj
 0001:00027b60       ?ClosestDistanceToTriangle@dgCollisionConvexPolygon@dgCollisionMesh@@QEBA?AVdgVector@@AEBV3@000@Z 0000000180028b60 f   physics_2009:dgCollisionMesh.obj
 0001:00028040       ?PointToPolygonDistance@dgCollisionConvexPolygon@dgCollisionMesh@@QEAA_NAEBVdgVector@@NAEAV3@@Z 0000000180029040 f   physics_2009:dgCollisionMesh.obj
 0001:00028350       ?DistanceToOrigen@dgCollisionConvexPolygon@dgCollisionMesh@@QEAA_NAEBVdgMatrix@@AEBVdgVector@@NAEAV4@@Z 0000000180029350 f   physics_2009:dgCollisionMesh.obj
 0001:00028ad0       ?MovingPointToPolygonContact@dgCollisionConvexPolygon@dgCollisionMesh@@QEAANAEBVdgVector@@0NAEAVdgContactPoint@@@Z 0000000180029ad0 f   physics_2009:dgCollisionMesh.obj
 0001:00029590       ?SetCollisionBBox@dgCollisionMesh@@MEAAXAEBVdgVector@@0@Z 000000018002a590 f   physics_2009:dgCollisionMesh.obj
 0001:00029590       ?SetCollisionBBox@dgCollisionScene@@EEAAXAEBVdgVector@@0@Z 000000018002a590 f   physics_2009:dgCollisionScene.obj
 0001:00029690       ?QuickTestContinue@dgCollisionConvexPolygon@dgCollisionMesh@@QEAAHPEBVdgConvexCollision@@AEBVdgMatrix@@@Z 000000018002a690 f   physics_2009:dgCollisionMesh.obj
 0001:00029a50       ?QuickTest@dgCollisionConvexPolygon@dgCollisionMesh@@QEAAHPEBVdgConvexCollision@@AEBVdgMatrix@@@Z 000000018002aa50 f   physics_2009:dgCollisionMesh.obj
 0001:00029fa0       ??0dgCollisionMesh@@QEAA@W4dgCollisionID@@@Z 000000018002afa0 f   physics_2009:dgCollisionMesh.obj
 0001:0002a0d0       ??0dgCollisionMesh@@QEAA@PEAVdgWorld@@P6AXPEAX1_K@Z1@Z 000000018002b0d0 f   physics_2009:dgCollisionMesh.obj
 0001:0002a1f0       ??0dgCollisionBVH@@QEAA@XZ 000000018002b1f0 f   physics_2009:dgCollisionBVH.obj
 0001:0002a250       ?Serialize@dgCollisionBVH@@EEBAXP6AXPEAXPEBX_K@Z0@Z 000000018002b250 f   physics_2009:dgCollisionBVH.obj
 0001:0002a2a0       ?AddFace@dgCollisionBVH@@QEAAXHQEBNHH@Z 000000018002b2a0 f   physics_2009:dgCollisionBVH.obj
 0001:0002a350       ?CollectVertexListIndexList@dgCollisionBVH@@CA?AW4dgIntersectStatus@@PEAXQEBNHQEBHH@Z 000000018002b350 f   physics_2009:dgCollisionBVH.obj
 0001:0002a420       ?GetTriangleCount@dgCollisionBVH@@CA?AW4dgIntersectStatus@@PEAXQEBNHQEBHH@Z 000000018002b420 f   physics_2009:dgCollisionBVH.obj
 0001:0002a450       ?SupportVertex@dgCollisionBVH@@EEBA?AVdgVector@@AEBV2@@Z 000000018002b450 f   physics_2009:dgCollisionBVH.obj
 0001:0002a470       ??_EdgCollisionBVH@@WBEA@EAAPEAXI@Z 000000018002b470 f i physics_2009:dgCollisionBVH.obj
 0001:0002a480       ?Serialize@dgCollisionBVH@@GBEA@EBAXP6AXPEAXPEBX_K@Z0@Z 000000018002b480 f i physics_2009:dgCollisionBVH.obj
 0001:0002a490       ??_GdgCollisionBVH@@UEAAPEAXI@Z 000000018002b490 f i physics_2009:dgCollisionBVH.obj
 0001:0002a490       ??_EdgCollisionBVH@@UEAAPEAXI@Z 000000018002b490 f i physics_2009:dgCollisionBVH.obj
 0001:0002a4f0       ?BeginBuild@dgCollisionBVH@@QEAAXXZ 000000018002b4f0 f   physics_2009:dgCollisionBVH.obj
 0001:0002a530       ?GetVertexListIndexList@dgCollisionBVH@@UEBAXAEBVdgVector@@0AEAVdgGetVertexListIndexList@dgCollisionMesh@@@Z 000000018002b530 f   physics_2009:dgCollisionBVH.obj
 0001:0002a590       ??0dgCollisionBVH@@QEAA@PEAVdgWorld@@P6AXPEAX1_K@Z1@Z 000000018002b590 f   physics_2009:dgCollisionBVH.obj
 0001:0002a650       ?EndBuild@dgCollisionBVH@@QEAAXH@Z 000000018002b650 f   physics_2009:dgCollisionBVH.obj
 0001:0002a6f0       ?GetCollisionInfo@dgCollisionBVH@@EEBAXPEAVdgCollisionInfo@@@Z 000000018002b6f0 f   physics_2009:dgCollisionBVH.obj
 0001:0002a7f0       ?RayHitSimd@dgCollisionBVH@@CANPEAXQEBNHQEBHH@Z 000000018002b7f0 f   physics_2009:dgCollisionBVH.obj
 0001:0002a970       ?RayHit@dgCollisionBVH@@CANPEAXQEBNHQEBHH@Z 000000018002b970 f   physics_2009:dgCollisionBVH.obj
 0001:0002aaf0       ?RayHitUserSimd@dgCollisionBVH@@CANPEAXQEBNHQEBHH@Z 000000018002baf0 f   physics_2009:dgCollisionBVH.obj
 0001:0002ac40       ?RayHitUser@dgCollisionBVH@@CANPEAXQEBNHQEBHH@Z 000000018002bc40 f   physics_2009:dgCollisionBVH.obj
 0001:0002ae30       ?RayCastSimd@dgCollisionBVH@@EEBANAEBVdgVector@@0AEAVdgContactPoint@@P6AIPEBVdgBody@@PEBVdgCollision@@PEAX@Z24@Z 000000018002be30 f   physics_2009:dgCollisionBVH.obj
 0001:0002b060       ?RayCast@dgCollisionBVH@@EEBANAEBVdgVector@@0AEAVdgContactPoint@@P6AIPEBVdgBody@@PEBVdgCollision@@PEAX@Z24@Z 000000018002c060 f   physics_2009:dgCollisionBVH.obj
 0001:0002b290       ?GetPolygon@dgCollisionBVH@@CA?AW4dgIntersectStatus@@PEAXQEBNHQEBHH@Z 000000018002c290 f   physics_2009:dgCollisionBVH.obj
 0001:0002b8a0       ?GetCollidingFacesSimd@dgCollisionBVH@@EEBAXQEAVdgPolygonMeshDesc@@@Z 000000018002c8a0 f   physics_2009:dgCollisionBVH.obj
 0001:0002b930       ?GetCollidingFaces@dgCollisionBVH@@EEBAXQEAVdgPolygonMeshDesc@@@Z 000000018002c930 f   physics_2009:dgCollisionBVH.obj
 0001:0002b9c0       ?ShowDebugPolygon@dgCollisionBVH@@CA?AW4dgIntersectStatus@@PEAXQEBNHQEBHH@Z 000000018002c9c0 f   physics_2009:dgCollisionBVH.obj
 0001:0002beb0       ?DebugCollision@dgCollisionBVH@@EEBAXAEBVdgMatrix@@P6AXPEAXHPEBNH@Z1@Z 000000018002ceb0 f   physics_2009:dgCollisionBVH.obj
 0001:0002bf70       ??_GdgSceneNode@dgCollisionScene@@QEAAPEAXI@Z 000000018002cf70 f i physics_2009:dgCollisionScene.obj
 0001:0002bfd0       ?OOBBTest@dgCollisionScene@@EEBA_NAEBVdgMatrix@@QEBVdgConvexCollision@@PEAX@Z 000000018002cfd0 f   physics_2009:dgCollisionScene.obj
 0001:0002bfd0       ?OOBBTest@dgCollisionConvexModifier@@MEBA_NAEBVdgMatrix@@QEBVdgConvexCollision@@PEAX@Z 000000018002cfd0 f   physics_2009:dgCollisionConvexModifier.obj
 0001:0002bfd0       ?IsBilateral@dgBilateralConstraint@@MEBA_NXZ 000000018002cfd0 f   physics_2009:dgBilateralConstraint.obj
 0001:0002bfd0       ?OOBBTest@dgCompoundCollision@@MEBA_NAEBVdgMatrix@@QEBVdgConvexCollision@@PEAX@Z 000000018002cfd0 f   physics_2009:dgCompoundCollision.obj
 0001:0002bfd0       ?OOBBTest@dgCollisionConvexPolygon@dgCollisionMesh@@UEBA_NAEBVdgMatrix@@QEBVdgConvexCollision@@PEAX@Z 000000018002cfd0 f   physics_2009:dgCollisionMesh.obj
 0001:0002bfd0       ?OOBBTest@dgCollisionMesh@@EEBA_NAEBVdgMatrix@@QEBVdgConvexCollision@@PEAX@Z 000000018002cfd0 f   physics_2009:dgCollisionMesh.obj
 0001:0002bfe0       ?UpdateAABB@dgSceneNode@dgCollisionScene@@QEAAXAEBVdgVector@@0@Z 000000018002cfe0 f i physics_2009:dgCollisionScene.obj
 0001:0002c080       ?Serialize@dgCollisionScene@@EEBAXP6AXPEAXPEBX_K@Z0@Z 000000018002d080 f   physics_2009:dgCollisionScene.obj
 0001:0002c270       ?SetProxyMatrix@dgCollisionScene@@QEAAXPEAXAEBVdgMatrix@@@Z 000000018002d270 f   physics_2009:dgCollisionScene.obj
 0001:0002c2d0       ?SetCollisionCallback@dgCollisionScene@@QEAAXP6AXPEBVdgBody@@0HHPEBNH@Z@Z 000000018002d2d0 f   physics_2009:dgCollisionScene.obj
 0001:0002c320       ?DebugCollision@dgCollisionScene@@EEBAXAEBVdgMatrix@@P6AXPEAXHPEBNH@Z1@Z 000000018002d320 f   physics_2009:dgCollisionScene.obj
 0001:0002c3e0       ?GetCollisionInfo@dgCollisionScene@@EEBAXPEAVdgCollisionInfo@@@Z 000000018002d3e0 f   physics_2009:dgCollisionScene.obj
 0001:0002c430       ?RemoveAll@?$dgList@UdgProxy@dgCollisionScene@@@@QEAAXXZ 000000018002d430 f i physics_2009:dgCollisionScene.obj
 0001:0002c4c0       ?Unlink@?$dgList@UdgProxy@dgCollisionScene@@@@QEAAXPEAVdgListNode@1@@Z 000000018002d4c0 f i physics_2009:dgCollisionScene.obj
 0001:0002c530       ?GetProxyMatrix@dgCollisionScene@@QEAA?AVdgMatrix@@PEAX@Z 000000018002d530 f   physics_2009:dgCollisionScene.obj
 0001:0002c750       ?CalcAABB@dgCollisionMesh@@EEBAXAEBVdgMatrix@@AEAVdgVector@@1@Z 000000018002d750 f   physics_2009:dgCollisionMesh.obj
 0001:0002c750       ?CalcAABB@dgCollisionScene@@EEBAXAEBVdgMatrix@@AEAVdgVector@@1@Z 000000018002d750 f   physics_2009:dgCollisionScene.obj
 0001:0002ca10       ?GetAxis@dgCollisionScene@@AEBAHQEAPEAVdgListNode@?$dgList@UdgProxy@dgCollisionScene@@@@H@Z 000000018002da10 f   physics_2009:dgCollisionScene.obj
 0001:0002ce00       ?RayCastSimd@dgCollisionScene@@EEBANAEBVdgVector@@0AEAVdgContactPoint@@P6AIPEBVdgBody@@PEBVdgCollision@@PEAX@Z24@Z 000000018002de00 f   physics_2009:dgCollisionScene.obj
 0001:0002d590       ?RayCast@dgCollisionScene@@EEBANAEBVdgVector@@0AEAVdgContactPoint@@P6AIPEBVdgBody@@PEBVdgCollision@@PEAX@Z24@Z 000000018002e590 f   physics_2009:dgCollisionScene.obj
 0001:0002dd20       ?CollidePairSimd@dgCollisionScene@@QEBAXQEAUdgPair@dgCollidingPairCollector@@AEAVdgCollisionParamProxi@@@Z 000000018002ed20 f   physics_2009:dgCollisionScene.obj
 0001:0002df80       ?CollidePair@dgCollisionScene@@QEBAXQEAUdgPair@dgCollidingPairCollector@@AEAVdgCollisionParamProxi@@@Z 000000018002ef80 f   physics_2009:dgCollisionScene.obj
 0001:0002e4c0       ?SortAABBBoxes@dgCollisionScene@@AEBAHQEAPEAVdgListNode@?$dgList@UdgProxy@dgCollisionScene@@@@H@Z 000000018002f4c0 f   physics_2009:dgCollisionScene.obj
 0001:0002e670       ?SortAndSpliteSplite@dgCollisionScene@@AEBAHQEAPEAVdgListNode@?$dgList@UdgProxy@dgCollisionScene@@@@H@Z 000000018002f670 f   physics_2009:dgCollisionScene.obj
 0001:0002e900       ?BuildTree@dgCollisionScene@@AEAAPEAUdgSceneNode@1@PEAU21@QEAPEAVdgListNode@?$dgList@UdgProxy@dgCollisionScene@@@@HH@Z 000000018002f900 f   physics_2009:dgCollisionScene.obj
 0001:0002eab0       ??0dgListNode@?$dgList@UdgProxy@dgCollisionScene@@@@AEAA@PEAV01@0@Z 000000018002fab0 f i physics_2009:dgCollisionScene.obj
 0001:0002eb20       ??0dgCollisionScene@@QEAA@PEAVdgWorld@@@Z 000000018002fb20 f   physics_2009:dgCollisionScene.obj
 0001:0002ec20       ??1dgCollisionScene@@UEAA@XZ 000000018002fc20 f   physics_2009:dgCollisionScene.obj
 0001:0002ecd0       ?RemoveProxy@dgCollisionScene@@QEAAXPEAX@Z 000000018002fcd0 f   physics_2009:dgCollisionScene.obj
 0001:0002ed20       ?Append@?$dgList@UdgProxy@dgCollisionScene@@@@QEAAPEAVdgListNode@1@XZ 000000018002fd20 f i physics_2009:dgCollisionScene.obj
 0001:0002edc0       ??_EdgCollisionScene@@UEAAPEAXI@Z 000000018002fdc0 f i physics_2009:dgCollisionScene.obj
 0001:0002edc0       ??_GdgCollisionScene@@UEAAPEAXI@Z 000000018002fdc0 f i physics_2009:dgCollisionScene.obj
 0001:0002edf0       ?AddProxy@dgCollisionScene@@QEAAPEAXPEAVdgCollision@@@Z 000000018002fdf0 f   physics_2009:dgCollisionScene.obj
 0001:0002ee60       ?BuildTree@dgCollisionScene@@QEAAXXZ 000000018002fe60 f   physics_2009:dgCollisionScene.obj
 0001:0002f030       ??0dgCollisionScene@@QEAA@PEAVdgWorld@@P6AXPEAX1_K@Z1@Z 0000000180030030 f   physics_2009:dgCollisionScene.obj
 0001:0002f390       ?CalcAABBSimD@dgConvexCollision@@UEBAXAEBVdgMatrix@@AEAVdgVector@@1@Z 0000000180030390 f   physics_2009:dgConvexCollision.obj
 0001:0002f390       ?ForAllSectors@dgPolygonSoupDatabase@@MEBAXAEBVdgVector@@0P6A?AW4dgIntersectStatus@@PEAXQEBNHQEBHH@ZQEAX@Z 0000000180030390 f   corelib_2009:dgAABBPolygonSoup.obj
 0001:0002f390       ?SetCollisionBBox@dgCollisionNull@@EEAAXAEBVdgVector@@0@Z 0000000180030390 f   physics_2009:dgCollisionNull.obj
 0001:0002f390       ?ForAllSectorsRayHit@dgPolygonSoupDatabase@@MEBAXAEBVFastRayTest@@P6ANPEAXQEBNHQEBHH@ZQEAX@Z 0000000180030390 f   corelib_2009:dgAABBPolygonSoup.obj
 0001:0002f390       ?SetCollisionBBox@dgCollisionSphere@@MEAAXAEBVdgVector@@0@Z 0000000180030390 f   physics_2009:dgCollisionSphere.obj
 0001:0002f390       ?Serialize@dgCollisionConvexPolygon@dgCollisionMesh@@UEBAXP6AXPEAXPEBX_K@Z0@Z 0000000180030390 f   physics_2009:dgCollisionMesh.obj
 0001:0002f390       ?ThreadExecute@dgSetTrreadRoundMode@dgWorld@@UEAAXXZ 0000000180030390 f   physics_2009:dgWorld.obj
 0001:0002f390       ?DebugCollision@dgCollisionNull@@MEBAXAEBVdgMatrix@@P6AXPEAXHPEBNH@Z1@Z 0000000180030390 f   physics_2009:dgCollisionNull.obj
 0001:0002f390       ?SetCollisionBBox@dgCollisionCone@@EEAAXAEBVdgVector@@0@Z 0000000180030390 f   physics_2009:dgCollisionCone.obj
 0001:0002f390       ?SetCollisionBBox@dgCollisionEllipse@@EEAAXAEBVdgVector@@0@Z 0000000180030390 f   physics_2009:dgCollisionEllipse.obj
 0001:0002f390       ?SetCollisionBBox@dgCollisionConvexModifier@@EEAAXAEBVdgVector@@0@Z 0000000180030390 f   physics_2009:dgCollisionConvexModifier.obj
 0001:0002f390       ?JointAccelerationsSimd@dgBilateralConstraint@@MEAAXAEBVdgJointAccelerationDecriptor@@@Z 0000000180030390 f   physics_2009:dgBilateralConstraint.obj
 0001:0002f390       ?SetStiffness@dgConstraint@@UEAAXN@Z 0000000180030390 f   physics_2009:dgBilateralConstraint.obj
 0001:0002f390       ?SetCollisionBBox@dgCollisionConvexHull@@EEAAXAEBVdgVector@@0@Z 0000000180030390 f   physics_2009:dgCollisionConvexHull.obj
 0001:0002f390       ?JointAccelerationsSimd@dgContact@@EEAAXAEBVdgJointAccelerationDecriptor@@@Z 0000000180030390 f   physics_2009:dgContact.obj
 0001:0002f390       ?SetAsTriggerVolume@dgCollision@@UEAAX_N@Z 0000000180030390 f   physics_2009:dgCollisionMesh.obj
 0001:0002f390       ?CalcInvInertiaMatrixSimD@dgBody@@QEAAXXZ 0000000180030390 f   physics_2009:dgBody.obj
 0001:0002f390       ?SetDestructorCallback@dgContact@@EEAAXP6AXAEAVdgConstraint@@@Z@Z 0000000180030390 f   physics_2009:dgContact.obj
 0001:0002f390       ??1dgBody@@QEAA@XZ         0000000180030390 f   physics_2009:dgBody.obj
 0001:0002f390       ?BeginFace@dgPolyhedra@@QEAAXXZ 0000000180030390 f   corelib_2009:dgPolyhedra.obj
 0001:0002f390       ?SetCollisionBBox@dgCollisionBox@@MEAAXAEBVdgVector@@0@Z 0000000180030390 f   physics_2009:dgCollisionBox.obj
 0001:0002f390       ?JointVelocityCorrection@dgBilateralConstraint@@MEAAXAEBVdgJointAccelerationDecriptor@@@Z 0000000180030390 f   physics_2009:dgBilateralConstraint.obj
 0001:0002f390       ?GetCollisionInfo@dgCollisionMesh@@EEBAXPEAVdgCollisionInfo@@@Z 0000000180030390 f   physics_2009:dgCollisionMesh.obj
 0001:0002f390       ?GetAABB@dgPolygonSoupDatabase@@UEBAXAEAVdgVector@@0@Z 0000000180030390 f   corelib_2009:dgAABBPolygonSoup.obj
 0001:0002f390       ?ForAllSectorsRayHitSimd@dgAABBPolygonSoup@@MEBAXAEBVFastRayTest@@P6ANPEAXQEBNHQEBHH@ZQEAX@Z 0000000180030390 f   corelib_2009:dgAABBPolygonSoup.obj
 0001:0002f390       ?CalcAABBSimD@dgCollisionBox@@MEBAXAEBVdgMatrix@@AEAVdgVector@@1@Z 0000000180030390 f   physics_2009:dgCollisionBox.obj
 0001:0002f390       ?ForAllSectorsRayHitSimd@dgPolygonSoupDatabase@@MEBAXAEBVFastRayTest@@P6ANPEAXQEBNHQEBHH@ZQEAX@Z 0000000180030390 f   corelib_2009:dgAABBPolygonSoup.obj
 0001:0002f390       ?SetCollisionBBox@dgCompoundCollision@@EEAAXAEBVdgVector@@0@Z 0000000180030390 f   physics_2009:dgCompoundCollision.obj
 0001:0002f390       ?JointVelocityCorrection@dgContact@@EEAAXAEBVdgJointAccelerationDecriptor@@@Z 0000000180030390 f   physics_2009:dgContact.obj
 0001:0002f390       ?CalcAABBSimD@dgCollisionConvexModifier@@MEBAXAEBVdgMatrix@@AEAVdgVector@@1@Z 0000000180030390 f   physics_2009:dgCollisionConvexModifier.obj
 0001:0002f390       ?GetInfo@dgConstraint@@UEBAXPEAVdgConstraintInfo@@@Z 0000000180030390 f   physics_2009:dgConstraint.obj
 0001:0002f390       ?DebugCollision@dgCollisionUserMesh@@EEBAXAEBVdgMatrix@@P6AXPEAXHPEBNH@Z1@Z 0000000180030390 f   physics_2009:dgCollisionUserMesh.obj
 0001:0002f390       ?ModifierSetMatrix@dgCollision@@UEAAXAEBVdgMatrix@@@Z 0000000180030390 f   physics_2009:dgWorld.obj
 0001:0002f390       ?UpdateCollisionMatrixSimD@dgBody@@AEAAXNH@Z 0000000180030390 f   physics_2009:dgBody.obj
 0001:0002f390       ??3@YAXPEAX@Z              0000000180030390 f   NewtonStdAfx.obj
 0001:0002f390       ?SetCollisionBBox@dgCollisionConvexPolygon@dgCollisionMesh@@UEAAXAEBVdgVector@@0@Z 0000000180030390 f   physics_2009:dgCollisionMesh.obj
 0001:0002f390       ?SetUserData@dgCollision@@UEAAXPEAX@Z 0000000180030390 f   physics_2009:dgCollision.obj
 0001:0002f390       ?Serialize@dgCollisionUserMesh@@EEBAXP6AXPEAXPEBX_K@Z0@Z 0000000180030390 f   physics_2009:dgCollisionUserMesh.obj
 0001:0002f390       ?Serialize@dgCollisionMesh@@EEBAXP6AXPEAXPEBX_K@Z0@Z 0000000180030390 f   physics_2009:dgCollisionMesh.obj
 0001:0002f390       ?ForAllSectorsSimd@dgPolygonSoupDatabase@@MEBAXAEBVdgVector@@0P6A?AW4dgIntersectStatus@@PEAXQEBNHQEBHH@ZQEAX@Z 0000000180030390 f   corelib_2009:dgAABBPolygonSoup.obj
 0001:0002f390       ?Remove@dgBilateralConstraint@@MEAAXPEAVdgWorld@@@Z 0000000180030390 f   NewtonClass.obj
 0001:0002f390       ?SpliteAcrossPlane@dgConvexCollision@@IEBAXAEBVdgPlane@@PEAPEAVdgCollisionConvexHull@@1@Z 0000000180030390 f   physics_2009:dgConvexCollision.obj
 0001:0002f390       ?Init@dgBilateralConstraint@@MEAAXXZ 0000000180030390 f   NewtonClass.obj
 0001:0002f390       ?SetCollisionBBox@dgCollisionCylinder@@EEAAXAEBVdgVector@@0@Z 0000000180030390 f   physics_2009:dgCollisionCylinder.obj
 0001:0002f390       ?SetCollisionBBox@dgCollisionCapsule@@EEAAXAEBVdgVector@@0@Z 0000000180030390 f   physics_2009:dgCollisionCapsule.obj
 0001:0002f390       ??1dgCollidingPairCollector@@QEAA@XZ 0000000180030390 f   physics_2009:dgContact.obj
 0001:0002f390       ?CalcAABBSimD@dgCompoundCollision@@MEBAXAEBVdgMatrix@@AEAVdgVector@@1@Z 0000000180030390 f   physics_2009:dgCompoundCollision.obj
 0001:0002f390       ?DebugCollision@dgCollisionMesh@@EEBAXAEBVdgMatrix@@P6AXPEAXHPEBNH@Z1@Z 0000000180030390 f   physics_2009:dgCollisionMesh.obj
 0001:0002f390       ?SetCollisionBBox@dgCollisionChamferCylinder@@MEAAXAEBVdgVector@@0@Z 0000000180030390 f   physics_2009:dgCollisionChamferCylinder.obj
 0001:0002f3a0       ?SetAparentMassMatrix@dgBody@@QEAAXAEBVdgVector@@@Z 00000001800303a0 f   physics_2009:dgBody.obj
 0001:0002f430       ??DdgQuaternion@@QEBA?AV0@AEBV0@@Z 0000000180030430 f i physics_2009:dgBody.obj
 0001:0002f570       ?AddBuoyancyForce@dgBody@@QEAAXNNNAEBVdgVector@@P6AIPEAX1AEBVdgMatrix@@AEAVdgPlane@@@Z1@Z 0000000180030570 f   physics_2009:dgBody.obj
 0001:0002f930       ?CalcInvInertiaMatrix@dgBody@@QEAAXXZ 0000000180030930 f   physics_2009:dgBody.obj
 0001:0002fa50       ?CalculateInverseDynamicForce@dgBody@@QEBA?AVdgVector@@AEBV2@N@Z 0000000180030a50 f   physics_2009:dgBody.obj
 0001:0002fb00       ?GetFirstJoint@dgBody@@QEBAPEAVdgConstraint@@XZ 0000000180030b00 f   physics_2009:dgBody.obj
 0001:0002fb40       ?GetNextJoint@dgBody@@QEBAPEAVdgConstraint@@PEAV2@@Z 0000000180030b40 f   physics_2009:dgBody.obj
 0001:0002fb90       ?GetFirstContact@dgBody@@QEBAPEAVdgConstraint@@XZ 0000000180030b90 f   physics_2009:dgBody.obj
 0001:0002fbd0       ?GetNextContact@dgBody@@QEBAPEAVdgConstraint@@PEAV2@@Z 0000000180030bd0 f   physics_2009:dgBody.obj
 0001:0002fc20       ?Freeze@dgBody@@QEAAXXZ    0000000180030c20 f   physics_2009:dgBody.obj
 0001:0002fc80       ?Unfreeze@dgBody@@QEAAXXZ  0000000180030c80 f   physics_2009:dgBody.obj
 0001:0002fce0       ?AddImpulse@dgBody@@AEAAXAEBVdgVector@@0@Z 0000000180030ce0 f   physics_2009:dgBody.obj
 0001:00030270       ?InsertAfter@?$dgList@VdgBodyMasterListRow@@@@QEAAXPEAVdgListNode@1@0@Z 0000000180031270 f i physics_2009:dgBody.obj
 0001:000302f0       ??0dgBody@@QEAA@XZ         00000001800312f0 f   physics_2009:dgBody.obj
 0001:00030320       ?SetMassMatrix@dgBody@@QEAAXNNNN@Z 0000000180031320 f   physics_2009:dgBody.obj
 0001:000304c0       ?UpdateCollisionMatrix@dgBody@@AEAAXNH@Z 00000001800314c0 f   physics_2009:dgBody.obj
 0001:00030a80       ?RayCast@dgBody@@QEBANAEBUdgLineBox@@P6ANPEBV1@AEBVdgVector@@HPEAXN@ZP6AI1PEBVdgCollision@@3@Z3N@Z 0000000180031a80 f   physics_2009:dgBody.obj
 0001:00030d90       ?UpdateMatrix@dgBody@@AEAAXNH@Z 0000000180031d90 f   physics_2009:dgBody.obj
 0001:00030de0       ?IntegrateVelocity@dgBody@@AEAAXN@Z 0000000180031de0 f   physics_2009:dgBody.obj
 0001:00031240       ?CalculateContinueVelocity@dgBody@@AEBAXNAEAVdgVector@@0@Z 0000000180032240 f   physics_2009:dgBody.obj
 0001:00031470       ?SetFreeze@dgBody@@QEAAX_N@Z 0000000180032470 f   physics_2009:dgBody.obj
 0001:00031480       ?SetMatrix@dgBody@@QEAAXAEBVdgMatrix@@@Z 0000000180032480 f   physics_2009:dgBody.obj
 0001:000315e0       ?SetMatrixIgnoreSleep@dgBody@@QEAAXAEBVdgMatrix@@@Z 00000001800325e0 f   physics_2009:dgBody.obj
 0001:000316b0       ?AttachCollision@dgBody@@QEAAXPEAVdgCollision@@@Z 00000001800326b0 f   physics_2009:dgBody.obj
 0001:000317e0       NewtonBodySetForceAndTorqueCallback 00000001800327e0 f   Newton.obj
 0001:000317e0       ?SetJointParameterCallBack@dgBallConstraint@@QEAAXP6AIAEBV1@N@Z@Z 00000001800327e0 f   physics_2009:dgBallConstraint.obj
[...]
 0003:00000350       ?m_faceIndex@dgContactSolver@@2PAY03HA 00000001800a9350     physics_2009:dgMinkowskiConv.obj
 0003:00000390       ?m_edgeArray@dgCollisionBox@@1PAVdgConvexSimplexEdge@@A 00000001800a9390     physics_2009:dgCollisionBox.obj
 0003:000006b0       ?g_allocaror@dgInternalMemory@@3VdgMemoryAllocator@@A 00000001800a96b0     corelib_2009:dgMemory.obj
 0003:00000cdc       _fltused                   00000001800a9cdc     LIBCMT:_fpinit_.obj
 0003:00000ce0       _ldused                    00000001800a9ce0     LIBCMT:_fpinit_.obj
 0003:00000d30       _cfltcvt_tab               00000001800a9d30     LIBCMT:cmiscdat.obj
 0003:00001170       _aexit_rtn                 00000001800aa170     LIBCMT:crt0dat.obj
 0003:000012f0       _amblksiz                  00000001800aa2f0     LIBCMT:heapinit.obj
 0003:00001470       __flsindex                 00000001800aa470     LIBCMT:tidtable.obj
 0003:00001480       __badioinfo                00000001800aa480     LIBCMT:ioinit.obj
 0003:000014d8       _First_FPE_Indx            00000001800aa4d8     LIBCMT:winxfltr.obj
 0003:000014dc       _Num_FPE                   00000001800aa4dc     LIBCMT:winxfltr.obj
 0003:000014e0       _XcptActTabSize            00000001800aa4e0     LIBCMT:winxfltr.obj
 0003:000014e4       _XcptActTabCount           00000001800aa4e4     LIBCMT:winxfltr.obj
 0003:000014e8       __nullstring               00000001800aa4e8     LIBCMT:output.obj
 0003:000014f0       __wnullstring              00000001800aa4f0     LIBCMT:output.obj
 0003:000014f8       __abort_behavior           00000001800aa4f8     LIBCMT:abort.obj
 0003:00001500       __initialmbcinfo           00000001800aa500     LIBCMT:mbctype.obj
 0003:00001720       _mbctype                   00000001800aa720     LIBCMT:mbctype.obj
 0003:00001830       _mbcasemap                 00000001800aa830     LIBCMT:mbctype.obj
 0003:00001930       __ptmbcinfo                00000001800aa930     LIBCMT:mbctype.obj
 0003:00001a38       __globallocalestatus       00000001800aaa38     LIBCMT:glstatus.obj
 0003:00001a40       __clocalestr               00000001800aaa40     LIBCMT:nlsdata2.obj
 0003:00001a50       __initiallocinfo           00000001800aaa50     LIBCMT:nlsdata2.obj
 0003:00001bb0       __ptlocinfo                00000001800aabb0     LIBCMT:nlsdata2.obj
 0003:00001bb8       __lc_clike                 00000001800aabb8     LIBCMT:nlsdata2.obj
 0003:00001bc0       __initiallocalestructinfo  00000001800aabc0     LIBCMT:nlsdata2.obj
 0003:00001bd0       __security_cookie          00000001800aabd0     LIBCMT:gs_cookie.obj
 0003:00001bd8       __security_cookie_complement 00000001800aabd8     LIBCMT:gs_cookie.obj
 0003:00001db0       _matherr_flag              00000001800aadb0     LIBCMT:_matherr_.obj
 0003:00001db5       ?dazSupported@?1??_control87@@9@9 00000001800aadb5     LIBCMT:_ieee_.obj
 0003:00002000       _iob                       00000001800ab000     LIBCMT:_file.obj
 0003:000023c0       _pctype                    00000001800ab3c0     LIBCMT:ctype.obj
 0003:000023c8       _pwctype                   00000001800ab3c8     LIBCMT:ctype.obj
 0003:000023d0       __lc_time_c                00000001800ab3d0     LIBCMT:strftime.obj
 0003:00002538       __lc_time_curr             00000001800ab538     LIBCMT:strftime.obj
 0003:00002540       __lconv_static_decimal     00000001800ab540     LIBCMT:lconv.obj
 0003:00002550       __lconv_c                  00000001800ab550     LIBCMT:lconv.obj
 0003:000025a8       __lconv                    00000001800ab5a8     LIBCMT:lconv.obj
 0003:000025b0       __mb_cur_max               00000001800ab5b0     LIBCMT:nlsdata1.obj
 0003:000025b4       __decimal_point            00000001800ab5b4     LIBCMT:nlsdata1.obj
 0003:000025b8       __decimal_point_length     00000001800ab5b8     LIBCMT:nlsdata1.obj
 0003:000025f0       _d_inf                     00000001800ab5f0     LIBCMT:_util_.obj
 0003:000025f8       _d_ind                     00000001800ab5f8     LIBCMT:_util_.obj
 0003:00002600       _d_max                     00000001800ab600     LIBCMT:_util_.obj
 0003:00002608       _d_min                     00000001800ab608     LIBCMT:_util_.obj
 0003:00002610       _d_mzero                   00000001800ab610     LIBCMT:_util_.obj
 0003:00002630       _timezone                  00000001800ab630     LIBCMT:timeset.obj
 0003:00002634       _daylight                  00000001800ab634     LIBCMT:timeset.obj
 0003:00002638       _dstbias                   00000001800ab638     LIBCMT:timeset.obj
 0003:000026c0       _tzname                    00000001800ab6c0     LIBCMT:timeset.obj
 0003:000026f0       _pow10pos                  00000001800ab6f0     LIBCMT:_constpow_.obj
 0003:00002850       _pow10neg                  00000001800ab850     LIBCMT:_constpow_.obj
 0003:000029b0       _coninpfh                  00000001800ab9b0     LIBCMT:initcon.obj
 0003:000029b8       _confh                     00000001800ab9b8     LIBCMT:initcon.obj
 0003:000029c0       _lpdays                    00000001800ab9c0     LIBCMT:days.obj
 0003:000029f8       _days                      00000001800ab9f8     LIBCMT:days.obj
 0003:00002a50       ?m_edgeArray@dgCollisionSphere@@1PAVdgConvexSimplexEdge@@A 00000001800aba50     physics_2009:dgCollisionSphere.obj
 0003:00003650       ?m_shapeRefCount@dgCollisionSphere@@1HA 00000001800ac650     physics_2009:dgCollisionSphere.obj
 0003:00003660       ?m_unitSphere@dgCollisionSphere@@1PAVdgVector@@A 00000001800ac660     physics_2009:dgCollisionSphere.obj
 0003:000038a0       ?m_iniliazised@dgConvexCollision@@1HA 00000001800ac8a0     physics_2009:dgConvexCollision.obj
 0003:000038b0       ?m_zero@dgConvexCollision@@1VdgVector@@A 00000001800ac8b0     physics_2009:dgConvexCollision.obj
 0003:000038d0       ?m_signMask@dgConvexCollision@@1VdgVector@@A 00000001800ac8d0     physics_2009:dgConvexCollision.obj
 0003:000038f0       ?m_triplexMask@dgConvexCollision@@1VdgVector@@A 00000001800ac8f0     physics_2009:dgConvexCollision.obj
 0003:00003910       ?m_multiResDir@dgConvexCollision@@1PAVdgVector@@A 00000001800ac910     physics_2009:dgConvexCollision.obj
 0003:00003a10       ?m_multiResDir_sse@dgConvexCollision@@1PAVdgVector@@A 00000001800aca10     physics_2009:dgConvexCollision.obj
 0003:00003ad0       ?m_vertex@dgCollisionHeightField@@0PAPEAVdgVector@@A 00000001800acad0     physics_2009:dgCollisionHeightField.obj
 0003:00003b10       ?m_vertexCount@dgCollisionHeightField@@0PAHA 00000001800acb10     physics_2009:dgCollisionHeightField.obj
 0003:00003b30       ?m_refCount@dgCollisionHeightField@@0HA 00000001800acb30     physics_2009:dgCollisionHeightField.obj
 0003:00003b40       ?m_dir@dgContactSolver@@2PAVdgVector@@A 00000001800acb40     physics_2009:dgMinkowskiConv.obj
 0003:00003d00       ?m_edgeArray@dgCollisionCapsule@@0PAVdgConvexSimplexEdge@@A 00000001800acd00     physics_2009:dgCollisionCapsule.obj
 0003:00005380       ?m_shapeRefCount@dgCollisionCapsule@@0HA 00000001800ae380     physics_2009:dgCollisionCapsule.obj
 0003:00005390       ?m_edgeArray@dgCollisionCone@@0PAVdgConvexSimplexEdge@@A 00000001800ae390     physics_2009:dgCollisionCone.obj
 0003:00005790       ?m_shapeRefCount@dgCollisionCone@@0HA 00000001800ae790     physics_2009:dgCollisionCone.obj
 0003:000057a0       ?m_edgeArray@dgCollisionCylinder@@0PAVdgConvexSimplexEdge@@A 00000001800ae7a0     physics_2009:dgCollisionCylinder.obj
 0003:00005da0       ?m_shapeRefCount@dgCollisionCylinder@@0HA 00000001800aeda0     physics_2009:dgCollisionCylinder.obj
 0003:00005db0       ?m_edgeArray@dgCollisionChamferCylinder@@0PAVdgConvexSimplexEdge@@A 00000001800aedb0     physics_2009:dgCollisionChamferCylinder.obj
 0003:00006fb0       ?m_shapeRefCount@dgCollisionChamferCylinder@@0HA 00000001800affb0     physics_2009:dgCollisionChamferCylinder.obj
 0003:00006fc0       ?m_shapesDirs@dgCollisionChamferCylinder@@0PAVdgVector@@A 00000001800affc0     physics_2009:dgCollisionChamferCylinder.obj
 0003:00007144       __fastflag                 00000001800b0144     LIBCMT:_fpinit_.obj
 0003:0000714c       __error_mode               00000001800b014c     LIBCMT:dllcrt0.obj
 0003:00007150       _aenvptr                   00000001800b0150     LIBCMT:dllcrt0.obj
 0003:00007158       _wenvptr                   00000001800b0158     LIBCMT:dllcrt0.obj
 0003:00007160       __app_type                 00000001800b0160     LIBCMT:dllcrt0.obj
 0003:00007168       _umaskval                  00000001800b0168     LIBCMT:crt0dat.obj
 0003:0000716c       __argc                     00000001800b016c     LIBCMT:crt0dat.obj
 0003:00007170       __argv                     00000001800b0170     LIBCMT:crt0dat.obj
 0003:00007178       __wargv                    00000001800b0178     LIBCMT:crt0dat.obj
 0003:00007180       _environ                   00000001800b0180     LIBCMT:crt0dat.obj
 0003:00007188       __initenv                  00000001800b0188     LIBCMT:crt0dat.obj
 0003:00007190       _wenviron                  00000001800b0190     LIBCMT:crt0dat.obj
 0003:00007198       __winitenv                 00000001800b0198     LIBCMT:crt0dat.obj
 0003:000071a0       _pgmptr                    00000001800b01a0     LIBCMT:crt0dat.obj
 0003:000071a8       _wpgmptr                   00000001800b01a8     LIBCMT:crt0dat.obj
 0003:000071b0       _exitflag                  00000001800b01b0     LIBCMT:crt0dat.obj
 0003:000071b4       _C_Termination_Done        00000001800b01b4     LIBCMT:crt0dat.obj
 0003:000071b8       _C_Exit_Done               00000001800b01b8     LIBCMT:crt0dat.obj
 0003:000074d8       _crtheap                   00000001800b04d8     LIBCMT:heapinit.obj
 0003:000074e0       ?_pnhHeap@@3P6AH_K@ZEA     00000001800b04e0     LIBCMT:handler.obj
 0003:000074e8       _newmode                   00000001800b04e8     LIBCMT:_newmode.obj
 0003:000074ec       _maxwait                   00000001800b04ec     LIBCMT:crtheap.obj
 0003:00007600       __pInvalidArgHandler       00000001800b0600     LIBCMT:invarg.obj
 0003:00007610       __pPurecall                00000001800b0610     LIBCMT:inithelp.obj
 0003:00007620       __mbulinfo                 00000001800b0620     LIBCMT:mbctype.obj
 0003:0000762c       __mbcodepage               00000001800b062c     LIBCMT:mbctype.obj
 0003:00007630       __ismbcodepage             00000001800b0630     LIBCMT:mbctype.obj
 0003:00007634       __mblcid                   00000001800b0634     LIBCMT:mbctype.obj
 0003:00007638       __locale_changed           00000001800b0638     LIBCMT:setlocal.obj
 0003:00007640       __lc_handle                00000001800b0640     LIBCMT:nlsdata2.obj
 0003:00007658       __lc_codepage              00000001800b0658     LIBCMT:nlsdata2.obj
 0003:0000765c       __lc_collate_cp            00000001800b065c     LIBCMT:nlsdata2.obj
 0003:00007660       _outputformat              00000001800b0660     LIBCMT:outputformat.obj
 0003:000078a0       ?__pInconsistency@@3P6AXXZEA 00000001800b08a0     LIBCMT:hooks.obj
 0003:00007908       _cflush                    00000001800b0908     LIBCMT:_file.obj
 0003:00007920       __lconv_static_null        00000001800b0920     LIBCMT:lconv.obj
 0003:00007ea0       _stdbuf                    00000001800b0ea0     LIBCMT:_sftbuf.obj
 0003:00007f6c       _debugger_hook_dummy       00000001800b0f6c     <common>
 0003:00007f70       __piob                     00000001800b0f70     <common>
 0003:00007f80       _bufin                     00000001800b0f80     <common>
 0003:00008f80       _nstream                   00000001800b1f80     <common>
 0003:00008f88       _pDestructExceptionObject  00000001800b1f88     <common>
 0003:00008f90       _nhandle                   00000001800b1f90     <common>
 0003:00008fa0       __pioinfo                  00000001800b1fa0     <common>
 0003:000091a0       __env_initialized          00000001800b21a0     <common>
 0003:000091a8       __onexitend                00000001800b21a8     <common>
 0003:000091b0       __onexitbegin              00000001800b21b0     <common>
 0003:000091b8       __mbctype_initialized      00000001800b21b8     <common>
 0003:000091c0       __dyn_tls_init_callback    00000001800b21c0     <common>
 0003:000091c8       _acmdln                    00000001800b21c8     <common>

 entry point at        0001:0008a1c4

 Static symbols

 0001:0000b8e0       ?CompareIslands@@YAHQEBVdgIsland@@0PEAX@Z 000000018000c8e0 f   physics_2009:dgWorldDynamicUpdate.obj
 0001:0001dec0       ?CompareContact@@YAHQEBVdgContactPoint@@0PEAX@Z 000000018001eec0 f   physics_2009:dgNarrowPhaseCollision.obj
 0001:00076e80       ?NormalizeVertex@InternalPolyhedra@@YAXHQEAVdgTriplex@@QEBNH@Z 0000000180077e80 f   corelib_2009:dgPolyhedra.obj
 0001:00077060       ?EdgePlane@InternalPolyhedra@@YA?AVdgBigPlane@@HHHQEBVdgTriplex@@@Z 0000000180078060 f   corelib_2009:dgPolyhedra.obj
 0001:00077250       ?UnboundedLoopPlane@InternalPolyhedra@@YA?AVdgBigPlane@@HHHQEBVdgTriplex@@@Z 0000000180078250 f   corelib_2009:dgPolyhedra.obj
 0001:00077480       ?BigFaceNormal@InternalPolyhedra@@YA?AVdgBigVector@@PEAVdgEdge@@QEBNH@Z 0000000180078480 f   corelib_2009:dgPolyhedra.obj
 0001:000776b0       ?CalculateVertexMetrics@InternalPolyhedra@@YAXQEAUVERTEX_METRIC_STRUCT@1@QEBVdgTriplex@@PEAVdgEdge@@@Z 00000001800786b0 f   corelib_2009:dgPolyhedra.obj
 0001:000779b0       ?IsEssensialPointDiagonal@InternalPolyhedra@@YA_NPEAVdgEdge@@AEBVdgBigVector@@QEBNH@Z 00000001800789b0 f   corelib_2009:dgPolyhedra.obj
 0001:00077e60       ?CalculateAllMetrics@InternalPolyhedra@@YAXPEBVdgPolyhedra@@QEAUVERTEX_METRIC_STRUCT@1@QEBVdgTriplex@@@Z 0000000180078e60 f   corelib_2009:dgPolyhedra.obj
 0001:000782e0       ?EdgePenalty@InternalPolyhedra@@YANAEBVdgPolyhedra@@QEBVdgTriplex@@PEAVdgEdge@@@Z 00000001800792e0 f   corelib_2009:dgPolyhedra.obj
 0001:00078c80       ?MatchTwins@InternalPolyhedra@@YA_NPEAVdgPolyhedra@@@Z 0000000180079c80 f   corelib_2009:dgPolyhedra.obj
 0001:00078d40       ?FindEarTip@InternalPolyhedra@@YAPEAVdgEdge@@AEBVdgPolyhedra@@PEAV2@QEBNHAEAV?$dgDownHeap@PEAVdgEdge@@N@@AEBVdgVector@@@Z 0000000180079d40 f   corelib_2009:dgPolyhedra.obj
 0001:00079c30       ?CloseOpenBounds@InternalPolyhedra@@YAXPEAVdgPolyhedra@@@Z 000000018007ac30 f   corelib_2009:dgPolyhedra.obj
 0001:0007ba50       ?MarkAdjacentCoplanarFaces@InternalPolyhedra@@YAXAEAVdgPolyhedra@@0PEAVdgEdge@@QEBNH@Z 000000018007ca50 f   corelib_2009:dgPolyhedra.obj
 0001:0007bf50       ?ConvexPartition@InternalPolyhedra@@YA_NAEAVdgPolyhedra@@QEBNH@Z 000000018007cf50 f   corelib_2009:dgPolyhedra.obj
 0001:0007cef0       ?TriangulateFace@InternalPolyhedra@@YAPEAVdgEdge@@AEAVdgPolyhedra@@PEAV2@QEBNHAEAV?$dgDownHeap@PEAVdgEdge@@N@@PEAVdgVector@@@Z 000000018007def0 f   corelib_2009:dgPolyhedra.obj
 0001:0007dbf0       ?SortVertices@InternalGeoUtil@@YAHQEANHHHHN@Z 000000018007ebf0 f   corelib_2009:dgTypes.obj
 0001:0007e610       ?QuickSortVertices@InternalGeoUtil@@YAHQEANHHHHN@Z 000000018007f610 f   corelib_2009:dgTypes.obj
 0001:00088df4       sin_piby4                  0000000180089df4 f   LIBCMT:_sincos_.obj
 0001:00088e98       cos_piby4                  0000000180089e98 f   LIBCMT:_sincos_.obj
 0001:0008a0ac       __DllMainCRTStartup        000000018008b0ac f   LIBCMT:dllcrt0.obj
 0001:0008b350       _callthreadstartex         000000018008c350 f   LIBCMT:threadex.obj
 0001:0008b37c       _threadstartex             000000018008c37c f   LIBCMT:threadex.obj
 0001:0008b760       _cftoe2_l                  000000018008c760 f   LIBCMT:cvt.obj
 0001:0008bef0       _cftof2_l                  000000018008cef0 f   LIBCMT:cvt.obj
 0001:0008c3d4       _call_matherr              000000018008d3d4 f   LIBCMT:_libm_error_.obj
 0001:0008c43c       _exception_enabled         000000018008d43c f   LIBCMT:_libm_error_.obj
 0001:0008cc5c       _initterm                  000000018008dc5c f   LIBCMT:crt0dat.obj
 0001:0008cd7c       doexit                     000000018008dd7c f   LIBCMT:crt0dat.obj
 0001:0008dd2c       parse_cmdline              000000018008ed2c f   LIBCMT:stdargv.obj
 0001:0008e7f0       write_char                 000000018008f7f0 f   LIBCMT:output.obj
 0001:0008e838       write_multi_char           000000018008f838 f   LIBCMT:output.obj
 0001:0008e88c       write_string               000000018008f88c f   LIBCMT:output.obj
 0001:0008fabc       ?setSBCS@@YAXPEAUthreadmbcinfostruct@@@Z 0000000180090abc f   LIBCMT:mbctype.obj
 0001:0008fb50       ?setSBUpLow@@YAXPEAUthreadmbcinfostruct@@@Z 0000000180090b50 f   LIBCMT:mbctype.obj
 0001:0008fdf0       ?getSystemCP@@YAHH@Z       0000000180090df0 f   LIBCMT:mbctype.obj
 0001:000905d4       _updatetlocinfoEx_nolock   00000001800915d4 f   LIBCMT:setlocal.obj
 0001:000920dc       ?x_ismbbtype_l@@YAHPEAUlocaleinfo_struct@@IHH@Z 00000001800930dc f   LIBCMT:ismbbyte.obj
 0001:0009323c       ?__crtLCMapStringA_stat@@YAHPEAUlocaleinfo_struct@@KKPEBDHPEADHHH@Z 000000018009423c f   LIBCMT:a_map.obj
 0001:00093814       ?__crtGetStringTypeA_stat@@YAHPEAUlocaleinfo_struct@@KPEBDHPEAGHHH@Z 0000000180094814 f   LIBCMT:a_str.obj
 0001:00096934       flsall                     0000000180097934 f   LIBCMT:fflush.obj
 0001:00096a34       ?strtoxl@@YAKPEAUlocaleinfo_struct@@PEBDPEAPEBDHH@Z 0000000180097a34 f   LIBCMT:strtol.obj
 0001:00097740       __DllMainCRTStartup$filt$0 0000000180098740 f   LIBCMT:dllcrt0.obj
 0001:0009775c       _onexit$fin$0              000000018009875c f   LIBCMT:onexit.obj
 0001:00097770       _callthreadstartex$filt$0  0000000180098770 f   LIBCMT:threadex.obj
 0001:0009778c       doexit$fin$0               000000018009878c f   LIBCMT:crt0dat.obj
 0001:000977ae       _freefls$fin$1             00000001800987ae f   LIBCMT:tidtable.obj
 0001:000977ae       _initptd$fin$1             00000001800987ae f   LIBCMT:tidtable.obj
 0001:000977ce       _initptd$fin$0             00000001800987ce f   LIBCMT:tidtable.obj
 0001:000977ce       _freefls$fin$0             00000001800987ce f   LIBCMT:tidtable.obj
 0001:000977f0       _IsNonwritableInCurrentImage$filt$0 00000001800987f0 f   LIBCMT:pesect.obj
 0001:00097811       __updatetmbcinfo$fin$0     0000000180098811 f   LIBCMT:mbctype.obj
 0001:00097811       _setmbcp$fin$0             0000000180098811 f   LIBCMT:mbctype.obj
 0001:0009782a       __updatetlocinfo$fin$0     000000018009882a f   LIBCMT:setlocal.obj
 0001:00097843       _control87$filt$0          0000000180098843 f   LIBCMT:_ieee_.obj
 0001:00097843       _ctrlfp$filt$0             0000000180098843 f   LIBCMT:_ieee_.obj
 0001:0009786e       _mtinitlocknum$fin$0       000000018009886e f   LIBCMT:mlock.obj
 0001:0009788a       raise$fin$0                000000018009888a f   LIBCMT:winsig.obj
 0001:000978a6       __crtInitCritSecAndSpinCount$filt$0 00000001800988a6 f   LIBCMT:initcrit.obj
 0001:000978c7       _write$fin$0               00000001800988c7 f   LIBCMT:lseeki64.obj
 0001:000978c7       _lseeki64$fin$0            00000001800988c7 f   LIBCMT:lseeki64.obj
 0001:000978de       __lock_fhandle$fin$0       00000001800988de f   LIBCMT:osfinfo.obj
 0001:000978f7       _fcloseall$fin$0           00000001800988f7 f   LIBCMT:closeall.obj
 0001:00097910       flsall$fin$0               0000000180098910 f   LIBCMT:fflush.obj
 0001:00097940       flsall$fin$1               0000000180098940 f   LIBCMT:fflush.obj
 0001:00097959       fclose$fin$0               0000000180098959 f   LIBCMT:fclose.obj
 0001:00097971       _close$fin$0               0000000180098971 f   LIBCMT:commit.obj
 0001:00097971       _commit$fin$0              0000000180098971 f   LIBCMT:commit.obj
 0001:00097990       ??__Eg_allocaror@dgInternalMemory@@YAXXZ 0000000180098990 f   corelib_2009:dgMemory.obj
 0001:000979a0       ??__Fg_allocaror@dgInternalMemory@@YAXXZ 00000001800989a0 f   corelib_2009:dgMemory.obj
