 newton

 Timestamp is 4a902635 (Sat Aug 22 10:09:09 2009)

 Preferred load address is 10000000

 Start         Length     Name                   Class
 0001:00000000 00073094H .text                   CODE
 0001:000730a0 0000000cH .text$yc                CODE
 0001:000730b0 00000001H .text$yd                CODE
 0002:00000000 00000148H .idata$5                DATA
 0002:00000148 00000004H .CRT$XCA                DATA
 0002:0000014c 00000004H .CRT$XCU                DATA
 0002:00000150 00000004H .CRT$XCZ                DATA
 0002:00000154 00000004H .CRT$XIA                DATA
 0002:00000158 00000014H .CRT$XIC                DATA
 0002:0000016c 00000004H .CRT$XIZ                DATA
 0002:00000170 00000004H .CRT$XPA                DATA
 0002:00000174 00000004H .CRT$XPX                DATA
 0002:00000178 00000004H .CRT$XPXA               DATA
 0002:0000017c 00000004H .CRT$XPZ                DATA
 0002:00000180 00000004H .CRT$XTA                DATA
 0002:00000184 00000004H .CRT$XTZ                DATA
 0002:00000190 000060a0H .rdata                  DATA
 0002:00006230 00000060H .rdata$debug            DATA
 0002:00006290 0000000cH .rdata$sxdata           DATA
 0002:0000629c 00000004H .rtc$IAA                DATA
 0002:000062a0 00000004H .rtc$IZZ                DATA
 0002:000062a4 00000004H .rtc$TAA                DATA
 0002:000062a8 00000004H .rtc$TZZ                DATA
 0002:000062b0 000003d4H .xdata$x                DATA
 0002:00006684 00000014H .idata$2                DATA
 0002:00006698 00000014H .idata$3                DATA
 0002:000066ac 00000148H .idata$4                DATA
 0002:000067f4 000005e0H .idata$6                DATA
 0002:00006de0 000027aaH .edata                  DATA
 0003:00000000 00001f80H .data                   DATA
 0003:00001f80 00004384H .bss                    DATA

  Address         Publics by Value              Rva+Base       Lib:Object

 0000:00000000       __except_list              00000000     <absolute>
 0000:00000003       ___safe_se_handler_count   00000003     <absolute>
 0000:00000000       ___ImageBase               10000000     <linker-defined>
 0001:00000000       _DllMain@12                10001000 f   Newton.obj
 0001:00000010       _NewtonGetMemoryUsed       10001010 f   Newton.obj
 0001:00000020       _NewtonInvalidateCache     10001020 f   Newton.obj
 0001:00000030       _NewtonSetPlatformArchitecture 10001030 f   Newton.obj
 0001:00000040       _NewtonGetPlatformArchitecture 10001040 f   Newton.obj
 0001:00000050       _NewtonSetThreadsCount     10001050 f   Newton.obj
 0001:00000060       _NewtonGetThreadsCount     10001060 f   Newton.obj
 0001:00000070       _NewtonSetMultiThreadSolverOnSingleIsland 10001070 f   Newton.obj
 0001:00000080       _NewtonGetMultiThreadSolverOnSingleIsland 10001080 f   Newton.obj
 0001:00000090       _NewtonSetSolverModel      10001090 f   Newton.obj
 0001:000000a0       _NewtonSetFrictionModel    100010a0 f   Newton.obj
 0001:000000b0       _NewtonSetPerformanceClock 100010b0 f   Newton.obj
 0001:000000c0       _NewtonReadPerformanceTicks 100010c0 f   Newton.obj
 0001:000000d0       _NewtonCollisionUpdate     100010d0 f   Newton.obj
 0001:00000100       _NewtonSetIslandUpdateEvent 10001100 f   Newton.obj
 0001:00000110       _NewtonSetCollisionDestructor 10001110 f   Newton.obj
 0001:00000120       _NewtonSetBodyLeaveWorldEvent 10001120 f   Newton.obj
 0001:00000130       _NewtonWorldGetVersion     10001130 f   Newton.obj
 0001:00000140       _NewtonWorldSetUserData    10001140 f   Newton.obj
 0001:00000150       _NewtonWorldGetUserData    10001150 f   Newton.obj
 0001:00000160       _NewtonWorldSetDestructorCallBack 10001160 f   Newton.obj
 0001:00000170       _NewtonWorldGetDestructorCallBack 10001170 f   Newton.obj
 0001:00000180       _NewtonWorldGetBodyCount   10001180 f   Newton.obj
 0001:00000190       _NewtonWorldGetConstraintCount 10001190 f   Newton.obj
 0001:000001a0       _NewtonIslandGetBody       100011a0 f   Newton.obj
 0001:000001c0       _NewtonMaterialGetDefaultGroupID 100011c0 f   Newton.obj
 0001:000001d0       _NewtonMaterialCreateGroupID 100011d0 f   Newton.obj
 0001:000001e0       _NewtonMaterialDestroyAllGroupID 100011e0 f   Newton.obj
 0001:000001f0       _NewtonMaterialSetDefaultCollidable 100011f0 f   Newton.obj
 0001:00000220       _NewtonMaterialSetContinuousCollisionMode 10001220 f   Newton.obj
 0001:00000250       _NewtonWorldGetFirstMaterial 10001250 f   Newton.obj
 0001:00000260       _NewtonWorldGetNextMaterial 10001260 f   Newton.obj
 0001:00000270       _NewtonMaterialGetContactFaceAttribute 10001270 f   Newton.obj
 0001:00000280       _NewtonMaterialGetContactPositionAndNormal 10001280 f   Newton.obj
 0001:000002b0       _NewtonMaterialGetContactTangentDirections 100012b0 f   Newton.obj
 0001:000002f0       _NewtonMaterialSetContactFrictionState 100012f0 f   Newton.obj
 0001:00000330       _NewtonMaterialSetContactNormalAcceleration 10001330 f   Newton.obj
 0001:00000350       _NewtonMaterialSetContactTangentAcceleration 10001350 f   Newton.obj
 0001:00000380       _NewtonCreateNull          10001380 f   Newton.obj
 0001:00000390       _NewtonCreateBox           10001390 f   Newton.obj
 0001:000003f0       _NewtonCreateSphere        100013f0 f   Newton.obj
 0001:000004e0       _NewtonCreateCone          100014e0 f   Newton.obj
 0001:00000540       _NewtonCreateCapsule       10001540 f   Newton.obj
 0001:000005a0       _NewtonCreateCylinder      100015a0 f   Newton.obj
 0001:00000600       _NewtonCreateChamferCylinder 10001600 f   Newton.obj
 0001:00000660       _NewtonCreateConvexHullFromMesh 10001660 f   Newton.obj
 0001:00000680       _NewtonConvexHullModifierGetMatrix 10001680 f   Newton.obj
 0001:000006b0       _NewtonConvexHullModifierSetMatrix 100016b0 f   Newton.obj
 0001:000006d0       _NewtonCollisionIsTriggerVolume 100016d0 f   Newton.obj
 0001:000006f0       _NewtonCollisionSetAsTriggerVolume 100016f0 f   Newton.obj
 0001:00000710       _NewtonConvexCollisionCalculateVolume 10001710 f   Newton.obj
 0001:00000720       _NewtonTreeCollisionSetUserRayCastCallback 10001720 f   Newton.obj
 0001:00000730       _NewtonTreeCollisionBeginBuild 10001730 f   Newton.obj
 0001:00000740       _NewtonTreeCollisionAddFace 10001740 f   Newton.obj
 0001:00000760       _NewtonTreeCollisionEndBuild 10001760 f   Newton.obj
 0001:00000770       _NewtonSceneCollisionCreateProxy 10001770 f   Newton.obj
 0001:00000780       _NewtonSceneCollisionDestroyProxy 10001780 f   Newton.obj
 0001:00000790       _NewtonSceneCollisionOptimize 10001790 f   Newton.obj
 0001:000007a0       _NewtonCollisionPointDistance 100017a0 f   Newton.obj
 0001:000007d0       _NewtonCollisionClosestPoint 100017d0 f   Newton.obj
 0001:00000810       _NewtonCollisionCollide    10001810 f   Newton.obj
 0001:00000850       _NewtonCollisionCollideContinue 10001850 f   Newton.obj
 0001:000008b0       _NewtonCollisionForEachPolygonDo 100018b0 f   Newton.obj
 0001:000008f0       _NewtonCollisionMakeUnique 100018f0 f   Newton.obj
 0001:00000900       _NewtonReleaseCollision    10001900 f   Newton.obj
 0001:00000910       _NewtonCollisionSerialize  10001910 f   Newton.obj
 0001:00000930       _NewtonCreateCollisionFromSerialization 10001930 f   Newton.obj
 0001:00000950       _NewtonCollisionGetInfo    10001950 f   Newton.obj
 0001:00000970       _NewtonGetEulerAngle       10001970 f   Newton.obj
 0001:000009a0       _NewtonCalculateSpringDamperAcceleration 100019a0 f   Newton.obj
 0001:000009e0       _NewtonCreateBody          100019e0 f   Newton.obj
 0001:000009f0       _NewtonDestroyBody         100019f0 f   Newton.obj
 0001:00000a00       _NewtonBodySetMatrix       10001a00 f   Newton.obj
 0001:00000a50       _NewtonBodyGetFirstJoint   10001a50 f   Newton.obj
 0001:00000a60       _NewtonBodyGetNextJoint    10001a60 f   Newton.obj
 0001:00000a70       _NewtonBodyGetFirstContactJoint 10001a70 f   Newton.obj
 0001:00000a80       _NewtonBodyGetNextContactJoint 10001a80 f   Newton.obj
 0001:00000a90       _NewtonBodySetCollision    10001a90 f   Newton.obj
 0001:00000aa0       _NewtonBodySetFreezeState  10001aa0 f   Newton.obj
 0001:00000ac0       _NewtonBallSetUserCallback 10001ac0 f   Newton.obj
 0001:00000ad0       _NewtonBallGetJointAngle   10001ad0 f   Newton.obj
 0001:00000b00       _NewtonBallGetJointOmega   10001b00 f   Newton.obj
 0001:00000b30       _NewtonBallGetJointForce   10001b30 f   Newton.obj
 0001:00000b60       _NewtonHingeSetUserCallback 10001b60 f   Newton.obj
 0001:00000b60       _NewtonSliderSetUserCallback 10001b60 f   Newton.obj
 0001:00000b70       _NewtonHingeCalculateStopAlpha 10001b70 f   Newton.obj
 0001:00000b90       _NewtonHingeGetJointForce  10001b90 f   Newton.obj
 0001:00000bc0       _NewtonSliderCalculateStopAccel 10001bc0 f   Newton.obj
 0001:00000be0       _NewtonSliderGetJointForce 10001be0 f   Newton.obj
 0001:00000c10       _NewtonCorkscrewSetUserCallback 10001c10 f   Newton.obj
 0001:00000c10       _NewtonUniversalSetUserCallback 10001c10 f   Newton.obj
 0001:00000c20       _NewtonSliderGetJointVeloc 10001c20 f   Newton.obj
 0001:00000c20       _NewtonCorkscrewGetJointVeloc 10001c20 f   Newton.obj
 0001:00000c30       _NewtonCorkscrewCalculateStopAlpha 10001c30 f   Newton.obj
 0001:00000c30       _NewtonUniversalCalculateStopAlpha0 10001c30 f   Newton.obj
 0001:00000c50       _NewtonCorkscrewCalculateStopAccel 10001c50 f   Newton.obj
 0001:00000c70       _NewtonSliderGetJointPosit 10001c70 f   Newton.obj
 0001:00000c70       _NewtonHingeGetJointAngle  10001c70 f   Newton.obj
 0001:00000c70       _NewtonUniversalGetJointAngle0 10001c70 f   Newton.obj
 0001:00000c70       _NewtonCorkscrewGetJointAngle 10001c70 f   Newton.obj
 0001:00000c80       _NewtonCorkscrewGetJointPosit 10001c80 f   Newton.obj
 0001:00000c80       _NewtonUniversalGetJointAngle1 10001c80 f   Newton.obj
 0001:00000c90       _NewtonUniversalGetJointOmega0 10001c90 f   Newton.obj
 0001:00000c90       _NewtonCorkscrewGetJointOmega 10001c90 f   Newton.obj
 0001:00000c90       _NewtonHingeGetJointOmega  10001c90 f   Newton.obj
 0001:00000ca0       _NewtonUniversalGetJointOmega1 10001ca0 f   Newton.obj
 0001:00000cb0       _NewtonUniversalCalculateStopAlpha1 10001cb0 f   Newton.obj
 0001:00000cd0       _NewtonUniversalGetJointForce 10001cd0 f   Newton.obj
 0001:00000cd0       _NewtonCorkscrewGetJointForce 10001cd0 f   Newton.obj
 0001:00000d00       _NewtonUpVectorGetPin      10001d00 f   Newton.obj
 0001:00000d30       _NewtonUserJointAddGeneralRow 10001d30 f   Newton.obj
 0001:00000d50       _NewtonUserJointSetRowMaximumFriction 10001d50 f   Newton.obj
 0001:00000d70       _NewtonUserJointSetRowMinimumFriction 10001d70 f   Newton.obj
 0001:00000d90       _NewtonUserJointSetRowAcceleration 10001d90 f   Newton.obj
 0001:00000db0       _NewtonUserJointSetRowSpringDamperAcceleration 10001db0 f   Newton.obj
 0001:00000dd0       _NewtonUserJointSetRowStiffness 10001dd0 f   Newton.obj
 0001:00000df0       _NewtonUserJointGetRowForce 10001df0 f   Newton.obj
 0001:00000e00       _NewtonUserJointSetFeedbackCollectorCallback 10001e00 f   Newton.obj
 0001:00000e10       _NewtonJointSetUserData    10001e10 f   Newton.obj
 0001:00000e20       _NewtonJointGetUserData    10001e20 f   Newton.obj
 0001:00000e30       _NewtonJointGetInfo        10001e30 f   Newton.obj
 0001:00000e50       _NewtonJointSetStiffness   10001e50 f   Newton.obj
 0001:00000e70       _NewtonJointGetStiffness   10001e70 f   Newton.obj
 0001:00000e80       _NewtonJointSetDestructor  10001e80 f   Newton.obj
 0001:00000e90       _NewtonDestroyJoint        10001e90 f   Newton.obj
 0001:00000ea0       _NewtonMeshDestroy         10001ea0 f   Newton.obj
 0001:00000ec0       _NewtonMeshCalculateVertexNormals 10001ec0 f   Newton.obj
 0001:00000ee0       _NewtonMeshApplySphericalMapping 10001ee0 f   Newton.obj
 0001:00000ef0       _NewtonMeshApplyBoxMapping 10001ef0 f   Newton.obj
 0001:00000f10       _NewtonMeshApplyCylindricalMapping 10001f10 f   Newton.obj
 0001:00000f30       _NewtonMeshBeginFace       10001f30 f   Newton.obj
 0001:00000f40       _NewtonMeshAddFace         10001f40 f   Newton.obj
 0001:00000f60       _NewtonMeshEndFace         10001f60 f   Newton.obj
 0001:00000f70       _NewtonMeshGetVertexCount  10001f70 f   Newton.obj
 0001:00000f80       _NewtonMeshGetVertexStreams 10001f80 f   Newton.obj
 0001:00000fb0       _NewtonMeshGetIndirectVertexStreams 10001fb0 f   Newton.obj
 0001:00001000       _NewtonMeshFirstMaterial   10002000 f   Newton.obj
 0001:00001010       _NewtonMeshNextMaterial    10002010 f   Newton.obj
 0001:00001020       _NewtonMeshMaterialGetMaterial 10002020 f   Newton.obj
 0001:00001030       _NewtonMeshMaterialGetIndexCount 10002030 f   Newton.obj
 0001:00001050       _NewtonMeshMaterialGetIndexStream 10002050 f   Newton.obj
 0001:00001070       _NewtonMeshMaterialGetIndexStreamShort 10002070 f   Newton.obj
 0001:00001090       ?dgGetUserLock@dgWorld@@QAEXXZ 10002090 f i Newton.obj
 0001:000010b0       ?dgReleasedUserLock@dgWorld@@QAEXXZ 100020b0 f i Newton.obj
 0001:000010d0       ?Scale@?$dgTemplateVector@N@@QBE?AV1@N@Z 100020d0 f i Newton.obj
 0001:00001100       ??H?$dgTemplateVector@N@@QBE?AV0@ABV0@@Z 10002100 f i Newton.obj
 0001:00001130       ??G?$dgTemplateVector@N@@QBE?AV0@ABV0@@Z 10002130 f i Newton.obj
 0001:00001160       ??D?$dgTemplateVector@N@@QBE?AV0@ABV0@@Z 10002160 f i Newton.obj
 0001:000011a0       _NewtonDestroy             100021a0 f   Newton.obj
 0001:000011e0       _NewtonWorldCriticalSectionLock 100021e0 f   Newton.obj
 0001:00001200       _NewtonWorldCriticalSectionUnlock 10002200 f   Newton.obj
 0001:00001220       _NewtonUpdate              10002220 f   Newton.obj
 0001:000012e0       _NewtonSetMinimumFrameRate 100022e0 f   Newton.obj
 0001:00001330       _NewtonWorldGetFirstBody   10002330 f   Newton.obj
 0001:00001350       _NewtonWorldGetNextBody    10002350 f   Newton.obj
 0001:00001370       _NewtonIslandGetBodyAABB   10002370 f   Newton.obj
 0001:000013d0       _NewtonMaterialSetSurfaceThickness 100023d0 f   Newton.obj
 0001:00001430       _NewtonMaterialSetDefaultFriction 10002430 f   Newton.obj
 0001:00001500       _NewtonMaterialSetDefaultElasticity 10002500 f   Newton.obj
 0001:00001550       _NewtonMaterialSetDefaultSoftness 10002550 f   Newton.obj
 0001:000015a0       _NewtonMaterialSetCollisionCallback 100025a0 f   Newton.obj
 0001:000015e0       _NewtonMaterialGetUserData 100025e0 f   Newton.obj
 0001:00001600       _NewtonMaterialGetMaterialPairUserData 10002600 f   Newton.obj
 0001:00001610       _NewtonMaterialGetContactNormalSpeed 10002610 f   Newton.obj
 0001:00001710       _NewtonMaterialGetContactForce 10002710 f   Newton.obj
 0001:00001790       _NewtonMaterialGetBodyCollisionID 10002790 f   Newton.obj
 0001:000017c0       _NewtonMaterialSetContactSoftness 100027c0 f   Newton.obj
 0001:00001810       _NewtonMaterialSetContactElasticity 10002810 f   Newton.obj
 0001:00001860       _NewtonMaterialSetContactFrictionCoef 10002860 f   Newton.obj
 0001:00001930       _NewtonCreateConvexHull    10002930 f   Newton.obj
 0001:000019b0       _NewtonCreateConvexHullModifier 100029b0 f   Newton.obj
 0001:000019d0       _NewtonCreateCompoundCollision 100029d0 f   Newton.obj
 0001:000019f0       _NewtonCreateCompoundCollisionFromMesh 100029f0 f   Newton.obj
 0001:00001a20       _NewtonCollisionSetUserID  10002a20 f   Newton.obj
 0001:00001a30       _NewtonCollisionGetUserID  10002a30 f   Newton.obj
 0001:00001a40       _NewtonConvexHullGetFaceIndices 10002a40 f   Newton.obj
 0001:00001a60       _NewtonCreateTreeCollision 10002a60 f   Newton.obj
 0001:00001a80       _NewtonStaticCollisionSetDebugCallback 10002a80 f   Newton.obj
 0001:00001ab0       _NewtonTreeCollisionGetFaceAtribute 10002ab0 f   Newton.obj
 0001:00001ac0       _NewtonTreeCollisionSetFaceAtribute 10002ac0 f   Newton.obj
 0001:00001ad0       _NewtonCreateHeightFieldCollision 10002ad0 f   Newton.obj
 0001:00001b10       _NewtonCreateSceneCollision 10002b10 f   Newton.obj
 0001:00001b30       _NewtonSceneProxySetMatrix 10002b30 f   Newton.obj
 0001:00001b50       _NewtonSceneProxyGetMatrix 10002b50 f   Newton.obj
 0001:00001b90       _NewtonCollisionCalculateAABB 10002b90 f   Newton.obj
 0001:00001bf0       _NewtonAddCollisionReference 10002bf0 f   Newton.obj
 0001:00001c10       _NewtonBodySetUserData     10002c10 f   Newton.obj
 0001:00001c20       _NewtonBodyGetUserData     10002c20 f   Newton.obj
 0001:00001c30       _NewtonBodyGetWorld        10002c30 f   Newton.obj
 0001:00001c40       _NewtonBodySetTransformCallback 10002c40 f   Newton.obj
 0001:00001c50       _NewtonBodyGetTransformCallback 10002c50 f   Newton.obj
 0001:00001c60       _NewtonBodySetForceAndTorqueCallback 10002c60 f   Newton.obj
 0001:00001c70       _NewtonBodyGetForceAndTorqueCallback 10002c70 f   Newton.obj
 0001:00001c80       _NewtonBodySetDestructorCallback 10002c80 f   Newton.obj
 0001:00001c90       _NewtonBodySetMassMatrix   10002c90 f   Newton.obj
 0001:00001df0       _NewtonBodyGetMassMatrix   10002df0 f   Newton.obj
 0001:00001e50       _NewtonBodyGetInvMass      10002e50 f   Newton.obj
 0001:00001eb0       _NewtonBodySetMatrixRecursive 10002eb0 f   Newton.obj
 0001:00001ef0       _NewtonBodyGetMatrix       10002ef0 f   Newton.obj
 0001:00001f10       _NewtonBodyGetRotation     10002f10 f   Newton.obj
 0001:00001f30       _NewtonBodyGetForceAcc     10002f30 f   Newton.obj
 0001:00001f70       _NewtonBodyGetForce        10002f70 f   Newton.obj
 0001:00001fb0       _NewtonBodyCalculateInverseDynamicsForce 10002fb0 f   Newton.obj
 0001:00002010       _NewtonBodyGetTorque       10003010 f   Newton.obj
 0001:00002050       _NewtonBodyGetTorqueAcc    10003050 f   Newton.obj
 0001:00002090       _NewtonBodyGetCentreOfMass 10003090 f   Newton.obj
 0001:000020d0       _NewtonContactJointGetContactCount 100030d0 f   Newton.obj
 0001:000020f0       _NewtonContactJointGetFirstContact 100030f0 f   Newton.obj
 0001:00002120       _NewtonContactJointGetNextContact 10003120 f   Newton.obj
 0001:00002150       _NewtonContactGetMaterial  10003150 f   Newton.obj
 0001:00002160       _NewtonBodyAddBuoyancyForce 10003160 f   Newton.obj
 0001:000021c0       _NewtonBodyGetCollision    100031c0 f   Newton.obj
 0001:000021d0       _NewtonBodySetMaterialGroupID 100031d0 f   Newton.obj
 0001:000021e0       _NewtonBodyGetMaterialGroupID 100031e0 f   Newton.obj
 0001:000021f0       _NewtonBodySetContinuousCollisionMode 100031f0 f   Newton.obj
 0001:00002210       _NewtonBodyGetContinuousCollisionMode 10003210 f   Newton.obj
 0001:00002230       _NewtonBodySetJointRecursiveCollision 10003230 f   Newton.obj
 0001:00002260       _NewtonBodyGetJointRecursiveCollision 10003260 f   Newton.obj
 0001:00002280       _NewtonBodyGetFreezeState  10003280 f   Newton.obj
 0001:00002290       _NewtonBodySetAutoSleep    10003290 f   Newton.obj
 0001:000022c0       _NewtonBodyGetAutoSleep    100032c0 f   Newton.obj
 0001:000022e0       _NewtonBodyGetSleepState   100032e0 f   Newton.obj
 0001:000022f0       _NewtonBodyGetAABB         100032f0 f   Newton.obj
 0001:00002340       _NewtonBodySetVelocity     10003340 f   Newton.obj
 0001:00002380       _NewtonBodyGetVelocity     10003380 f   Newton.obj
 0001:000023c0       _NewtonBodySetOmega        100033c0 f   Newton.obj
 0001:00002400       _NewtonBodyGetOmega        10003400 f   Newton.obj
 0001:00002440       _NewtonBodyGetLinearDamping 10003440 f   Newton.obj
 0001:00002460       _NewtonBodyAddImpulse      10003460 f   Newton.obj
 0001:000024c0       _NewtonConstraintCreateBall 100034c0 f   Newton.obj
 0001:00002500       _NewtonBallSetConeLimits   10003500 f   Newton.obj
 0001:00002770       _NewtonConstraintCreateHinge 10003770 f   Newton.obj
 0001:000027d0       _NewtonConstraintCreateSlider 100037d0 f   Newton.obj
 0001:00002830       _NewtonConstraintCreateCorkscrew 10003830 f   Newton.obj
 0001:00002890       _NewtonConstraintCreateUniversal 10003890 f   Newton.obj
 0001:00002910       ?SetCentreOfMass@dgBody@@QAEXABVdgVector@@@Z 10003910 f i Newton.obj
 0001:000029b0       _NewtonConstraintCreateUpVector 100039b0 f   Newton.obj
 0001:000029f0       _NewtonUpVectorSetPin      100039f0 f   Newton.obj
 0001:00002a30       _NewtonConstraintCreateUserJoint 10003a30 f   Newton.obj
 0001:00002a70       _NewtonUserJointAddLinearRow 10003a70 f   Newton.obj
 0001:00002b40       _NewtonUserJointAddAngularRow 10003b40 f   Newton.obj
 0001:00002bd0       ?SetLinearDamping@dgBody@@QAEXN@Z 10003bd0 f i Newton.obj
 0001:00002c30       _NewtonJointGetBody0       10003c30 f   Newton.obj
 0001:00002c40       ?SetAngularDamping@dgBody@@QAEXABVdgVector@@@Z 10003c40 f i Newton.obj
 0001:00002cf0       _NewtonJointGetBody1       10003cf0 f   Newton.obj
 0001:00002d10       _NewtonJointSetCollisionState 10003d10 f   Newton.obj
 0001:00002d30       _NewtonJointGetCollisionState 10003d30 f   Newton.obj
 0001:00002d40       _NewtonMeshCreate          10003d40 f   Newton.obj
 0001:00002d60       ?SetForce@dgBody@@QAEXABVdgVector@@@Z 10003d60 f i Newton.obj
 0001:00002de0       _NewtonMeshCreateFromCollision 10003de0 f   Newton.obj
 0001:00002e00       ?SetTorque@dgBody@@QAEXABVdgVector@@@Z 10003e00 f i Newton.obj
 0001:00002e80       _NewtonMeshPlaneClip       10003e80 f   Newton.obj
 0001:00002ed0       ?Unlink@?$dgList@VdgContactMaterial@@@@QAEXPAVdgListNode@1@@Z 10003ed0 f i Newton.obj
 0001:00002f40       _NewtonSetWorldSize        10003f40 f   Newton.obj
 0001:00002fa0       _NewtonWorldForEachBodyInAABBDo 10003fa0 f   Newton.obj
 0001:00003000       _NewtonWorldRayCast        10004000 f   Newton.obj
 0001:00003070       _NewtonWorldConvexCast     10004070 f   Newton.obj
 0001:000030d0       _NewtonMaterialGetContactTangentSpeed 100040d0 f   Newton.obj
 0001:000031f0       _NewtonMaterialSetContactNormalDirection 100041f0 f   Newton.obj
 0001:00003400       _NewtonMaterialContactRotateTangentDirections 10004400 f   Newton.obj
 0001:00003520       _NewtonConvexCollisionCalculateInertialMatrix 10004520 f   Newton.obj
 0001:00003570       _NewtonCreateUserMeshCollision 10004570 f   Newton.obj
 0001:00003600       _NewtonTreeCollisionGetVertexListIndexListInAABB 10004600 f   Newton.obj
 0001:000036b0       _NewtonCollisionSupportVertex 100046b0 f   Newton.obj
 0001:000037e0       _NewtonCollisionRayCast    100047e0 f   Newton.obj
 0001:00003970       _NewtonSetEulerAngle       10004970 f   Newton.obj
 0001:00003d50       _NewtonBodySetForce        10004d50 f   Newton.obj
 0001:00003d90       _NewtonBodySetTorque       10004d90 f   Newton.obj
 0001:00003dd0       _NewtonBodySetCentreOfMass 10004dd0 f   Newton.obj
 0001:00003e10       _NewtonBodySetLinearDamping 10004e10 f   Newton.obj
 0001:00003e30       _NewtonBodySetAngularDamping 10004e30 f   Newton.obj
 0001:00003e70       _NewtonBodyGetAngularDamping 10004e70 f   Newton.obj
 0001:00003ec0       _NewtonCreate              10004ec0 f   Newton.obj
 0001:00003f90       _NewtonDestroyAllBodies    10004f90 f   Newton.obj
 0001:00003fe0       _NewtonBodyAddForce        10004fe0 f   Newton.obj
 0001:00004040       _NewtonBodyAddTorque       10005040 f   Newton.obj
 0001:00004090       _NewtonContactJointRemoveContact 10005090 f   Newton.obj
 0001:000040d0       _NewtonWorldForEachJointDo 100050d0 f   Newton.obj
 0001:00004180       ?Append@?$dgList@UNewtonMeshPartition@@@@QAEPAVdgListNode@1@XZ 10005180 f i NewtonAproximateConvexPartition.obj
 0001:00004210       ?CalculateHulls@NewtonAproximateConvexPartition@@QAEXPBVdgVector@@H@Z 10005210 f   NewtonAproximateConvexPartition.obj
 0001:00004310       ?RemoveAll@?$dgList@UNewtonMeshPartition@@@@QAEXXZ 10005310 f i NewtonAproximateConvexPartition.obj
 0001:00004380       ??0NewtonAproximateConvexPartition@@QAE@ABVNewtonMeshEffect@@NH@Z 10005380 f   NewtonAproximateConvexPartition.obj
 0001:00004400       ??1NewtonAproximateConvexPartition@@QAE@XZ 10005400 f   NewtonAproximateConvexPartition.obj
 0001:00004410       ?__malloc__@dgMemoryAllocator@@CAPAXI@Z 10005410 f   corelib_2009:dgMemory.obj
 0001:00004410       ?DefaultAllocMemory@Newton@@SAPAXH@Z 10005410 f   NewtonClass.obj
 0001:00004420       ?JacobianDerivative@NewtonUserJoint@@UAEIAAVdgContraintDescritor@@@Z 10005420 f   NewtonClass.obj
 0001:00004460       ?SetAcceleration@NewtonUserJoint@@QAEXN@Z 10005460 f   NewtonClass.obj
 0001:00004490       ?SetSpringDamperAcceleration@NewtonUserJoint@@QAEXNN@Z 10005490 f   NewtonClass.obj
 0001:00004500       ?GetRowForce@NewtonUserJoint@@QBENH@Z 10005500 f   NewtonClass.obj
 0001:00004530       ?GetInfo@NewtonUserJoint@@UBEXPAVdgConstraintInfo@@@Z 10005530 f   NewtonClass.obj
 0001:00004570       ??_ENewtonUserJoint@@UAEPAXI@Z 10005570 f i NewtonClass.obj
 0001:00004570       ??_GNewtonUserJoint@@UAEPAXI@Z 10005570 f i NewtonClass.obj
 0001:000045b0       ?SetHighFriction@NewtonUserJoint@@QAEXN@Z 100055b0 f   NewtonClass.obj
 0001:00004620       ?SetLowerFriction@NewtonUserJoint@@QAEXN@Z 10005620 f   NewtonClass.obj
 0001:00004690       ?SetRowStiffness@NewtonUserJoint@@QAEXN@Z 10005690 f   NewtonClass.obj
 0001:000046f0       ?SetUpdateFeedbackFunction@NewtonUserJoint@@QAEXP6AXPBUNewtonJoint@@NH@Z@Z 100056f0 f   NewtonClass.obj
 0001:00004700       ?DestroyJoints@NewtonDeadJoints@@QAEXAAVNewton@@@Z 10005700 f   NewtonClass.obj
 0001:00004760       ??1Newton@@QAE@XZ          10005760 f   NewtonClass.obj
 0001:000047c0       ??0NewtonUserJoint@@QAE@PAVdgWorld@@HP6AXPBUNewtonJoint@@NH@ZP6AX1PAUNewtonJointRecord@@@ZPAVdgBody@@5@Z 100057c0 f   NewtonClass.obj
 0001:00004870       ?AddAngularRowJacobian@NewtonUserJoint@@QAEXABVdgVector@@N@Z 10005870 f   NewtonClass.obj
 0001:00004910       ?AddGeneralRowJacobian@NewtonUserJoint@@QAEXPBN0@Z 10005910 f   NewtonClass.obj
 0001:000049a0       ?AddLinearRowJacobian@NewtonUserJoint@@QAEXABVdgVector@@00@Z 100059a0 f   NewtonClass.obj
 0001:00004a30       ?Insert@?$dgTree@PAVdgConstraint@@PAX@@QAEPAVdgTreeNode@1@ABQAVdgConstraint@@PAXAA_N@Z 10005a30 f i NewtonClass.obj
 0001:00004a30       ?Insert@?$dgTree@PAVdgCollision@@I@@QAEPAVdgTreeNode@1@ABQAVdgCollision@@IAA_N@Z 10005a30 f i physics_2009:dgNarrowPhaseCollision.obj
 0001:00004a30       ?Insert@?$dgTree@PAVdgEdge@@PAX@@QAEPAVdgTreeNode@1@ABQAVdgEdge@@PAXAA_N@Z 10005a30 f i physics_2009:dgCollisionConvexHull.obj
 0001:00004a30       ?Insert@?$dgTree@PAVdgConstraint@@PAV1@@@QAEPAVdgTreeNode@1@ABQAVdgConstraint@@PAV3@AA_N@Z 10005a30 f i Newton.obj
 0001:00004a30       ?Insert@?$dgTree@PAVdgBody@@PAX@@QAEPAVdgTreeNode@1@ABQAVdgBody@@PAXAA_N@Z 10005a30 f i NewtonClass.obj
 0001:00004b00       ??0Newton@@QAE@N@Z         10005b00 f   NewtonClass.obj
 0001:00004b70       ?DestroyJoint@Newton@@QAEXPAVdgConstraint@@@Z 10005b70 f   NewtonClass.obj
 0001:00004ba0       ?DestroyBody@Newton@@QAEXPAVdgBody@@@Z 10005ba0 f   NewtonClass.obj
 0001:00004bd0       ?DestroyBodies@NewtonDeadBodies@@QAEXAAVNewton@@@Z 10005bd0 f   NewtonClass.obj
 0001:00004c50       ?UpdatePhysics@Newton@@QAEXN@Z 10005c50 f   NewtonClass.obj
 0001:00004c90       ?GetShapeFromCollision@NewtonMeshEffectBuilder@@SAXPAXHPBNH@Z 10005c90 f i NewtonMeshEffect.obj
 0001:00004d70       ?BeginPolygon@NewtonMeshEffect@@QAEXXZ 10005d70 f   NewtonMeshEffect.obj
 0001:00004d80       ?AddVertex@NewtonMeshEffect@@AAEXPBNH@Z 10005d80 f   NewtonMeshEffect.obj
 0001:00004ee0       ?AddPolygon@NewtonMeshEffect@@QAEXHPBNHH@Z 10005ee0 f   NewtonMeshEffect.obj
 0001:00004f60       ?GetVertexStreams@NewtonMeshEffect@@QAEXHPANH0H0@Z 10005f60 f   NewtonMeshEffect.obj
 0001:00005020       ?GetIndirectVertexStreams@NewtonMeshEffect@@QAEXHPANPAH1H011H011@Z 10006020 f   NewtonMeshEffect.obj
 0001:00005200       ?GetNextMaterial@NewtonMeshEffect@@QAEHH@Z 10006200 f   NewtonMeshEffect.obj
 0001:00005230       ?GetMaterialGetIndexStream@NewtonMeshEffect@@QAEXHPAH@Z 10006230 f   NewtonMeshEffect.obj
 0001:000052a0       ?GetMaterialGetIndexStreamShort@NewtonMeshEffect@@QAEXHPAF@Z 100062a0 f   NewtonMeshEffect.obj
 0001:00005310       ?CreateConvexAproximationCollision@NewtonMeshEffect@@QBEPAVdgCollision@@NH@Z 10006310 f   NewtonMeshEffect.obj
 0001:00005340       ??Y?$dgTemplateVector@N@@QAEAAV0@ABV0@@Z 10006340 f i NewtonMeshEffect.obj
 0001:00005370       ??0NewtonMeshEffect@@QAE@_N@Z 10006370 f   NewtonMeshEffect.obj
 0001:000053d0       ??_ENewtonMeshEffect@@UAEPAXI@Z 100063d0 f i NewtonMeshEffect.obj
 0001:000053d0       ??_GNewtonMeshEffect@@UAEPAXI@Z 100063d0 f i NewtonMeshEffect.obj
 0001:00005420       ?EndPolygon@NewtonMeshEffect@@QAEXXZ 10006420 f   NewtonMeshEffect.obj
 0001:000055f0       ?CreateConvexCollision@NewtonMeshEffect@@QBEPAVdgCollision@@NH@Z 100065f0 f   NewtonMeshEffect.obj
 0001:00005660       ??0NewtonMeshEffect@@QAE@PAVdgCollision@@@Z 10006660 f   NewtonMeshEffect.obj
 0001:000058f0       ?GetAttriubeArray@NewtonMeshEffect@@AAEXPAUdgVertexAtribute@1@@Z 100068f0 f   NewtonMeshEffect.obj
 0001:00005980       ?ApplyAttriubeArray@NewtonMeshEffect@@AAEXPAUdgVertexAtribute@1@@Z 10006980 f   NewtonMeshEffect.obj
 0001:00005a40       ?GetOrigin@NewtonMeshEffect@@ABE?AVdgVector@@XZ 10006a40 f   NewtonMeshEffect.obj
 0001:00005b10       ?FixCylindricalMapping@NewtonMeshEffect@@ABEXPAUdgVertexAtribute@1@@Z 10006b10 f   NewtonMeshEffect.obj
 0001:00005c60       ?SphericalMapping@NewtonMeshEffect@@QAEXH@Z 10006c60 f   NewtonMeshEffect.obj
 0001:00005e30       ?CylindricalMapping@NewtonMeshEffect@@QAEXHH@Z 10006e30 f   NewtonMeshEffect.obj
 0001:00006190       ?BoxMapping@NewtonMeshEffect@@QAEXHHH@Z 10007190 f   NewtonMeshEffect.obj
 0001:00006450       ?CalcualetNormals@NewtonMeshEffect@@QAEXN@Z 10007450 f   NewtonMeshEffect.obj
 0001:00006810       ?GetFirstMaterial@NewtonMeshEffect@@QAEHXZ 10007810 f   NewtonMeshEffect.obj
 0001:00006a10       ?CapClipFace@NewtonMeshEffect@@AAE_NABVdgPlane@@ABVdgMatrix@@HH@Z 10007a10 f   NewtonMeshEffect.obj
 0001:00006c40       ?PlaneClip@NewtonMeshEffect@@QAEHABVdgPlane@@ABVdgMatrix@@PAPAV1@HH@Z 10007c40 f   NewtonMeshEffect.obj
 0001:00007750       ?ModifierGetMatrix@dgCollision@@UBE?AVdgMatrix@@XZ 10008750 f i physics_2009:dgWorld.obj
 0001:00007770       ?Release@dgCollision@@UAEHXZ 10008770 f i physics_2009:dgWorld.obj
 0001:00007790       ?GetSentinelBody@dgWorld@@QBEPAVdgBody@@XZ 10008790 f   physics_2009:dgWorld.obj
 0001:000077a0       ?SetFrictionMode@dgWorld@@QAEXH@Z 100087a0 f   physics_2009:dgWorld.obj
 0001:000077b0       ?SetHardwareMode@dgWorld@@QAEXH@Z 100087b0 f   physics_2009:dgWorld.obj
 0001:000077e0       ?GetHardwareMode@dgWorld@@QAEHPAD@Z 100087e0 f   physics_2009:dgWorld.obj
 0001:00007830       ?ThreadExecute@dgSetTrreadRoundMode@dgWorld@@UAEXXZ 10008830 f   physics_2009:dgWorld.obj
 0001:00007850       ?SetThreadsCount@dgWorld@@QAEXH@Z 10008850 f   physics_2009:dgWorld.obj
 0001:00007890       ?GetThreadsCount@dgWorld@@QBEHXZ 10008890 f   physics_2009:dgWorld.obj
 0001:000078a0       ?EnableThreadOnSingleIsland@dgWorld@@QAEXH@Z 100088a0 f   physics_2009:dgWorld.obj
 0001:000078c0       ?GetThreadOnSingleIsland@dgWorld@@QBEHXZ 100088c0 f   physics_2009:dgWorld.obj
 0001:000078d0       ?DestroyConstraint@dgWorld@@QAEXPAVdgConstraint@@@Z 100088d0 f   physics_2009:dgWorld.obj
 0001:000078f0       ?UpdateCollision@dgWorld@@QAEXXZ 100088f0 f   physics_2009:dgWorld.obj
 0001:00007970       ?Update@dgWorld@@QAEXN@Z   10008970 f   physics_2009:dgWorld.obj
 0001:00007a10       ?SetPerfomanceCounter@dgWorld@@QAEXP6AIXZ@Z 10008a10 f   physics_2009:dgWorld.obj
 0001:00007a60       ?SetUserData@dgWorld@@QAEXPAX@Z 10008a60 f   physics_2009:dgWorld.obj
 0001:00007a70       ?GetUserData@dgWorld@@QBEPAXXZ 10008a70 f   physics_2009:dgWorld.obj
 0001:00007a80       ?SetIslandUpdateCallback@dgWorld@@QAEXP6AIPAXH@Z@Z 10008a80 f   physics_2009:dgWorld.obj
 0001:00007a90       ?SetDestroyCollisionCallback@dgWorld@@QAEXP6AXPAVdgCollision@@@Z@Z 10008a90 f   physics_2009:dgWorld.obj
 0001:00007aa0       ?SetLeavingWorldCallback@dgWorld@@QAEXP6AXPAVdgBody@@H@Z@Z 10008aa0 f   physics_2009:dgWorld.obj
 0001:00007ab0       ?CreateBallConstraint@dgWorld@@QAEPAVdgBallConstraint@@ABVdgVector@@PAVdgBody@@1@Z 10008ab0 f   physics_2009:dgWorld.obj
 0001:00007b00       ?CreateHingeConstraint@dgWorld@@QAEPAVdgHingeConstraint@@ABVdgVector@@0PAVdgBody@@1@Z 10008b00 f   physics_2009:dgWorld.obj
 0001:00007b50       ?CreateUpVectorConstraint@dgWorld@@QAEPAVdgUpVectorConstraint@@ABVdgVector@@PAVdgBody@@@Z 10008b50 f   physics_2009:dgWorld.obj
 0001:00007ba0       ?CreateSlidingConstraint@dgWorld@@QAEPAVdgSlidingConstraint@@ABVdgVector@@0PAVdgBody@@1@Z 10008ba0 f   physics_2009:dgWorld.obj
 0001:00007bf0       ?CreateCorkscrewConstraint@dgWorld@@QAEPAVdgCorkscrewConstraint@@ABVdgVector@@0PAVdgBody@@1@Z 10008bf0 f   physics_2009:dgWorld.obj
 0001:00007c40       ?CreateUniversalConstraint@dgWorld@@QAEPAVdgUniversalConstraint@@ABVdgVector@@00PAVdgBody@@1@Z 10008c40 f   physics_2009:dgWorld.obj
 0001:00007ca0       ?GetConstraintsCount@dgWorld@@QBEHXZ 10008ca0 f   physics_2009:dgWorld.obj
 0001:00007cb0       ?AddBodyImpulse@dgWorld@@QAEXPAVdgBody@@ABVdgVector@@1@Z 10008cb0 f   physics_2009:dgWorld.obj
 0001:00007ce0       ??_GdgCollisionPoint@@UAEPAXI@Z 10008ce0 f i physics_2009:dgWorld.obj
 0001:00007ce0       ??_EdgCollisionPoint@@UAEPAXI@Z 10008ce0 f i physics_2009:dgWorld.obj
 0001:00007d00       ??_GdgSolverWorlkerThreads@@UAEPAXI@Z 10008d00 f i physics_2009:dgWorld.obj
 0001:00007d00       ??_EdgParallelSolverUpdateVeloc@@UAEPAXI@Z 10008d00 f i physics_2009:dgWorld.obj
 0001:00007d00       ??_EdgParallelSolverBodyInertia@@UAEPAXI@Z 10008d00 f i physics_2009:dgWorld.obj
 0001:00007d00       ??_EdgBroadPhaseCalculateContactsWorkerThread@@UAEPAXI@Z 10008d00 f i physics_2009:dgBroadPhaseCollision.obj
 0001:00007d00       ??_GdgParallelSolverInitFeedbackUpdate@@UAEPAXI@Z 10008d00 f i physics_2009:dgWorld.obj
 0001:00007d00       ??_EdgParallelSolverBuildJacobianRows@@UAEPAXI@Z 10008d00 f i physics_2009:dgWorld.obj
 0001:00007d00       ??_GdgBroadPhaseApplyExternalForce@@UAEPAXI@Z 10008d00 f i physics_2009:dgBroadPhaseCollision.obj
 0001:00007d00       ??_GdgParallelSolverBuildJacobianMatrix@@UAEPAXI@Z 10008d00 f i physics_2009:dgWorld.obj
 0001:00007d00       ??_EdgParallelSolverBuildJacobianMatrix@@UAEPAXI@Z 10008d00 f i physics_2009:dgWorld.obj
 0001:00007d00       ??_GdgParallelSolverInitInternalForces@@UAEPAXI@Z 10008d00 f i physics_2009:dgWorld.obj
 0001:00007d00       ??_EdgParallelSolverClear@@UAEPAXI@Z 10008d00 f i physics_2009:dgWorld.obj
 0001:00007d00       ??_GdgParallelSolverBuildJacobianRows@@UAEPAXI@Z 10008d00 f i physics_2009:dgWorld.obj
 0001:00007d00       ??_GdgBroadPhaseCalculateContactsWorkerThread@@UAEPAXI@Z 10008d00 f i physics_2009:dgBroadPhaseCollision.obj
 0001:00007d00       ??_GdgBroadPhaseCellPairsWorkerThread@@UAEPAXI@Z 10008d00 f i physics_2009:dgBroadPhaseCollision.obj
 0001:00007d00       ??_GdgParallelSolverUpdateVeloc@@UAEPAXI@Z 10008d00 f i physics_2009:dgWorld.obj
 0001:00007d00       ??_GdgParallelSolverUpdateForce@@UAEPAXI@Z 10008d00 f i physics_2009:dgWorld.obj
 0001:00007d00       ??_EdgSetTrreadRoundMode@dgWorld@@UAEPAXI@Z 10008d00 f i physics_2009:dgWorld.obj
 0001:00007d00       ??_EdgParallelSolverInitFeedbackUpdate@@UAEPAXI@Z 10008d00 f i physics_2009:dgWorld.obj
 0001:00007d00       ??_EdgParallelSolverUpdateForce@@UAEPAXI@Z 10008d00 f i physics_2009:dgWorld.obj
 0001:00007d00       ??_EdgSolverWorlkerThreads@@UAEPAXI@Z 10008d00 f i physics_2009:dgWorld.obj
 0001:00007d00       ??_EdgBroadPhaseMaterialCallbackWorkerThread@@UAEPAXI@Z 10008d00 f i physics_2009:dgBroadPhaseCollision.obj
 0001:00007d00       ??_EdgParallelSolverCalculateForces@@UAEPAXI@Z 10008d00 f i physics_2009:dgWorld.obj
 0001:00007d00       ??_GdgBroadPhaseMaterialCallbackWorkerThread@@UAEPAXI@Z 10008d00 f i physics_2009:dgBroadPhaseCollision.obj
 0001:00007d00       ??_EdgBroadPhaseApplyExternalForce@@UAEPAXI@Z 10008d00 f i physics_2009:dgBroadPhaseCollision.obj
 0001:00007d00       ??_GdgParallelSolverJointAcceleration@@UAEPAXI@Z 10008d00 f i physics_2009:dgWorld.obj
 0001:00007d00       ??_GdgParallelSolverCalculateForces@@UAEPAXI@Z 10008d00 f i physics_2009:dgWorld.obj
 0001:00007d00       ??_GdgParallelSolverBodyInertia@@UAEPAXI@Z 10008d00 f i physics_2009:dgWorld.obj
 0001:00007d00       ??_EdgParallelSolverJointAcceleration@@UAEPAXI@Z 10008d00 f i physics_2009:dgWorld.obj
 0001:00007d00       ??_EdgParallelSolverInitInternalForces@@UAEPAXI@Z 10008d00 f i physics_2009:dgWorld.obj
 0001:00007d00       ??_GdgWorkerThread@@UAEPAXI@Z 10008d00 f i physics_2009:dgWorld.obj
 0001:00007d00       ??_EdgBroadPhaseCellPairsWorkerThread@@UAEPAXI@Z 10008d00 f i physics_2009:dgBroadPhaseCollision.obj
 0001:00007d00       ??_GdgSetTrreadRoundMode@dgWorld@@UAEPAXI@Z 10008d00 f i physics_2009:dgWorld.obj
 0001:00007d00       ??_GdgParallelSolverClear@@UAEPAXI@Z 10008d00 f i physics_2009:dgWorld.obj
 0001:00007d00       ??_EdgWorkerThread@@UAEPAXI@Z 10008d00 f i physics_2009:dgWorld.obj
 0001:00007d20       ?SetSolverMode@dgWorld@@QAEXH@Z 10008d20 f   physics_2009:dgWorld.obj
 0001:00007d40       ?RemoveAllGroupID@dgWorld@@QAEXXZ 10008d40 f   physics_2009:dgWorld.obj
 0001:00007d90       ?DestroyBody@dgWorld@@QAEXPAVdgBody@@@Z 10008d90 f   physics_2009:dgWorld.obj
 0001:00007de0       ?GetPerfomanceTicks@dgWorld@@QBEII@Z 10008de0 f   physics_2009:dgWorld.obj
 0001:00007e00       ?GetBodiesCount@dgWorld@@QBEHXZ 10008e00 f   physics_2009:dgWorld.obj
 0001:00007e10       ?AreBodyConnectedByJoints@dgWorld@@AAE_NPAVdgBody@@0@Z 10008e10 f   physics_2009:dgWorld.obj
 0001:00007ef0       ?FlushCache@dgWorld@@QAEXXZ 10008ef0 f   physics_2009:dgWorld.obj
 0001:00007f50       ??0dgWorldDynamicUpdate@@QAE@XZ 10008f50 f i physics_2009:dgWorld.obj
 0001:000083b0       ??1dgWorldDynamicUpdate@@QAE@XZ 100093b0 f i physics_2009:dgWorld.obj
 0001:00008510       ?DestroyAllBodies@dgWorld@@QAEXXZ 10009510 f   physics_2009:dgWorld.obj
 0001:00008570       ?CreateBody@dgWorld@@QAEPAVdgBody@@PAVdgCollision@@@Z 10009570 f   physics_2009:dgWorld.obj
 0001:000086b0       ?BodySetMatrix@dgWorld@@QAEXPAVdgBody@@ABVdgMatrix@@@Z 100096b0 f   physics_2009:dgWorld.obj
 0001:00008910       ?RemoveAll@?$dgList@PAVdgContact@@@@QAEXXZ 10009910 f i physics_2009:dgWorld.obj
 0001:00008910       ?RemoveAll@?$dgList@PAVdgEdge@@@@QAEXXZ 10009910 f i corelib_2009:dgPolyhedra.obj
 0001:00008970       ??1dgWorld@@QAE@XZ         10009970 f   physics_2009:dgWorld.obj
 0001:00008ad0       ??0dgWorld@@QAE@XZ         10009ad0 f   physics_2009:dgWorld.obj
 0001:00008fd0       ?GetIslandBody@dgWorld@@QBEPAVdgBody@@PBXH@Z 10009fd0 f   physics_2009:dgWorldDynamicUpdate.obj
 0001:00009000       ?ReallocBodyMemory@dgWorldDynamicUpdate@@AAEXH@Z 1000a000 f   physics_2009:dgWorldDynamicUpdate.obj
 0001:000090b0       ?ReallocIslandMemory@dgWorldDynamicUpdate@@AAEXH@Z 1000a0b0 f   physics_2009:dgWorldDynamicUpdate.obj
 0001:00009170       ?ReallocJointsMemory@dgWorldDynamicUpdate@@AAEXH@Z 1000a170 f   physics_2009:dgWorldDynamicUpdate.obj
 0001:00009230       ?ReallocJacobiansMemory@dgWorldDynamicUpdate@@AAEXHH@Z 1000a230 f   physics_2009:dgWorldDynamicUpdate.obj
 0001:000094a0       ?ReallocIntenalForcesMemory@dgWorldDynamicUpdate@@AAEXHH@Z 1000a4a0 f   physics_2009:dgWorldDynamicUpdate.obj
 0001:000095b0       ?GetJacobialDerivativesParallel@dgWorldDynamicUpdate@@AAEHABVdgIsland@@_NHN@Z 1000a5b0 f   physics_2009:dgWorldDynamicUpdate.obj
 0001:000096a0       ?ThreadExecute@dgParallelSolverJointAcceleration@@UAEXXZ 1000a6a0 f   physics_2009:dgWorldDynamicUpdate.obj
 0001:00009840       ?ThreadExecute@dgParallelSolverInitFeedbackUpdate@@UAEXXZ 1000a840 f   physics_2009:dgWorldDynamicUpdate.obj
 0001:00009960       ??$dgSort@VdgIsland@@@@YAXQAVdgIsland@@HP6AHQBV0@1PAX@Z2@Z 1000a960 f i physics_2009:dgWorldDynamicUpdate.obj
 0001:00009bf0       ?BuildIsland@dgWorldDynamicUpdate@@AAEXAAV?$dgQueue@PAVdgBody@@@@HHH@Z 1000abf0 f   physics_2009:dgWorldDynamicUpdate.obj
 0001:00009e40       ?SpanningTree@dgWorldDynamicUpdate@@AAEXPAVdgBody@@@Z 1000ae40 f   physics_2009:dgWorldDynamicUpdate.obj
 0001:0000a290       ?IntegrateArray@dgWorldDynamicUpdate@@ABEXPBVdgBodyInfo@@HNNH_N@Z 1000b290 f   physics_2009:dgWorldDynamicUpdate.obj
 0001:0000a8c0       ?ApplyExternalForcesAndAcceleration@dgJacobianMemory@@QBEXN@Z 1000b8c0 f   physics_2009:dgWorldDynamicUpdate.obj
 0001:0000b450       ?SwapRows@dgJacobianMemory@@QBEXHH@Z 1000c450 f   physics_2009:dgWorldDynamicUpdate.obj
 0001:0000b5d0       ?CalculateSimpleBodyReactionsForces@dgJacobianMemory@@QBEXN@Z 1000c5d0 f   physics_2009:dgWorldDynamicUpdate.obj
 0001:0000d1b0       ?CalculateJointForces@dgJacobianMemory@@QBENHPANN@Z 1000e1b0 f   physics_2009:dgWorldDynamicUpdate.obj
 0001:0000e5f0       ?CalculateForcesGameMode@dgJacobianMemory@@QBEXHN@Z 1000f5f0 f   physics_2009:dgWorldDynamicUpdate.obj
 0001:0000fd40       ?ThreadExecute@dgParallelSolverBuildJacobianRows@@UAEXXZ 10010d40 f   physics_2009:dgWorldDynamicUpdate.obj
 0001:00010200       ?BuildJacobianMatrixParallel@dgWorldDynamicUpdate@@AAEXABVdgIsland@@NH@Z 10011200 f   physics_2009:dgWorldDynamicUpdate.obj
 0001:00010510       ?ThreadExecute@dgParallelSolverClear@@UAEXXZ 10011510 f   physics_2009:dgWorldDynamicUpdate.obj
 0001:00010610       ?ThreadExecute@dgParallelSolverInitInternalForces@@UAEXXZ 10011610 f   physics_2009:dgWorldDynamicUpdate.obj
 0001:00010f10       ?ThreadExecute@dgParallelSolverUpdateVeloc@@UAEXXZ 10011f10 f   physics_2009:dgWorldDynamicUpdate.obj
 0001:000110b0       ?ThreadExecute@dgParallelSolverUpdateForce@@UAEXXZ 100120b0 f   physics_2009:dgWorldDynamicUpdate.obj
 0001:000113d0       ?ThreadExecute@dgParallelSolverCalculateForces@@UAEXXZ 100123d0 f   physics_2009:dgWorldDynamicUpdate.obj
 0001:000118d0       ?CalculateForcesGameModeParallel@dgJacobianMemory@@QBEXHNH@Z 100128d0 f   physics_2009:dgWorldDynamicUpdate.obj
 0001:000120b0       ?AddDamingAcceleration@dgBody@@AAEXXZ 100130b0 f i physics_2009:dgWorldDynamicUpdate.obj
 0001:000121e0       ?CalculateForcesSimulationMode@dgJacobianMemory@@QBEXN@Z 100131e0 f   physics_2009:dgWorldDynamicUpdate.obj
 0001:00016260       ?ThreadExecute@dgParallelSolverBodyInertia@@UAEXXZ 10017260 f   physics_2009:dgWorldDynamicUpdate.obj
 0001:000162c0       ?UpdateDynamics@dgWorldDynamicUpdate@@AAEXPAVdgWorld@@HN@Z 100172c0 f   physics_2009:dgWorldDynamicUpdate.obj
 0001:00016730       ?ThreadExecute@dgParallelSolverBuildJacobianMatrix@@UAEXXZ 10017730 f   physics_2009:dgWorldDynamicUpdate.obj
 0001:00016d20       ?GetJacobialDerivatives@dgWorldDynamicUpdate@@AAEHABVdgIsland@@H_NHN@Z 10017d20 f   physics_2009:dgWorldDynamicUpdate.obj
 0001:000172b0       ?BuildJacobianMatrix@dgWorldDynamicUpdate@@AAEXABVdgIsland@@HN@Z 100182b0 f   physics_2009:dgWorldDynamicUpdate.obj
 0001:000178f0       ?ThreadExecute@dgSolverWorlkerThreads@@UAEXXZ 100188f0 f   physics_2009:dgWorldDynamicUpdate.obj
 0001:000180d0       ?CreateConvexModifier@dgWorld@@QAEPAVdgCollision@@PAV2@@Z 100190d0 f   physics_2009:dgNarrowPhaseCollision.obj
 0001:00018120       ?CreateCompoundCollision@dgWorld@@QAEPAVdgCollision@@HQBQAV2@@Z 10019120 f   physics_2009:dgNarrowPhaseCollision.obj
 0001:00018150       ?CreateBVH@dgWorld@@QAEPAVdgCollision@@XZ 10019150 f   physics_2009:dgNarrowPhaseCollision.obj
 0001:00018170       ?CreateStaticUserMesh@dgWorld@@QAEPAVdgCollision@@ABVdgVector@@0ABVdgUserMeshCreation@@@Z 10019170 f   physics_2009:dgNarrowPhaseCollision.obj
 0001:00018190       ?CreateBVHFieldCollision@dgWorld@@QAEPAVdgCollision@@HHHPAGPADNN@Z 10019190 f   physics_2009:dgNarrowPhaseCollision.obj
 0001:000181f0       ?CreateScene@dgWorld@@QAEPAVdgCollision@@XZ 100191f0 f   physics_2009:dgNarrowPhaseCollision.obj
 0001:00018220       ?Serialize@dgWorld@@QBEXPAVdgCollision@@P6AXPAXPBXI@Z1@Z 10019220 f   physics_2009:dgNarrowPhaseCollision.obj
 0001:00018290       ?GetDefualtBodyGroupID@dgWorld@@QBEIXZ 10019290 f   physics_2009:dgNarrowPhaseCollision.obj
 0001:000182a0       ??$dgSort@VdgContactPoint@@@@YAXQAVdgContactPoint@@HP6AHQBV0@1PAX@Z2@Z 100192a0 f i physics_2009:dgNarrowPhaseCollision.obj
 0001:000184d0       ?GetFirstMaterial@dgWorld@@QBEPAVdgContactMaterial@@XZ 100194d0 f   physics_2009:dgNarrowPhaseCollision.obj
 0001:000184f0       ?GetNextMaterial@dgWorld@@QBEPAVdgContactMaterial@@PAV2@@Z 100194f0 f   physics_2009:dgNarrowPhaseCollision.obj
 0001:00018550       ?ReduceContacts@dgWorld@@ABEHHQAVdgContactPoint@@HNH@Z 10019550 f   physics_2009:dgNarrowPhaseCollision.obj
 0001:000186e0       ?PruneContacts@dgWorld@@ABEHHQAVdgContactPoint@@H@Z 100196e0 f   physics_2009:dgNarrowPhaseCollision.obj
 0001:00018860       ?ProcessCachedContacts@dgWorld@@ABEXPAVdgContact@@PBVdgContactMaterial@@NH@Z 10019860 f   physics_2009:dgNarrowPhaseCollision.obj
 0001:00018940       ?ProcessTriggers@dgWorld@@AAEXAAUdgPair@dgCollidingPairCollector@@NH@Z 10019940 f   physics_2009:dgNarrowPhaseCollision.obj
 0001:00018a20       ?ValidateContactCache@dgWorld@@ABEHPAVdgBody@@0PAVdgContact@@@Z 10019a20 f   physics_2009:dgNarrowPhaseCollision.obj
 0001:00018f30       ?CompoundContactsSimd@dgWorld@@ABEXQAUdgPair@dgCollidingPairCollector@@AAVdgCollisionParamProxi@@@Z 10019f30 f   physics_2009:dgNarrowPhaseCollision.obj
 0001:00019700       ?CompoundContacts@dgWorld@@ABEXQAUdgPair@dgCollidingPairCollector@@AAVdgCollisionParamProxi@@@Z 1001a700 f   physics_2009:dgNarrowPhaseCollision.obj
 0001:0001a300       ?ConvexContactsSimd@dgWorld@@ABEXQAUdgPair@dgCollidingPairCollector@@AAVdgCollisionParamProxi@@@Z 1001b300 f   physics_2009:dgNarrowPhaseCollision.obj
 0001:0001a420       ?ConvexContacts@dgWorld@@ABEXQAUdgPair@dgCollidingPairCollector@@AAVdgCollisionParamProxi@@@Z 1001b420 f   physics_2009:dgNarrowPhaseCollision.obj
 0001:0001a540       ?SceneContacts@dgWorld@@ABEXABUdgProxy@dgCollisionScene@@QAUdgPair@dgCollidingPairCollector@@AAVdgCollisionParamProxi@@@Z 1001b540 f   physics_2009:dgNarrowPhaseCollision.obj
 0001:0001a610       ?SceneContacts@dgWorld@@ABEXQAUdgPair@dgCollidingPairCollector@@AAVdgCollisionParamProxi@@@Z 1001b610 f   physics_2009:dgNarrowPhaseCollision.obj
 0001:0001a6b0       ?SceneContactsSimd@dgWorld@@ABEXQAUdgPair@dgCollidingPairCollector@@AAVdgCollisionParamProxi@@@Z 1001b6b0 f   physics_2009:dgNarrowPhaseCollision.obj
 0001:0001a750       ?Append@?$dgList@VdgContactMaterial@@@@QAEPAVdgListNode@1@XZ 1001b750 f i physics_2009:dgNarrowPhaseCollision.obj
 0001:0001a800       ?Find@?$dgTree@VdgContactMaterial@@I@@QBEPAVdgTreeNode@1@I@Z 1001b800 f i physics_2009:dgNarrowPhaseCollision.obj
 0001:0001a830       ?GetMaterial@dgWorld@@QBEPAVdgContactMaterial@@II@Z 1001b830 f   physics_2009:dgNarrowPhaseCollision.obj
 0001:0001a880       ?RemoveFromCache@dgWorld@@QAEXPAVdgCollision@@@Z 1001b880 f   physics_2009:dgNarrowPhaseCollision.obj
 0001:0001a8e0       ?ReleaseCollision@dgWorld@@QAEXPAVdgCollision@@@Z 1001b8e0 f   physics_2009:dgNarrowPhaseCollision.obj
 0001:0001a980       ?ClosestCompoundPoint@dgWorld@@ABEHPAVdgBody@@0AAVdgTriplex@@11H@Z 1001b980 f   physics_2009:dgNarrowPhaseCollision.obj
 0001:0001ae00       ?CalculateContactsSimd@dgWorld@@AAEXQAUdgPair@dgCollidingPairCollector@@NH@Z 1001be00 f   physics_2009:dgNarrowPhaseCollision.obj
 0001:0001afa0       ?CalculateContacts@dgWorld@@AAEXQAUdgPair@dgCollidingPairCollector@@NH@Z 1001bfa0 f   physics_2009:dgNarrowPhaseCollision.obj
 0001:0001b160       ?CollideContinueSimd@dgWorld@@QAEHPAVdgCollision@@ABVdgMatrix@@ABVdgVector@@20122AANPAVdgTriplex@@4PANHH@Z 1001c160 f   physics_2009:dgNarrowPhaseCollision.obj
 0001:0001b7b0       ?CollideContinue@dgWorld@@QAEHPAVdgCollision@@ABVdgMatrix@@ABVdgVector@@20122AANPAVdgTriplex@@4PANHH@Z 1001c7b0 f   physics_2009:dgNarrowPhaseCollision.obj
 0001:0001be00       ?Collide@dgWorld@@QAEHPAVdgCollision@@ABVdgMatrix@@01PAVdgTriplex@@2PANHH@Z 1001ce00 f   physics_2009:dgNarrowPhaseCollision.obj
 0001:0001c280       ?ClosestPoint@dgWorld@@QBEHPAVdgCollision@@ABVdgMatrix@@01AAVdgTriplex@@22H@Z 1001d280 f   physics_2009:dgNarrowPhaseCollision.obj
 0001:0001c560       ?ProcessContacts@dgWorld@@AAEXAAUdgPair@dgCollidingPairCollector@@NH@Z 1001d560 f   physics_2009:dgNarrowPhaseCollision.obj
 0001:0001cfe0       ?Insert@?$dgTree@VdgContactMaterial@@I@@QAEPAVdgTreeNode@1@ABVdgContactMaterial@@IAA_N@Z 1001dfe0 f i physics_2009:dgNarrowPhaseCollision.obj
 0001:0001d0c0       ?ClosestPoint@dgWorld@@QBEHAAVdgTriplex@@PAVdgCollision@@ABVdgMatrix@@00H@Z 1001e0c0 f   physics_2009:dgNarrowPhaseCollision.obj
 0001:0001d140       ?Insert@?$dgTree@PAVdgCollision@@I@@QAEPAVdgTreeNode@1@ABQAVdgCollision@@I@Z 1001e140 f i physics_2009:dgNarrowPhaseCollision.obj
 0001:0001d160       ?CreateNull@dgWorld@@QAEPAVdgCollision@@XZ 1001e160 f   physics_2009:dgNarrowPhaseCollision.obj
 0001:0001d1f0       ?CreateBox@dgWorld@@QAEPAVdgCollision@@NNNHABVdgMatrix@@@Z 1001e1f0 f   physics_2009:dgNarrowPhaseCollision.obj
 0001:0001d350       ?CreateSphere@dgWorld@@QAEPAVdgCollision@@NHABVdgMatrix@@@Z 1001e350 f   physics_2009:dgNarrowPhaseCollision.obj
 0001:0001d460       ?CreateEllipse@dgWorld@@QAEPAVdgCollision@@NNNHABVdgMatrix@@@Z 1001e460 f   physics_2009:dgNarrowPhaseCollision.obj
 0001:0001d5b0       ?CreateCapsule@dgWorld@@QAEPAVdgCollision@@NNHABVdgMatrix@@@Z 1001e5b0 f   physics_2009:dgNarrowPhaseCollision.obj
 0001:0001d6e0       ?CreateCone@dgWorld@@QAEPAVdgCollision@@NNHABVdgMatrix@@@Z 1001e6e0 f   physics_2009:dgNarrowPhaseCollision.obj
 0001:0001d810       ?CreateCylinder@dgWorld@@QAEPAVdgCollision@@NNHABVdgMatrix@@@Z 1001e810 f   physics_2009:dgNarrowPhaseCollision.obj
 0001:0001d940       ?CreateChamferCylinder@dgWorld@@QAEPAVdgCollision@@NNHABVdgMatrix@@@Z 1001e940 f   physics_2009:dgNarrowPhaseCollision.obj
 0001:0001da70       ?CreateConvexHull@dgWorld@@QAEPAVdgCollision@@HPBNHNHABVdgMatrix@@@Z 1001ea70 f   physics_2009:dgNarrowPhaseCollision.obj
 0001:0001dc50       ?CreateFromSerialization@dgWorld@@QAEPAVdgCollision@@P6AXPAX0I@Z0@Z 1001ec50 f   physics_2009:dgNarrowPhaseCollision.obj
 0001:0001df90       ?CreateBodyGroupID@dgWorld@@QAEIXZ 1001ef90 f   physics_2009:dgNarrowPhaseCollision.obj
 0001:0001e010       ?CalculateSignature@dgCollisionConvexPolygon@dgCollisionMesh@@UBEHXZ 1001f010 f   physics_2009:dgCollisionMesh.obj
 0001:0001e020       ?GetBoxMinRadius@dgCollisionConvexPolygon@dgCollisionMesh@@UBENXZ 1001f020 f   physics_2009:dgCollisionMesh.obj
 0001:0001e020       ?GetVolume@dgCollisionScene@@EBENXZ 1001f020 f   physics_2009:dgCollisionScene.obj
 0001:0001e020       ?GetVolume@dgCollisionPoint@@UBENXZ 1001f020 f   physics_2009:dgCollisionSphere.obj
 0001:0001e020       ?GetVolume@dgCollisionMesh@@UBENXZ 1001f020 f   physics_2009:dgCollisionMesh.obj
 0001:0001e020       ?GetBoxMaxRadius@dgCollisionMesh@@UBENXZ 1001f020 f   physics_2009:dgCollisionMesh.obj
 0001:0001e020       ?GetBoxMinRadius@dgCollisionScene@@EBENXZ 1001f020 f   physics_2009:dgCollisionScene.obj
 0001:0001e020       ?GetBoxMaxRadius@dgCollisionScene@@EBENXZ 1001f020 f   physics_2009:dgCollisionScene.obj
 0001:0001e020       ?GetVolume@dgCollisionConvexPolygon@dgCollisionMesh@@UBENXZ 1001f020 f   physics_2009:dgCollisionMesh.obj
 0001:0001e020       ?GetVolume@dgCollisionNull@@MBENXZ 1001f020 f   physics_2009:dgCollisionNull.obj
 0001:0001e020       ?GetBoxMinRadius@dgCollisionMesh@@UBENXZ 1001f020 f   physics_2009:dgCollisionMesh.obj
 0001:0001e020       ?GetBoxMaxRadius@dgCollisionConvexPolygon@dgCollisionMesh@@UBENXZ 1001f020 f   physics_2009:dgCollisionMesh.obj
 0001:0001e030       ??1dgCollisionMesh@@UAE@XZ 1001f030 f   physics_2009:dgCollisionMesh.obj
 0001:0001e070       ?IsTriggerVolume@dgCollision@@UBE_NXZ 1001f070 f i physics_2009:dgCollisionMesh.obj
 0001:0001e070       ?IsBilateral@dgUpVectorConstraint@@UBE_NXZ 1001f070 f i physics_2009:dgUpVectorConstraint.obj
 0001:0001e070       ?IsBilateral@dgConstraint@@MBE_NXZ 1001f070 f i physics_2009:dgConstraint.obj
 0001:0001e080       ?SetCollisionCallback@dgCollisionMesh@@QAEXP6AXPBVdgBody@@0HHPBNH@Z@Z 1001f080 f   physics_2009:dgCollisionMesh.obj
 0001:0001e090       ?SetCollisionRayCastCallback@dgCollisionMesh@@QAEXP6ANNPANHPAX@Z@Z 1001f090 f   physics_2009:dgCollisionMesh.obj
 0001:0001e0a0       ?CalcAABBSimD@dgCollisionNull@@MBEXABVdgMatrix@@AAVdgVector@@1@Z 1001f0a0 f   physics_2009:dgCollisionNull.obj
 0001:0001e0a0       ?CalcAABBSimD@dgCollisionMesh@@EBEXABVdgMatrix@@AAVdgVector@@1@Z 1001f0a0 f   physics_2009:dgCollisionMesh.obj
 0001:0001e0a0       ?CalcAABBSimD@dgCollisionScene@@EBEXABVdgMatrix@@AAVdgVector@@1@Z 1001f0a0 f   physics_2009:dgCollisionScene.obj
 0001:0001e0b0       ?SupportVertex@dgCollisionConvexPolygon@dgCollisionMesh@@UBE?AVdgVector@@ABV3@@Z 1001f0b0 f   physics_2009:dgCollisionMesh.obj
 0001:0001e210       ?CalculatePlaneIntersection@dgCollisionConvexPolygon@dgCollisionMesh@@UBEHABVdgVector@@0QAV3@@Z 1001f210 f   physics_2009:dgCollisionMesh.obj
 0001:0001ea60       ??_EdgCollisionMesh@@UAEPAXI@Z 1001fa60 f i physics_2009:dgCollisionMesh.obj
 0001:0001ea60       ??_GdgCollisionMesh@@UAEPAXI@Z 1001fa60 f i physics_2009:dgCollisionMesh.obj
 0001:0001ea80       ??0dgCollisionConvexPolygon@dgCollisionMesh@@QAE@XZ 1001fa80 f   physics_2009:dgCollisionMesh.obj
 0001:0001eb10       ??_GdgCollisionConvexPolygon@dgCollisionMesh@@UAEPAXI@Z 1001fb10 f i physics_2009:dgCollisionMesh.obj
 0001:0001eb10       ??_EdgCollisionConvexPolygon@dgCollisionMesh@@UAEPAXI@Z 1001fb10 f i physics_2009:dgCollisionMesh.obj
 0001:0001eb30       ?CalculateNormal@dgCollisionConvexPolygon@dgCollisionMesh@@QAEXXZ 1001fb30 f   physics_2009:dgCollisionMesh.obj
 0001:0001ec70       ?ClipContacts@dgCollisionConvexPolygon@dgCollisionMesh@@QBEHHQAVdgContactPoint@@ABVdgMatrix@@@Z 1001fc70 f   physics_2009:dgCollisionMesh.obj
 0001:0001f3f0       ?ClosestDistanceToTriangle@dgCollisionConvexPolygon@dgCollisionMesh@@QBE?AVdgVector@@ABV3@000@Z 100203f0 f   physics_2009:dgCollisionMesh.obj
 0001:0001f7a0       ?PointToPolygonDistance@dgCollisionConvexPolygon@dgCollisionMesh@@QAE_NABVdgVector@@NAAV3@@Z 100207a0 f   physics_2009:dgCollisionMesh.obj
 0001:0001f970       ?DistanceToOrigen@dgCollisionConvexPolygon@dgCollisionMesh@@QAE_NABVdgMatrix@@ABVdgVector@@NAAV4@@Z 10020970 f   physics_2009:dgCollisionMesh.obj
 0001:0001fdb0       ?MovingPointToPolygonContact@dgCollisionConvexPolygon@dgCollisionMesh@@QAENABVdgVector@@0NAAVdgContactPoint@@@Z 10020db0 f   physics_2009:dgCollisionMesh.obj
 0001:00020500       ?CalcAABB@dgCollisionScene@@EBEXABVdgMatrix@@AAVdgVector@@1@Z 10021500 f   physics_2009:dgCollisionScene.obj
 0001:00020500       ?CalcAABB@dgCollisionMesh@@EBEXABVdgMatrix@@AAVdgVector@@1@Z 10021500 f   physics_2009:dgCollisionMesh.obj
 0001:000206f0       ?QuickTestContinue@dgCollisionConvexPolygon@dgCollisionMesh@@QAEHPBVdgConvexCollision@@ABVdgMatrix@@@Z 100216f0 f   physics_2009:dgCollisionMesh.obj
 0001:00020940       ?QuickTest@dgCollisionConvexPolygon@dgCollisionMesh@@QAEHPBVdgConvexCollision@@ABVdgMatrix@@@Z 10021940 f   physics_2009:dgCollisionMesh.obj
 0001:00020c80       ??0dgCollisionMesh@@QAE@W4dgCollisionID@@@Z 10021c80 f   physics_2009:dgCollisionMesh.obj
 0001:00020d40       ??0dgCollisionMesh@@QAE@PAVdgWorld@@P6AXPAX1I@Z1@Z 10021d40 f   physics_2009:dgCollisionMesh.obj
 0001:00020e00       ??0dgCollisionBVH@@QAE@XZ  10021e00 f   physics_2009:dgCollisionBVH.obj
 0001:00020e40       ?Serialize@dgCollisionBVH@@EBEXP6AXPAXPBXI@Z0@Z 10021e40 f   physics_2009:dgCollisionBVH.obj
 0001:00020e70       ?AddFace@dgCollisionBVH@@QAEXHQBNHH@Z 10021e70 f   physics_2009:dgCollisionBVH.obj
 0001:00020ee0       ?CollectVertexListIndexList@dgCollisionBVH@@CA?AW4dgIntersectStatus@@PAXQBNHQBHH@Z 10021ee0 f   physics_2009:dgCollisionBVH.obj
 0001:00020f80       ?GetTriangleCount@dgCollisionBVH@@CA?AW4dgIntersectStatus@@PAXQBNHQBHH@Z 10021f80 f   physics_2009:dgCollisionBVH.obj
 0001:00020fb0       ?SupportVertex@dgCollisionBVH@@EBE?AVdgVector@@ABV2@@Z 10021fb0 f   physics_2009:dgCollisionBVH.obj
 0001:00020fe0       ??_EdgCollisionBVH@@WBCA@AEPAXI@Z 10021fe0 f i physics_2009:dgCollisionBVH.obj
 0001:00020ff0       ?Serialize@dgCollisionBVH@@GBCA@BEXP6AXPAXPBXI@Z0@Z 10021ff0 f i physics_2009:dgCollisionBVH.obj
 0001:00021000       ??_GdgCollisionBVH@@UAEPAXI@Z 10022000 f i physics_2009:dgCollisionBVH.obj
 0001:00021000       ??_EdgCollisionBVH@@UAEPAXI@Z 10022000 f i physics_2009:dgCollisionBVH.obj
 0001:00021040       ?BeginBuild@dgCollisionBVH@@QAEXXZ 10022040 f   physics_2009:dgCollisionBVH.obj
 0001:00021080       ?GetVertexListIndexList@dgCollisionBVH@@UBEXABVdgVector@@0AAVdgGetVertexListIndexList@dgCollisionMesh@@@Z 10022080 f   physics_2009:dgCollisionBVH.obj
 0001:000210d0       ??0dgCollisionBVH@@QAE@PAVdgWorld@@P6AXPAX1I@Z1@Z 100220d0 f   physics_2009:dgCollisionBVH.obj
 0001:00021160       ?EndBuild@dgCollisionBVH@@QAEXH@Z 10022160 f   physics_2009:dgCollisionBVH.obj
 0001:000211f0       ?GetCollisionInfo@dgCollisionBVH@@EBEXPAVdgCollisionInfo@@@Z 100221f0 f   physics_2009:dgCollisionBVH.obj
 0001:000212b0       ?RayHitSimd@dgCollisionBVH@@CANPAXQBNHQBHH@Z 100222b0 f   physics_2009:dgCollisionBVH.obj
 0001:00021420       ?RayHit@dgCollisionBVH@@CANPAXQBNHQBHH@Z 10022420 f   physics_2009:dgCollisionBVH.obj
 0001:00021590       ?RayHitUserSimd@dgCollisionBVH@@CANPAXQBNHQBHH@Z 10022590 f   physics_2009:dgCollisionBVH.obj
 0001:00021690       ?RayHitUser@dgCollisionBVH@@CANPAXQBNHQBHH@Z 10022690 f   physics_2009:dgCollisionBVH.obj
 0001:000217f0       ?RayCastSimd@dgCollisionBVH@@EBENABVdgVector@@0AAVdgContactPoint@@P6AIPBVdgBody@@PBVdgCollision@@PAX@Z24@Z 100227f0 f   physics_2009:dgCollisionBVH.obj
 0001:00021a20       ?RayCast@dgCollisionBVH@@EBENABVdgVector@@0AAVdgContactPoint@@P6AIPBVdgBody@@PBVdgCollision@@PAX@Z24@Z 10022a20 f   physics_2009:dgCollisionBVH.obj
 0001:00021c50       ?GetPolygon@dgCollisionBVH@@CA?AW4dgIntersectStatus@@PAXQBNHQBHH@Z 10022c50 f   physics_2009:dgCollisionBVH.obj
 0001:00022070       ?GetCollidingFacesSimd@dgCollisionBVH@@EBEXQAVdgPolygonMeshDesc@@@Z 10023070 f   physics_2009:dgCollisionBVH.obj
 0001:000220e0       ?GetCollidingFaces@dgCollisionBVH@@EBEXQAVdgPolygonMeshDesc@@@Z 100230e0 f   physics_2009:dgCollisionBVH.obj
 0001:00022150       ?ShowDebugPolygon@dgCollisionBVH@@CA?AW4dgIntersectStatus@@PAXQBNHQBHH@Z 10023150 f   physics_2009:dgCollisionBVH.obj
 0001:000223f0       ?DebugCollision@dgCollisionBVH@@EBEXABVdgMatrix@@P6AXPAXHPBNH@Z1@Z 100233f0 f   physics_2009:dgCollisionBVH.obj
 0001:00022480       ??_GdgSceneNode@dgCollisionScene@@QAEPAXI@Z 10023480 f i physics_2009:dgCollisionScene.obj
 0001:000224d0       ?CalculateSignature@dgCollisionMesh@@EBEHXZ 100234d0 f   physics_2009:dgCollisionMesh.obj
 0001:000224d0       ?CalculateSignature@dgCollisionScene@@EBEHXZ 100234d0 f   physics_2009:dgCollisionScene.obj
 0001:000224d0       ?dgGetCpuType@@YA?AW4dgCpuClass@@XZ 100234d0 f   corelib_2009:dgTypes.obj
 0001:000224d0       ?CalculateSignature@dgCompoundCollision@@EBEHXZ 100234d0 f   physics_2009:dgCompoundCollision.obj
 0001:000224d0       ?GetUserData@dgCollision@@UBEPAXXZ 100234d0 f   physics_2009:dgCollision.obj
 0001:000224d0       ?GetUserData@dgCollisionMesh@@UBEPAXXZ 100234d0 f   physics_2009:dgCollisionMesh.obj
 0001:000224d0       ?GetPerformanceCount@dgWorld@@CAIXZ 100234d0 f   physics_2009:dgWorld.obj
 0001:000224d0       ?CalculateSignature@dgCollisionConvexModifier@@EBEHXZ 100234d0 f   physics_2009:dgCollisionConvexModifier.obj
 0001:000224e0       ?UpdateAABB@dgSceneNode@dgCollisionScene@@QAEXABVdgVector@@0@Z 100234e0 f i physics_2009:dgCollisionScene.obj
 0001:00022580       ?Serialize@dgCollisionScene@@EBEXP6AXPAXPBXI@Z0@Z 10023580 f   physics_2009:dgCollisionScene.obj
 0001:00022720       ?SetProxyMatrix@dgCollisionScene@@QAEXPAXABVdgMatrix@@@Z 10023720 f   physics_2009:dgCollisionScene.obj
 0001:00022780       ?SetCollisionCallback@dgCollisionScene@@QAEXP6AXPBVdgBody@@0HHPBNH@Z@Z 10023780 f   physics_2009:dgCollisionScene.obj
 0001:000227c0       ?DebugCollision@dgCollisionScene@@EBEXABVdgMatrix@@P6AXPAXHPBNH@Z1@Z 100237c0 f   physics_2009:dgCollisionScene.obj
 0001:00022840       ?GetCollisionInfo@dgCollisionScene@@EBEXPAVdgCollisionInfo@@@Z 10023840 f   physics_2009:dgCollisionScene.obj
 0001:00022880       ?RemoveAll@?$dgList@UdgProxy@dgCollisionScene@@@@QAEXXZ 10023880 f i physics_2009:dgCollisionScene.obj
 0001:000228f0       ?Unlink@?$dgList@UdgProxy@dgCollisionScene@@@@QAEXPAVdgListNode@1@@Z 100238f0 f i physics_2009:dgCollisionScene.obj
 0001:00022960       ?GetProxyMatrix@dgCollisionScene@@QAE?AVdgMatrix@@PAX@Z 10023960 f   physics_2009:dgCollisionScene.obj
 0001:00022ab0       ?SetCollisionBBox@dgCollisionMesh@@MAEXABVdgVector@@0@Z 10023ab0 f   physics_2009:dgCollisionMesh.obj
 0001:00022ab0       ?SetCollisionBBox@dgCollisionScene@@EAEXABVdgVector@@0@Z 10023ab0 f   physics_2009:dgCollisionScene.obj
 0001:00022b40       ?GetAxis@dgCollisionScene@@ABEHQAPAVdgListNode@?$dgList@UdgProxy@dgCollisionScene@@@@H@Z 10023b40 f   physics_2009:dgCollisionScene.obj
 0001:00022f00       ?RayCastSimd@dgCollisionScene@@EBENABVdgVector@@0AAVdgContactPoint@@P6AIPBVdgBody@@PBVdgCollision@@PAX@Z24@Z 10023f00 f   physics_2009:dgCollisionScene.obj
 0001:00023390       ?RayCast@dgCollisionScene@@EBENABVdgVector@@0AAVdgContactPoint@@P6AIPBVdgBody@@PBVdgCollision@@PAX@Z24@Z 10024390 f   physics_2009:dgCollisionScene.obj
 0001:00023820       ?CollidePairSimd@dgCollisionScene@@QBEXQAUdgPair@dgCollidingPairCollector@@AAVdgCollisionParamProxi@@@Z 10024820 f   physics_2009:dgCollisionScene.obj
 0001:000239a0       ?CollidePair@dgCollisionScene@@QBEXQAUdgPair@dgCollidingPairCollector@@AAVdgCollisionParamProxi@@@Z 100249a0 f   physics_2009:dgCollisionScene.obj
 0001:00023e30       ?SortAABBBoxes@dgCollisionScene@@ABEHQAPAVdgListNode@?$dgList@UdgProxy@dgCollisionScene@@@@H@Z 10024e30 f   physics_2009:dgCollisionScene.obj
 0001:00023fa0       ?SortAndSpliteSplite@dgCollisionScene@@ABEHQAPAVdgListNode@?$dgList@UdgProxy@dgCollisionScene@@@@H@Z 10024fa0 f   physics_2009:dgCollisionScene.obj
 0001:000241d0       ?BuildTree@dgCollisionScene@@AAEPAUdgSceneNode@1@PAU21@QAPAVdgListNode@?$dgList@UdgProxy@dgCollisionScene@@@@HH@Z 100251d0 f   physics_2009:dgCollisionScene.obj
 0001:000242f0       ??0dgListNode@?$dgList@UdgProxy@dgCollisionScene@@@@AAE@PAV01@0@Z 100252f0 f i physics_2009:dgCollisionScene.obj
 0001:00024340       ??0dgCollisionScene@@QAE@PAVdgWorld@@@Z 10025340 f   physics_2009:dgCollisionScene.obj
 0001:000243d0       ??1dgCollisionScene@@UAE@XZ 100253d0 f   physics_2009:dgCollisionScene.obj
 0001:00024450       ?RemoveProxy@dgCollisionScene@@QAEXPAX@Z 10025450 f   physics_2009:dgCollisionScene.obj
 0001:00024490       ?Append@?$dgList@UdgProxy@dgCollisionScene@@@@QAEPAVdgListNode@1@XZ 10025490 f i physics_2009:dgCollisionScene.obj
 0001:00024520       ??_GdgCollisionScene@@UAEPAXI@Z 10025520 f i physics_2009:dgCollisionScene.obj
 0001:00024520       ??_EdgCollisionScene@@UAEPAXI@Z 10025520 f i physics_2009:dgCollisionScene.obj
 0001:00024540       ?AddProxy@dgCollisionScene@@QAEPAXPAVdgCollision@@@Z 10025540 f   physics_2009:dgCollisionScene.obj
 0001:00024590       ?BuildTree@dgCollisionScene@@QAEXXZ 10025590 f   physics_2009:dgCollisionScene.obj
 0001:00024700       ??0dgCollisionScene@@QAE@PAVdgWorld@@P6AXPAX1I@Z1@Z 10025700 f   physics_2009:dgCollisionScene.obj
 0001:000249b0       ?SetAparentMassMatrix@dgBody@@QAEXABVdgVector@@@Z 100259b0 f   physics_2009:dgBody.obj
 0001:00024a20       ?BeginFace@dgPolyhedra@@QAEXXZ 10025a20 f   corelib_2009:dgPolyhedra.obj
 0001:00024a20       ??3@YAXPAX@Z               10025a20 f   NewtonStdAfx.obj
 0001:00024a20       ??1dgBody@@QAE@XZ          10025a20 f   physics_2009:dgBody.obj
 0001:00024a20       ?Init@dgBilateralConstraint@@MAEXXZ 10025a20 f   NewtonClass.obj
 0001:00024a20       ?CalcInvInertiaMatrixSimD@dgBody@@QAEXXZ 10025a20 f   physics_2009:dgBody.obj
 0001:00024a20       ??1dgCollidingPairCollector@@QAE@XZ 10025a20 f   physics_2009:dgContact.obj
 0001:00024a30       ??DdgQuaternion@@QBE?AV0@ABV0@@Z 10025a30 f i physics_2009:dgBody.obj
 0001:00024ac0       ?AddBuoyancyForce@dgBody@@QAEXNNNABVdgVector@@P6AIPAX1ABVdgMatrix@@AAVdgPlane@@@Z1@Z 10025ac0 f   physics_2009:dgBody.obj
 0001:00024d60       ?CalcInvInertiaMatrix@dgBody@@QAEXXZ 10025d60 f   physics_2009:dgBody.obj
 0001:00024e30       ?CalculateInverseDynamicForce@dgBody@@QBE?AVdgVector@@ABV2@N@Z 10025e30 f   physics_2009:dgBody.obj
 0001:00024ea0       ?GetFirstJoint@dgBody@@QBEPAVdgConstraint@@XZ 10025ea0 f   physics_2009:dgBody.obj
 0001:00024ed0       ?GetNextJoint@dgBody@@QBEPAVdgConstraint@@PAV2@@Z 10025ed0 f   physics_2009:dgBody.obj
 0001:00024f10       ?GetFirstContact@dgBody@@QBEPAVdgConstraint@@XZ 10025f10 f   physics_2009:dgBody.obj
 0001:00024f40       ?GetNextContact@dgBody@@QBEPAVdgConstraint@@PAV2@@Z 10025f40 f   physics_2009:dgBody.obj
 0001:00024f80       ?Freeze@dgBody@@QAEXXZ     10025f80 f   physics_2009:dgBody.obj
 0001:00024fd0       ?Unfreeze@dgBody@@QAEXXZ   10025fd0 f   physics_2009:dgBody.obj
 0001:00025020       ?AddImpulse@dgBody@@AAEXABVdgVector@@0@Z 10026020 f   physics_2009:dgBody.obj
 0001:00025410       ?RotateToEnd@?$dgList@VdgBodyMasterListRow@@@@QAEXPAVdgListNode@1@@Z 10026410 f i physics_2009:dgBody.obj
 0001:00025470       ?InsertAfter@?$dgList@VdgBodyMasterListRow@@@@QAEXPAVdgListNode@1@0@Z 10026470 f i physics_2009:dgBody.obj
 0001:000254e0       ??0dgBody@@QAE@XZ          100264e0 f   physics_2009:dgBody.obj
 0001:00025500       ?SetMassMatrix@dgBody@@QAEXNNNN@Z 10026500 f   physics_2009:dgBody.obj
 0001:00025610       ?UpdateCollisionMatrix@dgBody@@AAEXNH@Z 10026610 f   physics_2009:dgBody.obj
 0001:00025a80       ?RayCast@dgBody@@QBENABUdgLineBox@@P6ANPBV1@ABVdgVector@@HPAXN@ZP6AI1PBVdgCollision@@3@Z3N@Z 10026a80 f   physics_2009:dgBody.obj
 0001:00025cc0       ?UpdateMatrix@dgBody@@AAEXNH@Z 10026cc0 f   physics_2009:dgBody.obj
 0001:00025d00       ?IntegrateVelocity@dgBody@@AAEXN@Z 10026d00 f   physics_2009:dgBody.obj
 0001:00025ff0       ?CalculateContinueVelocity@dgBody@@ABEXNAAVdgVector@@0@Z 10026ff0 f   physics_2009:dgBody.obj
 0001:00026140       ?SetFreeze@dgBody@@QAEX_N@Z 10027140 f   physics_2009:dgBody.obj
 0001:00026160       ?SetMatrix@dgBody@@QAEXABVdgMatrix@@@Z 10027160 f   physics_2009:dgBody.obj
 0001:00026250       ?SetMatrixIgnoreSleep@dgBody@@QAEXABVdgMatrix@@@Z 10027250 f   physics_2009:dgBody.obj
 0001:000262f0       ?AttachCollision@dgBody@@QAEXPAVdgCollision@@@Z 100272f0 f   physics_2009:dgBody.obj
 0001:00026410       ?SetJointParameterCallBack@dgBallConstraint@@QAEXP6AIABV1@N@Z@Z 10027410 f   physics_2009:dgBallConstraint.obj
 0001:00026420       ?GetJointAngle@dgBallConstraint@@QBE?AVdgVector@@XZ 10027420 f   physics_2009:dgBallConstraint.obj
 0001:00026440       ?SetTwistLimitState@dgBallConstraint@@QAEX_N@Z 10027440 f   physics_2009:dgBallConstraint.obj
 0001:00026460       ?SetConeLimitState@dgBallConstraint@@QAEX_N@Z 10027460 f   physics_2009:dgBallConstraint.obj
 0001:00026480       ?SetLatealLimitState@dgBallConstraint@@QAEX_N@Z 10027480 f   physics_2009:dgBallConstraint.obj
 0001:000264a0       ??_EdgBallConstraint@@EAEPAXI@Z 100274a0 f i physics_2009:dgBallConstraint.obj
 0001:000264a0       ??_GdgBallConstraint@@EAEPAXI@Z 100274a0 f i physics_2009:dgBallConstraint.obj
 0001:000264d0       ??0dgBallConstraint@@AAE@XZ 100274d0 f   physics_2009:dgBallConstraint.obj
 0001:00026530       ?GetJointOmega@dgBallConstraint@@QBE?AVdgVector@@XZ 10027530 f   physics_2009:dgBallConstraint.obj
 0001:00026690       ?GetJointForce@dgBallConstraint@@QBE?AVdgVector@@XZ 10027690 f   physics_2009:dgBallConstraint.obj
 0001:00026740       ?SetLimits@dgBallConstraint@@QAEXABVdgVector@@NNN0NN@Z 10027740 f   physics_2009:dgBallConstraint.obj
 0001:00026e30       ?JacobianDerivative@dgBallConstraint@@EAEIAAVdgContraintDescritor@@@Z 10027e30 f   physics_2009:dgBallConstraint.obj
 0001:00027510       ?SetPivotPoint@dgBallConstraint@@AAEXABVdgVector@@@Z 10028510 f   physics_2009:dgBallConstraint.obj
 0001:000275f0       ??0dgHingeConstraint@@AAE@XZ 100285f0 f   physics_2009:dgHingeConstraint.obj
 0001:00027630       ??_EdgHingeConstraint@@EAEPAXI@Z 10028630 f i physics_2009:dgHingeConstraint.obj
 0001:00027630       ??_GdgHingeConstraint@@EAEPAXI@Z 10028630 f i physics_2009:dgHingeConstraint.obj
 0001:00027660       ?GetJointOmega@dgCorkscrewConstraint@@QBENXZ 10028660 f   physics_2009:dgCorkscrewConstraint.obj
 0001:00027660       ?GetJointOmega0@dgUniversalConstraint@@QBENXZ 10028660 f   physics_2009:dgUniversalConstraint.obj
 0001:00027660       ?GetJointOmega@dgHingeConstraint@@QBENXZ 10028660 f   physics_2009:dgHingeConstraint.obj
 0001:000276e0       ?CalculateStopAlpha@dgHingeConstraint@@QBENNPBVdgJointCallBackParam@@@Z 100286e0 f   physics_2009:dgHingeConstraint.obj
 0001:00027790       ?GetJointForce@dgHingeConstraint@@QBE?AVdgVector@@XZ 10028790 f   physics_2009:dgHingeConstraint.obj
 0001:000278f0       ?JacobianDerivative@dgHingeConstraint@@EAEIAAVdgContraintDescritor@@@Z 100288f0 f   physics_2009:dgHingeConstraint.obj
 0001:00027bb0       ??0dgSlidingConstraint@@AAE@XZ 10028bb0 f   physics_2009:dgSlidingConstraint.obj
 0001:00027bf0       ?SetJointParameterCallBack@dgSlidingConstraint@@QAEXP6AIABV1@PAVdgJointCallBackParam@@@Z@Z 10028bf0 f   physics_2009:dgSlidingConstraint.obj
 0001:00027bf0       ?SetJointParameterCallBack@dgHingeConstraint@@QAEXP6AIABV1@PAVdgJointCallBackParam@@@Z@Z 10028bf0 f   physics_2009:dgHingeConstraint.obj
 0001:00027c00       ??_GdgSlidingConstraint@@EAEPAXI@Z 10028c00 f i physics_2009:dgSlidingConstraint.obj
 0001:00027c00       ??_EdgSlidingConstraint@@EAEPAXI@Z 10028c00 f i physics_2009:dgSlidingConstraint.obj
 0001:00027c30       ?CalculateStopAccel@dgSlidingConstraint@@QBENNPBVdgJointCallBackParam@@@Z 10028c30 f   physics_2009:dgSlidingConstraint.obj
 0001:00027cd0       ?GetJointForce@dgSlidingConstraint@@QBE?AVdgVector@@XZ 10028cd0 f   physics_2009:dgSlidingConstraint.obj
 0001:00027e00       ?JacobianDerivative@dgSlidingConstraint@@EAEIAAVdgContraintDescritor@@@Z 10028e00 f   physics_2009:dgSlidingConstraint.obj
 0001:00028350       ??0dgCorkscrewConstraint@@AAE@XZ 10029350 f   physics_2009:dgCorkscrewConstraint.obj
 0001:00028390       ?GetJointAngle0@dgUniversalConstraint@@QBENXZ 10029390 f   physics_2009:dgUniversalConstraint.obj
 0001:00028390       ?GetJointPosit@dgSlidingConstraint@@QBENXZ 10029390 f   physics_2009:dgSlidingConstraint.obj
 0001:00028390       ?GetJointAngle@dgCorkscrewConstraint@@QBENXZ 10029390 f   physics_2009:dgCorkscrewConstraint.obj
 0001:00028390       ?GetJointAngle@dgHingeConstraint@@QBENXZ 10029390 f   physics_2009:dgHingeConstraint.obj
 0001:000283a0       ?GetJointPosit@dgCorkscrewConstraint@@QBENXZ 100293a0 f   physics_2009:dgCorkscrewConstraint.obj
 0001:000283a0       ?GetJointAngle1@dgUniversalConstraint@@QBENXZ 100293a0 f   physics_2009:dgUniversalConstraint.obj
 0001:000283b0       ??_GdgCorkscrewConstraint@@EAEPAXI@Z 100293b0 f i physics_2009:dgCorkscrewConstraint.obj
 0001:000283b0       ??_EdgCorkscrewConstraint@@EAEPAXI@Z 100293b0 f i physics_2009:dgCorkscrewConstraint.obj
 0001:000283e0       ?GetJointVeloc@dgCorkscrewConstraint@@QBENXZ 100293e0 f   physics_2009:dgCorkscrewConstraint.obj
 0001:000283e0       ?GetJointVeloc@dgSlidingConstraint@@QBENXZ 100293e0 f   physics_2009:dgSlidingConstraint.obj
 0001:00028460       ?CalculateStopAlpha0@dgUniversalConstraint@@QBENNPBVdgJointCallBackParam@@@Z 10029460 f   physics_2009:dgUniversalConstraint.obj
 0001:00028460       ?CalculateStopAlpha@dgCorkscrewConstraint@@QBENNPBVdgJointCallBackParam@@@Z 10029460 f   physics_2009:dgCorkscrewConstraint.obj
 0001:00028500       ?CalculateStopAccel@dgCorkscrewConstraint@@QBENNPBVdgJointCallBackParam@@@Z 10029500 f   physics_2009:dgCorkscrewConstraint.obj
 0001:000285a0       ?JacobianDerivative@dgCorkscrewConstraint@@EAEIAAVdgContraintDescritor@@@Z 100295a0 f   physics_2009:dgCorkscrewConstraint.obj
 0001:00028a90       ??0dgUniversalConstraint@@AAE@XZ 10029a90 f   physics_2009:dgUniversalConstraint.obj
 0001:00028ad0       ?SetJointParameterCallBack@dgUniversalConstraint@@QAEXP6AIABV1@PAVdgJointCallBackParam@@@Z@Z 10029ad0 f   physics_2009:dgUniversalConstraint.obj
 0001:00028ad0       ?SetJointParameterCallBack@dgCorkscrewConstraint@@QAEXP6AIABV1@PAVdgJointCallBackParam@@@Z@Z 10029ad0 f   physics_2009:dgCorkscrewConstraint.obj
 0001:00028ae0       ??_EdgUniversalConstraint@@EAEPAXI@Z 10029ae0 f i physics_2009:dgUniversalConstraint.obj
 0001:00028ae0       ??_GdgUniversalConstraint@@EAEPAXI@Z 10029ae0 f i physics_2009:dgUniversalConstraint.obj
 0001:00028b10       ?GetJointOmega1@dgUniversalConstraint@@QBENXZ 10029b10 f   physics_2009:dgUniversalConstraint.obj
 0001:00028bb0       ?CalculateStopAlpha1@dgUniversalConstraint@@QBENNPBVdgJointCallBackParam@@@Z 10029bb0 f   physics_2009:dgUniversalConstraint.obj
 0001:00028c50       ?GetJointForce@dgCorkscrewConstraint@@QBE?AVdgVector@@XZ 10029c50 f   physics_2009:dgCorkscrewConstraint.obj
 0001:00028c50       ?GetJointForce@dgUniversalConstraint@@QBE?AVdgVector@@XZ 10029c50 f   physics_2009:dgUniversalConstraint.obj
 0001:00028d50       ?JacobianDerivative@dgUniversalConstraint@@EAEIAAVdgContraintDescritor@@@Z 10029d50 f   physics_2009:dgUniversalConstraint.obj
 0001:000292b0       ??0dgUpVectorConstraint@@AAE@XZ 1002a2b0 f   physics_2009:dgUpVectorConstraint.obj
 0001:000292f0       ?InitPinDir@dgUpVectorConstraint@@QAEXABVdgVector@@@Z 1002a2f0 f   physics_2009:dgUpVectorConstraint.obj
 0001:00029330       ?GetPinDir@dgUpVectorConstraint@@QBE?AVdgVector@@XZ 1002a330 f   physics_2009:dgUpVectorConstraint.obj
 0001:00029350       ??_GdgUpVectorConstraint@@EAEPAXI@Z 1002a350 f i physics_2009:dgUpVectorConstraint.obj
 0001:00029350       ??_EdgUpVectorConstraint@@EAEPAXI@Z 1002a350 f i physics_2009:dgUpVectorConstraint.obj
 0001:00029380       ?SetPinDir@dgUpVectorConstraint@@QAEXABVdgVector@@@Z 1002a380 f   physics_2009:dgUpVectorConstraint.obj
 0001:000294f0       ?JacobianDerivative@dgUpVectorConstraint@@EAEIAAVdgContraintDescritor@@@Z 1002a4f0 f   physics_2009:dgUpVectorConstraint.obj
 0001:000296e0       ?GetUserData@dgConstraint@@QBEPAXXZ 1002a6e0 f   physics_2009:dgConstraint.obj
 0001:000296f0       ?SetUserData@dgConstraint@@QAEXPAX@Z 1002a6f0 f   physics_2009:dgConstraint.obj
 0001:00029700       ?InitInfo@dgConstraint@@IBEXPAVdgConstraintInfo@@@Z 1002a700 f   physics_2009:dgConstraint.obj
 0001:00029790       ?InitPointParam@dgConstraint@@IBEXAAVdgPointParam@1@NABVdgVector@@1@Z 1002a790 f   physics_2009:dgConstraint.obj
 0001:00029a00       ??0dgCollisionConvexHull@@QAE@PAVdgWorld@@P6AXPAX1I@Z1@Z 1002aa00 f   physics_2009:dgCollisionConvexHull.obj
 0001:00029b90       ?GetFaceIndices@dgCollisionConvexHull@@QBEHHPAH@Z 1002ab90 f   physics_2009:dgCollisionConvexHull.obj
 0001:00029bc0       ?CalculateSignature@dgCollisionConvexHull@@EBEHXZ 1002abc0 f   physics_2009:dgCollisionConvexHull.obj
 0001:00029bc0       ?CalculateSignature@dgCollisionNull@@EBEHXZ 1002abc0 f   physics_2009:dgCollisionNull.obj
 0001:00029bd0       ?GetCollisionInfo@dgCollisionConvexHull@@EBEXPAVdgCollisionInfo@@@Z 1002abd0 f   physics_2009:dgCollisionConvexHull.obj
 0001:00029c30       ?Serialize@dgCollisionConvexHull@@EBEXP6AXPAXPBXI@Z0@Z 1002ac30 f   physics_2009:dgCollisionConvexHull.obj
 0001:00029d60       ??_EdgCollisionConvexHull@@UAEPAXI@Z 1002ad60 f i physics_2009:dgCollisionConvexHull.obj
 0001:00029d60       ??_GdgCollisionConvexHull@@UAEPAXI@Z 1002ad60 f i physics_2009:dgCollisionConvexHull.obj
 0001:00029da0       ?BruteForceSupportVertex@dgCollisionConvexHull@@ABEHHPAVdgVector@@ABV2@@Z 1002ada0 f   physics_2009:dgCollisionConvexHull.obj
 0001:00029ec0       ?DebugCollision@dgCollisionConvexHull@@EBEXABVdgMatrix@@P6AXPAXHPBNH@Z1@Z 1002aec0 f   physics_2009:dgCollisionConvexHull.obj
 0001:00029fd0       ?OOBBTest@dgCollisionConvexHull@@EBE_NABVdgMatrix@@QBVdgConvexCollision@@PAX@Z 1002afd0 f   physics_2009:dgCollisionConvexHull.obj
 0001:0002a380       ?FaceNormal@dgCollisionConvexHull@@ABE?AVdgVector@@PBVdgEdge@@PBV2@@Z 1002b380 f   physics_2009:dgCollisionConvexHull.obj
 0001:0002a510       ?RemoveCoplanarEdge@dgCollisionConvexHull@@ABE_NAAVdgPolyhedra@@QAVdgVector@@@Z 1002b510 f   physics_2009:dgCollisionConvexHull.obj
 0001:0002a990       ?Create@dgCollisionConvexHull@@AAE_NHHPBNN@Z 1002b990 f   physics_2009:dgCollisionConvexHull.obj
 0001:0002c0c0       ??0dgCollisionConvexHull@@QAE@IHHNPBNABVdgMatrix@@@Z 1002d0c0 f   physics_2009:dgCollisionConvexHull.obj
 0001:0002c440       ?Realloc@dgBroadPhaseCalculateContactsWorkerThread@@QAEXHHH@Z 1002d440 f   physics_2009:dgBroadPhaseCollision.obj
 0001:0002c530       ?ThreadExecute@dgBroadPhaseCalculateContactsWorkerThread@@UAEXXZ 1002d530 f   physics_2009:dgBroadPhaseCollision.obj
 0001:0002c6d0       ?ThreadExecute@dgBroadPhaseMaterialCallbackWorkerThread@@UAEXXZ 1002d6d0 f   physics_2009:dgBroadPhaseCollision.obj
 0001:0002c7a0       ?RayCast@dgSortArray@@QBENNABUdgLineBox@@P6ANPBVdgBody@@ABVdgVector@@HPAXN@ZP6AI1PBVdgCollision@@3@Z3@Z 1002d7a0 f   physics_2009:dgBroadPhaseCollision.obj
 0001:0002c840       ?UpdateAutoPair@dgBroadPhaseCell@@AAEXPAVdgWorld@@H@Z 1002d840 f   physics_2009:dgBroadPhaseCollision.obj
 0001:0002c950       ?UpdatePairs@dgBroadPhaseCollision@@ABEXPAVdgBody@@PAVdgListNode@?$dgList@VdgSortArrayEntry@@@@HH@Z 1002d950 f   physics_2009:dgBroadPhaseCollision.obj
 0001:0002ca40       ?UpdatePairs@dgBroadPhaseCollision@@ABEXAAVdgBroadPhaseCell@@0H@Z 1002da40 f   physics_2009:dgBroadPhaseCollision.obj
 0001:0002cab0       ?ThreadExecute@dgBroadPhaseCellPairsWorkerThread@@UAEXXZ 1002dab0 f   physics_2009:dgBroadPhaseCollision.obj
 0001:0002cb20       ?UpdateContactsBroadPhaseEnd@dgBroadPhaseCollision@@AAEXN@Z 1002db20 f   physics_2009:dgBroadPhaseCollision.obj
 0001:0002cbc0       ?Append@?$dgList@VdgSortArrayEntry@@@@QAEPAVdgListNode@1@XZ 1002dbc0 f i physics_2009:dgBroadPhaseCollision.obj
 0001:0002cc40       ?RemoveAll@?$dgList@VdgSortArrayEntry@@@@QAEXXZ 1002dc40 f i physics_2009:dgBroadPhaseCollision.obj
 0001:0002cca0       ?ApplyExtenalForces@dgBody@@AAEXNH@Z 1002dca0 f i physics_2009:dgBroadPhaseCollision.obj
 0001:0002cd10       ?IsInEquelibrium@dgBody@@QBE_NXZ 1002dd10 f i physics_2009:dgBroadPhaseCollision.obj
 0001:0002ce90       ?Sort@dgSortArray@@QAENXZ  1002de90 f   physics_2009:dgBroadPhaseCollision.obj
 0001:0002cfc0       ?Add@dgBroadPhaseCell@@AAEXPAVdgBody@@@Z 1002dfc0 f   physics_2009:dgBroadPhaseCollision.obj
 0001:0002d080       ?InvalidateCache@dgBroadPhaseCollision@@AAEXXZ 1002e080 f   physics_2009:dgBroadPhaseCollision.obj
 0001:0002d0c0       ?ForEachBodyInAABB@dgBroadPhaseCollision@@QBEXABVdgVector@@0P6AXPAVdgBody@@@Z@Z 1002e0c0 f   physics_2009:dgBroadPhaseCollision.obj
 0001:0002d380       ?ConvexCast@dgBroadPhaseCollision@@QBEHPAVdgCollision@@ABVdgMatrix@@ABVdgVector@@AANP6AIPBVdgBody@@PBV2@PAX@Z6QAVdgConvexCastReturnInfo@@HH@Z 1002e380 f   physics_2009:dgBroadPhaseCollision.obj
 0001:0002dcb0       ?ThreadExecute@dgBroadPhaseApplyExternalForce@@UAEXXZ 1002ecb0 f   physics_2009:dgBroadPhaseCollision.obj
[...]
 0003:00000080       ?m_hullDirs@dgConvexCollision@@1PAVdgTriplex@@A 1007f080     physics_2009:dgConvexCollision.obj
 0003:000001d0       ?mult@dgConvexMassData@@2PANA 1007f1d0     physics_2009:dgConvexCollision.obj
 0003:00000230       ?m_negOne@dgConvexCollision@@1VdgVector@@A 1007f230     physics_2009:dgConvexCollision.obj
 0003:00000250       ?m_nrh0p5@dgConvexCollision@@1VdgVector@@A 1007f250     physics_2009:dgConvexCollision.obj
 0003:00000270       ?m_nrh3p0@dgConvexCollision@@1VdgVector@@A 1007f270     physics_2009:dgConvexCollision.obj
 0003:00000290       ?m_indexStep@dgConvexCollision@@1VdgVector@@A 1007f290     physics_2009:dgConvexCollision.obj
 0003:000002b0       ?m_index_0123@dgConvexCollision@@1VdgVector@@A 1007f2b0     physics_2009:dgConvexCollision.obj
 0003:000002d0       ?m_index_4567@dgConvexCollision@@1VdgVector@@A 1007f2d0     physics_2009:dgConvexCollision.obj
 0003:000002f0       ?m_huge@dgConvexCollision@@1VdgVector@@A 1007f2f0     physics_2009:dgConvexCollision.obj
 0003:00000310       ?m_negativeTiny@dgConvexCollision@@1VdgVector@@A 1007f310     physics_2009:dgConvexCollision.obj
 0003:00000330       ?m_aabb_padd@dgConvexCollision@@1VdgVector@@A 1007f330     physics_2009:dgConvexCollision.obj
 0003:00000350       ?m_faceIndex@dgContactSolver@@2PAY03HA 1007f350     physics_2009:dgMinkowskiConv.obj
 0003:00000390       ?m_edgeArray@dgCollisionBox@@1PAVdgConvexSimplexEdge@@A 1007f390     physics_2009:dgCollisionBox.obj
 0003:00000530       ?g_allocaror@dgInternalMemory@@3VdgMemoryAllocator@@A 1007f530     corelib_2009:dgMemory.obj
 0003:00000a54       __fltused                  1007fa54     LIBCMT:_fpinit_.obj
 0003:00000a58       __ldused                   1007fa58     LIBCMT:_fpinit_.obj
 0003:00000a60       __half                     1007fa60     LIBCMT:_pow_.obj
 0003:00000a78       __cfltcvt_tab              1007fa78     LIBCMT:cmiscdat.obj
 0003:00000bc8       __amblksiz                 1007fbc8     LIBCMT:heapinit.obj
 0003:00000bcc       __aexit_rtn                1007fbcc     LIBCMT:crt0dat.obj
 0003:00000df8       ___flsindex                1007fdf8     LIBCMT:tidtable.obj
 0003:00000dfc       ___getvalueindex           1007fdfc     LIBCMT:tidtable.obj
 0003:00000e00       ___badioinfo               1007fe00     LIBCMT:ioinit.obj
 0003:00000e40       __First_FPE_Indx           1007fe40     LIBCMT:winxfltr.obj
 0003:00000e44       __Num_FPE                  1007fe44     LIBCMT:winxfltr.obj
 0003:00000e48       __XcptActTabSize           1007fe48     LIBCMT:winxfltr.obj
 0003:00000e4c       __XcptActTabCount          1007fe4c     LIBCMT:winxfltr.obj
 0003:00000e50       ___nullstring              1007fe50     LIBCMT:output.obj
 0003:00000e54       ___wnullstring             1007fe54     LIBCMT:output.obj
 0003:00000e74       ___abort_behavior          1007fe74     LIBCMT:abort.obj
 0003:00000e80       __infinity                 1007fe80     LIBCMT:_87tran_.obj
 0003:00000e8a       __minfinity                1007fe8a     LIBCMT:_87tran_.obj
 0003:00000e94       __logemax                  1007fe94     LIBCMT:_87tran_.obj
 0003:00000eba       __OP_EXPjmptab             1007feba     LIBCMT:_87tran_.obj
 0003:00000ee0       __indefinite               1007fee0     LIBCMT:_87disp_.obj
 0003:00000eea       __piby2                    1007feea     LIBCMT:_87disp_.obj
 0003:00000f10       ___initialmbcinfo          1007ff10     LIBCMT:mbctype.obj
 0003:00001130       __mbctype                  10080130     LIBCMT:mbctype.obj
 0003:00001238       __mbcasemap                10080238     LIBCMT:mbctype.obj
 0003:00001338       ___ptmbcinfo               10080338     LIBCMT:mbctype.obj
 0003:00001434       ___globallocalestatus      10080434     LIBCMT:glstatus.obj
 0003:00001438       ___clocalestr              10080438     LIBCMT:nlsdata2.obj
 0003:00001440       ___initiallocinfo          10080440     LIBCMT:nlsdata2.obj
 0003:00001518       ___ptlocinfo               10080518     LIBCMT:nlsdata2.obj
 0003:0000151c       ___lc_clike                1008051c     LIBCMT:nlsdata2.obj
 0003:00001520       ___initiallocalestructinfo 10080520     LIBCMT:nlsdata2.obj
 0003:00001530       ___security_cookie         10080530     LIBCMT:gs_cookie.obj
 0003:00001534       ___security_cookie_complement 10080534     LIBCMT:gs_cookie.obj
 0003:00001540       __matherr_flag             10080540     LIBCMT:_matherr_.obj
 0003:00001630       __d_inf                    10080630     LIBCMT:_util_.obj
 0003:00001638       __d_ind                    10080638     LIBCMT:_util_.obj
 0003:00001640       __d_max                    10080640     LIBCMT:_util_.obj
 0003:00001648       __d_min                    10080648     LIBCMT:_util_.obj
 0003:00001650       __d_mzero                  10080650     LIBCMT:_util_.obj
 0003:00001658       __iob                      10080658     LIBCMT:_file.obj
 0003:00001a40       __pctype                   10080a40     LIBCMT:ctype.obj
 0003:00001a44       __pwctype                  10080a44     LIBCMT:ctype.obj
 0003:00001a48       ___lc_time_c               10080a48     LIBCMT:strftime.obj
 0003:00001b00       ___lc_time_curr            10080b00     LIBCMT:strftime.obj
 0003:00001b04       ___lconv_static_decimal    10080b04     LIBCMT:lconv.obj
 0003:00001b08       ___lconv_c                 10080b08     LIBCMT:lconv.obj
 0003:00001b38       ___lconv                   10080b38     LIBCMT:lconv.obj
 0003:00001b3c       ___mb_cur_max              10080b3c     LIBCMT:nlsdata1.obj
 0003:00001b40       ___decimal_point           10080b40     LIBCMT:nlsdata1.obj
 0003:00001b44       ___decimal_point_length    10080b44     LIBCMT:nlsdata1.obj
 0003:00001b80       __NLG_Destination          10080b80     LIBCMT:exsup.obj
 0003:00001ba0       __timezone                 10080ba0     LIBCMT:timeset.obj
 0003:00001ba4       __daylight                 10080ba4     LIBCMT:timeset.obj
 0003:00001ba8       __dstbias                  10080ba8     LIBCMT:timeset.obj
 0003:00001c30       __tzname                   10080c30     LIBCMT:timeset.obj
 0003:00001c50       __pow10pos                 10080c50     LIBCMT:_constpow_.obj
 0003:00001db0       __pow10neg                 10080db0     LIBCMT:_constpow_.obj
 0003:00001f0c       __coninpfh                 10080f0c     LIBCMT:initcon.obj
 0003:00001f10       __confh                    10080f10     LIBCMT:initcon.obj
 0003:00001f14       __lpdays                   10080f14     LIBCMT:days.obj
 0003:00001f48       __days                     10080f48     LIBCMT:days.obj
 0003:00001f90       ?m_edgeArray@dgCollisionSphere@@1PAVdgConvexSimplexEdge@@A 10080f90     physics_2009:dgCollisionSphere.obj
 0003:00002590       ?m_shapeRefCount@dgCollisionSphere@@1HA 10081590     physics_2009:dgCollisionSphere.obj
 0003:000025a0       ?m_unitSphere@dgCollisionSphere@@1PAVdgVector@@A 100815a0     physics_2009:dgCollisionSphere.obj
 0003:000027e0       ?m_iniliazised@dgConvexCollision@@1HA 100817e0     physics_2009:dgConvexCollision.obj
 0003:000027f0       ?m_zero@dgConvexCollision@@1VdgVector@@A 100817f0     physics_2009:dgConvexCollision.obj
 0003:00002810       ?m_signMask@dgConvexCollision@@1VdgVector@@A 10081810     physics_2009:dgConvexCollision.obj
 0003:00002830       ?m_triplexMask@dgConvexCollision@@1VdgVector@@A 10081830     physics_2009:dgConvexCollision.obj
 0003:00002850       ?m_multiResDir@dgConvexCollision@@1PAVdgVector@@A 10081850     physics_2009:dgConvexCollision.obj
 0003:00002950       ?m_multiResDir_sse@dgConvexCollision@@1PAVdgVector@@A 10081950     physics_2009:dgConvexCollision.obj
 0003:00002a10       ?m_vertex@dgCollisionHeightField@@0PAPAVdgVector@@A 10081a10     physics_2009:dgCollisionHeightField.obj
 0003:00002a30       ?m_vertexCount@dgCollisionHeightField@@0PAHA 10081a30     physics_2009:dgCollisionHeightField.obj
 0003:00002a50       ?m_refCount@dgCollisionHeightField@@0HA 10081a50     physics_2009:dgCollisionHeightField.obj
 0003:00002a60       ?m_dir@dgContactSolver@@2PAVdgVector@@A 10081a60     physics_2009:dgMinkowskiConv.obj
 0003:00002c20       ?m_edgeArray@dgCollisionCapsule@@0PAVdgConvexSimplexEdge@@A 10081c20     physics_2009:dgCollisionCapsule.obj
 0003:00003760       ?m_shapeRefCount@dgCollisionCapsule@@0HA 10082760     physics_2009:dgCollisionCapsule.obj
 0003:00003768       ?m_edgeArray@dgCollisionCone@@0PAVdgConvexSimplexEdge@@A 10082768     physics_2009:dgCollisionCone.obj
 0003:00003968       ?m_shapeRefCount@dgCollisionCone@@0HA 10082968     physics_2009:dgCollisionCone.obj
 0003:00003970       ?m_edgeArray@dgCollisionCylinder@@0PAVdgConvexSimplexEdge@@A 10082970     physics_2009:dgCollisionCylinder.obj
 0003:00003c70       ?m_shapeRefCount@dgCollisionCylinder@@0HA 10082c70     physics_2009:dgCollisionCylinder.obj
 0003:00003c80       ?m_edgeArray@dgCollisionChamferCylinder@@0PAVdgConvexSimplexEdge@@A 10082c80     physics_2009:dgCollisionChamferCylinder.obj
 0003:00004580       ?m_shapeRefCount@dgCollisionChamferCylinder@@0HA 10083580     physics_2009:dgCollisionChamferCylinder.obj
 0003:00004590       ?m_shapesDirs@dgCollisionChamferCylinder@@0PAVdgVector@@A 10083590     physics_2009:dgCollisionChamferCylinder.obj
 0003:00004714       ___fastflag                10083714     LIBCMT:_fpinit_.obj
 0003:00004718       __adjust_fdiv              10083718     LIBCMT:_fpinit_.obj
 0003:00004720       __aenvptr                  10083720     LIBCMT:dllcrt0.obj
 0003:00004724       __wenvptr                  10083724     LIBCMT:dllcrt0.obj
 0003:00004728       ___error_mode              10083728     LIBCMT:dllcrt0.obj
 0003:0000472c       ___app_type                1008372c     LIBCMT:dllcrt0.obj
 0003:00004888       ___sbh_pHeaderDefer        10083888     LIBCMT:sbheap.obj
 0003:0000488c       __crtheap                  1008388c     LIBCMT:heapinit.obj
 0003:00004890       __umaskval                 10083890     LIBCMT:crt0dat.obj
 0003:00004894       ___argc                    10083894     LIBCMT:crt0dat.obj
 0003:00004898       ___argv                    10083898     LIBCMT:crt0dat.obj
 0003:0000489c       ___wargv                   1008389c     LIBCMT:crt0dat.obj
 0003:000048a0       __environ                  100838a0     LIBCMT:crt0dat.obj
 0003:000048a4       ___initenv                 100838a4     LIBCMT:crt0dat.obj
 0003:000048a8       __wenviron                 100838a8     LIBCMT:crt0dat.obj
 0003:000048ac       ___winitenv                100838ac     LIBCMT:crt0dat.obj
 0003:000048b0       __pgmptr                   100838b0     LIBCMT:crt0dat.obj
 0003:000048b4       __wpgmptr                  100838b4     LIBCMT:crt0dat.obj
 0003:000048b8       __exitflag                 100838b8     LIBCMT:crt0dat.obj
 0003:000048bc       __C_Termination_Done       100838bc     LIBCMT:crt0dat.obj
 0003:000048c0       __C_Exit_Done              100838c0     LIBCMT:crt0dat.obj
 0003:00004bdc       ?_pnhHeap@@3P6AHI@ZA       10083bdc     LIBCMT:handler.obj
 0003:00004be0       __newmode                  10083be0     LIBCMT:_newmode.obj
 0003:00004be4       _gpFlsAlloc                10083be4     LIBCMT:tidtable.obj
 0003:00004be8       _gpFlsGetValue             10083be8     LIBCMT:tidtable.obj
 0003:00004bec       _gpFlsSetValue             10083bec     LIBCMT:tidtable.obj
 0003:00004bf0       _gpFlsFree                 10083bf0     LIBCMT:tidtable.obj
 0003:00004bf4       __maxwait                  10083bf4     LIBCMT:crtheap.obj
 0003:00004d04       ___pInvalidArgHandler      10083d04     LIBCMT:invarg.obj
 0003:00004d24       ___pPurecall               10083d24     LIBCMT:inithelp.obj
 0003:00004d2c       ___mbulinfo                10083d2c     LIBCMT:mbctype.obj
 0003:00004d38       ___mbcodepage              10083d38     LIBCMT:mbctype.obj
 0003:00004d3c       ___ismbcodepage            10083d3c     LIBCMT:mbctype.obj
 0003:00004d40       ___mblcid                  10083d40     LIBCMT:mbctype.obj
 0003:00004d44       ___locale_changed          10083d44     LIBCMT:setlocal.obj
 0003:00004d48       ___lc_handle               10083d48     LIBCMT:nlsdata2.obj
 0003:00004d60       ___lc_codepage             10083d60     LIBCMT:nlsdata2.obj
 0003:00004d64       ___lc_collate_cp           10083d64     LIBCMT:nlsdata2.obj
 0003:00004d68       __outputformat             10083d68     LIBCMT:outputformat.obj
 0003:00004d70       ?__pInconsistency@@3P6AXXZA 10083d70     LIBCMT:hooks.obj
 0003:00004d8c       __cflush                   10083d8c     LIBCMT:_file.obj
 0003:00004d9c       ___lconv_static_null       10083d9c     LIBCMT:lconv.obj
 0003:000050c4       __stdbuf                   100840c4     LIBCMT:_sftbuf.obj
 0003:00005188       __debugger_hook_dummy      10084188     <common>
 0003:0000518c       ___piob                    1008418c     <common>
 0003:000051a0       __bufin                    100841a0     <common>
 0003:000061a0       __nstream                  100851a0     <common>
 0003:000061a4       __nhandle                  100851a4     <common>
 0003:000061c0       ___pioinfo                 100851c0     <common>
 0003:000062c0       ___env_initialized         100852c0     <common>
 0003:000062c4       ___onexitend               100852c4     <common>
 0003:000062c8       ___onexitbegin             100852c8     <common>
 0003:000062cc       ___mbctype_initialized     100852cc     <common>
 0003:000062d0       ___dyn_tls_init_callback   100852d0     <common>
 0003:000062d4       ___active_heap             100852d4     <common>
 0003:000062d8       __pDestructExceptionObject 100852d8     <common>
 0003:000062dc       ___sbh_cntHeaderList       100852dc     <common>
 0003:000062e0       ___sbh_pHeaderList         100852e0     <common>
 0003:000062e4       ___sbh_threshold           100852e4     <common>
 0003:000062e8       ___sbh_pHeaderScan         100852e8     <common>
 0003:000062ec       ___sbh_sizeHeaderList      100852ec     <common>
 0003:000062f0       ___sbh_indGroupDefer       100852f0     <common>
 0003:000062f4       ___use_sse2_mathfcns       100852f4     <common>
 0003:000062f8       ___sse2_available          100852f8     <common>
 0003:000062fc       __pmatherr                 100852fc     <common>
 0003:00006300       __acmdln                   10085300     <common>

 entry point at        0001:000644b6

 Static symbols

 0001:00008f90       ?CompareIslands@@YAHQBVdgIsland@@0PAX@Z 10009f90 f   physics_2009:dgWorldDynamicUpdate.obj
 0001:00018520       ?CompareContact@@YAHQBVdgContactPoint@@0PAX@Z 10019520 f   physics_2009:dgNarrowPhaseCollision.obj
 0001:00055b70       ?SortVertices@InternalGeoUtil@@YAHQANHHHHN@Z 10056b70 f   corelib_2009:dgTypes.obj
 0001:000565e0       ?QuickSortVertices@InternalGeoUtil@@YAHQANHHHHN@Z 100575e0 f   corelib_2009:dgTypes.obj
 0001:00057980       ?NormalizeVertex@InternalPolyhedra@@YAXHQAVdgTriplex@@QBNH@Z 10058980 f   corelib_2009:dgPolyhedra.obj
 0001:00057ad0       ?EdgePlane@InternalPolyhedra@@YA?AVdgBigPlane@@HHHQBVdgTriplex@@@Z 10058ad0 f   corelib_2009:dgPolyhedra.obj
 0001:00057bf0       ?UnboundedLoopPlane@InternalPolyhedra@@YA?AVdgBigPlane@@HHHQBVdgTriplex@@@Z 10058bf0 f   corelib_2009:dgPolyhedra.obj
 0001:00057d40       ?BigFaceNormal@InternalPolyhedra@@YA?AVdgBigVector@@PAVdgEdge@@QBNH@Z 10058d40 f   corelib_2009:dgPolyhedra.obj
 0001:00057e50       ?CalculateVertexMetrics@InternalPolyhedra@@YAXQAUVERTEX_METRIC_STRUCT@1@QBVdgTriplex@@PAVdgEdge@@@Z 10058e50 f   corelib_2009:dgPolyhedra.obj
 0001:00057f30       ?IsEssensialPointDiagonal@InternalPolyhedra@@YA_NPAVdgEdge@@ABVdgBigVector@@QBNH@Z 10058f30 f   corelib_2009:dgPolyhedra.obj
 0001:00058430       ?CalculateAllMetrics@InternalPolyhedra@@YAXPBVdgPolyhedra@@QAUVERTEX_METRIC_STRUCT@1@QBVdgTriplex@@@Z 10059430 f   corelib_2009:dgPolyhedra.obj
 0001:000586c0       ?EdgePenalty@InternalPolyhedra@@YANABVdgPolyhedra@@QBVdgTriplex@@PAVdgEdge@@@Z 100596c0 f   corelib_2009:dgPolyhedra.obj
 0001:00058d00       ?GetInteriorDiagonals@InternalPolyhedra@@YAHAAVdgPolyhedra@@QAPAVdgEdge@@H@Z 10059d00 f   corelib_2009:dgPolyhedra.obj
 0001:00058fa0       ?MatchTwins@InternalPolyhedra@@YA_NPAVdgPolyhedra@@@Z 10059fa0 f   corelib_2009:dgPolyhedra.obj
 0001:00059050       ?FindEarTip@InternalPolyhedra@@YAPAVdgEdge@@ABVdgPolyhedra@@PAV2@QBNHAAV?$dgDownHeap@PAVdgEdge@@N@@ABVdgVector@@@Z 1005a050 f   corelib_2009:dgPolyhedra.obj
 0001:00059d70       ?CloseOpenBounds@InternalPolyhedra@@YAXPAVdgPolyhedra@@@Z 1005ad70 f   corelib_2009:dgPolyhedra.obj
 0001:0005ae50       ?MarkAdjacentCoplanarFaces@InternalPolyhedra@@YAXAAVdgPolyhedra@@0PAVdgEdge@@QBNH@Z 1005be50 f   corelib_2009:dgPolyhedra.obj
 0001:0005b140       ?ConvexPartition@InternalPolyhedra@@YA_NAAVdgPolyhedra@@QBNH@Z 1005c140 f   corelib_2009:dgPolyhedra.obj
 0001:0005baa0       ?TriangulateFace@InternalPolyhedra@@YAPAVdgEdge@@AAVdgPolyhedra@@PAV2@QBNHAAV?$dgDownHeap@PAVdgEdge@@N@@PAVdgVector@@@Z 1005caa0 f   corelib_2009:dgPolyhedra.obj
 0001:000643c0       ___DllMainCRTStartup       100653c0 f   LIBCMT:dllcrt0.obj
 0001:00064556       __hw_cw                    10065556 f   LIBCMT:_ieee87_.obj
 0001:000645e4       ___hw_cw_sse2              100655e4 f   LIBCMT:_ieee87_.obj
 0001:00064f5a       __onexit_nolock            10065f5a f   LIBCMT:onexit.obj
 0001:000650d5       __callthreadstartex        100660d5 f   LIBCMT:threadex.obj
 0001:00065116       __threadstartex@4          10066116 f   LIBCMT:threadex.obj
 0001:0006553e       __shift                    1006653e f   LIBCMT:cvt.obj
 0001:00065583       __cftoe2_l                 10066583 f   LIBCMT:cvt.obj
 0001:00065b55       __cftof2_l                 10066b55 f   LIBCMT:cvt.obj
 0001:000672ae       __initterm                 100682ae f   LIBCMT:crt0dat.obj
 0001:00067374       _doexit                    10068374 f   LIBCMT:crt0dat.obj
 0001:000677b9       _fastzero_I                100687b9 f   LIBCMT:p4_memset.obj
 0001:0006789f       _fastcopy_I                1006889f f   LIBCMT:p4_memcpy.obj
 0001:000684b0       _parse_cmdline             100694b0 f   LIBCMT:stdargv.obj
 0001:00068c03       _write_char                10069c03 f   LIBCMT:output.obj
 0001:00068c36       _write_multi_char          10069c36 f   LIBCMT:output.obj
 0001:00068c5c       _write_string              10069c5c f   LIBCMT:output.obj
 0001:00069b3c       _siglookup                 1006ab3c f   LIBCMT:winsig.obj
 0001:0006b37d       ?CPtoLCID@@YAHH@Z          1006c37d f   LIBCMT:mbctype.obj
 0001:0006b3ac       ?setSBCS@@YAXPAUthreadmbcinfostruct@@@Z 1006c3ac f   LIBCMT:mbctype.obj
 0001:0006b410       ?setSBUpLow@@YAXPAUthreadmbcinfostruct@@@Z 1006c410 f   LIBCMT:mbctype.obj
 0001:0006b647       ?getSystemCP@@YAHH@Z       1006c647 f   LIBCMT:mbctype.obj
 0001:0006bcd1       __updatetlocinfoEx_nolock  1006ccd1 f   LIBCMT:setlocal.obj
 0001:0006c82b       _has_osfxsr_set            1006d82b f   LIBCMT:cpu_disp.obj
 0001:0006d244       __unwind_handler4          1006e244 f   LIBCMT:exsup4.obj
 0001:0006d976       ?x_ismbbtype_l@@YAHPAUlocaleinfo_struct@@IHH@Z 1006e976 f   LIBCMT:ismbbyte.obj
 0001:0006f82e       ?__crtLCMapStringA_stat@@YAHPAUlocaleinfo_struct@@KKPBDHPADHHH@Z 1007082e f   LIBCMT:a_map.obj
 0001:0006fc18       ?__crtGetStringTypeA_stat@@YAHPAUlocaleinfo_struct@@KPBDHPAGHHH@Z 10070c18 f   LIBCMT:a_str.obj
 0001:00071e24       __unwind_handler           10072e24 f   LIBCMT:exsup.obj
 0001:00072444       _flsall                    10073444 f   LIBCMT:fflush.obj
 0001:00072527       ?strtoxl@@YAKPAUlocaleinfo_struct@@PBDPAPBDHH@Z 10073527 f   LIBCMT:strtol.obj
 0001:000730a0       ??__Eg_allocaror@dgInternalMemory@@YAXXZ 100740a0 f   corelib_2009:dgMemory.obj
 0001:000730b0       ??__Fg_allocaror@dgInternalMemory@@YAXXZ 100740b0 f   corelib_2009:dgMemory.obj
