 newton

 Timestamp is 4a902641 (Sat Aug 22 10:09:21 2009)

 Preferred load address is 10000000

 Start         Length     Name                   Class
 0001:00000000 000884e4H .text                   CODE
 0001:000884f0 0000000cH .text$yc                CODE
 0001:00088500 00000001H .text$yd                CODE
 0002:00000000 0000014cH .idata$5                DATA
 0002:0000014c 00000004H .CRT$XCA                DATA
 0002:00000150 00000004H .CRT$XCU                DATA
 0002:00000154 00000004H .CRT$XCZ                DATA
 0002:00000158 00000004H .CRT$XIA                DATA
 0002:0000015c 00000014H .CRT$XIC                DATA
 0002:00000170 00000004H .CRT$XIZ                DATA
 0002:00000174 00000004H .CRT$XPA                DATA
 0002:00000178 00000004H .CRT$XPX                DATA
 0002:0000017c 00000004H .CRT$XPXA               DATA
 0002:00000180 00000004H .CRT$XPZ                DATA
 0002:00000184 00000004H .CRT$XTA                DATA
 0002:00000188 00000004H .CRT$XTZ                DATA
 0002:00000190 00005f60H .rdata                  DATA
 0002:000060f0 00000059H .rdata$debug            DATA
 0002:00006150 00000010H .rdata$sxdata           DATA
 0002:00006160 00000004H .rtc$IAA                DATA
 0002:00006164 00000004H .rtc$IZZ                DATA
 0002:00006168 00000004H .rtc$TAA                DATA
 0002:0000616c 00000004H .rtc$TZZ                DATA
 0002:00006170 00000404H .xdata$x                DATA
 0002:00006574 00000014H .idata$2                DATA
 0002:00006588 00000014H .idata$3                DATA
 0002:0000659c 0000014cH .idata$4                DATA
 0002:000066e8 000005f0H .idata$6                DATA
 0002:00006ce0 000027aaH .edata                  DATA
 0003:00000000 00001e00H .data                   DATA
 0003:00001e00 000040c4H .bss                    DATA

  Address         Publics by Value              Rva+Base       Lib:Object

 0000:00000000       __except_list              00000000     <absolute>
 0000:00000004       ___safe_se_handler_count   00000004     <absolute>
 0000:00000000       ___ImageBase               10000000     <linker-defined>
 0001:00000000       _DllMain@12                10001000 f   Newton.obj
 0001:00000010       _NewtonGetMemoryUsed       10001010 f   Newton.obj
 0001:00000020       _NewtonInvalidateCache     10001020 f   Newton.obj
 0001:00000030       _NewtonSetPlatformArchitecture 10001030 f   Newton.obj
 0001:00000040       _NewtonGetPlatformArchitecture 10001040 f   Newton.obj
 0001:00000050       _NewtonSetThreadsCount     10001050 f   Newton.obj
 0001:00000060       _NewtonGetThreadsCount     10001060 f   Newton.obj
 0001:00000070       _NewtonSetMultiThreadSolverOnSingleIsland 10001070 f   Newton.obj
 0001:00000080       _NewtonGetMultiThreadSolverOnSingleIsland 10001080 f   Newton.obj
 0001:00000090       _NewtonSetSolverModel      10001090 f   Newton.obj
 0001:000000a0       _NewtonSetFrictionModel    100010a0 f   Newton.obj
 0001:000000b0       _NewtonSetPerformanceClock 100010b0 f   Newton.obj
 0001:000000c0       _NewtonReadPerformanceTicks 100010c0 f   Newton.obj
 0001:000000d0       _NewtonCollisionUpdate     100010d0 f   Newton.obj
 0001:00000100       _NewtonSetIslandUpdateEvent 10001100 f   Newton.obj
 0001:00000110       _NewtonSetCollisionDestructor 10001110 f   Newton.obj
 0001:00000120       _NewtonSetBodyLeaveWorldEvent 10001120 f   Newton.obj
 0001:00000130       _NewtonWorldGetVersion     10001130 f   Newton.obj
 0001:00000140       _NewtonWorldSetUserData    10001140 f   Newton.obj
 0001:00000150       _NewtonWorldGetUserData    10001150 f   Newton.obj
 0001:00000160       _NewtonWorldSetDestructorCallBack 10001160 f   Newton.obj
 0001:00000170       _NewtonWorldGetDestructorCallBack 10001170 f   Newton.obj
 0001:00000180       _NewtonWorldGetBodyCount   10001180 f   Newton.obj
 0001:00000190       _NewtonWorldGetConstraintCount 10001190 f   Newton.obj
 0001:000001a0       _NewtonIslandGetBody       100011a0 f   Newton.obj
 0001:000001c0       _NewtonMaterialGetDefaultGroupID 100011c0 f   Newton.obj
 0001:000001d0       _NewtonMaterialCreateGroupID 100011d0 f   Newton.obj
 0001:000001e0       _NewtonMaterialDestroyAllGroupID 100011e0 f   Newton.obj
 0001:000001f0       _NewtonMaterialSetDefaultCollidable 100011f0 f   Newton.obj
 0001:00000220       _NewtonMaterialSetContinuousCollisionMode 10001220 f   Newton.obj
 0001:00000250       _NewtonWorldGetFirstMaterial 10001250 f   Newton.obj
 0001:00000260       _NewtonWorldGetNextMaterial 10001260 f   Newton.obj
 0001:00000270       _NewtonMaterialGetContactFaceAttribute 10001270 f   Newton.obj
 0001:00000280       _NewtonMaterialGetContactPositionAndNormal 10001280 f   Newton.obj
 0001:000002b0       _NewtonMaterialGetContactTangentDirections 100012b0 f   Newton.obj
 0001:000002e0       _NewtonMaterialSetContactFrictionState 100012e0 f   Newton.obj
 0001:00000320       _NewtonMaterialSetContactNormalAcceleration 10001320 f   Newton.obj
 0001:00000340       _NewtonMaterialSetContactTangentAcceleration 10001340 f   Newton.obj
 0001:00000370       _NewtonCreateNull          10001370 f   Newton.obj
 0001:00000380       _NewtonCreateBox           10001380 f   Newton.obj
 0001:000003e0       _NewtonCreateSphere        100013e0 f   Newton.obj
 0001:000004e0       _NewtonCreateCone          100014e0 f   Newton.obj
 0001:00000540       _NewtonCreateCapsule       10001540 f   Newton.obj
 0001:000005a0       _NewtonCreateCylinder      100015a0 f   Newton.obj
 0001:00000600       _NewtonCreateChamferCylinder 10001600 f   Newton.obj
 0001:00000660       _NewtonCreateConvexHullFromMesh 10001660 f   Newton.obj
 0001:00000680       _NewtonConvexHullModifierGetMatrix 10001680 f   Newton.obj
 0001:000006b0       _NewtonConvexHullModifierSetMatrix 100016b0 f   Newton.obj
 0001:000006d0       _NewtonCollisionIsTriggerVolume 100016d0 f   Newton.obj
 0001:000006f0       _NewtonCollisionSetAsTriggerVolume 100016f0 f   Newton.obj
 0001:00000710       _NewtonConvexCollisionCalculateVolume 10001710 f   Newton.obj
 0001:00000720       _NewtonTreeCollisionSetUserRayCastCallback 10001720 f   Newton.obj
 0001:00000730       _NewtonTreeCollisionBeginBuild 10001730 f   Newton.obj
 0001:00000740       _NewtonTreeCollisionAddFace 10001740 f   Newton.obj
 0001:00000760       _NewtonTreeCollisionEndBuild 10001760 f   Newton.obj
 0001:00000770       _NewtonSceneCollisionCreateProxy 10001770 f   Newton.obj
 0001:00000780       _NewtonSceneCollisionDestroyProxy 10001780 f   Newton.obj
 0001:00000790       _NewtonSceneCollisionOptimize 10001790 f   Newton.obj
 0001:000007a0       _NewtonCollisionPointDistance 100017a0 f   Newton.obj
 0001:000007d0       _NewtonCollisionClosestPoint 100017d0 f   Newton.obj
 0001:00000810       _NewtonCollisionCollide    10001810 f   Newton.obj
 0001:00000850       _NewtonCollisionCollideContinue 10001850 f   Newton.obj
 0001:000008b0       _NewtonCollisionForEachPolygonDo 100018b0 f   Newton.obj
 0001:000008f0       _NewtonCollisionMakeUnique 100018f0 f   Newton.obj
 0001:00000900       _NewtonReleaseCollision    10001900 f   Newton.obj
 0001:00000910       _NewtonCollisionSerialize  10001910 f   Newton.obj
 0001:00000930       _NewtonCreateCollisionFromSerialization 10001930 f   Newton.obj
 0001:00000950       _NewtonCollisionGetInfo    10001950 f   Newton.obj
 0001:00000970       _NewtonGetEulerAngle       10001970 f   Newton.obj
 0001:000009a0       _NewtonCalculateSpringDamperAcceleration 100019a0 f   Newton.obj
 0001:00000a10       _NewtonCreateBody          10001a10 f   Newton.obj
 0001:00000a20       _NewtonDestroyBody         10001a20 f   Newton.obj
 0001:00000a30       _NewtonBodySetMatrix       10001a30 f   Newton.obj
 0001:00000a70       _NewtonBodyGetFirstJoint   10001a70 f   Newton.obj
 0001:00000a80       _NewtonBodyGetNextJoint    10001a80 f   Newton.obj
 0001:00000a90       _NewtonBodyGetFirstContactJoint 10001a90 f   Newton.obj
 0001:00000aa0       _NewtonBodyGetNextContactJoint 10001aa0 f   Newton.obj
 0001:00000ab0       _NewtonBodySetCollision    10001ab0 f   Newton.obj
 0001:00000ac0       _NewtonBodySetFreezeState  10001ac0 f   Newton.obj
 0001:00000ae0       _NewtonBallSetUserCallback 10001ae0 f   Newton.obj
 0001:00000af0       _NewtonBallGetJointAngle   10001af0 f   Newton.obj
 0001:00000b20       _NewtonBallGetJointOmega   10001b20 f   Newton.obj
 0001:00000b50       _NewtonBallGetJointForce   10001b50 f   Newton.obj
 0001:00000b80       _NewtonSliderSetUserCallback 10001b80 f   Newton.obj
 0001:00000b80       _NewtonHingeSetUserCallback 10001b80 f   Newton.obj
 0001:00000b90       _NewtonHingeCalculateStopAlpha 10001b90 f   Newton.obj
 0001:00000bb0       _NewtonHingeGetJointForce  10001bb0 f   Newton.obj
 0001:00000be0       _NewtonSliderCalculateStopAccel 10001be0 f   Newton.obj
 0001:00000c00       _NewtonSliderGetJointForce 10001c00 f   Newton.obj
 0001:00000c30       _NewtonCorkscrewGetJointPosit 10001c30 f   Newton.obj
 0001:00000c30       _NewtonUniversalGetJointAngle1 10001c30 f   Newton.obj
 0001:00000c40       _NewtonSliderGetJointVeloc 10001c40 f   Newton.obj
 0001:00000c40       _NewtonCorkscrewGetJointVeloc 10001c40 f   Newton.obj
 0001:00000c50       _NewtonCorkscrewGetJointAngle 10001c50 f   Newton.obj
 0001:00000c50       _NewtonSliderGetJointPosit 10001c50 f   Newton.obj
 0001:00000c50       _NewtonUniversalGetJointAngle0 10001c50 f   Newton.obj
 0001:00000c50       _NewtonHingeGetJointAngle  10001c50 f   Newton.obj
 0001:00000c60       _NewtonHingeGetJointOmega  10001c60 f   Newton.obj
 0001:00000c60       _NewtonUniversalGetJointOmega0 10001c60 f   Newton.obj
 0001:00000c60       _NewtonCorkscrewGetJointOmega 10001c60 f   Newton.obj
 0001:00000c70       _NewtonCorkscrewCalculateStopAccel 10001c70 f   Newton.obj
 0001:00000c90       _NewtonUniversalSetUserCallback 10001c90 f   Newton.obj
 0001:00000c90       _NewtonCorkscrewSetUserCallback 10001c90 f   Newton.obj
 0001:00000ca0       _NewtonUniversalGetJointOmega1 10001ca0 f   Newton.obj
 0001:00000cb0       _NewtonCorkscrewCalculateStopAlpha 10001cb0 f   Newton.obj
 0001:00000cb0       _NewtonUniversalCalculateStopAlpha0 10001cb0 f   Newton.obj
 0001:00000cd0       _NewtonUniversalCalculateStopAlpha1 10001cd0 f   Newton.obj
 0001:00000cf0       _NewtonUniversalGetJointForce 10001cf0 f   Newton.obj
 0001:00000cf0       _NewtonCorkscrewGetJointForce 10001cf0 f   Newton.obj
 0001:00000d20       _NewtonUpVectorGetPin      10001d20 f   Newton.obj
 0001:00000d50       _NewtonUserJointAddGeneralRow 10001d50 f   Newton.obj
 0001:00000d70       _NewtonUserJointSetRowMaximumFriction 10001d70 f   Newton.obj
 0001:00000d90       _NewtonUserJointSetRowMinimumFriction 10001d90 f   Newton.obj
 0001:00000db0       _NewtonUserJointSetRowAcceleration 10001db0 f   Newton.obj
 0001:00000dd0       _NewtonUserJointSetRowSpringDamperAcceleration 10001dd0 f   Newton.obj
 0001:00000df0       _NewtonUserJointSetRowStiffness 10001df0 f   Newton.obj
 0001:00000e10       _NewtonUserJointGetRowForce 10001e10 f   Newton.obj
 0001:00000e20       _NewtonUserJointSetFeedbackCollectorCallback 10001e20 f   Newton.obj
 0001:00000e30       _NewtonJointSetUserData    10001e30 f   Newton.obj
 0001:00000e40       _NewtonJointGetUserData    10001e40 f   Newton.obj
 0001:00000e50       _NewtonJointGetInfo        10001e50 f   Newton.obj
 0001:00000e70       _NewtonJointSetStiffness   10001e70 f   Newton.obj
 0001:00000e90       _NewtonJointGetStiffness   10001e90 f   Newton.obj
 0001:00000ea0       _NewtonJointSetDestructor  10001ea0 f   Newton.obj
 0001:00000eb0       _NewtonDestroyJoint        10001eb0 f   Newton.obj
 0001:00000ec0       _NewtonMeshDestroy         10001ec0 f   Newton.obj
 0001:00000ee0       _NewtonMeshCalculateVertexNormals 10001ee0 f   Newton.obj
 0001:00000f00       _NewtonMeshApplySphericalMapping 10001f00 f   Newton.obj
 0001:00000f10       _NewtonMeshApplyBoxMapping 10001f10 f   Newton.obj
 0001:00000f30       _NewtonMeshApplyCylindricalMapping 10001f30 f   Newton.obj
 0001:00000f50       _NewtonMeshBeginFace       10001f50 f   Newton.obj
 0001:00000f60       _NewtonMeshAddFace         10001f60 f   Newton.obj
 0001:00000f80       _NewtonMeshEndFace         10001f80 f   Newton.obj
 0001:00000f90       _NewtonMeshGetVertexCount  10001f90 f   Newton.obj
 0001:00000fa0       _NewtonMeshGetVertexStreams 10001fa0 f   Newton.obj
 0001:00000fd0       _NewtonMeshGetIndirectVertexStreams 10001fd0 f   Newton.obj
 0001:00001020       _NewtonMeshFirstMaterial   10002020 f   Newton.obj
 0001:00001030       _NewtonMeshNextMaterial    10002030 f   Newton.obj
 0001:00001040       _NewtonMeshMaterialGetMaterial 10002040 f   Newton.obj
 0001:00001050       _NewtonMeshMaterialGetIndexCount 10002050 f   Newton.obj
 0001:00001070       _NewtonMeshMaterialGetIndexStream 10002070 f   Newton.obj
 0001:00001090       _NewtonMeshMaterialGetIndexStreamShort 10002090 f   Newton.obj
 0001:000010b0       ?dgGetUserLock@dgWorld@@QAEXXZ 100020b0 f i Newton.obj
 0001:000010d0       ?dgReleasedUserLock@dgWorld@@QAEXXZ 100020d0 f i Newton.obj
 0001:000010f0       ?Scale@?$dgTemplateVector@M@@QBE?AV1@M@Z 100020f0 f i Newton.obj
 0001:00001120       ??H?$dgTemplateVector@M@@QBE?AV0@ABV0@@Z 10002120 f i Newton.obj
 0001:00001150       ??G?$dgTemplateVector@M@@QBE?AV0@ABV0@@Z 10002150 f i Newton.obj
 0001:00001180       ??D?$dgTemplateVector@M@@QBE?AV0@ABV0@@Z 10002180 f i Newton.obj
 0001:000011c0       _NewtonDestroy             100021c0 f   Newton.obj
 0001:00001200       _NewtonWorldCriticalSectionLock 10002200 f   Newton.obj
 0001:00001220       _NewtonWorldCriticalSectionUnlock 10002220 f   Newton.obj
 0001:00001240       _NewtonUpdate              10002240 f   Newton.obj
 0001:00001310       _NewtonSetMinimumFrameRate 10002310 f   Newton.obj
 0001:00001370       _NewtonWorldGetFirstBody   10002370 f   Newton.obj
 0001:00001390       _NewtonWorldGetNextBody    10002390 f   Newton.obj
 0001:000013b0       _NewtonIslandGetBodyAABB   100023b0 f   Newton.obj
 0001:00001410       _NewtonMaterialSetSurfaceThickness 10002410 f   Newton.obj
 0001:00001470       _NewtonMaterialSetDefaultFriction 10002470 f   Newton.obj
 0001:00001550       _NewtonMaterialSetDefaultElasticity 10002550 f   Newton.obj
 0001:000015b0       _NewtonMaterialSetDefaultSoftness 100025b0 f   Newton.obj
 0001:00001610       _NewtonMaterialSetCollisionCallback 10002610 f   Newton.obj
 0001:00001650       _NewtonMaterialGetUserData 10002650 f   Newton.obj
 0001:00001670       _NewtonMaterialGetMaterialPairUserData 10002670 f   Newton.obj
 0001:00001680       _NewtonMaterialGetContactNormalSpeed 10002680 f   Newton.obj
 0001:00001820       _NewtonMaterialGetContactForce 10002820 f   Newton.obj
 0001:00001910       _NewtonMaterialGetBodyCollisionID 10002910 f   Newton.obj
 0001:00001930       _NewtonMaterialSetContactSoftness 10002930 f   Newton.obj
 0001:00001990       _NewtonMaterialSetContactElasticity 10002990 f   Newton.obj
 0001:000019f0       _NewtonMaterialSetContactFrictionCoef 100029f0 f   Newton.obj
 0001:00001b00       _NewtonCreateConvexHull    10002b00 f   Newton.obj
 0001:00001b90       _NewtonCreateConvexHullModifier 10002b90 f   Newton.obj
 0001:00001bb0       _NewtonCreateCompoundCollision 10002bb0 f   Newton.obj
 0001:00001bd0       _NewtonCreateCompoundCollisionFromMesh 10002bd0 f   Newton.obj
 0001:00001bf0       _NewtonCollisionSetUserID  10002bf0 f   Newton.obj
 0001:00001c00       _NewtonCollisionGetUserID  10002c00 f   Newton.obj
 0001:00001c10       _NewtonConvexHullGetFaceIndices 10002c10 f   Newton.obj
 0001:00001c30       _NewtonCreateTreeCollision 10002c30 f   Newton.obj
 0001:00001c50       _NewtonStaticCollisionSetDebugCallback 10002c50 f   Newton.obj
 0001:00001c80       _NewtonTreeCollisionGetFaceAtribute 10002c80 f   Newton.obj
 0001:00001c90       _NewtonTreeCollisionSetFaceAtribute 10002c90 f   Newton.obj
 0001:00001ca0       _NewtonCreateHeightFieldCollision 10002ca0 f   Newton.obj
 0001:00001ce0       _NewtonCreateSceneCollision 10002ce0 f   Newton.obj
 0001:00001d00       _NewtonSceneProxySetMatrix 10002d00 f   Newton.obj
 0001:00001d20       _NewtonSceneProxyGetMatrix 10002d20 f   Newton.obj
 0001:00001d50       _NewtonAddCollisionReference 10002d50 f   Newton.obj
 0001:00001d60       _NewtonBodySetUserData     10002d60 f   Newton.obj
 0001:00001d70       _NewtonBodyGetUserData     10002d70 f   Newton.obj
 0001:00001d80       _NewtonBodyGetWorld        10002d80 f   Newton.obj
 0001:00001d90       _NewtonBodySetTransformCallback 10002d90 f   Newton.obj
 0001:00001da0       _NewtonBodyGetTransformCallback 10002da0 f   Newton.obj
 0001:00001db0       _NewtonBodySetForceAndTorqueCallback 10002db0 f   Newton.obj
 0001:00001dc0       _NewtonBodyGetForceAndTorqueCallback 10002dc0 f   Newton.obj
 0001:00001dd0       _NewtonBodySetDestructorCallback 10002dd0 f   Newton.obj
 0001:00001de0       _NewtonBodyGetMassMatrix   10002de0 f   Newton.obj
 0001:00001e60       _NewtonBodyGetInvMass      10002e60 f   Newton.obj
 0001:00001ee0       _NewtonBodySetMatrixRecursive 10002ee0 f   Newton.obj
 0001:00001f20       _NewtonBodyGetMatrix       10002f20 f   Newton.obj
 0001:00001f40       _NewtonBodyGetRotation     10002f40 f   Newton.obj
 0001:00001f70       _NewtonBodyGetForceAcc     10002f70 f   Newton.obj
 0001:00001fc0       _NewtonBodyGetForce        10002fc0 f   Newton.obj
 0001:00002010       _NewtonBodyGetTorque       10003010 f   Newton.obj
 0001:00002060       _NewtonBodyGetTorqueAcc    10003060 f   Newton.obj
 0001:000020b0       _NewtonBodyGetCentreOfMass 100030b0 f   Newton.obj
 0001:00002100       _NewtonContactJointGetContactCount 10003100 f   Newton.obj
 0001:00002120       _NewtonContactJointGetFirstContact 10003120 f   Newton.obj
 0001:00002150       _NewtonContactJointGetNextContact 10003150 f   Newton.obj
 0001:00002180       _NewtonContactGetMaterial  10003180 f   Newton.obj
 0001:00002190       _NewtonBodyGetCollision    10003190 f   Newton.obj
 0001:000021a0       _NewtonBodySetMaterialGroupID 100031a0 f   Newton.obj
 0001:000021b0       _NewtonBodyGetMaterialGroupID 100031b0 f   Newton.obj
 0001:000021c0       _NewtonBodySetContinuousCollisionMode 100031c0 f   Newton.obj
 0001:000021e0       _NewtonBodyGetContinuousCollisionMode 100031e0 f   Newton.obj
 0001:00002200       _NewtonBodySetJointRecursiveCollision 10003200 f   Newton.obj
 0001:00002230       _NewtonBodyGetJointRecursiveCollision 10003230 f   Newton.obj
 0001:00002250       _NewtonBodyGetFreezeState  10003250 f   Newton.obj
 0001:00002260       _NewtonBodySetAutoSleep    10003260 f   Newton.obj
 0001:00002290       _NewtonBodyGetAutoSleep    10003290 f   Newton.obj
 0001:000022b0       _NewtonBodyGetSleepState   100032b0 f   Newton.obj
 0001:000022c0       _NewtonBodyGetVelocity     100032c0 f   Newton.obj
 0001:00002310       _NewtonBodyGetOmega        10003310 f   Newton.obj
 0001:00002360       _NewtonBodyGetLinearDamping 10003360 f   Newton.obj
 0001:00002380       _NewtonConstraintCreateUserJoint 10003380 f   Newton.obj
 0001:000023c0       _NewtonJointGetBody0       100033c0 f   Newton.obj
 0001:000023d0       _NewtonJointGetBody1       100033d0 f   Newton.obj
 0001:000023f0       _NewtonJointSetCollisionState 100033f0 f   Newton.obj
 0001:00002410       _NewtonJointGetCollisionState 10003410 f   Newton.obj
 0001:00002420       _NewtonMeshCreate          10003420 f   Newton.obj
 0001:00002440       _NewtonMeshCreateFromCollision 10003440 f   Newton.obj
 0001:00002460       ?Unlink@?$dgList@VdgContactMaterial@@@@QAEXPAVdgListNode@1@@Z 10003460 f i Newton.obj
 0001:000024d0       ?SetCentreOfMass@dgBody@@QAEXABVdgVector@@@Z 100034d0 f i Newton.obj
 0001:000025b0       ?SetAngularDamping@dgBody@@QAEXABVdgVector@@@Z 100035b0 f i Newton.obj
 0001:000026a0       ?SetForce@dgBody@@QAEXABVdgVector@@@Z 100036a0 f i Newton.obj
 0001:00002760       ?SetTorque@dgBody@@QAEXABVdgVector@@@Z 10003760 f i Newton.obj
 0001:00002820       _NewtonSetWorldSize        10003820 f   Newton.obj
 0001:00002880       _NewtonWorldForEachBodyInAABBDo 10003880 f   Newton.obj
 0001:000028e0       _NewtonWorldRayCast        100038e0 f   Newton.obj
 0001:00002950       _NewtonWorldConvexCast     10003950 f   Newton.obj
 0001:000029b0       _NewtonMaterialGetContactTangentSpeed 100039b0 f   Newton.obj
 0001:00002b90       _NewtonMaterialSetContactNormalDirection 10003b90 f   Newton.obj
 0001:00002e50       _NewtonMaterialContactRotateTangentDirections 10003e50 f   Newton.obj
 0001:00002fc0       _NewtonConvexCollisionCalculateInertialMatrix 10003fc0 f   Newton.obj
 0001:00003010       _NewtonCreateUserMeshCollision 10004010 f   Newton.obj
 0001:000030a0       _NewtonTreeCollisionGetVertexListIndexListInAABB 100040a0 f   Newton.obj
 0001:00003150       _NewtonCollisionSupportVertex 10004150 f   Newton.obj
 0001:000032e0       _NewtonCollisionCalculateAABB 100042e0 f   Newton.obj
 0001:00003340       _NewtonSetEulerAngle       10004340 f   Newton.obj
 0001:00003740       _NewtonBodySetMassMatrix   10004740 f   Newton.obj
 0001:000038c0       _NewtonBodySetForce        100048c0 f   Newton.obj
 0001:00003900       _NewtonBodyCalculateInverseDynamicsForce 10004900 f   Newton.obj
 0001:00003960       _NewtonBodySetTorque       10004960 f   Newton.obj
 0001:000039a0       _NewtonBodySetCentreOfMass 100049a0 f   Newton.obj
 0001:000039e0       _NewtonBodyAddBuoyancyForce 100049e0 f   Newton.obj
 0001:00003a40       _NewtonBodyGetAABB         10004a40 f   Newton.obj
 0001:00003ac0       _NewtonBodySetVelocity     10004ac0 f   Newton.obj
 0001:00003b20       _NewtonBodySetOmega        10004b20 f   Newton.obj
 0001:00003b80       _NewtonBodySetLinearDamping 10004b80 f   Newton.obj
 0001:00003bd0       _NewtonBodySetAngularDamping 10004bd0 f   Newton.obj
 0001:00003c10       _NewtonBodyGetAngularDamping 10004c10 f   Newton.obj
 0001:00003c70       _NewtonBodyAddImpulse      10004c70 f   Newton.obj
 0001:00003cd0       _NewtonConstraintCreateBall 10004cd0 f   Newton.obj
 0001:00003d10       _NewtonBallSetConeLimits   10004d10 f   Newton.obj
 0001:00004070       _NewtonConstraintCreateHinge 10005070 f   Newton.obj
 0001:000040d0       _NewtonConstraintCreateSlider 100050d0 f   Newton.obj
 0001:00004130       _NewtonConstraintCreateCorkscrew 10005130 f   Newton.obj
 0001:00004190       _NewtonConstraintCreateUniversal 10005190 f   Newton.obj
 0001:00004210       _NewtonConstraintCreateUpVector 10005210 f   Newton.obj
 0001:00004250       _NewtonUpVectorSetPin      10005250 f   Newton.obj
 0001:00004290       _NewtonUserJointAddLinearRow 10005290 f   Newton.obj
 0001:00004390       _NewtonUserJointAddAngularRow 10005390 f   Newton.obj
 0001:00004450       _NewtonMeshPlaneClip       10005450 f   Newton.obj
 0001:000044a0       ?AddForce@dgBody@@QAEXABVdgVector@@@Z 100054a0 f i Newton.obj
 0001:00004510       ?AddTorque@dgBody@@QAEXABVdgVector@@@Z 10005510 f i Newton.obj
 0001:00004580       _NewtonCreate              10005580 f   Newton.obj
 0001:00004650       _NewtonDestroyAllBodies    10005650 f   Newton.obj
 0001:000046a0       _NewtonCollisionRayCast    100056a0 f   Newton.obj
 0001:000048a0       _NewtonBodyAddForce        100058a0 f   Newton.obj
 0001:000048e0       _NewtonBodyAddTorque       100058e0 f   Newton.obj
 0001:00004920       _NewtonContactJointRemoveContact 10005920 f   Newton.obj
 0001:00004960       _NewtonWorldForEachJointDo 10005960 f   Newton.obj
 0001:00004a10       ?Append@?$dgList@UNewtonMeshPartition@@@@QAEPAVdgListNode@1@XZ 10005a10 f i NewtonAproximateConvexPartition.obj
 0001:00004aa0       ?CalculateHulls@NewtonAproximateConvexPartition@@QAEXPBVdgVector@@H@Z 10005aa0 f   NewtonAproximateConvexPartition.obj
 0001:00004bb0       ?RemoveAll@?$dgList@UNewtonMeshPartition@@@@QAEXXZ 10005bb0 f i NewtonAproximateConvexPartition.obj
 0001:00004c20       ??0NewtonAproximateConvexPartition@@QAE@ABVNewtonMeshEffect@@MH@Z 10005c20 f   NewtonAproximateConvexPartition.obj
 0001:00004ca0       ??1NewtonAproximateConvexPartition@@QAE@XZ 10005ca0 f   NewtonAproximateConvexPartition.obj
 0001:00004cb0       ?JacobianDerivative@NewtonUserJoint@@UAEIAAVdgContraintDescritor@@@Z 10005cb0 f   NewtonClass.obj
 0001:00004cf0       ?SetAcceleration@NewtonUserJoint@@QAEXM@Z 10005cf0 f   NewtonClass.obj
 0001:00004d20       ?SetSpringDamperAcceleration@NewtonUserJoint@@QAEXMM@Z 10005d20 f   NewtonClass.obj
 0001:00004da0       ?GetRowForce@NewtonUserJoint@@QBEMH@Z 10005da0 f   NewtonClass.obj
 0001:00004dd0       ?GetInfo@NewtonUserJoint@@UBEXPAVdgConstraintInfo@@@Z 10005dd0 f   NewtonClass.obj
 0001:00004e10       ??3@YAXPAX@Z               10005e10 f i NewtonStdAfx.obj
 0001:00004e10       ?Init@dgBilateralConstraint@@MAEXXZ 10005e10 f i NewtonClass.obj
 0001:00004e10       ??1dgCollidingPairCollector@@QAE@XZ 10005e10 f i physics_2009:dgContact.obj
 0001:00004e10       ??1dgBody@@QAE@XZ          10005e10 f i physics_2009:dgBody.obj
 0001:00004e10       ?BeginFace@dgPolyhedra@@QAEXXZ 10005e10 f i corelib_2009:dgPolyhedra.obj
 0001:00004e20       ??_ENewtonUserJoint@@UAEPAXI@Z 10005e20 f i NewtonClass.obj
 0001:00004e20       ??_GNewtonUserJoint@@UAEPAXI@Z 10005e20 f i NewtonClass.obj
 0001:00004e60       ?SetHighFriction@NewtonUserJoint@@QAEXM@Z 10005e60 f   NewtonClass.obj
 0001:00004ed0       ?SetLowerFriction@NewtonUserJoint@@QAEXM@Z 10005ed0 f   NewtonClass.obj
 0001:00004f50       ?SetRowStiffness@NewtonUserJoint@@QAEXM@Z 10005f50 f   NewtonClass.obj
 0001:00004fc0       ?SetUpdateFeedbackFunction@NewtonUserJoint@@QAEXP6AXPBUNewtonJoint@@MH@Z@Z 10005fc0 f   NewtonClass.obj
 0001:00004fd0       ?DestroyJoints@NewtonDeadJoints@@QAEXAAVNewton@@@Z 10005fd0 f   NewtonClass.obj
 0001:00005030       ??1Newton@@QAE@XZ          10006030 f   NewtonClass.obj
 0001:00005090       ??0NewtonUserJoint@@QAE@PAVdgWorld@@HP6AXPBUNewtonJoint@@MH@ZP6AX1PAUNewtonJointRecord@@@ZPAVdgBody@@5@Z 10006090 f   NewtonClass.obj
 0001:00005140       ?AddAngularRowJacobian@NewtonUserJoint@@QAEXABVdgVector@@M@Z 10006140 f   NewtonClass.obj
 0001:00005210       ?AddGeneralRowJacobian@NewtonUserJoint@@QAEXPBM0@Z 10006210 f   NewtonClass.obj
 0001:000052d0       ?AddLinearRowJacobian@NewtonUserJoint@@QAEXABVdgVector@@00@Z 100062d0 f   NewtonClass.obj
 0001:00005390       ??0Newton@@QAE@M@Z         10006390 f   NewtonClass.obj
 0001:00005400       ?DestroyJoint@Newton@@QAEXPAVdgConstraint@@@Z 10006400 f   NewtonClass.obj
 0001:00005430       ?DestroyBody@Newton@@QAEXPAVdgBody@@@Z 10006430 f   NewtonClass.obj
 0001:00005460       ?DestroyBodies@NewtonDeadBodies@@QAEXAAVNewton@@@Z 10006460 f   NewtonClass.obj
 0001:000054e0       ?UpdatePhysics@Newton@@QAEXM@Z 100064e0 f   NewtonClass.obj
 0001:00005520       ?GetShapeFromCollision@NewtonMeshEffectBuilder@@SAXPAXHPBMH@Z 10006520 f i NewtonMeshEffect.obj
 0001:00005600       ?BeginPolygon@NewtonMeshEffect@@QAEXXZ 10006600 f   NewtonMeshEffect.obj
 0001:00005610       ?AddVertex@NewtonMeshEffect@@AAEXPBMH@Z 10006610 f   NewtonMeshEffect.obj
 0001:00005770       ?AddPolygon@NewtonMeshEffect@@QAEXHPBMHH@Z 10006770 f   NewtonMeshEffect.obj
 0001:000057e0       ?GetVertexStreams@NewtonMeshEffect@@QAEXHPAMH0H0@Z 100067e0 f   NewtonMeshEffect.obj
 0001:000058a0       ?GetIndirectVertexStreams@NewtonMeshEffect@@QAEXHPAMPAH1H011H011@Z 100068a0 f   NewtonMeshEffect.obj
 0001:00005a70       ?GetNextMaterial@NewtonMeshEffect@@QAEHH@Z 10006a70 f   NewtonMeshEffect.obj
 0001:00005aa0       ?GetMaterialGetIndexStream@NewtonMeshEffect@@QAEXHPAH@Z 10006aa0 f   NewtonMeshEffect.obj
 0001:00005b10       ?GetMaterialGetIndexStreamShort@NewtonMeshEffect@@QAEXHPAF@Z 10006b10 f   NewtonMeshEffect.obj
 0001:00005b80       ?CreateConvexAproximationCollision@NewtonMeshEffect@@QBEPAVdgCollision@@MH@Z 10006b80 f   NewtonMeshEffect.obj
 0001:00005bb0       ??Y?$dgTemplateVector@M@@QAEAAV0@ABV0@@Z 10006bb0 f i NewtonMeshEffect.obj
 0001:00005be0       ??0NewtonMeshEffect@@QAE@_N@Z 10006be0 f   NewtonMeshEffect.obj
 0001:00005c40       ??_GNewtonMeshEffect@@UAEPAXI@Z 10006c40 f i NewtonMeshEffect.obj
 0001:00005c40       ??_ENewtonMeshEffect@@UAEPAXI@Z 10006c40 f i NewtonMeshEffect.obj
 0001:00005c90       ?EndPolygon@NewtonMeshEffect@@QAEXXZ 10006c90 f   NewtonMeshEffect.obj
 0001:00005e80       ?CreateConvexCollision@NewtonMeshEffect@@QBEPAVdgCollision@@MH@Z 10006e80 f   NewtonMeshEffect.obj
 0001:00005ef0       ??0NewtonMeshEffect@@QAE@PAVdgCollision@@@Z 10006ef0 f   NewtonMeshEffect.obj
 0001:00006130       ?GetAttriubeArray@NewtonMeshEffect@@AAEXPAUdgVertexAtribute@1@@Z 10007130 f   NewtonMeshEffect.obj
 0001:000061c0       ?ApplyAttriubeArray@NewtonMeshEffect@@AAEXPAUdgVertexAtribute@1@@Z 100071c0 f   NewtonMeshEffect.obj
 0001:00006280       ?GetOrigin@NewtonMeshEffect@@ABE?AVdgVector@@XZ 10007280 f   NewtonMeshEffect.obj
 0001:000063f0       ?FixCylindricalMapping@NewtonMeshEffect@@ABEXPAUdgVertexAtribute@1@@Z 100073f0 f   NewtonMeshEffect.obj
 0001:00006540       ?SphericalMapping@NewtonMeshEffect@@QAEXH@Z 10007540 f   NewtonMeshEffect.obj
 0001:00006760       ?CylindricalMapping@NewtonMeshEffect@@QAEXHH@Z 10007760 f   NewtonMeshEffect.obj
 0001:00006bf0       ?BoxMapping@NewtonMeshEffect@@QAEXHHH@Z 10007bf0 f   NewtonMeshEffect.obj
 0001:00006f90       ?CalcualetNormals@NewtonMeshEffect@@QAEXM@Z 10007f90 f   NewtonMeshEffect.obj
 0001:00007440       ?GetFirstMaterial@NewtonMeshEffect@@QAEHXZ 10008440 f   NewtonMeshEffect.obj
 0001:00007640       ?CapClipFace@NewtonMeshEffect@@AAE_NABVdgPlane@@ABVdgMatrix@@HH@Z 10008640 f   NewtonMeshEffect.obj
 0001:00007890       ?PlaneClip@NewtonMeshEffect@@QAEHABVdgPlane@@ABVdgMatrix@@PAPAV1@HH@Z 10008890 f   NewtonMeshEffect.obj
 0001:00008470       ?ModifierGetMatrix@dgCollision@@UBE?AVdgMatrix@@XZ 10009470 f i physics_2009:dgWorld.obj
 0001:00008490       ?Release@dgCollision@@UAEHXZ 10009490 f i physics_2009:dgWorld.obj
 0001:000084b0       ?GetSentinelBody@dgWorld@@QBEPAVdgBody@@XZ 100094b0 f   physics_2009:dgWorld.obj
 0001:000084c0       ?SetFrictionMode@dgWorld@@QAEXH@Z 100094c0 f   physics_2009:dgWorld.obj
 0001:000084d0       ?SetHardwareMode@dgWorld@@QAEXH@Z 100094d0 f   physics_2009:dgWorld.obj
 0001:00008500       ?GetHardwareMode@dgWorld@@QAEHPAD@Z 10009500 f   physics_2009:dgWorld.obj
 0001:00008550       ?ThreadExecute@dgSetTrreadRoundMode@dgWorld@@UAEXXZ 10009550 f   physics_2009:dgWorld.obj
 0001:00008570       ?SetThreadsCount@dgWorld@@QAEXH@Z 10009570 f   physics_2009:dgWorld.obj
 0001:000085d0       ?GetThreadsCount@dgWorld@@QBEHXZ 100095d0 f   physics_2009:dgWorld.obj
 0001:000085e0       ?EnableThreadOnSingleIsland@dgWorld@@QAEXH@Z 100095e0 f   physics_2009:dgWorld.obj
 0001:00008600       ?GetThreadOnSingleIsland@dgWorld@@QBEHXZ 10009600 f   physics_2009:dgWorld.obj
 0001:00008610       ?DestroyConstraint@dgWorld@@QAEXPAVdgConstraint@@@Z 10009610 f   physics_2009:dgWorld.obj
 0001:00008630       ?UpdateCollision@dgWorld@@QAEXXZ 10009630 f   physics_2009:dgWorld.obj
 0001:00008720       ?Update@dgWorld@@QAEXM@Z   10009720 f   physics_2009:dgWorld.obj
 0001:00008840       ?SetPerfomanceCounter@dgWorld@@QAEXP6AIXZ@Z 10009840 f   physics_2009:dgWorld.obj
 0001:00008890       ?SetUserData@dgWorld@@QAEXPAX@Z 10009890 f   physics_2009:dgWorld.obj
 0001:000088a0       ?GetUserData@dgWorld@@QBEPAXXZ 100098a0 f   physics_2009:dgWorld.obj
 0001:000088b0       ?SetIslandUpdateCallback@dgWorld@@QAEXP6AIPAXH@Z@Z 100098b0 f   physics_2009:dgWorld.obj
 0001:000088c0       ?SetDestroyCollisionCallback@dgWorld@@QAEXP6AXPAVdgCollision@@@Z@Z 100098c0 f   physics_2009:dgWorld.obj
 0001:000088d0       ?SetLeavingWorldCallback@dgWorld@@QAEXP6AXPAVdgBody@@H@Z@Z 100098d0 f   physics_2009:dgWorld.obj
 0001:000088e0       ?CreateBallConstraint@dgWorld@@QAEPAVdgBallConstraint@@ABVdgVector@@PAVdgBody@@1@Z 100098e0 f   physics_2009:dgWorld.obj
 0001:00008930       ?CreateHingeConstraint@dgWorld@@QAEPAVdgHingeConstraint@@ABVdgVector@@0PAVdgBody@@1@Z 10009930 f   physics_2009:dgWorld.obj
 0001:00008980       ?CreateUpVectorConstraint@dgWorld@@QAEPAVdgUpVectorConstraint@@ABVdgVector@@PAVdgBody@@@Z 10009980 f   physics_2009:dgWorld.obj
 0001:000089d0       ?CreateSlidingConstraint@dgWorld@@QAEPAVdgSlidingConstraint@@ABVdgVector@@0PAVdgBody@@1@Z 100099d0 f   physics_2009:dgWorld.obj
 0001:00008a20       ?CreateCorkscrewConstraint@dgWorld@@QAEPAVdgCorkscrewConstraint@@ABVdgVector@@0PAVdgBody@@1@Z 10009a20 f   physics_2009:dgWorld.obj
 0001:00008a70       ?CreateUniversalConstraint@dgWorld@@QAEPAVdgUniversalConstraint@@ABVdgVector@@00PAVdgBody@@1@Z 10009a70 f   physics_2009:dgWorld.obj
 0001:00008ad0       ?GetConstraintsCount@dgWorld@@QBEHXZ 10009ad0 f   physics_2009:dgWorld.obj
 0001:00008ae0       ?AddBodyImpulse@dgWorld@@QAEXPAVdgBody@@ABVdgVector@@1@Z 10009ae0 f   physics_2009:dgWorld.obj
 0001:00008b10       ??_GdgCollisionPoint@@UAEPAXI@Z 10009b10 f i physics_2009:dgWorld.obj
 0001:00008b10       ??_EdgCollisionPoint@@UAEPAXI@Z 10009b10 f i physics_2009:dgWorld.obj
 0001:00008b30       ??_GdgBroadPhaseCellPairsWorkerThread@@UAEPAXI@Z 10009b30 f i physics_2009:dgBroadPhaseCollision.obj
 0001:00008b30       ??_GdgParallelSolverCalculateForces@@UAEPAXI@Z 10009b30 f i physics_2009:dgWorld.obj
 0001:00008b30       ??_EdgBroadPhaseCellPairsWorkerThread@@UAEPAXI@Z 10009b30 f i physics_2009:dgBroadPhaseCollision.obj
 0001:00008b30       ??_EdgSolverWorlkerThreads@@UAEPAXI@Z 10009b30 f i physics_2009:dgWorld.obj
 0001:00008b30       ??_EdgBroadPhaseCalculateContactsWorkerThread@@UAEPAXI@Z 10009b30 f i physics_2009:dgBroadPhaseCollision.obj
 0001:00008b30       ??_GdgBroadPhaseCalculateContactsWorkerThread@@UAEPAXI@Z 10009b30 f i physics_2009:dgBroadPhaseCollision.obj
 0001:00008b30       ??_EdgWorkerThread@@UAEPAXI@Z 10009b30 f i physics_2009:dgWorld.obj
 0001:00008b30       ??_EdgBroadPhaseMaterialCallbackWorkerThread@@UAEPAXI@Z 10009b30 f i physics_2009:dgBroadPhaseCollision.obj
 0001:00008b30       ??_EdgParallelSolverInitFeedbackUpdate@@UAEPAXI@Z 10009b30 f i physics_2009:dgWorld.obj
 0001:00008b30       ??_EdgParallelSolverClear@@UAEPAXI@Z 10009b30 f i physics_2009:dgWorld.obj
 0001:00008b30       ??_EdgSetTrreadRoundMode@dgWorld@@UAEPAXI@Z 10009b30 f i physics_2009:dgWorld.obj
 0001:00008b30       ??_EdgParallelSolverJointAcceleration@@UAEPAXI@Z 10009b30 f i physics_2009:dgWorld.obj
 0001:00008b30       ??_EdgBroadPhaseApplyExternalForce@@UAEPAXI@Z 10009b30 f i physics_2009:dgBroadPhaseCollision.obj
 0001:00008b30       ??_GdgBroadPhaseApplyExternalForce@@UAEPAXI@Z 10009b30 f i physics_2009:dgBroadPhaseCollision.obj
 0001:00008b30       ??_GdgWorkerThread@@UAEPAXI@Z 10009b30 f i physics_2009:dgWorld.obj
 0001:00008b30       ??_GdgParallelSolverBuildJacobianRows@@UAEPAXI@Z 10009b30 f i physics_2009:dgWorld.obj
 0001:00008b30       ??_GdgParallelSolverInitFeedbackUpdate@@UAEPAXI@Z 10009b30 f i physics_2009:dgWorld.obj
 0001:00008b30       ??_GdgParallelSolverBodyInertia@@UAEPAXI@Z 10009b30 f i physics_2009:dgWorld.obj
 0001:00008b30       ??_EdgParallelSolverBodyInertia@@UAEPAXI@Z 10009b30 f i physics_2009:dgWorld.obj
 0001:00008b30       ??_EdgParallelSolverBuildJacobianMatrix@@UAEPAXI@Z 10009b30 f i physics_2009:dgWorld.obj
 0001:00008b30       ??_GdgParallelSolverUpdateForce@@UAEPAXI@Z 10009b30 f i physics_2009:dgWorld.obj
 0001:00008b30       ??_EdgParallelSolverUpdateForce@@UAEPAXI@Z 10009b30 f i physics_2009:dgWorld.obj
 0001:00008b30       ??_GdgSetTrreadRoundMode@dgWorld@@UAEPAXI@Z 10009b30 f i physics_2009:dgWorld.obj
 0001:00008b30       ??_GdgParallelSolverClear@@UAEPAXI@Z 10009b30 f i physics_2009:dgWorld.obj
 0001:00008b30       ??_EdgParallelSolverInitInternalForces@@UAEPAXI@Z 10009b30 f i physics_2009:dgWorld.obj
 0001:00008b30       ??_GdgParallelSolverInitInternalForces@@UAEPAXI@Z 10009b30 f i physics_2009:dgWorld.obj
 0001:00008b30       ??_GdgParallelSolverBuildJacobianMatrix@@UAEPAXI@Z 10009b30 f i physics_2009:dgWorld.obj
 0001:00008b30       ??_GdgSolverWorlkerThreads@@UAEPAXI@Z 10009b30 f i physics_2009:dgWorld.obj
 0001:00008b30       ??_GdgBroadPhaseMaterialCallbackWorkerThread@@UAEPAXI@Z 10009b30 f i physics_2009:dgBroadPhaseCollision.obj
 0001:00008b30       ??_EdgParallelSolverBuildJacobianRows@@UAEPAXI@Z 10009b30 f i physics_2009:dgWorld.obj
 0001:00008b30       ??_GdgParallelSolverJointAcceleration@@UAEPAXI@Z 10009b30 f i physics_2009:dgWorld.obj
 0001:00008b30       ??_EdgParallelSolverCalculateForces@@UAEPAXI@Z 10009b30 f i physics_2009:dgWorld.obj
 0001:00008b30       ??_EdgParallelSolverUpdateVeloc@@UAEPAXI@Z 10009b30 f i physics_2009:dgWorld.obj
 0001:00008b30       ??_GdgParallelSolverUpdateVeloc@@UAEPAXI@Z 10009b30 f i physics_2009:dgWorld.obj
 0001:00008b50       ?SetSolverMode@dgWorld@@QAEXH@Z 10009b50 f   physics_2009:dgWorld.obj
 0001:00008b70       ?RemoveAllGroupID@dgWorld@@QAEXXZ 10009b70 f   physics_2009:dgWorld.obj
 0001:00008bc0       ?DestroyBody@dgWorld@@QAEXPAVdgBody@@@Z 10009bc0 f   physics_2009:dgWorld.obj
 0001:00008c10       ?GetPerfomanceTicks@dgWorld@@QBEII@Z 10009c10 f   physics_2009:dgWorld.obj
 0001:00008c30       ?GetBodiesCount@dgWorld@@QBEHXZ 10009c30 f   physics_2009:dgWorld.obj
 0001:00008c40       ?AreBodyConnectedByJoints@dgWorld@@AAE_NPAVdgBody@@0@Z 10009c40 f   physics_2009:dgWorld.obj
 0001:00008d20       ?FlushCache@dgWorld@@QAEXXZ 10009d20 f   physics_2009:dgWorld.obj
 0001:00008d80       ??0dgWorldDynamicUpdate@@QAE@XZ 10009d80 f i physics_2009:dgWorld.obj
 0001:000091e0       ??1dgWorldDynamicUpdate@@QAE@XZ 1000a1e0 f i physics_2009:dgWorld.obj
 0001:00009340       ?DestroyAllBodies@dgWorld@@QAEXXZ 1000a340 f   physics_2009:dgWorld.obj
 0001:000093a0       ?CreateBody@dgWorld@@QAEPAVdgBody@@PAVdgCollision@@@Z 1000a3a0 f   physics_2009:dgWorld.obj
 0001:000094e0       ?BodySetMatrix@dgWorld@@QAEXPAVdgBody@@ABVdgMatrix@@@Z 1000a4e0 f   physics_2009:dgWorld.obj
 0001:00009790       ??1dgWorld@@QAE@XZ         1000a790 f   physics_2009:dgWorld.obj
 0001:000098f0       ??0dgWorld@@QAE@XZ         1000a8f0 f   physics_2009:dgWorld.obj
 0001:00009db0       ?GetIslandBody@dgWorld@@QBEPAVdgBody@@PBXH@Z 1000adb0 f   physics_2009:dgWorldDynamicUpdate.obj
 0001:00009de0       ?ReallocBodyMemory@dgWorldDynamicUpdate@@AAEXH@Z 1000ade0 f   physics_2009:dgWorldDynamicUpdate.obj
 0001:00009e90       ?ReallocIslandMemory@dgWorldDynamicUpdate@@AAEXH@Z 1000ae90 f   physics_2009:dgWorldDynamicUpdate.obj
 0001:00009f50       ?ReallocJointsMemory@dgWorldDynamicUpdate@@AAEXH@Z 1000af50 f   physics_2009:dgWorldDynamicUpdate.obj
 0001:0000a010       ?ReallocJacobiansMemory@dgWorldDynamicUpdate@@AAEXHH@Z 1000b010 f   physics_2009:dgWorldDynamicUpdate.obj
 0001:0000a270       ?ReallocIntenalForcesMemory@dgWorldDynamicUpdate@@AAEXHH@Z 1000b270 f   physics_2009:dgWorldDynamicUpdate.obj
 0001:0000a380       ?GetJacobialDerivativesParallel@dgWorldDynamicUpdate@@AAEHABVdgIsland@@_NHM@Z 1000b380 f   physics_2009:dgWorldDynamicUpdate.obj
 0001:0000a470       ?ThreadExecute@dgParallelSolverJointAcceleration@@UAEXXZ 1000b470 f   physics_2009:dgWorldDynamicUpdate.obj
 0001:0000a5f0       ?ThreadExecute@dgParallelSolverInitFeedbackUpdate@@UAEXXZ 1000b5f0 f   physics_2009:dgWorldDynamicUpdate.obj
 0001:0000a6f0       ??$dgSort@VdgIsland@@@@YAXQAVdgIsland@@HP6AHQBV0@1PAX@Z2@Z 1000b6f0 f i physics_2009:dgWorldDynamicUpdate.obj
 0001:0000a980       ?BuildIsland@dgWorldDynamicUpdate@@AAEXAAV?$dgQueue@PAVdgBody@@@@HHH@Z 1000b980 f   physics_2009:dgWorldDynamicUpdate.obj
 0001:0000abd0       ?SpanningTree@dgWorldDynamicUpdate@@AAEXPAVdgBody@@@Z 1000bbd0 f   physics_2009:dgWorldDynamicUpdate.obj
 0001:0000afb0       ?ApplyExternalForcesAndAccelerationSimD@dgJacobianMemory@@QBEXM@Z 1000bfb0 f   physics_2009:dgWorldDynamicUpdate.obj
 0001:0000b2f0       ?SwapRowsSimd@dgJacobianMemory@@QBEXHH@Z 1000c2f0 f   physics_2009:dgWorldDynamicUpdate.obj
 0001:0000b4b0       ?SwapRows@dgJacobianMemory@@QBEXHH@Z 1000c4b0 f   physics_2009:dgWorldDynamicUpdate.obj
 0001:0000b5f0       ?CalculateJointForcesSimD@dgJacobianMemory@@QBEMHPAMM@Z 1000c5f0 f   physics_2009:dgWorldDynamicUpdate.obj
 0001:0000c130       ?AddDamingAcceleration@dgBody@@AAEXXZ 1000d130 f i physics_2009:dgWorldDynamicUpdate.obj
 0001:0000c280       ?IntegrateArray@dgWorldDynamicUpdate@@ABEXPBVdgBodyInfo@@HMMH_N@Z 1000d280 f   physics_2009:dgWorldDynamicUpdate.obj
 0001:0000c890       ?ApplyExternalForcesAndAcceleration@dgJacobianMemory@@QBEXM@Z 1000d890 f   physics_2009:dgWorldDynamicUpdate.obj
 0001:0000d440       ?CalculateSimpleBodyReactionsForcesSimD@dgJacobianMemory@@QBEXM@Z 1000e440 f   physics_2009:dgWorldDynamicUpdate.obj
 0001:0000e110       ?CalculateSimpleBodyReactionsForces@dgJacobianMemory@@QBEXM@Z 1000f110 f   physics_2009:dgWorldDynamicUpdate.obj
 0001:0000fc90       ?CalculateForcesSimulationModeSimd@dgJacobianMemory@@QBEXM@Z 10010c90 f   physics_2009:dgWorldDynamicUpdate.obj
 0001:00011170       ?CalculateJointForces@dgJacobianMemory@@QBEMHPAMM@Z 10012170 f   physics_2009:dgWorldDynamicUpdate.obj
 0001:00012570       ?CalculateForcesGameModeSimD@dgJacobianMemory@@QBEXHM@Z 10013570 f   physics_2009:dgWorldDynamicUpdate.obj
 0001:00013060       ?CalculateForcesGameMode@dgJacobianMemory@@QBEXHM@Z 10014060 f   physics_2009:dgWorldDynamicUpdate.obj
 0001:00014870       ?ThreadExecute@dgParallelSolverBodyInertia@@UAEXXZ 10015870 f   physics_2009:dgWorldDynamicUpdate.obj
 0001:000148d0       ?ThreadExecute@dgParallelSolverBuildJacobianRows@@UAEXXZ 100158d0 f   physics_2009:dgWorldDynamicUpdate.obj
 0001:00015110       ?BuildJacobianMatrixParallel@dgWorldDynamicUpdate@@AAEXABVdgIsland@@MH@Z 10016110 f   physics_2009:dgWorldDynamicUpdate.obj
 0001:00015420       ?ThreadExecute@dgParallelSolverClear@@UAEXXZ 10016420 f   physics_2009:dgWorldDynamicUpdate.obj
 0001:000155c0       ?ThreadExecute@dgParallelSolverInitInternalForces@@UAEXXZ 100165c0 f   physics_2009:dgWorldDynamicUpdate.obj
 0001:00015f60       ?ThreadExecute@dgParallelSolverUpdateVeloc@@UAEXXZ 10016f60 f   physics_2009:dgWorldDynamicUpdate.obj
 0001:000161f0       ?ThreadExecute@dgParallelSolverUpdateForce@@UAEXXZ 100171f0 f   physics_2009:dgWorldDynamicUpdate.obj
 0001:00016790       ?ThreadExecute@dgParallelSolverCalculateForces@@UAEXXZ 10017790 f   physics_2009:dgWorldDynamicUpdate.obj
 0001:00016fe0       ?CalculateForcesGameModeParallel@dgJacobianMemory@@QBEXHMH@Z 10017fe0 f   physics_2009:dgWorldDynamicUpdate.obj
 0001:000177b0       ?CalculateForcesSimulationMode@dgJacobianMemory@@QBEXM@Z 100187b0 f   physics_2009:dgWorldDynamicUpdate.obj
 0001:0001b770       ?UpdateDynamics@dgWorldDynamicUpdate@@AAEXPAVdgWorld@@HM@Z 1001c770 f   physics_2009:dgWorldDynamicUpdate.obj
 0001:0001bbe0       ?ThreadExecute@dgParallelSolverBuildJacobianMatrix@@UAEXXZ 1001cbe0 f   physics_2009:dgWorldDynamicUpdate.obj
 0001:0001c1c0       ?GetJacobialDerivatives@dgWorldDynamicUpdate@@AAEHABVdgIsland@@H_NHM@Z 1001d1c0 f   physics_2009:dgWorldDynamicUpdate.obj
 0001:0001c740       ?BuildJacobianMatrixSimD@dgWorldDynamicUpdate@@AAEXABVdgIsland@@HM@Z 1001d740 f   physics_2009:dgWorldDynamicUpdate.obj
 0001:0001cc50       ?BuildJacobianMatrix@dgWorldDynamicUpdate@@AAEXABVdgIsland@@HM@Z 1001dc50 f   physics_2009:dgWorldDynamicUpdate.obj
 0001:0001d370       ?ThreadExecute@dgSolverWorlkerThreads@@UAEXXZ 1001e370 f   physics_2009:dgWorldDynamicUpdate.obj
 0001:0001dcb0       ?CreateConvexModifier@dgWorld@@QAEPAVdgCollision@@PAV2@@Z 1001ecb0 f   physics_2009:dgNarrowPhaseCollision.obj
 0001:0001dcf0       ?CreateCompoundCollision@dgWorld@@QAEPAVdgCollision@@HQBQAV2@@Z 1001ecf0 f   physics_2009:dgNarrowPhaseCollision.obj
 0001:0001dd20       ?CreateBVH@dgWorld@@QAEPAVdgCollision@@XZ 1001ed20 f   physics_2009:dgNarrowPhaseCollision.obj
 0001:0001dd40       ?CreateStaticUserMesh@dgWorld@@QAEPAVdgCollision@@ABVdgVector@@0ABVdgUserMeshCreation@@@Z 1001ed40 f   physics_2009:dgNarrowPhaseCollision.obj
 0001:0001dd60       ?CreateBVHFieldCollision@dgWorld@@QAEPAVdgCollision@@HHHPAGPADMM@Z 1001ed60 f   physics_2009:dgNarrowPhaseCollision.obj
 0001:0001ddc0       ?CreateScene@dgWorld@@QAEPAVdgCollision@@XZ 1001edc0 f   physics_2009:dgNarrowPhaseCollision.obj
 0001:0001ddf0       ?Serialize@dgWorld@@QBEXPAVdgCollision@@P6AXPAXPBXI@Z1@Z 1001edf0 f   physics_2009:dgNarrowPhaseCollision.obj
 0001:0001de50       ?GetDefualtBodyGroupID@dgWorld@@QBEIXZ 1001ee50 f   physics_2009:dgNarrowPhaseCollision.obj
 0001:0001de60       ??$dgSort@VdgContactPoint@@@@YAXQAVdgContactPoint@@HP6AHQBV0@1PAX@Z2@Z 1001ee60 f i physics_2009:dgNarrowPhaseCollision.obj
 0001:0001e070       ?GetFirstMaterial@dgWorld@@QBEPAVdgContactMaterial@@XZ 1001f070 f   physics_2009:dgNarrowPhaseCollision.obj
 0001:0001e0c0       ?ReduceContacts@dgWorld@@ABEHHQAVdgContactPoint@@HMH@Z 1001f0c0 f   physics_2009:dgNarrowPhaseCollision.obj
 0001:0001e250       ?PruneContacts@dgWorld@@ABEHHQAVdgContactPoint@@H@Z 1001f250 f   physics_2009:dgNarrowPhaseCollision.obj
 0001:0001e3c0       ?ProcessCachedContacts@dgWorld@@ABEXPAVdgContact@@PBVdgContactMaterial@@MH@Z 1001f3c0 f   physics_2009:dgNarrowPhaseCollision.obj
 0001:0001e480       ?ProcessTriggers@dgWorld@@AAEXAAUdgPair@dgCollidingPairCollector@@MH@Z 1001f480 f   physics_2009:dgNarrowPhaseCollision.obj
 0001:0001e560       ?SceneContactsSimd@dgWorld@@ABEXABUdgProxy@dgCollisionScene@@QAUdgPair@dgCollidingPairCollector@@AAVdgCollisionParamProxi@@@Z 1001f560 f   physics_2009:dgNarrowPhaseCollision.obj
 0001:0001e620       ?SceneContacts@dgWorld@@ABEXABUdgProxy@dgCollisionScene@@QAUdgPair@dgCollidingPairCollector@@AAVdgCollisionParamProxi@@@Z 1001f620 f   physics_2009:dgNarrowPhaseCollision.obj
 0001:0001e6e0       ?Append@?$dgList@VdgContactMaterial@@@@QAEPAVdgListNode@1@XZ 1001f6e0 f i physics_2009:dgNarrowPhaseCollision.obj
 0001:0001e790       ?Find@?$dgTree@VdgContactMaterial@@I@@QBEPAVdgTreeNode@1@I@Z 1001f790 f i physics_2009:dgNarrowPhaseCollision.obj
 0001:0001e7c0       ?GetMaterial@dgWorld@@QBEPAVdgContactMaterial@@II@Z 1001f7c0 f   physics_2009:dgNarrowPhaseCollision.obj
 0001:0001e810       ?GetNextMaterial@dgWorld@@QBEPAVdgContactMaterial@@PAV2@@Z 1001f810 f   physics_2009:dgNarrowPhaseCollision.obj
 0001:0001e840       ?RemoveFromCache@dgWorld@@QAEXPAVdgCollision@@@Z 1001f840 f   physics_2009:dgNarrowPhaseCollision.obj
 0001:0001e8a0       ?ReleaseCollision@dgWorld@@QAEXPAVdgCollision@@@Z 1001f8a0 f   physics_2009:dgNarrowPhaseCollision.obj
 0001:0001e940       ?ClosestCompoundPoint@dgWorld@@ABEHPAVdgBody@@0AAVdgTriplex@@11H@Z 1001f940 f   physics_2009:dgNarrowPhaseCollision.obj
 0001:0001eda0       ?ValidateContactCache@dgWorld@@ABEHPAVdgBody@@0PAVdgContact@@@Z 1001fda0 f   physics_2009:dgNarrowPhaseCollision.obj
 0001:0001f2d0       ?CompoundContactsSimd@dgWorld@@ABEXQAUdgPair@dgCollidingPairCollector@@AAVdgCollisionParamProxi@@@Z 100202d0 f   physics_2009:dgNarrowPhaseCollision.obj
 0001:00020120       ?CompoundContacts@dgWorld@@ABEXQAUdgPair@dgCollidingPairCollector@@AAVdgCollisionParamProxi@@@Z 10021120 f   physics_2009:dgNarrowPhaseCollision.obj
 0001:00020fe0       ?ConvexContactsSimd@dgWorld@@ABEXQAUdgPair@dgCollidingPairCollector@@AAVdgCollisionParamProxi@@@Z 10021fe0 f   physics_2009:dgNarrowPhaseCollision.obj
 0001:000210f0       ?ConvexContacts@dgWorld@@ABEXQAUdgPair@dgCollidingPairCollector@@AAVdgCollisionParamProxi@@@Z 100220f0 f   physics_2009:dgNarrowPhaseCollision.obj
 0001:00021200       ?SceneContacts@dgWorld@@ABEXQAUdgPair@dgCollidingPairCollector@@AAVdgCollisionParamProxi@@@Z 10022200 f   physics_2009:dgNarrowPhaseCollision.obj
 0001:000212a0       ?SceneContactsSimd@dgWorld@@ABEXQAUdgPair@dgCollidingPairCollector@@AAVdgCollisionParamProxi@@@Z 100222a0 f   physics_2009:dgNarrowPhaseCollision.obj
 0001:00021340       ?CalculateContactsSimd@dgWorld@@AAEXQAUdgPair@dgCollidingPairCollector@@MH@Z 10022340 f   physics_2009:dgNarrowPhaseCollision.obj
 0001:000214e0       ?CalculateContacts@dgWorld@@AAEXQAUdgPair@dgCollidingPairCollector@@MH@Z 100224e0 f   physics_2009:dgNarrowPhaseCollision.obj
 0001:000216a0       ?CollideContinueSimd@dgWorld@@QAEHPAVdgCollision@@ABVdgMatrix@@ABVdgVector@@20122AAMPAVdgTriplex@@4PAMHH@Z 100226a0 f   physics_2009:dgNarrowPhaseCollision.obj
 0001:00021dc0       ?CollideContinue@dgWorld@@QAEHPAVdgCollision@@ABVdgMatrix@@ABVdgVector@@20122AAMPAVdgTriplex@@4PAMHH@Z 10022dc0 f   physics_2009:dgNarrowPhaseCollision.obj
 0001:000224e0       ?Collide@dgWorld@@QAEHPAVdgCollision@@ABVdgMatrix@@01PAVdgTriplex@@2PAMHH@Z 100234e0 f   physics_2009:dgNarrowPhaseCollision.obj
 0001:00022940       ?ClosestPoint@dgWorld@@QBEHPAVdgCollision@@ABVdgMatrix@@01AAVdgTriplex@@22H@Z 10023940 f   physics_2009:dgNarrowPhaseCollision.obj
 0001:00022c10       ?ProcessContacts@dgWorld@@AAEXAAUdgPair@dgCollidingPairCollector@@MH@Z 10023c10 f   physics_2009:dgNarrowPhaseCollision.obj
 0001:00023a70       ?ClosestPoint@dgWorld@@QBEHAAVdgTriplex@@PAVdgCollision@@ABVdgMatrix@@00H@Z 10024a70 f   physics_2009:dgNarrowPhaseCollision.obj
 0001:00023ae0       ?Insert@?$dgTree@VdgContactMaterial@@I@@QAEPAVdgTreeNode@1@ABVdgContactMaterial@@IAA_N@Z 10024ae0 f i physics_2009:dgNarrowPhaseCollision.obj
 0001:00023bc0       ?Insert@?$dgTree@PAVdgCollision@@I@@QAEPAVdgTreeNode@1@ABQAVdgCollision@@I@Z 10024bc0 f i physics_2009:dgNarrowPhaseCollision.obj
 0001:00023be0       ?CreateNull@dgWorld@@QAEPAVdgCollision@@XZ 10024be0 f   physics_2009:dgNarrowPhaseCollision.obj
 0001:00023c60       ?CreateBox@dgWorld@@QAEPAVdgCollision@@MMMHABVdgMatrix@@@Z 10024c60 f   physics_2009:dgNarrowPhaseCollision.obj
 0001:00023df0       ?CreateSphere@dgWorld@@QAEPAVdgCollision@@MHABVdgMatrix@@@Z 10024df0 f   physics_2009:dgNarrowPhaseCollision.obj
 0001:00023f10       ?CreateEllipse@dgWorld@@QAEPAVdgCollision@@MMMHABVdgMatrix@@@Z 10024f10 f   physics_2009:dgNarrowPhaseCollision.obj
 0001:00024090       ?CreateCapsule@dgWorld@@QAEPAVdgCollision@@MMHABVdgMatrix@@@Z 10025090 f   physics_2009:dgNarrowPhaseCollision.obj
 0001:000241e0       ?CreateCone@dgWorld@@QAEPAVdgCollision@@MMHABVdgMatrix@@@Z 100251e0 f   physics_2009:dgNarrowPhaseCollision.obj
 0001:00024330       ?CreateCylinder@dgWorld@@QAEPAVdgCollision@@MMHABVdgMatrix@@@Z 10025330 f   physics_2009:dgNarrowPhaseCollision.obj
 0001:00024480       ?CreateChamferCylinder@dgWorld@@QAEPAVdgCollision@@MMHABVdgMatrix@@@Z 10025480 f   physics_2009:dgNarrowPhaseCollision.obj
 0001:000245d0       ?CreateConvexHull@dgWorld@@QAEPAVdgCollision@@HPBMHMHABVdgMatrix@@@Z 100255d0 f   physics_2009:dgNarrowPhaseCollision.obj
 0001:00024790       ?CreateFromSerialization@dgWorld@@QAEPAVdgCollision@@P6AXPAX0I@Z0@Z 10025790 f   physics_2009:dgNarrowPhaseCollision.obj
 0001:00024ac0       ?CreateBodyGroupID@dgWorld@@QAEIXZ 10025ac0 f   physics_2009:dgNarrowPhaseCollision.obj
 0001:00024b40       ?CalculateSignature@dgCollisionConvexPolygon@dgCollisionMesh@@UBEHXZ 10025b40 f   physics_2009:dgCollisionMesh.obj
 0001:00024b50       ?RayCastSimd@dgCollision@@UBEMABVdgVector@@0AAVdgContactPoint@@P6AIPBVdgBody@@PBV1@PAX@Z24@Z 10025b50 f   physics_2009:dgCollision.obj
 0001:00024b50       ?RayCast@dgCollisionConvexPolygon@dgCollisionMesh@@UBEMABVdgVector@@0AAVdgContactPoint@@P6AIPBVdgBody@@PBVdgCollision@@PAX@Z24@Z 10025b50 f   physics_2009:dgCollisionMesh.obj
 0001:00024b60       ?SupportVertexSimd@dgCollisionConvexPolygon@dgCollisionMesh@@UBE?AVdgVector@@ABV3@@Z 10025b60 f   physics_2009:dgCollisionMesh.obj
 0001:00024cb0       ??1dgCollisionMesh@@UAE@XZ 10025cb0 f   physics_2009:dgCollisionMesh.obj
 0001:00024cf0       ?SetCollisionCallback@dgCollisionMesh@@QAEXP6AXPBVdgBody@@0HHPBMH@Z@Z 10025cf0 f   physics_2009:dgCollisionMesh.obj
 0001:00024d00       ?SetCollisionRayCastCallback@dgCollisionMesh@@QAEXP6AMMPAMHPAX@Z@Z 10025d00 f   physics_2009:dgCollisionMesh.obj
 0001:00024d10       ?SupportVertex@dgCollisionConvexPolygon@dgCollisionMesh@@UBE?AVdgVector@@ABV3@@Z 10025d10 f   physics_2009:dgCollisionMesh.obj
 0001:00024e70       ??_GdgCollisionMesh@@UAEPAXI@Z 10025e70 f i physics_2009:dgCollisionMesh.obj
 0001:00024e70       ??_EdgCollisionMesh@@UAEPAXI@Z 10025e70 f i physics_2009:dgCollisionMesh.obj
 0001:00024e90       ??0dgCollisionConvexPolygon@dgCollisionMesh@@QAE@XZ 10025e90 f   physics_2009:dgCollisionMesh.obj
 0001:00024f40       ??_GdgCollisionConvexPolygon@dgCollisionMesh@@UAEPAXI@Z 10025f40 f i physics_2009:dgCollisionMesh.obj
 0001:00024f40       ??_EdgCollisionConvexPolygon@dgCollisionMesh@@UAEPAXI@Z 10025f40 f i physics_2009:dgCollisionMesh.obj
 0001:00024f60       ?CalculateNormalSimd@dgCollisionConvexPolygon@dgCollisionMesh@@QAEXXZ 10025f60 f   physics_2009:dgCollisionMesh.obj
 0001:00025070       ?CalculateNormal@dgCollisionConvexPolygon@dgCollisionMesh@@QAEXXZ 10026070 f   physics_2009:dgCollisionMesh.obj
 0001:000251e0       ?ClipContacts@dgCollisionConvexPolygon@dgCollisionMesh@@QBEHHQAVdgContactPoint@@ABVdgMatrix@@@Z 100261e0 f   physics_2009:dgCollisionMesh.obj
 0001:00025930       ?ClosestDistanceToTriangle@dgCollisionConvexPolygon@dgCollisionMesh@@QBE?AVdgVector@@ABV3@000@Z 10026930 f   physics_2009:dgCollisionMesh.obj
 0001:00025d60       ?PointToPolygonDistance@dgCollisionConvexPolygon@dgCollisionMesh@@QAE_NABVdgVector@@MAAV3@@Z 10026d60 f   physics_2009:dgCollisionMesh.obj
 0001:00025f80       ?DistanceToOrigen@dgCollisionConvexPolygon@dgCollisionMesh@@QAE_NABVdgMatrix@@ABVdgVector@@MAAV4@@Z 10026f80 f   physics_2009:dgCollisionMesh.obj
 0001:00026480       ?MovingPointToPolygonContact@dgCollisionConvexPolygon@dgCollisionMesh@@QAEMABVdgVector@@0MAAVdgContactPoint@@@Z 10027480 f   physics_2009:dgCollisionMesh.obj
 0001:00026c70       ?CalculatePlaneIntersection@dgCollisionConvexPolygon@dgCollisionMesh@@UBEHABVdgVector@@0QAV3@@Z 10027c70 f   physics_2009:dgCollisionMesh.obj
 0001:00027690       ?CalculatePlaneIntersectionSimd@dgCollisionConvexPolygon@dgCollisionMesh@@UBEHABVdgVector@@0QAV3@@Z 10028690 f   physics_2009:dgCollisionMesh.obj
 0001:00027bf0       ?CalcAABB@dgCollisionScene@@EBEXABVdgMatrix@@AAVdgVector@@1@Z 10028bf0 f   physics_2009:dgCollisionScene.obj
 0001:00027bf0       ?CalcAABB@dgCollisionMesh@@EBEXABVdgMatrix@@AAVdgVector@@1@Z 10028bf0 f   physics_2009:dgCollisionMesh.obj
 0001:00027de0       ?QuickTestContinueSimd@dgCollisionConvexPolygon@dgCollisionMesh@@QAEHPBVdgConvexCollision@@ABVdgMatrix@@@Z 10028de0 f   physics_2009:dgCollisionMesh.obj
 0001:00028190       ?QuickTestContinue@dgCollisionConvexPolygon@dgCollisionMesh@@QAEHPBVdgConvexCollision@@ABVdgMatrix@@@Z 10029190 f   physics_2009:dgCollisionMesh.obj
 0001:00028450       ?QuickTest@dgCollisionConvexPolygon@dgCollisionMesh@@QAEHPBVdgConvexCollision@@ABVdgMatrix@@@Z 10029450 f   physics_2009:dgCollisionMesh.obj
 0001:00028820       ?QuickTestSimd@dgCollisionConvexPolygon@dgCollisionMesh@@QAEHPBVdgConvexCollision@@ABVdgMatrix@@@Z 10029820 f   physics_2009:dgCollisionMesh.obj
 0001:00028cb0       ??0dgCollisionMesh@@QAE@W4dgCollisionID@@@Z 10029cb0 f   physics_2009:dgCollisionMesh.obj
 0001:00028d70       ??0dgCollisionMesh@@QAE@PAVdgWorld@@P6AXPAX1I@Z1@Z 10029d70 f   physics_2009:dgCollisionMesh.obj
 0001:00028e30       ??0dgCollisionBVH@@QAE@XZ  10029e30 f   physics_2009:dgCollisionBVH.obj
 0001:00028e70       ?Serialize@dgCollisionBVH@@EBEXP6AXPAXPBXI@Z0@Z 10029e70 f   physics_2009:dgCollisionBVH.obj
 0001:00028ea0       ?AddFace@dgCollisionBVH@@QAEXHQBMHH@Z 10029ea0 f   physics_2009:dgCollisionBVH.obj
 0001:00028f10       ?CollectVertexListIndexList@dgCollisionBVH@@CA?AW4dgIntersectStatus@@PAXQBMHQBHH@Z 10029f10 f   physics_2009:dgCollisionBVH.obj
 0001:00028fb0       ?GetTriangleCount@dgCollisionBVH@@CA?AW4dgIntersectStatus@@PAXQBMHQBHH@Z 10029fb0 f   physics_2009:dgCollisionBVH.obj
 0001:00028fe0       ?SupportVertex@dgCollisionBVH@@EBE?AVdgVector@@ABV2@@Z 10029fe0 f   physics_2009:dgCollisionBVH.obj
 0001:00029010       ??_EdgCollisionBVH@@WMA@AEPAXI@Z 1002a010 f i physics_2009:dgCollisionBVH.obj
 0001:00029020       ?Serialize@dgCollisionBVH@@GMA@BEXP6AXPAXPBXI@Z0@Z 1002a020 f i physics_2009:dgCollisionBVH.obj
 0001:00029030       ??_GdgCollisionBVH@@UAEPAXI@Z 1002a030 f i physics_2009:dgCollisionBVH.obj
 0001:00029030       ??_EdgCollisionBVH@@UAEPAXI@Z 1002a030 f i physics_2009:dgCollisionBVH.obj
 0001:00029070       ?BeginBuild@dgCollisionBVH@@QAEXXZ 1002a070 f   physics_2009:dgCollisionBVH.obj
 0001:000290b0       ?GetVertexListIndexList@dgCollisionBVH@@UBEXABVdgVector@@0AAVdgGetVertexListIndexList@dgCollisionMesh@@@Z 1002a0b0 f   physics_2009:dgCollisionBVH.obj
 0001:00029100       ??0dgCollisionBVH@@QAE@PAVdgWorld@@P6AXPAX1I@Z1@Z 1002a100 f   physics_2009:dgCollisionBVH.obj
 0001:00029190       ?EndBuild@dgCollisionBVH@@QAEXH@Z 1002a190 f   physics_2009:dgCollisionBVH.obj
 0001:00029220       ?GetCollisionInfo@dgCollisionBVH@@EBEXPAVdgCollisionInfo@@@Z 1002a220 f   physics_2009:dgCollisionBVH.obj
 0001:000292d0       ?RayHitSimd@dgCollisionBVH@@CAMPAXQBMHQBHH@Z 1002a2d0 f   physics_2009:dgCollisionBVH.obj
 0001:00029440       ?RayHit@dgCollisionBVH@@CAMPAXQBMHQBHH@Z 1002a440 f   physics_2009:dgCollisionBVH.obj
 0001:000295b0       ?RayHitUserSimd@dgCollisionBVH@@CAMPAXQBMHQBHH@Z 1002a5b0 f   physics_2009:dgCollisionBVH.obj
 0001:000296d0       ?RayHitUser@dgCollisionBVH@@CAMPAXQBMHQBHH@Z 1002a6d0 f   physics_2009:dgCollisionBVH.obj
 0001:00029840       ?RayCastSimd@dgCollisionBVH@@EBEMABVdgVector@@0AAVdgContactPoint@@P6AIPBVdgBody@@PBVdgCollision@@PAX@Z24@Z 1002a840 f   physics_2009:dgCollisionBVH.obj
 0001:00029aa0       ?RayCast@dgCollisionBVH@@EBEMABVdgVector@@0AAVdgContactPoint@@P6AIPBVdgBody@@PBVdgCollision@@PAX@Z24@Z 1002aaa0 f   physics_2009:dgCollisionBVH.obj
 0001:00029d00       ?GetPolygon@dgCollisionBVH@@CA?AW4dgIntersectStatus@@PAXQBMHQBHH@Z 1002ad00 f   physics_2009:dgCollisionBVH.obj
 0001:0002a060       ?GetCollidingFacesSimd@dgCollisionBVH@@EBEXQAVdgPolygonMeshDesc@@@Z 1002b060 f   physics_2009:dgCollisionBVH.obj
 0001:0002a0d0       ?GetCollidingFaces@dgCollisionBVH@@EBEXQAVdgPolygonMeshDesc@@@Z 1002b0d0 f   physics_2009:dgCollisionBVH.obj
 0001:0002a140       ?ShowDebugPolygon@dgCollisionBVH@@CA?AW4dgIntersectStatus@@PAXQBMHQBHH@Z 1002b140 f   physics_2009:dgCollisionBVH.obj
 0001:0002a3e0       ?DebugCollision@dgCollisionBVH@@EBEXABVdgMatrix@@P6AXPAXHPBMH@Z1@Z 1002b3e0 f   physics_2009:dgCollisionBVH.obj
 0001:0002a460       ??_GdgSceneNode@dgCollisionScene@@QAEPAXI@Z 1002b460 f i physics_2009:dgCollisionScene.obj
 0001:0002a4b0       ?CalcAABBSimD@dgCollisionMesh@@EBEXABVdgMatrix@@AAVdgVector@@1@Z 1002b4b0 f   physics_2009:dgCollisionMesh.obj
 0001:0002a4b0       ?CalcAABBSimD@dgCollisionScene@@EBEXABVdgMatrix@@AAVdgVector@@1@Z 1002b4b0 f   physics_2009:dgCollisionScene.obj
 0001:0002a4b0       ?CalcAABBSimD@dgCollisionNull@@MBEXABVdgMatrix@@AAVdgVector@@1@Z 1002b4b0 f   physics_2009:dgCollisionNull.obj
 0001:0002a4c0       ?UpdateAABB@dgSceneNode@dgCollisionScene@@QAEXABVdgVector@@0@Z 1002b4c0 f i physics_2009:dgCollisionScene.obj
 0001:0002a560       ?Serialize@dgCollisionScene@@EBEXP6AXPAXPBXI@Z0@Z 1002b560 f   physics_2009:dgCollisionScene.obj
 0001:0002a6e0       ?SetProxyMatrix@dgCollisionScene@@QAEXPAXABVdgMatrix@@@Z 1002b6e0 f   physics_2009:dgCollisionScene.obj
 0001:0002a730       ?SetCollisionCallback@dgCollisionScene@@QAEXP6AXPBVdgBody@@0HHPBMH@Z@Z 1002b730 f   physics_2009:dgCollisionScene.obj
 0001:0002a760       ?DebugCollision@dgCollisionScene@@EBEXABVdgMatrix@@P6AXPAXHPBMH@Z1@Z 1002b760 f   physics_2009:dgCollisionScene.obj
 0001:0002a7d0       ?GetCollisionInfo@dgCollisionScene@@EBEXPAVdgCollisionInfo@@@Z 1002b7d0 f   physics_2009:dgCollisionScene.obj
 0001:0002a800       ?RemoveAll@?$dgList@UdgProxy@dgCollisionScene@@@@QAEXXZ 1002b800 f i physics_2009:dgCollisionScene.obj
 0001:0002a860       ?Reset@FastRayTest@@QAEXM@Z 1002b860 f i physics_2009:dgCollisionScene.obj
 0001:0002a8b0       ?GetProxyMatrix@dgCollisionScene@@QAE?AVdgMatrix@@PAX@Z 1002b8b0 f   physics_2009:dgCollisionScene.obj
 0001:0002aa10       ?SetCollisionBBox@dgCollisionMesh@@MAEXABVdgVector@@0@Z 1002ba10 f   physics_2009:dgCollisionMesh.obj
 0001:0002aa10       ?SetCollisionBBox@dgCollisionScene@@EAEXABVdgVector@@0@Z 1002ba10 f   physics_2009:dgCollisionScene.obj
 0001:0002aad0       ?GetAxis@dgCollisionScene@@ABEHQAPAVdgListNode@?$dgList@UdgProxy@dgCollisionScene@@@@H@Z 1002bad0 f   physics_2009:dgCollisionScene.obj
 0001:0002ad70       ?RayCast@dgCollisionScene@@EBEMABVdgVector@@0AAVdgContactPoint@@P6AIPBVdgBody@@PBVdgCollision@@PAX@Z24@Z 1002bd70 f   physics_2009:dgCollisionScene.obj
 0001:0002b1c0       ?CollidePairSimd@dgCollisionScene@@QBEXQAUdgPair@dgCollidingPairCollector@@AAVdgCollisionParamProxi@@@Z 1002c1c0 f   physics_2009:dgCollisionScene.obj
 0001:0002b560       ?CollidePair@dgCollisionScene@@QBEXQAUdgPair@dgCollidingPairCollector@@AAVdgCollisionParamProxi@@@Z 1002c560 f   physics_2009:dgCollisionScene.obj
 0001:0002b9b0       ?SortAABBBoxes@dgCollisionScene@@ABEHQAPAVdgListNode@?$dgList@UdgProxy@dgCollisionScene@@@@H@Z 1002c9b0 f   physics_2009:dgCollisionScene.obj
 0001:0002bb00       ?SortAndSpliteSplite@dgCollisionScene@@ABEHQAPAVdgListNode@?$dgList@UdgProxy@dgCollisionScene@@@@H@Z 1002cb00 f   physics_2009:dgCollisionScene.obj
 0001:0002bcf0       ?BuildTree@dgCollisionScene@@AAEPAUdgSceneNode@1@PAU21@QAPAVdgListNode@?$dgList@UdgProxy@dgCollisionScene@@@@HH@Z 1002ccf0 f   physics_2009:dgCollisionScene.obj
 0001:0002be20       ?Remove@?$dgList@UdgProxy@dgCollisionScene@@@@QAEXPAVdgListNode@1@@Z 1002ce20 f i physics_2009:dgCollisionScene.obj
 0001:0002be70       ??0dgCollisionScene@@QAE@PAVdgWorld@@@Z 1002ce70 f   physics_2009:dgCollisionScene.obj
 0001:0002bf00       ??1dgCollisionScene@@UAE@XZ 1002cf00 f   physics_2009:dgCollisionScene.obj
 0001:0002bf80       ?RemoveProxy@dgCollisionScene@@QAEXPAX@Z 1002cf80 f   physics_2009:dgCollisionScene.obj
 0001:0002bfb0       ?RayCastSimd@dgCollisionScene@@EBEMABVdgVector@@0AAVdgContactPoint@@P6AIPBVdgBody@@PBVdgCollision@@PAX@Z24@Z 1002cfb0 f   physics_2009:dgCollisionScene.obj
 0001:0002c400       ??_GdgCollisionScene@@UAEPAXI@Z 1002d400 f i physics_2009:dgCollisionScene.obj
 0001:0002c400       ??_EdgCollisionScene@@UAEPAXI@Z 1002d400 f i physics_2009:dgCollisionScene.obj
 0001:0002c420       ?Append@?$dgList@UdgProxy@dgCollisionScene@@@@QAEPAVdgListNode@1@XZ 1002d420 f i physics_2009:dgCollisionScene.obj
 0001:0002c4c0       ?AddProxy@dgCollisionScene@@QAEPAXPAVdgCollision@@@Z 1002d4c0 f   physics_2009:dgCollisionScene.obj
 0001:0002c510       ?BuildTree@dgCollisionScene@@QAEXXZ 1002d510 f   physics_2009:dgCollisionScene.obj
 0001:0002c660       ??0dgCollisionScene@@QAE@PAVdgWorld@@P6AXPAX1I@Z1@Z 1002d660 f   physics_2009:dgCollisionScene.obj
 0001:0002c910       ?SetAparentMassMatrix@dgBody@@QAEXABVdgVector@@@Z 1002d910 f   physics_2009:dgBody.obj
 0001:0002c990       ??DdgQuaternion@@QBE?AV0@ABV0@@Z 1002d990 f i physics_2009:dgBody.obj
 0001:0002ca20       ?AddBuoyancyForce@dgBody@@QAEXMMMABVdgVector@@P6AIPAX1ABVdgMatrix@@AAVdgPlane@@@Z1@Z 1002da20 f   physics_2009:dgBody.obj
 0001:0002cd00       ?CalcInvInertiaMatrix@dgBody@@QAEXXZ 1002dd00 f   physics_2009:dgBody.obj
 0001:0002cdd0       ?CalcInvInertiaMatrixSimD@dgBody@@QAEXXZ 1002ddd0 f   physics_2009:dgBody.obj
 0001:0002cec0       ?CalculateInverseDynamicForce@dgBody@@QBE?AVdgVector@@ABV2@M@Z 1002dec0 f   physics_2009:dgBody.obj
 0001:0002cf50       ?GetFirstJoint@dgBody@@QBEPAVdgConstraint@@XZ 1002df50 f   physics_2009:dgBody.obj
 0001:0002cf80       ?GetNextJoint@dgBody@@QBEPAVdgConstraint@@PAV2@@Z 1002df80 f   physics_2009:dgBody.obj
 0001:0002cfc0       ?GetFirstContact@dgBody@@QBEPAVdgConstraint@@XZ 1002dfc0 f   physics_2009:dgBody.obj
 0001:0002cff0       ?GetNextContact@dgBody@@QBEPAVdgConstraint@@PAV2@@Z 1002dff0 f   physics_2009:dgBody.obj
 0001:0002d030       ?Freeze@dgBody@@QAEXXZ     1002e030 f   physics_2009:dgBody.obj
 0001:0002d080       ?Unfreeze@dgBody@@QAEXXZ   1002e080 f   physics_2009:dgBody.obj
 0001:0002d0d0       ?RotateToEnd@?$dgList@VdgBodyMasterListRow@@@@QAEXPAVdgListNode@1@@Z 1002e0d0 f i physics_2009:dgBody.obj
 0001:0002d130       ?InsertAfter@?$dgList@VdgBodyMasterListRow@@@@QAEXPAVdgListNode@1@0@Z 1002e130 f i physics_2009:dgBody.obj
 0001:0002d1a0       ??0dgBody@@QAE@XZ          1002e1a0 f   physics_2009:dgBody.obj
 0001:0002d1c0       ?SetMassMatrix@dgBody@@QAEXMMMM@Z 1002e1c0 f   physics_2009:dgBody.obj
 0001:0002d2c0       ?UpdateCollisionMatrixSimD@dgBody@@AAEXMH@Z 1002e2c0 f   physics_2009:dgBody.obj
 0001:0002d960       ?UpdateCollisionMatrix@dgBody@@AAEXMH@Z 1002e960 f   physics_2009:dgBody.obj
 0001:0002de50       ?UpdateMatrix@dgBody@@AAEXMH@Z 1002ee50 f   physics_2009:dgBody.obj
 0001:0002de80       ?IntegrateVelocity@dgBody@@AAEXM@Z 1002ee80 f   physics_2009:dgBody.obj
 0001:0002e1b0       ?CalculateContinueVelocity@dgBody@@ABEXMAAVdgVector@@0@Z 1002f1b0 f   physics_2009:dgBody.obj
 0001:0002e340       ?CalculateContinueVelocitySimD@dgBody@@ABEXMAAVdgVector@@0@Z 1002f340 f   physics_2009:dgBody.obj
 0001:0002e4c0       ?SetFreeze@dgBody@@QAEX_N@Z 1002f4c0 f   physics_2009:dgBody.obj
 0001:0002e4e0       ?AddImpulse@dgBody@@AAEXABVdgVector@@0@Z 1002f4e0 f   physics_2009:dgBody.obj
 0001:0002e8b0       ?SetMatrix@dgBody@@QAEXABVdgMatrix@@@Z 1002f8b0 f   physics_2009:dgBody.obj
 0001:0002e9e0       ?SetMatrixIgnoreSleep@dgBody@@QAEXABVdgMatrix@@@Z 1002f9e0 f   physics_2009:dgBody.obj
 0001:0002ea80       ?RayCast@dgBody@@QBEMABUdgLineBox@@P6AMPBV1@ABVdgVector@@HPAXM@ZP6AI1PBVdgCollision@@3@Z3M@Z 1002fa80 f   physics_2009:dgBody.obj
 0001:0002ee50       ?AttachCollision@dgBody@@QAEXPAVdgCollision@@@Z 1002fe50 f   physics_2009:dgBody.obj
 0001:0002ef60       ?SetJointParameterCallBack@dgBallConstraint@@QAEXP6AIABV1@M@Z@Z 1002ff60 f   physics_2009:dgBallConstraint.obj
 0001:0002ef70       ?GetJointAngle@dgBallConstraint@@QBE?AVdgVector@@XZ 1002ff70 f   physics_2009:dgBallConstraint.obj
 0001:0002efa0       ?SetTwistLimitState@dgBallConstraint@@QAEX_N@Z 1002ffa0 f   physics_2009:dgBallConstraint.obj
 0001:0002efc0       ?SetConeLimitState@dgBallConstraint@@QAEX_N@Z 1002ffc0 f   physics_2009:dgBallConstraint.obj
 0001:0002efe0       ?SetLatealLimitState@dgBallConstraint@@QAEX_N@Z 1002ffe0 f   physics_2009:dgBallConstraint.obj
 0001:0002f000       ??_GdgBallConstraint@@EAEPAXI@Z 10030000 f i physics_2009:dgBallConstraint.obj
 0001:0002f000       ??_EdgBallConstraint@@EAEPAXI@Z 10030000 f i physics_2009:dgBallConstraint.obj
 0001:0002f030       ??0dgBallConstraint@@AAE@XZ 10030030 f   physics_2009:dgBallConstraint.obj
 0001:0002f0b0       ?GetJointOmega@dgBallConstraint@@QBE?AVdgVector@@XZ 100300b0 f   physics_2009:dgBallConstraint.obj
 0001:0002f210       ?GetJointForce@dgBallConstraint@@QBE?AVdgVector@@XZ 10030210 f   physics_2009:dgBallConstraint.obj
 0001:0002f2e0       ?SetLimits@dgBallConstraint@@QAEXABVdgVector@@MMM0MM@Z 100302e0 f   physics_2009:dgBallConstraint.obj
 0001:0002fb30       ?SetPivotPoint@dgBallConstraint@@AAEXABVdgVector@@@Z 10030b30 f   physics_2009:dgBallConstraint.obj
 0001:0002fc30       ?JacobianDerivative@dgBallConstraint@@EAEIAAVdgContraintDescritor@@@Z 10030c30 f   physics_2009:dgBallConstraint.obj
 0001:000303a0       ??0dgHingeConstraint@@AAE@XZ 100313a0 f   physics_2009:dgHingeConstraint.obj
 0001:000303e0       ?SetJointParameterCallBack@dgHingeConstraint@@QAEXP6AIABV1@PAVdgJointCallBackParam@@@Z@Z 100313e0 f   physics_2009:dgHingeConstraint.obj
 0001:000303e0       ?SetJointParameterCallBack@dgSlidingConstraint@@QAEXP6AIABV1@PAVdgJointCallBackParam@@@Z@Z 100313e0 f   physics_2009:dgSlidingConstraint.obj
 0001:000303f0       ??_GdgHingeConstraint@@EAEPAXI@Z 100313f0 f i physics_2009:dgHingeConstraint.obj
 0001:000303f0       ??_EdgHingeConstraint@@EAEPAXI@Z 100313f0 f i physics_2009:dgHingeConstraint.obj
 0001:00030420       ?CalculateStopAlpha@dgHingeConstraint@@QBEMMPBVdgJointCallBackParam@@@Z 10031420 f   physics_2009:dgHingeConstraint.obj
 0001:000304d0       ?GetJointForce@dgHingeConstraint@@QBE?AVdgVector@@XZ 100314d0 f   physics_2009:dgHingeConstraint.obj
 0001:00030620       ?JacobianDerivative@dgHingeConstraint@@EAEIAAVdgContraintDescritor@@@Z 10031620 f   physics_2009:dgHingeConstraint.obj
 0001:000308f0       ??0dgSlidingConstraint@@AAE@XZ 100318f0 f   physics_2009:dgSlidingConstraint.obj
 0001:00030930       ??_GdgSlidingConstraint@@EAEPAXI@Z 10031930 f i physics_2009:dgSlidingConstraint.obj
 0001:00030930       ??_EdgSlidingConstraint@@EAEPAXI@Z 10031930 f i physics_2009:dgSlidingConstraint.obj
 0001:00030960       ?GetJointVeloc@dgCorkscrewConstraint@@QBEMXZ 10031960 f   physics_2009:dgCorkscrewConstraint.obj
 0001:00030960       ?GetJointVeloc@dgSlidingConstraint@@QBEMXZ 10031960 f   physics_2009:dgSlidingConstraint.obj
 0001:000309e0       ?CalculateStopAccel@dgSlidingConstraint@@QBEMMPBVdgJointCallBackParam@@@Z 100319e0 f   physics_2009:dgSlidingConstraint.obj
 0001:00030a80       ?GetJointForce@dgSlidingConstraint@@QBE?AVdgVector@@XZ 10031a80 f   physics_2009:dgSlidingConstraint.obj
 0001:00030bb0       ?JacobianDerivative@dgSlidingConstraint@@EAEIAAVdgContraintDescritor@@@Z 10031bb0 f   physics_2009:dgSlidingConstraint.obj
 0001:00031100       ??0dgCorkscrewConstraint@@AAE@XZ 10032100 f   physics_2009:dgCorkscrewConstraint.obj
 0001:00031140       ?GetJointPosit@dgSlidingConstraint@@QBEMXZ 10032140 f   physics_2009:dgSlidingConstraint.obj
 0001:00031140       ?GetJointAngle@dgCorkscrewConstraint@@QBEMXZ 10032140 f   physics_2009:dgCorkscrewConstraint.obj
 0001:00031140       ?GetJointAngle@dgHingeConstraint@@QBEMXZ 10032140 f   physics_2009:dgHingeConstraint.obj
 0001:00031140       ?GetJointAngle0@dgUniversalConstraint@@QBEMXZ 10032140 f   physics_2009:dgUniversalConstraint.obj
 0001:00031150       ??_EdgCorkscrewConstraint@@EAEPAXI@Z 10032150 f i physics_2009:dgCorkscrewConstraint.obj
 0001:00031150       ??_GdgCorkscrewConstraint@@EAEPAXI@Z 10032150 f i physics_2009:dgCorkscrewConstraint.obj
 0001:00031180       ?GetJointOmega0@dgUniversalConstraint@@QBEMXZ 10032180 f   physics_2009:dgUniversalConstraint.obj
 0001:00031180       ?GetJointOmega@dgHingeConstraint@@QBEMXZ 10032180 f   physics_2009:dgHingeConstraint.obj
 0001:00031180       ?GetJointOmega@dgCorkscrewConstraint@@QBEMXZ 10032180 f   physics_2009:dgCorkscrewConstraint.obj
 0001:00031200       ?CalculateStopAccel@dgCorkscrewConstraint@@QBEMMPBVdgJointCallBackParam@@@Z 10032200 f   physics_2009:dgCorkscrewConstraint.obj
 0001:000312a0       ?JacobianDerivative@dgCorkscrewConstraint@@EAEIAAVdgContraintDescritor@@@Z 100322a0 f   physics_2009:dgCorkscrewConstraint.obj
 0001:000317a0       ??0dgUniversalConstraint@@AAE@XZ 100327a0 f   physics_2009:dgUniversalConstraint.obj
 0001:000317e0       ?SetJointParameterCallBack@dgUniversalConstraint@@QAEXP6AIABV1@PAVdgJointCallBackParam@@@Z@Z 100327e0 f   physics_2009:dgUniversalConstraint.obj
 0001:000317e0       ?SetJointParameterCallBack@dgCorkscrewConstraint@@QAEXP6AIABV1@PAVdgJointCallBackParam@@@Z@Z 100327e0 f   physics_2009:dgCorkscrewConstraint.obj
 0001:000317f0       ?GetJointPosit@dgCorkscrewConstraint@@QBEMXZ 100327f0 f   physics_2009:dgCorkscrewConstraint.obj
 0001:000317f0       ?GetJointAngle1@dgUniversalConstraint@@QBEMXZ 100327f0 f   physics_2009:dgUniversalConstraint.obj
 0001:00031800       ??_GdgUniversalConstraint@@EAEPAXI@Z 10032800 f i physics_2009:dgUniversalConstraint.obj
 0001:00031800       ??_EdgUniversalConstraint@@EAEPAXI@Z 10032800 f i physics_2009:dgUniversalConstraint.obj
 0001:00031830       ?GetJointOmega1@dgUniversalConstraint@@QBEMXZ 10032830 f   physics_2009:dgUniversalConstraint.obj
 0001:000318d0       ?CalculateStopAlpha0@dgUniversalConstraint@@QBEMMPBVdgJointCallBackParam@@@Z 100328d0 f   physics_2009:dgUniversalConstraint.obj
 0001:000318d0       ?CalculateStopAlpha@dgCorkscrewConstraint@@QBEMMPBVdgJointCallBackParam@@@Z 100328d0 f   physics_2009:dgCorkscrewConstraint.obj
 0001:00031970       ?CalculateStopAlpha1@dgUniversalConstraint@@QBEMMPBVdgJointCallBackParam@@@Z 10032970 f   physics_2009:dgUniversalConstraint.obj
 0001:00031a10       ?GetJointForce@dgCorkscrewConstraint@@QBE?AVdgVector@@XZ 10032a10 f   physics_2009:dgCorkscrewConstraint.obj
 0001:00031a10       ?GetJointForce@dgUniversalConstraint@@QBE?AVdgVector@@XZ 10032a10 f   physics_2009:dgUniversalConstraint.obj
 0001:00031b10       ?JacobianDerivative@dgUniversalConstraint@@EAEIAAVdgContraintDescritor@@@Z 10032b10 f   physics_2009:dgUniversalConstraint.obj
 0001:00032080       ??0dgUpVectorConstraint@@AAE@XZ 10033080 f   physics_2009:dgUpVectorConstraint.obj
 0001:000320c0       ?IsBilateral@dgConstraint@@MBE_NXZ 100330c0 f   physics_2009:dgConstraint.obj
 0001:000320c0       ?IsTriggerVolume@dgCollision@@UBE_NXZ 100330c0 f   physics_2009:dgCollisionMesh.obj
 0001:000320c0       ?IsBilateral@dgUpVectorConstraint@@UBE_NXZ 100330c0 f   physics_2009:dgUpVectorConstraint.obj
 0001:000320d0       ?InitPinDir@dgUpVectorConstraint@@QAEXABVdgVector@@@Z 100330d0 f   physics_2009:dgUpVectorConstraint.obj
 0001:00032110       ?GetPinDir@dgUpVectorConstraint@@QBE?AVdgVector@@XZ 10033110 f   physics_2009:dgUpVectorConstraint.obj
 0001:00032130       ??_GdgUpVectorConstraint@@EAEPAXI@Z 10033130 f i physics_2009:dgUpVectorConstraint.obj
 0001:00032130       ??_EdgUpVectorConstraint@@EAEPAXI@Z 10033130 f i physics_2009:dgUpVectorConstraint.obj
 0001:00032160       ?SetPinDir@dgUpVectorConstraint@@QAEXABVdgVector@@@Z 10033160 f   physics_2009:dgUpVectorConstraint.obj
 0001:00032390       ?JacobianDerivative@dgUpVectorConstraint@@EAEIAAVdgContraintDescritor@@@Z 10033390 f   physics_2009:dgUpVectorConstraint.obj
 0001:000325d0       ?GetUserData@dgConstraint@@QBEPAXXZ 100335d0 f   physics_2009:dgConstraint.obj
 0001:000325e0       ?SetUserData@dgConstraint@@QAEXPAX@Z 100335e0 f   physics_2009:dgConstraint.obj
 0001:000325f0       ?InitInfo@dgConstraint@@IBEXPAVdgConstraintInfo@@@Z 100335f0 f   physics_2009:dgConstraint.obj
 0001:00032680       ?InitPointParam@dgConstraint@@IBEXAAVdgPointParam@1@MABVdgVector@@1@Z 10033680 f   physics_2009:dgConstraint.obj
 0001:00032940       ??0dgCollisionConvexHull@@QAE@PAVdgWorld@@P6AXPAX1I@Z1@Z 10033940 f   physics_2009:dgCollisionConvexHull.obj
 0001:00032ac0       ?GetFaceIndices@dgCollisionConvexHull@@QBEHHPAH@Z 10033ac0 f   physics_2009:dgCollisionConvexHull.obj
 0001:00032af0       ?CalculateSignature@dgCollisionConvexHull@@EBEHXZ 10033af0 f   physics_2009:dgCollisionConvexHull.obj
 0001:00032af0       ?CalculateSignature@dgCollisionNull@@EBEHXZ 10033af0 f   physics_2009:dgCollisionNull.obj
 0001:00032b00       ?GetCollisionInfo@dgCollisionConvexHull@@EBEXPAVdgCollisionInfo@@@Z 10033b00 f   physics_2009:dgCollisionConvexHull.obj
 0001:00032b50       ?Serialize@dgCollisionConvexHull@@EBEXP6AXPAXPBXI@Z0@Z 10033b50 f   physics_2009:dgCollisionConvexHull.obj
 0001:00032c80       ?PlaneSplite@dgCollisionConvexHull@@EBEXABVdgPlane@@PAPAV1@1@Z 10033c80 f   physics_2009:dgCollisionConvexHull.obj
 0001:00032c80       ?PlaneSplite@dgCollisionBox@@MBEXABVdgPlane@@PAPAVdgCollisionConvexHull@@1@Z 10033c80 f   physics_2009:dgCollisionBox.obj
 0001:00032c90       ??_GdgCollisionConvexHull@@UAEPAXI@Z 10033c90 f i physics_2009:dgCollisionConvexHull.obj
 0001:00032c90       ??_EdgCollisionConvexHull@@UAEPAXI@Z 10033c90 f i physics_2009:dgCollisionConvexHull.obj
 0001:00032cd0       ?BruteForceSupportVertex@dgCollisionConvexHull@@ABEHHPAVdgVector@@ABV2@@Z 10033cd0 f   physics_2009:dgCollisionConvexHull.obj
 0001:00032df0       ?DebugCollision@dgCollisionConvexHull@@EBEXABVdgMatrix@@P6AXPAXHPBMH@Z1@Z 10033df0 f   physics_2009:dgCollisionConvexHull.obj
 0001:00032ee0       ?FaceNormal@dgCollisionConvexHull@@ABE?AVdgVector@@PBVdgEdge@@PBV2@@Z 10033ee0 f   physics_2009:dgCollisionConvexHull.obj
 0001:000330b0       ?RemoveCoplanarEdge@dgCollisionConvexHull@@ABE_NAAVdgPolyhedra@@QAVdgVector@@@Z 100340b0 f   physics_2009:dgCollisionConvexHull.obj
 0001:00033560       ?OOBBTest@dgCollisionConvexHull@@EBE_NABVdgMatrix@@QBVdgConvexCollision@@PAX@Z 10034560 f   physics_2009:dgCollisionConvexHull.obj
 0001:00033920       ?Insert@?$dgTree@PAVdgConstraint@@PAX@@QAEPAVdgTreeNode@1@ABQAVdgConstraint@@PAXAA_N@Z 10034920 f i NewtonClass.obj
 0001:00033920       ?Insert@?$dgTree@PAVdgCollision@@I@@QAEPAVdgTreeNode@1@ABQAVdgCollision@@IAA_N@Z 10034920 f i physics_2009:dgNarrowPhaseCollision.obj
 0001:00033920       ?Insert@?$dgTree@PAVdgConstraint@@PAV1@@@QAEPAVdgTreeNode@1@ABQAVdgConstraint@@PAV3@AA_N@Z 10034920 f i Newton.obj
 0001:00033920       ?Insert@?$dgTree@PAVdgBody@@PAX@@QAEPAVdgTreeNode@1@ABQAVdgBody@@PAXAA_N@Z 10034920 f i NewtonClass.obj
 0001:00033920       ?Insert@?$dgTree@PAVdgEdge@@PAX@@QAEPAVdgTreeNode@1@ABQAVdgEdge@@PAXAA_N@Z 10034920 f i physics_2009:dgCollisionConvexHull.obj
 0001:000339f0       ?Create@dgCollisionConvexHull@@AAE_NHHPBMM@Z 100349f0 f   physics_2009:dgCollisionConvexHull.obj
 0001:00035220       ??0dgCollisionConvexHull@@QAE@IHHMPBMABVdgMatrix@@@Z 10036220 f   physics_2009:dgCollisionConvexHull.obj
 0001:00035580       ?Realloc@dgBroadPhaseCalculateContactsWorkerThread@@QAEXHHH@Z 10036580 f   physics_2009:dgBroadPhaseCollision.obj
 0001:00035660       ?ThreadExecute@dgBroadPhaseCalculateContactsWorkerThread@@UAEXXZ 10036660 f   physics_2009:dgBroadPhaseCollision.obj
 0001:000357d0       ?ThreadExecute@dgBroadPhaseMaterialCallbackWorkerThread@@UAEXXZ 100367d0 f   physics_2009:dgBroadPhaseCollision.obj
 0001:00035890       ?RayCast@dgSortArray@@QBEMMABUdgLineBox@@P6AMPBVdgBody@@ABVdgVector@@HPAXM@ZP6AI1PBVdgCollision@@3@Z3@Z 10036890 f   physics_2009:dgBroadPhaseCollision.obj
 0001:00035930       ?UpdateAutoPair@dgBroadPhaseCell@@AAEXPAVdgWorld@@H@Z 10036930 f   physics_2009:dgBroadPhaseCollision.obj
 0001:00035a40       ?UpdatePairs@dgBroadPhaseCollision@@ABEXPAVdgBody@@PAVdgListNode@?$dgList@VdgSortArrayEntry@@@@HH@Z 10036a40 f   physics_2009:dgBroadPhaseCollision.obj
 0001:00035b30       ?UpdatePairs@dgBroadPhaseCollision@@ABEXAAVdgBroadPhaseCell@@0H@Z 10036b30 f   physics_2009:dgBroadPhaseCollision.obj
 0001:00035ba0       ?ThreadExecute@dgBroadPhaseCellPairsWorkerThread@@UAEXXZ 10036ba0 f   physics_2009:dgBroadPhaseCollision.obj
 0001:00035c10       ?UpdateContactsBroadPhaseEnd@dgBroadPhaseCollision@@AAEXM@Z 10036c10 f   physics_2009:dgBroadPhaseCollision.obj
 0001:00035cb0       ?Append@?$dgList@VdgSortArrayEntry@@@@QAEPAVdgListNode@1@XZ 10036cb0 f i physics_2009:dgBroadPhaseCollision.obj
 0001:00035d30       ?RemoveAll@?$dgList@VdgSortArrayEntry@@@@QAEXXZ 10036d30 f i physics_2009:dgBroadPhaseCollision.obj
 0001:00035d30       ?RemoveAll@?$dgList@VdgBodyMasterListCell@@@@QAEXXZ 10036d30 f i physics_2009:dgBodyMasterList.obj
 0001:00035d90       ?ApplyExtenalForces@dgBody@@AAEXMH@Z 10036d90 f i physics_2009:dgBroadPhaseCollision.obj
 0001:00035e30       ?IsInEquelibrium@dgBody@@QBE_NXZ 10036e30 f i physics_2009:dgBroadPhaseCollision.obj
 0001:00035fb0       ?Sort@dgSortArray@@QAEMXZ  10036fb0 f   physics_2009:dgBroadPhaseCollision.obj
 0001:000360e0       ?Add@dgBroadPhaseCell@@AAEXPAVdgBody@@@Z 100370e0 f   physics_2009:dgBroadPhaseCollision.obj
 0001:00036190       ?InvalidateCache@dgBroadPhaseCollision@@AAEXXZ 10037190 f   physics_2009:dgBroadPhaseCollision.obj
 0001:000361d0       ?ForEachBodyInAABB@dgBroadPhaseCollision@@QBEXABVdgVector@@0P6AXPAVdgBody@@@Z@Z 100371d0 f   physics_2009:dgBroadPhaseCollision.obj
[...]
 0003:000001c0       ?m_aabb_padd@dgConvexCollision@@1VdgVector@@A 100941c0     physics_2009:dgConvexCollision.obj
 0003:000001d0       ?m_faceIndex@dgContactSolver@@2PAY03HA 100941d0     physics_2009:dgMinkowskiConv.obj
 0003:00000210       ?m_edgeArray@dgCollisionBox@@1PAVdgConvexSimplexEdge@@A 10094210     physics_2009:dgCollisionBox.obj
 0003:000003a0       ?g_allocaror@dgInternalMemory@@3VdgMemoryAllocator@@A 100943a0     corelib_2009:dgMemory.obj
 0003:000008d0       __fltused                  100948d0     LIBCMT:_fpinit_.obj
 0003:000008d4       __ldused                   100948d4     LIBCMT:_fpinit_.obj
 0003:000008e0       __half                     100948e0     LIBCMT:_pow_.obj
 0003:000008fc       __cfltcvt_tab              100948fc     LIBCMT:cmiscdat.obj
 0003:00000a48       __amblksiz                 10094a48     LIBCMT:heapinit.obj
 0003:00000a4c       __aexit_rtn                10094a4c     LIBCMT:crt0dat.obj
 0003:00000c78       ___flsindex                10094c78     LIBCMT:tidtable.obj
 0003:00000c7c       ___getvalueindex           10094c7c     LIBCMT:tidtable.obj
 0003:00000c80       ___badioinfo               10094c80     LIBCMT:ioinit.obj
 0003:00000cc0       __First_FPE_Indx           10094cc0     LIBCMT:winxfltr.obj
 0003:00000cc4       __Num_FPE                  10094cc4     LIBCMT:winxfltr.obj
 0003:00000cc8       __XcptActTabSize           10094cc8     LIBCMT:winxfltr.obj
 0003:00000ccc       __XcptActTabCount          10094ccc     LIBCMT:winxfltr.obj
 0003:00000cd0       ___nullstring              10094cd0     LIBCMT:output.obj
 0003:00000cd4       ___wnullstring             10094cd4     LIBCMT:output.obj
 0003:00000cf4       ___abort_behavior          10094cf4     LIBCMT:abort.obj
 0003:00000d00       __infinity                 10094d00     LIBCMT:_87tran_.obj
 0003:00000d0a       __minfinity                10094d0a     LIBCMT:_87tran_.obj
 0003:00000d14       __logemax                  10094d14     LIBCMT:_87tran_.obj
 0003:00000d3a       __OP_EXPjmptab             10094d3a     LIBCMT:_87tran_.obj
 0003:00000d60       __indefinite               10094d60     LIBCMT:_87disp_.obj
 0003:00000d6a       __piby2                    10094d6a     LIBCMT:_87disp_.obj
 0003:00000d90       __NLG_Destination          10094d90     LIBCMT:exsup.obj
 0003:00000da0       __matherr_flag             10094da0     LIBCMT:_matherr_.obj
 0003:00000e90       __d_inf                    10094e90     LIBCMT:_util_.obj
 0003:00000e98       __d_ind                    10094e98     LIBCMT:_util_.obj
 0003:00000ea0       __d_max                    10094ea0     LIBCMT:_util_.obj
 0003:00000ea8       __d_min                    10094ea8     LIBCMT:_util_.obj
 0003:00000eb0       __d_mzero                  10094eb0     LIBCMT:_util_.obj
 0003:00000ec0       ___initialmbcinfo          10094ec0     LIBCMT:mbctype.obj
 0003:000010e0       __mbctype                  100950e0     LIBCMT:mbctype.obj
 0003:000011e8       __mbcasemap                100951e8     LIBCMT:mbctype.obj
 0003:000012e8       ___ptmbcinfo               100952e8     LIBCMT:mbctype.obj
 0003:000013e4       ___globallocalestatus      100953e4     LIBCMT:glstatus.obj
 0003:000013e8       ___clocalestr              100953e8     LIBCMT:nlsdata2.obj
 0003:000013f0       ___initiallocinfo          100953f0     LIBCMT:nlsdata2.obj
 0003:000014c8       ___ptlocinfo               100954c8     LIBCMT:nlsdata2.obj
 0003:000014cc       ___lc_clike                100954cc     LIBCMT:nlsdata2.obj
 0003:000014d0       ___initiallocalestructinfo 100954d0     LIBCMT:nlsdata2.obj
 0003:000014e0       ___security_cookie         100954e0     LIBCMT:gs_cookie.obj
 0003:000014e4       ___security_cookie_complement 100954e4     LIBCMT:gs_cookie.obj
 0003:000014f0       __iob                      100954f0     LIBCMT:_file.obj
 0003:000018d0       __pctype                   100958d0     LIBCMT:ctype.obj
 0003:000018d4       __pwctype                  100958d4     LIBCMT:ctype.obj
 0003:000018d8       ___lc_time_c               100958d8     LIBCMT:strftime.obj
 0003:00001990       ___lc_time_curr            10095990     LIBCMT:strftime.obj
 0003:00001994       ___lconv_static_decimal    10095994     LIBCMT:lconv.obj
 0003:00001998       ___lconv_c                 10095998     LIBCMT:lconv.obj
 0003:000019c8       ___lconv                   100959c8     LIBCMT:lconv.obj
 0003:000019cc       ___mb_cur_max              100959cc     LIBCMT:nlsdata1.obj
 0003:000019d0       ___decimal_point           100959d0     LIBCMT:nlsdata1.obj
 0003:000019d4       ___decimal_point_length    100959d4     LIBCMT:nlsdata1.obj
 0003:00001a20       __timezone                 10095a20     LIBCMT:timeset.obj
 0003:00001a24       __daylight                 10095a24     LIBCMT:timeset.obj
 0003:00001a28       __dstbias                  10095a28     LIBCMT:timeset.obj
 0003:00001ab0       __tzname                   10095ab0     LIBCMT:timeset.obj
 0003:00001ad0       __pow10pos                 10095ad0     LIBCMT:_constpow_.obj
 0003:00001c30       __pow10neg                 10095c30     LIBCMT:_constpow_.obj
 0003:00001d8c       __coninpfh                 10095d8c     LIBCMT:initcon.obj
 0003:00001d90       __confh                    10095d90     LIBCMT:initcon.obj
 0003:00001d94       __lpdays                   10095d94     LIBCMT:days.obj
 0003:00001dc8       __days                     10095dc8     LIBCMT:days.obj
 0003:00001e10       ?m_edgeArray@dgCollisionSphere@@1PAVdgConvexSimplexEdge@@A 10095e10     physics_2009:dgCollisionSphere.obj
 0003:00002410       ?m_shapeRefCount@dgCollisionSphere@@1HA 10096410     physics_2009:dgCollisionSphere.obj
 0003:00002420       ?m_unitSphere@dgCollisionSphere@@1PAVdgVector@@A 10096420     physics_2009:dgCollisionSphere.obj
 0003:00002540       ?m_iniliazised@dgConvexCollision@@1HA 10096540     physics_2009:dgConvexCollision.obj
 0003:00002550       ?m_zero@dgConvexCollision@@1VdgVector@@A 10096550     physics_2009:dgConvexCollision.obj
 0003:00002560       ?m_signMask@dgConvexCollision@@1VdgVector@@A 10096560     physics_2009:dgConvexCollision.obj
 0003:00002570       ?m_triplexMask@dgConvexCollision@@1VdgVector@@A 10096570     physics_2009:dgConvexCollision.obj
 0003:00002580       ?m_multiResDir@dgConvexCollision@@1PAVdgVector@@A 10096580     physics_2009:dgConvexCollision.obj
 0003:00002600       ?m_multiResDir_sse@dgConvexCollision@@1PAVdgVector@@A 10096600     physics_2009:dgConvexCollision.obj
 0003:00002660       ?m_vertex@dgCollisionHeightField@@0PAPAVdgVector@@A 10096660     physics_2009:dgCollisionHeightField.obj
 0003:00002680       ?m_vertexCount@dgCollisionHeightField@@0PAHA 10096680     physics_2009:dgCollisionHeightField.obj
 0003:000026a0       ?m_refCount@dgCollisionHeightField@@0HA 100966a0     physics_2009:dgCollisionHeightField.obj
 0003:000026b0       ?m_negIndex@dgContactSolver@@2T__m128@@A 100966b0     physics_2009:dgMinkowskiConv.obj
 0003:000026c0       ?m_zero@dgContactSolver@@2T__m128@@A 100966c0     physics_2009:dgMinkowskiConv.obj
 0003:000026d0       ?m_index_yx@dgContactSolver@@2T__m128@@A 100966d0     physics_2009:dgMinkowskiConv.obj
 0003:000026e0       ?m_index_wz@dgContactSolver@@2T__m128@@A 100966e0     physics_2009:dgMinkowskiConv.obj
 0003:000026f0       ?m_zeroTolerenace@dgContactSolver@@2T__m128@@A 100966f0     physics_2009:dgMinkowskiConv.obj
 0003:00002700       ?m_nrh0p5@dgContactSolver@@2T__m128@@A 10096700     physics_2009:dgMinkowskiConv.obj
 0003:00002710       ?m_nrh3p0@dgContactSolver@@2T__m128@@A 10096710     physics_2009:dgMinkowskiConv.obj
 0003:00002720       ?m_negativeOne@dgContactSolver@@2T__m128@@A 10096720     physics_2009:dgMinkowskiConv.obj
 0003:00002730       ?m_dir@dgContactSolver@@2PAVdgVector@@A 10096730     physics_2009:dgMinkowskiConv.obj
 0003:00002810       ?m_edgeArray@dgCollisionCapsule@@0PAVdgConvexSimplexEdge@@A 10096810     physics_2009:dgCollisionCapsule.obj
 0003:00003350       ?m_shapeRefCount@dgCollisionCapsule@@0HA 10097350     physics_2009:dgCollisionCapsule.obj
 0003:00003358       ?m_edgeArray@dgCollisionCone@@0PAVdgConvexSimplexEdge@@A 10097358     physics_2009:dgCollisionCone.obj
 0003:00003558       ?m_shapeRefCount@dgCollisionCone@@0HA 10097558     physics_2009:dgCollisionCone.obj
 0003:00003560       ?m_edgeArray@dgCollisionCylinder@@0PAVdgConvexSimplexEdge@@A 10097560     physics_2009:dgCollisionCylinder.obj
 0003:00003860       ?m_shapeRefCount@dgCollisionCylinder@@0HA 10097860     physics_2009:dgCollisionCylinder.obj
 0003:00003870       ?m_edgeArray@dgCollisionChamferCylinder@@0PAVdgConvexSimplexEdge@@A 10097870     physics_2009:dgCollisionChamferCylinder.obj
 0003:00004170       ?m_shapeRefCount@dgCollisionChamferCylinder@@0HA 10098170     physics_2009:dgCollisionChamferCylinder.obj
 0003:00004180       ?m_shapesDirs@dgCollisionChamferCylinder@@0PAVdgVector@@A 10098180     physics_2009:dgCollisionChamferCylinder.obj
 0003:00004244       ___fastflag                10098244     LIBCMT:_fpinit_.obj
 0003:00004248       __adjust_fdiv              10098248     LIBCMT:_fpinit_.obj
 0003:00004250       __aenvptr                  10098250     LIBCMT:dllcrt0.obj
 0003:00004254       __wenvptr                  10098254     LIBCMT:dllcrt0.obj
 0003:00004258       ___error_mode              10098258     LIBCMT:dllcrt0.obj
 0003:0000425c       ___app_type                1009825c     LIBCMT:dllcrt0.obj
 0003:000043b8       ___sbh_pHeaderDefer        100983b8     LIBCMT:sbheap.obj
 0003:000043bc       __crtheap                  100983bc     LIBCMT:heapinit.obj
 0003:000043c0       __umaskval                 100983c0     LIBCMT:crt0dat.obj
 0003:000043c4       ___argc                    100983c4     LIBCMT:crt0dat.obj
 0003:000043c8       ___argv                    100983c8     LIBCMT:crt0dat.obj
 0003:000043cc       ___wargv                   100983cc     LIBCMT:crt0dat.obj
 0003:000043d0       __environ                  100983d0     LIBCMT:crt0dat.obj
 0003:000043d4       ___initenv                 100983d4     LIBCMT:crt0dat.obj
 0003:000043d8       __wenviron                 100983d8     LIBCMT:crt0dat.obj
 0003:000043dc       ___winitenv                100983dc     LIBCMT:crt0dat.obj
 0003:000043e0       __pgmptr                   100983e0     LIBCMT:crt0dat.obj
 0003:000043e4       __wpgmptr                  100983e4     LIBCMT:crt0dat.obj
 0003:000043e8       __exitflag                 100983e8     LIBCMT:crt0dat.obj
 0003:000043ec       __C_Termination_Done       100983ec     LIBCMT:crt0dat.obj
 0003:000043f0       __C_Exit_Done              100983f0     LIBCMT:crt0dat.obj
 0003:0000470c       ?_pnhHeap@@3P6AHI@ZA       1009870c     LIBCMT:handler.obj
 0003:00004710       __newmode                  10098710     LIBCMT:_newmode.obj
 0003:00004714       _gpFlsAlloc                10098714     LIBCMT:tidtable.obj
 0003:00004718       _gpFlsGetValue             10098718     LIBCMT:tidtable.obj
 0003:0000471c       _gpFlsSetValue             1009871c     LIBCMT:tidtable.obj
 0003:00004720       _gpFlsFree                 10098720     LIBCMT:tidtable.obj
 0003:00004724       __maxwait                  10098724     LIBCMT:crtheap.obj
 0003:00004834       ___pInvalidArgHandler      10098834     LIBCMT:invarg.obj
 0003:00004854       ___pPurecall               10098854     LIBCMT:inithelp.obj
 0003:000048e4       ___mbulinfo                100988e4     LIBCMT:mbctype.obj
 0003:000048f0       ___mbcodepage              100988f0     LIBCMT:mbctype.obj
 0003:000048f4       ___ismbcodepage            100988f4     LIBCMT:mbctype.obj
 0003:000048f8       ___mblcid                  100988f8     LIBCMT:mbctype.obj
 0003:000048fc       ___locale_changed          100988fc     LIBCMT:setlocal.obj
 0003:00004900       ___lc_handle               10098900     LIBCMT:nlsdata2.obj
 0003:00004918       ___lc_codepage             10098918     LIBCMT:nlsdata2.obj
 0003:0000491c       ___lc_collate_cp           1009891c     LIBCMT:nlsdata2.obj
 0003:00004920       __outputformat             10098920     LIBCMT:outputformat.obj
 0003:00004928       ?__pInconsistency@@3P6AXXZA 10098928     LIBCMT:hooks.obj
 0003:00004944       __cflush                   10098944     LIBCMT:_file.obj
 0003:00004954       ___lconv_static_null       10098954     LIBCMT:lconv.obj
 0003:00004c7c       __stdbuf                   10098c7c     LIBCMT:_sftbuf.obj
 0003:00004d40       __debugger_hook_dummy      10098d40     <common>
 0003:00004d44       ___piob                    10098d44     <common>
 0003:00004d60       __bufin                    10098d60     <common>
 0003:00005d60       __nstream                  10099d60     <common>
 0003:00005d64       __nhandle                  10099d64     <common>
 0003:00005d80       ___pioinfo                 10099d80     <common>
 0003:00005e80       ___env_initialized         10099e80     <common>
 0003:00005e84       ___onexitend               10099e84     <common>
 0003:00005e88       ___onexitbegin             10099e88     <common>
 0003:00005e8c       ___mbctype_initialized     10099e8c     <common>
 0003:00005e90       ___dyn_tls_init_callback   10099e90     <common>
 0003:00005e94       ___active_heap             10099e94     <common>
 0003:00005e98       __pDestructExceptionObject 10099e98     <common>
 0003:00005e9c       ___sbh_cntHeaderList       10099e9c     <common>
 0003:00005ea0       ___sbh_pHeaderList         10099ea0     <common>
 0003:00005ea4       ___sbh_threshold           10099ea4     <common>
 0003:00005ea8       ___sbh_pHeaderScan         10099ea8     <common>
 0003:00005eac       ___sbh_sizeHeaderList      10099eac     <common>
 0003:00005eb0       ___sbh_indGroupDefer       10099eb0     <common>
 0003:00005eb4       ___use_sse2_mathfcns       10099eb4     <common>
 0003:00005eb8       ___sse2_available          10099eb8     <common>
 0003:00005ebc       __pmatherr                 10099ebc     <common>
 0003:00005ec0       __acmdln                   10099ec0     <common>

 entry point at        0001:000793a6

 Static symbols

 0001:00009d70       ?CompareIslands@@YAHQBVdgIsland@@0PAX@Z 1000ad70 f   physics_2009:dgWorldDynamicUpdate.obj
 0001:0001e090       ?CompareContact@@YAHQBVdgContactPoint@@0PAX@Z 1001f090 f   physics_2009:dgNarrowPhaseCollision.obj
 0001:00068190       ?DetectSSE_3@@YA_NXZ       10069190 f   corelib_2009:dgTypes.obj
 0001:00068190       ?DetectSSE@@YA_NXZ         10069190 f   corelib_2009:dgTypes.obj
 0001:00068880       ?SortVertices@InternalGeoUtil@@YAHQAMHHHHM@Z 10069880 f   corelib_2009:dgTypes.obj
 0001:000692c0       ?QuickSortVertices@InternalGeoUtil@@YAHQAMHHHHM@Z 1006a2c0 f   corelib_2009:dgTypes.obj
 0001:0006a840       ?NormalizeVertex@InternalPolyhedra@@YAXHQAVdgTriplex@@QBMH@Z 1006b840 f   corelib_2009:dgPolyhedra.obj
 0001:0006a990       ?EdgePlane@InternalPolyhedra@@YA?AVdgBigPlane@@HHHQBVdgTriplex@@@Z 1006b990 f   corelib_2009:dgPolyhedra.obj
 0001:0006aab0       ?UnboundedLoopPlane@InternalPolyhedra@@YA?AVdgBigPlane@@HHHQBVdgTriplex@@@Z 1006bab0 f   corelib_2009:dgPolyhedra.obj
 0001:0006ac00       ?BigFaceNormal@InternalPolyhedra@@YA?AVdgBigVector@@PAVdgEdge@@QBMH@Z 1006bc00 f   corelib_2009:dgPolyhedra.obj
 0001:0006ad10       ?CalculateVertexMetrics@InternalPolyhedra@@YAXQAUVERTEX_METRIC_STRUCT@1@QBVdgTriplex@@PAVdgEdge@@@Z 1006bd10 f   corelib_2009:dgPolyhedra.obj
 0001:0006adf0       ?IsEssensialPointDiagonal@InternalPolyhedra@@YA_NPAVdgEdge@@ABVdgBigVector@@QBMH@Z 1006bdf0 f   corelib_2009:dgPolyhedra.obj
 0001:0006b260       ?CalculateAllMetrics@InternalPolyhedra@@YAXPBVdgPolyhedra@@QAUVERTEX_METRIC_STRUCT@1@QBVdgTriplex@@@Z 1006c260 f   corelib_2009:dgPolyhedra.obj
 0001:0006b4f0       ?EdgePenalty@InternalPolyhedra@@YAMABVdgPolyhedra@@QBVdgTriplex@@PAVdgEdge@@@Z 1006c4f0 f   corelib_2009:dgPolyhedra.obj
 0001:0006bbe0       ?GetInteriorDiagonals@InternalPolyhedra@@YAHAAVdgPolyhedra@@QAPAVdgEdge@@H@Z 1006cbe0 f   corelib_2009:dgPolyhedra.obj
 0001:0006bee0       ?MatchTwins@InternalPolyhedra@@YA_NPAVdgPolyhedra@@@Z 1006cee0 f   corelib_2009:dgPolyhedra.obj
 0001:0006bf90       ?FindEarTip@InternalPolyhedra@@YAPAVdgEdge@@ABVdgPolyhedra@@PAV2@QBMHAAV?$dgDownHeap@PAVdgEdge@@M@@ABVdgVector@@@Z 1006cf90 f   corelib_2009:dgPolyhedra.obj
 0001:0006ce10       ?CloseOpenBounds@InternalPolyhedra@@YAXPAVdgPolyhedra@@@Z 1006de10 f   corelib_2009:dgPolyhedra.obj
 0001:0006df90       ?MarkAdjacentCoplanarFaces@InternalPolyhedra@@YAXAAVdgPolyhedra@@0PAVdgEdge@@QBMH@Z 1006ef90 f   corelib_2009:dgPolyhedra.obj
 0001:0006e2c0       ?ConvexPartition@InternalPolyhedra@@YA_NAAVdgPolyhedra@@QBMH@Z 1006f2c0 f   corelib_2009:dgPolyhedra.obj
 0001:0006ed20       ?TriangulateFace@InternalPolyhedra@@YAPAVdgEdge@@AAVdgPolyhedra@@PAV2@QBMHAAV?$dgDownHeap@PAVdgEdge@@M@@PAVdgVector@@@Z 1006fd20 f   corelib_2009:dgPolyhedra.obj
 0001:000792b0       ___DllMainCRTStartup       1007a2b0 f   LIBCMT:dllcrt0.obj
 0001:00079446       __hw_cw                    1007a446 f   LIBCMT:_ieee87_.obj
 0001:000794d4       ___hw_cw_sse2              1007a4d4 f   LIBCMT:_ieee87_.obj
 0001:00079e4a       __onexit_nolock            1007ae4a f   LIBCMT:onexit.obj
 0001:0007a0e6       __callthreadstartex        1007b0e6 f   LIBCMT:threadex.obj
 0001:0007a127       __threadstartex@4          1007b127 f   LIBCMT:threadex.obj
 0001:0007a8e7       __shift                    1007b8e7 f   LIBCMT:cvt.obj
 0001:0007a92c       __cftoe2_l                 1007b92c f   LIBCMT:cvt.obj
 0001:0007aefe       __cftof2_l                 1007befe f   LIBCMT:cvt.obj
 0001:0007c2be       __initterm                 1007d2be f   LIBCMT:crt0dat.obj
 0001:0007c384       _doexit                    1007d384 f   LIBCMT:crt0dat.obj
 0001:0007c7c9       _fastzero_I                1007d7c9 f   LIBCMT:p4_memset.obj
 0001:0007c8af       _fastcopy_I                1007d8af f   LIBCMT:p4_memcpy.obj
 0001:0007d4c0       _parse_cmdline             1007e4c0 f   LIBCMT:stdargv.obj
 0001:0007dc13       _write_char                1007ec13 f   LIBCMT:output.obj
 0001:0007dc46       _write_multi_char          1007ec46 f   LIBCMT:output.obj
 0001:0007dc6c       _write_string              1007ec6c f   LIBCMT:output.obj
 0001:0007eb4c       _siglookup                 1007fb4c f   LIBCMT:winsig.obj
 0001:00080260       __unwind_handler           10081260 f   LIBCMT:exsup.obj
 0001:00080380       _ValidateScopeTableHandlers 10081380 f   LIBCMT:eh3valid.obj
 0001:000808e0       _has_osfxsr_set            100818e0 f   LIBCMT:cpu_disp.obj
 0001:0008122d       ?CPtoLCID@@YAHH@Z          1008222d f   LIBCMT:mbctype.obj
 0001:0008125c       ?setSBCS@@YAXPAUthreadmbcinfostruct@@@Z 1008225c f   LIBCMT:mbctype.obj
 0001:000812c0       ?setSBUpLow@@YAXPAUthreadmbcinfostruct@@@Z 100822c0 f   LIBCMT:mbctype.obj
 0001:000814f7       ?getSystemCP@@YAHH@Z       100824f7 f   LIBCMT:mbctype.obj
 0001:00081b81       __updatetlocinfoEx_nolock  10082b81 f   LIBCMT:setlocal.obj
 0001:000827d8       __unwind_handler4          100837d8 f   LIBCMT:exsup4.obj
 0001:00082f0a       ?x_ismbbtype_l@@YAHPAUlocaleinfo_struct@@IHH@Z 10083f0a f   LIBCMT:ismbbyte.obj
 0001:00084dbe       ?__crtLCMapStringA_stat@@YAHPAUlocaleinfo_struct@@KKPBDHPADHHH@Z 10085dbe f   LIBCMT:a_map.obj
 0001:000851a8       ?__crtGetStringTypeA_stat@@YAHPAUlocaleinfo_struct@@KPBDHPAGHHH@Z 100861a8 f   LIBCMT:a_str.obj
 0001:0008789b       _flsall                    1008889b f   LIBCMT:fflush.obj
 0001:0008797e       ?strtoxl@@YAKPAUlocaleinfo_struct@@PBDPAPBDHH@Z 1008897e f   LIBCMT:strtol.obj
 0001:000884f0       ??__Eg_allocaror@dgInternalMemory@@YAXXZ 100894f0 f   corelib_2009:dgMemory.obj
 0001:00088500       ??__Fg_allocaror@dgInternalMemory@@YAXXZ 10089500 f   corelib_2009:dgMemory.obj
